Using device: cuda
------------------------------
Starting training for l = 5 with delta = 0.1
Initial rho: -0.20145 + -2.05153i
Target rho: -0.18974 + -2.02458i
Initial distance from target: 0.02938
------------------------------
Epoch: 1 / 18000. Total scaled loss: 3.7040e+02, 
                    ODE(0) loss: 4.8257e-01, 
                    ODE(1) loss: 2.1007e+00, 
                    Non-trivial solution loss: 1.1206e+00,
                    Physics loss: 5.8490e-01,
                    Initial value of rho: -0.20145 + -2.05153i,
                    Current value of rho: -0.20145 + -2.05153i,
                    Target rho: -0.18974 + -2.02458
------------------------------
Epoch: 500 / 18000. Total scaled loss: 2.5193e-01, 
                    ODE(0) loss: 2.9937e-04, 
                    ODE(1) loss: 1.4929e-03, 
                    Non-trivial solution loss: 2.0297e-05,
                    Physics loss: 7.0676e+00,
                    Initial value of rho: -0.20145 + -2.05153i,
                    Current value of rho: -0.20145 + -2.05153i,
                    Target rho: -0.18974 + -2.02458
------------------------------
Epoch: 1000 / 18000. Total scaled loss: 1.5307e-01, 
                    ODE(0) loss: 1.5697e-04, 
                    ODE(1) loss: 6.5207e-04, 
                    Non-trivial solution loss: 2.1146e-05,
                    Physics loss: 7.0055e+00,
                    Initial value of rho: -0.20145 + -2.05153i,
                    Current value of rho: -0.20145 + -2.05153i,
                    Target rho: -0.18974 + -2.02458
------------------------------
Epoch: 1500 / 18000. Total scaled loss: 7.2539e-02, 
                    ODE(0) loss: 2.3882e-08, 
                    ODE(1) loss: 1.1494e-07, 
                    Non-trivial solution loss: 1.1107e-06,
                    Physics loss: 7.2414e+00,
                    Initial value of rho: -0.20145 + -2.05153i,
                    Current value of rho: -0.20145 + -2.05153i,
                    Target rho: -0.18974 + -2.02458
------------------------------
Epoch: 2000 / 18000. Total scaled loss: 7.5302e-02, 
                    ODE(0) loss: 4.2208e-06, 
                    ODE(1) loss: 2.4288e-05, 
                    Non-trivial solution loss: 9.4054e-06,
                    Physics loss: 7.1510e+00,
                    Initial value of rho: -0.20145 + -2.05153i,
                    Current value of rho: -0.20145 + -2.05153i,
                    Target rho: -0.18974 + -2.02458
------------------------------
Epoch: 2500 / 18000. Total scaled loss: 1.3755e-01, 
                    ODE(0) loss: 1.3137e-04, 
                    ODE(1) loss: 5.0003e-04, 
                    Non-trivial solution loss: 3.1413e-05,
                    Physics loss: 7.1267e+00,
                    Initial value of rho: -0.20145 + -2.05153i,
                    Current value of rho: -0.20145 + -2.05153i,
                    Target rho: -0.18974 + -2.02458
------------------------------
Epoch: 3000 / 18000. Total scaled loss: 7.5208e-02, 
                    ODE(0) loss: 7.1525e-06, 
                    ODE(1) loss: 2.6072e-05, 
                    Non-trivial solution loss: 1.0036e-05,
                    Physics loss: 7.0882e+00,
                    Initial value of rho: -0.20145 + -2.05153i,
                    Current value of rho: -0.20145 + -2.05153i,
                    Target rho: -0.18974 + -2.02458
------------------------------
Epoch: 3500 / 18000. Total scaled loss: 7.3238e-02, 
                    ODE(0) loss: 1.0919e-06, 
                    ODE(1) loss: 6.4430e-06, 
                    Non-trivial solution loss: 1.9263e-06,
                    Physics loss: 7.2292e+00,
                    Initial value of rho: -0.20145 + -2.05153i,
                    Current value of rho: -0.20145 + -2.05153i,
                    Target rho: -0.18974 + -2.02458
------------------------------
Epoch: 4000 / 18000. Total scaled loss: 1.0265e+00, 
                    ODE(0) loss: 7.1113e-07, 
                    ODE(1) loss: 5.8976e-07, 
                    Non-trivial solution loss: 1.3482e-04,
                    Physics loss: 6.7631e+00,
                    Initial value of rho: -0.20145 + -2.05153i,
                    Current value of rho: -0.20145 + -2.05153i,
                    Target rho: -0.18974 + -2.02458
------------------------------
Epoch: 4500 / 18000. Total scaled loss: 1.3623e+00, 
                    ODE(0) loss: 1.1290e-05, 
                    ODE(1) loss: 3.5529e-05, 
                    Non-trivial solution loss: 2.8315e-04,
                    Physics loss: 6.2765e+00,
                    Initial value of rho: -0.20145 + -2.05153i,
                    Current value of rho: -0.20145 + -2.05153i,
                    Target rho: -0.18974 + -2.02458
------------------------------
Epoch: 5000 / 18000. Total scaled loss: 1.5699e+00, 
                    ODE(0) loss: 6.3223e-06, 
                    ODE(1) loss: 1.8835e-05, 
                    Non-trivial solution loss: 4.3874e-04,
                    Physics loss: 5.5722e+00,
                    Initial value of rho: -0.20145 + -2.05153i,
                    Current value of rho: -0.20145 + -2.05153i,
                    Target rho: -0.18974 + -2.02458
------------------------------
Epoch: 5500 / 18000. Total scaled loss: 1.7397e+00, 
                    ODE(0) loss: 6.0073e-06, 
                    ODE(1) loss: 6.9029e-05, 
                    Non-trivial solution loss: 6.3274e-04,
                    Physics loss: 4.9966e+00,
                    Initial value of rho: -0.20145 + -2.05153i,
                    Current value of rho: -0.20145 + -2.05153i,
                    Target rho: -0.18974 + -2.02458
------------------------------
Epoch: 6000 / 18000. Total scaled loss: 1.6924e+00, 
                    ODE(0) loss: 3.8467e-07, 
                    ODE(1) loss: 1.3439e-05, 
                    Non-trivial solution loss: 7.4994e-04,
                    Physics loss: 4.0985e+00,
                    Initial value of rho: -0.20145 + -2.05153i,
                    Current value of rho: -0.20145 + -2.05153i,
                    Target rho: -0.18974 + -2.02458
------------------------------
Epoch: 6500 / 18000. Total scaled loss: 1.7254e+00, 
                    ODE(0) loss: 3.9424e-04, 
                    ODE(1) loss: 1.8328e-03, 
                    Non-trivial solution loss: 1.1019e-03,
                    Physics loss: 3.2725e+00,
                    Initial value of rho: -0.20145 + -2.05153i,
                    Current value of rho: -0.20145 + -2.05153i,
                    Target rho: -0.18974 + -2.02458
------------------------------
Epoch: 7000 / 18000. Total scaled loss: 2.1133e+00, 
                    ODE(0) loss: 1.5768e-03, 
                    ODE(1) loss: 1.6717e-02, 
                    Non-trivial solution loss: 7.0058e-04,
                    Physics loss: 1.9451e+00,
                    Initial value of rho: -0.20145 + -2.05153i,
                    Current value of rho: -0.20145 + -2.05153i,
                    Target rho: -0.18974 + -2.02458
------------------------------
Epoch: 7500 / 18000. Total scaled loss: 4.9347e-01, 
                    ODE(0) loss: 3.3122e-06, 
                    ODE(1) loss: 6.9039e-06, 
                    Non-trivial solution loss: 6.5549e-04,
                    Physics loss: 7.8203e-01,
                    Initial value of rho: -0.20145 + -2.05153i,
                    Current value of rho: -0.20145 + -2.05153i,
                    Target rho: -0.18974 + -2.02458
------------------------------
Epoch: 8000 / 18000. Total scaled loss: 3.0011e-01, 
                    ODE(0) loss: 1.9414e-06, 
                    ODE(1) loss: 5.9503e-07, 
                    Non-trivial solution loss: 2.7081e-04,
                    Physics loss: 4.4287e-01,
                    Initial value of rho: -0.20145 + -2.05153i,
                    Current value of rho: -0.20145 + -2.05153i,
                    Target rho: -0.18974 + -2.02458
------------------------------
Epoch: 8500 / 18000. Total scaled loss: 3.1230e-01, 
                    ODE(0) loss: 2.5019e-05, 
                    ODE(1) loss: 8.4789e-04, 
                    Non-trivial solution loss: 1.7744e-04,
                    Physics loss: 3.8124e-01,
                    Initial value of rho: -0.20145 + -2.05153i,
                    Current value of rho: -0.20145 + -2.05153i,
                    Target rho: -0.18974 + -2.02458
------------------------------
Epoch: 9000 / 18000. Total scaled loss: 2.7841e-01, 
                    ODE(0) loss: 5.5665e-06, 
                    ODE(1) loss: 4.6631e-06, 
                    Non-trivial solution loss: 1.4134e-04,
                    Physics loss: 3.5294e-01,
                    Initial value of rho: -0.20145 + -2.05153i,
                    Current value of rho: -0.20145 + -2.05153i,
                    Target rho: -0.18974 + -2.02458
------------------------------
Unfreezing rho...
Epoch: 9500 / 18000. Total scaled loss: 2.1075e-01, 
                    ODE(0) loss: 7.9435e-06, 
                    ODE(1) loss: 1.2259e-05, 
                    Non-trivial solution loss: 8.7064e-05,
                    Physics loss: 2.4831e-01,
                    Initial value of rho: -0.20145 + -2.05153i,
                    Current value of rho: -0.19875 + -2.04590i,
                    Target rho: -0.18974 + -2.02458
------------------------------
Epoch: 10000 / 18000. Total scaled loss: 1.3312e-01, 
                    ODE(0) loss: 4.3331e-06, 
                    ODE(1) loss: 6.5545e-07, 
                    Non-trivial solution loss: 5.5772e-05,
                    Physics loss: 1.4658e-01,
                    Initial value of rho: -0.20145 + -2.05153i,
                    Current value of rho: -0.19623 + -2.03898i,
                    Target rho: -0.18974 + -2.02458
------------------------------
Epoch: 10500 / 18000. Total scaled loss: 7.9193e-02, 
                    ODE(0) loss: 7.0412e-06, 
                    ODE(1) loss: 3.7976e-06, 
                    Non-trivial solution loss: 5.8725e-05,
                    Physics loss: 8.1294e-02,
                    Initial value of rho: -0.20145 + -2.05153i,
                    Current value of rho: -0.19454 + -2.03258i,
                    Target rho: -0.18974 + -2.02458
------------------------------
Epoch: 11000 / 18000. Total scaled loss: 4.7780e-02, 
                    ODE(0) loss: 5.3802e-06, 
                    ODE(1) loss: 3.3323e-06, 
                    Non-trivial solution loss: 7.8035e-05,
                    Physics loss: 4.6912e-02,
                    Initial value of rho: -0.20145 + -2.05153i,
                    Current value of rho: -0.19356 + -2.02838i,
                    Target rho: -0.18974 + -2.02458
------------------------------
Epoch: 11500 / 18000. Total scaled loss: 1.0015e-01, 
                    ODE(0) loss: 2.2011e-04, 
                    ODE(1) loss: 6.0670e-03, 
                    Non-trivial solution loss: 1.3184e-04,
                    Physics loss: 3.5959e-02,
                    Initial value of rho: -0.20145 + -2.05153i,
                    Current value of rho: -0.19288 + -2.02681i,
                    Target rho: -0.18974 + -2.02458
------------------------------
Epoch: 12000 / 18000. Total scaled loss: 2.1179e-02, 
                    ODE(0) loss: 2.3444e-06, 
                    ODE(1) loss: 6.2706e-06, 
                    Non-trivial solution loss: 4.2837e-05,
                    Physics loss: 2.0664e-02,
                    Initial value of rho: -0.20145 + -2.05153i,
                    Current value of rho: -0.19246 + -2.02647i,
                    Target rho: -0.18974 + -2.02458
------------------------------
Epoch: 12500 / 18000. Total scaled loss: 1.5839e-02, 
                    ODE(0) loss: 6.4174e-07, 
                    ODE(1) loss: 6.5438e-06, 
                    Non-trivial solution loss: 3.1580e-05,
                    Physics loss: 1.5451e-02,
                    Initial value of rho: -0.20145 + -2.05153i,
                    Current value of rho: -0.19215 + -2.02642i,
                    Target rho: -0.18974 + -2.02458
------------------------------
Epoch: 13000 / 18000. Total scaled loss: 1.4328e-02, 
                    ODE(0) loss: 7.8498e-06, 
                    ODE(1) loss: 7.3991e-05, 
                    Non-trivial solution loss: 1.1321e-04,
                    Physics loss: 1.2377e-02,
                    Initial value of rho: -0.20145 + -2.05153i,
                    Current value of rho: -0.19184 + -2.02647i,
                    Target rho: -0.18974 + -2.02458
------------------------------
Epoch: 13500 / 18000. Total scaled loss: 1.1904e-02, 
                    ODE(0) loss: 4.0087e-06, 
                    ODE(1) loss: 1.1912e-05, 
                    Non-trivial solution loss: 7.1133e-05,
                    Physics loss: 1.1033e-02,
                    Initial value of rho: -0.20145 + -2.05153i,
                    Current value of rho: -0.19158 + -2.02652i,
                    Target rho: -0.18974 + -2.02458
------------------------------
Epoch: 14000 / 18000. Total scaled loss: 1.0991e-02, 
                    ODE(0) loss: 6.2446e-06, 
                    ODE(1) loss: 5.9232e-05, 
                    Non-trivial solution loss: 6.0479e-05,
                    Physics loss: 9.7315e-03,
                    Initial value of rho: -0.20145 + -2.05153i,
                    Current value of rho: -0.19137 + -2.02656i,
                    Target rho: -0.18974 + -2.02458
------------------------------
Epoch: 14500 / 18000. Total scaled loss: 1.0227e-02, 
                    ODE(0) loss: 1.1113e-06, 
                    ODE(1) loss: 5.6214e-07, 
                    Non-trivial solution loss: 2.7211e-05,
                    Physics loss: 8.9530e-03,
                    Initial value of rho: -0.20145 + -2.05153i,
                    Current value of rho: -0.19120 + -2.02657i,
                    Target rho: -0.18974 + -2.02458
------------------------------
Epoch: 15000 / 18000. Total scaled loss: 1.3439e-02, 
                    ODE(0) loss: 2.7386e-06, 
                    ODE(1) loss: 3.0993e-06, 
                    Non-trivial solution loss: 3.6092e-05,
                    Physics loss: 7.8169e-03,
                    Initial value of rho: -0.20145 + -2.05153i,
                    Current value of rho: -0.19103 + -2.02655i,
                    Target rho: -0.18974 + -2.02458
------------------------------
Epoch: 15500 / 18000. Total scaled loss: 1.4821e-02, 
                    ODE(0) loss: 4.8010e-06, 
                    ODE(1) loss: 3.4280e-06, 
                    Non-trivial solution loss: 4.2945e-05,
                    Physics loss: 6.4424e-03,
                    Initial value of rho: -0.20145 + -2.05153i,
                    Current value of rho: -0.19087 + -2.02645i,
                    Target rho: -0.18974 + -2.02458
------------------------------
Epoch: 16000 / 18000. Total scaled loss: 2.9230e-02, 
                    ODE(0) loss: 9.6161e-05, 
                    ODE(1) loss: 1.3528e-03, 
                    Non-trivial solution loss: 1.4974e-04,
                    Physics loss: 4.7693e-03,
                    Initial value of rho: -0.20145 + -2.05153i,
                    Current value of rho: -0.19066 + -2.02626i,
                    Target rho: -0.18974 + -2.02458
------------------------------
Epoch: 16500 / 18000. Total scaled loss: 1.3879e-02, 
                    ODE(0) loss: 2.6344e-07, 
                    ODE(1) loss: 1.0950e-04, 
                    Non-trivial solution loss: 8.2173e-05,
                    Physics loss: 3.5891e-03,
                    Initial value of rho: -0.20145 + -2.05153i,
                    Current value of rho: -0.19051 + -2.02597i,
                    Target rho: -0.18974 + -2.02458
------------------------------
Epoch: 17000 / 18000. Total scaled loss: 6.0820e-02, 
                    ODE(0) loss: 2.5082e-04, 
                    ODE(1) loss: 4.6259e-03, 
                    Non-trivial solution loss: 1.8947e-04,
                    Physics loss: 2.6130e-03,
                    Initial value of rho: -0.20145 + -2.05153i,
                    Current value of rho: -0.19038 + -2.02568i,
                    Target rho: -0.18974 + -2.02458
------------------------------
Epoch: 17500 / 18000. Total scaled loss: 9.6732e-03, 
                    ODE(0) loss: 9.3575e-06, 
                    ODE(1) loss: 1.3267e-05, 
                    Non-trivial solution loss: 4.1172e-05,
                    Physics loss: 2.0334e-03,
                    Initial value of rho: -0.20145 + -2.05153i,
                    Current value of rho: -0.19028 + -2.02539i,
                    Target rho: -0.18974 + -2.02458
------------------------------
Epoch: 18000 / 18000. Total scaled loss: 7.8975e-03, 
                    ODE(0) loss: 8.2128e-06, 
                    ODE(1) loss: 1.3084e-05, 
                    Non-trivial solution loss: 3.2906e-05,
                    Physics loss: 1.4714e-03,
                    Initial value of rho: -0.20145 + -2.05153i,
                    Current value of rho: -0.19018 + -2.02517i,
                    Target rho: -0.18974 + -2.02458
------------------------------
Adam training complete. Switching to L-BFGS:
L-BFGS Epoch: 100 / 1000. Total scaled loss: 9.6824e-06, 
                    ODE(0) loss: 2.5525e-10, 
                    ODE(1) loss: 2.9104e-10, 
                    Non-trivial solution loss: 4.3896e-12,
                    Physics loss: 9.6769e-06,
                    Initial value of rho: -0.20145 + -2.05153i,
                    Current value of rho: -0.18981 + -2.02466i,
                    Target rho: -0.18974 + -2.02458
------------------------------
L-BFGS Epoch: 200 / 1000. Total scaled loss: 9.5409e-06, 
                    ODE(0) loss: 1.8444e-10, 
                    ODE(1) loss: 2.8217e-10, 
                    Non-trivial solution loss: 9.3428e-12,
                    Physics loss: 9.5362e-06,
                    Initial value of rho: -0.20145 + -2.05153i,
                    Current value of rho: -0.18981 + -2.02466i,
                    Target rho: -0.18974 + -2.02458
------------------------------
L-BFGS Epoch: 300 / 1000. Total scaled loss: 9.6562e-06, 
                    ODE(0) loss: 1.8444e-10, 
                    ODE(1) loss: 3.1491e-10, 
                    Non-trivial solution loss: 9.3428e-12,
                    Physics loss: 9.6511e-06,
                    Initial value of rho: -0.20145 + -2.05153i,
                    Current value of rho: -0.18981 + -2.02466i,
                    Target rho: -0.18974 + -2.02458
------------------------------
L-BFGS Epoch: 400 / 1000. Total scaled loss: 9.7365e-06, 
                    ODE(0) loss: 1.7029e-10, 
                    ODE(1) loss: 3.2583e-10, 
                    Non-trivial solution loss: 9.3428e-12,
                    Physics loss: 9.7314e-06,
                    Initial value of rho: -0.20145 + -2.05153i,
                    Current value of rho: -0.18981 + -2.02466i,
                    Target rho: -0.18974 + -2.02458
------------------------------
L-BFGS Epoch: 500 / 1000. Total scaled loss: 9.6614e-06, 
                    ODE(0) loss: 1.7029e-10, 
                    ODE(1) loss: 2.9308e-10, 
                    Non-trivial solution loss: 9.3428e-12,
                    Physics loss: 9.6567e-06,
                    Initial value of rho: -0.20145 + -2.05153i,
                    Current value of rho: -0.18981 + -2.02466i,
                    Target rho: -0.18974 + -2.02458
------------------------------
L-BFGS Epoch: 600 / 1000. Total scaled loss: 9.6544e-06, 
                    ODE(0) loss: 1.7029e-10, 
                    ODE(1) loss: 3.1491e-10, 
                    Non-trivial solution loss: 9.3428e-12,
                    Physics loss: 9.6494e-06,
                    Initial value of rho: -0.20145 + -2.05153i,
                    Current value of rho: -0.18981 + -2.02466i,
                    Target rho: -0.18974 + -2.02458
------------------------------
L-BFGS Epoch: 700 / 1000. Total scaled loss: 9.5992e-06, 
                    ODE(0) loss: 1.7029e-10, 
                    ODE(1) loss: 2.8217e-10, 
                    Non-trivial solution loss: 9.3428e-12,
                    Physics loss: 9.5945e-06,
                    Initial value of rho: -0.20145 + -2.05153i,
                    Current value of rho: -0.18981 + -2.02466i,
                    Target rho: -0.18974 + -2.02458
------------------------------
L-BFGS Epoch: 800 / 1000. Total scaled loss: 9.6245e-06, 
                    ODE(0) loss: 1.7029e-10, 
                    ODE(1) loss: 2.8217e-10, 
                    Non-trivial solution loss: 9.3428e-12,
                    Physics loss: 9.6199e-06,
                    Initial value of rho: -0.20145 + -2.05153i,
                    Current value of rho: -0.18981 + -2.02466i,
                    Target rho: -0.18974 + -2.02458
------------------------------
L-BFGS Epoch: 900 / 1000. Total scaled loss: 9.6703e-06, 
                    ODE(0) loss: 1.7029e-10, 
                    ODE(1) loss: 3.1491e-10, 
                    Non-trivial solution loss: 9.3428e-12,
                    Physics loss: 9.6653e-06,
                    Initial value of rho: -0.20145 + -2.05153i,
                    Current value of rho: -0.18981 + -2.02466i,
                    Target rho: -0.18974 + -2.02458
------------------------------
L-BFGS Epoch: 1000 / 1000. Total scaled loss: 9.6941e-06, 
                    ODE(0) loss: 1.7029e-10, 
                    ODE(1) loss: 3.1491e-10, 
                    Non-trivial solution loss: 9.3428e-12,
                    Physics loss: 9.6891e-06,
                    Initial value of rho: -0.20145 + -2.05153i,
                    Current value of rho: -0.18981 + -2.02466i,
                    Target rho: -0.18974 + -2.02458
------------------------------
Training complete for l = 5. Total scaled loss: 9.6941e-06, 
                    ODE(0) loss: 1.7029e-10, 
                    ODE(1) loss: 3.1491e-10, 
                    Non-trivial solution loss: 9.3428e-12,
                    Physics loss: 9.6891e-06,
                    Current value of rho: -0.18981 + -2.02466i
                    Target rho: -0.18974 + -2.02458
Training complete. Checkpoint saved to ./Output/l5/delta_0.1/pinn_checkpoint_qnm_l5_delta0.1.pth
l = 5 mode with delta = 0.1 completed successfully.
