Using device: cuda
------------------------------
Starting training for l = 4 with delta = 0.5
Initial rho: -0.61219 + -1.66516i
Target rho: -0.18832 + -1.61835i
Initial distance from target: 0.42645
------------------------------
Epoch: 1 / 18000. Total scaled loss: 8.3171e+02, 
                    ODE(0) loss: 2.7328e+00, 
                    ODE(1) loss: 4.8638e+00, 
                    Non-trivial solution loss: 7.2017e-01,
                    Physics loss: 2.8530e+00,
                    Initial value of rho: -0.61219 + -1.66516i,
                    Current value of rho: -0.61219 + -1.66516i,
                    Target rho: -0.18832 + -1.61835
------------------------------
Epoch: 500 / 18000. Total scaled loss: 7.7373e-02, 
                    ODE(0) loss: 6.2975e-05, 
                    ODE(1) loss: 6.5427e-05, 
                    Non-trivial solution loss: 5.6239e-06,
                    Physics loss: 6.3970e+00,
                    Initial value of rho: -0.61219 + -1.66516i,
                    Current value of rho: -0.61219 + -1.66516i,
                    Target rho: -0.18832 + -1.61835
------------------------------
Epoch: 1000 / 18000. Total scaled loss: 6.3702e-02, 
                    ODE(0) loss: 2.1054e-08, 
                    ODE(1) loss: 8.9399e-09, 
                    Non-trivial solution loss: 3.8063e-07,
                    Physics loss: 6.3661e+00,
                    Initial value of rho: -0.61219 + -1.66516i,
                    Current value of rho: -0.61219 + -1.66516i,
                    Target rho: -0.18832 + -1.61835
------------------------------
Epoch: 1500 / 18000. Total scaled loss: 6.3276e-02, 
                    ODE(0) loss: 1.9072e-08, 
                    ODE(1) loss: 4.6552e-09, 
                    Non-trivial solution loss: 3.7487e-07,
                    Physics loss: 6.3236e+00,
                    Initial value of rho: -0.61219 + -1.66516i,
                    Current value of rho: -0.61219 + -1.66516i,
                    Target rho: -0.18832 + -1.61835
------------------------------
Epoch: 2000 / 18000. Total scaled loss: 6.3328e-02, 
                    ODE(0) loss: 3.0035e-06, 
                    ODE(1) loss: 2.9394e-06, 
                    Non-trivial solution loss: 4.1397e-07,
                    Physics loss: 6.2692e+00,
                    Initial value of rho: -0.61219 + -1.66516i,
                    Current value of rho: -0.61219 + -1.66516i,
                    Target rho: -0.18832 + -1.61835
------------------------------
Epoch: 2500 / 18000. Total scaled loss: 6.1535e-02, 
                    ODE(0) loss: 3.6791e-08, 
                    ODE(1) loss: 2.1247e-08, 
                    Non-trivial solution loss: 3.5230e-07,
                    Physics loss: 6.1494e+00,
                    Initial value of rho: -0.61219 + -1.66516i,
                    Current value of rho: -0.61219 + -1.66516i,
                    Target rho: -0.18832 + -1.61835
------------------------------
Epoch: 3000 / 18000. Total scaled loss: 6.1089e-02, 
                    ODE(0) loss: 1.3940e-08, 
                    ODE(1) loss: 2.4325e-09, 
                    Non-trivial solution loss: 3.4679e-07,
                    Physics loss: 6.1053e+00,
                    Initial value of rho: -0.61219 + -1.66516i,
                    Current value of rho: -0.61219 + -1.66516i,
                    Target rho: -0.18832 + -1.61835
------------------------------
Epoch: 3500 / 18000. Total scaled loss: 5.9478e-02, 
                    ODE(0) loss: 3.9703e-08, 
                    ODE(1) loss: 1.0621e-08, 
                    Non-trivial solution loss: 3.5394e-07,
                    Physics loss: 5.9438e+00,
                    Initial value of rho: -0.61219 + -1.66516i,
                    Current value of rho: -0.61219 + -1.66516i,
                    Target rho: -0.18832 + -1.61835
------------------------------
Epoch: 4000 / 18000. Total scaled loss: 8.1666e-01, 
                    ODE(0) loss: 4.3398e-05, 
                    ODE(1) loss: 7.1278e-05, 
                    Non-trivial solution loss: 4.7302e-05,
                    Physics loss: 5.3463e+00,
                    Initial value of rho: -0.61219 + -1.66516i,
                    Current value of rho: -0.61219 + -1.66516i,
                    Target rho: -0.18832 + -1.61835
------------------------------
Epoch: 4500 / 18000. Total scaled loss: 9.0270e-01, 
                    ODE(0) loss: 4.4292e-06, 
                    ODE(1) loss: 1.0971e-06, 
                    Non-trivial solution loss: 9.2705e-05,
                    Physics loss: 4.2094e+00,
                    Initial value of rho: -0.61219 + -1.66516i,
                    Current value of rho: -0.61219 + -1.66516i,
                    Target rho: -0.18832 + -1.61835
------------------------------
Epoch: 5000 / 18000. Total scaled loss: 9.7958e-01, 
                    ODE(0) loss: 1.9945e-03, 
                    ODE(1) loss: 2.2890e-03, 
                    Non-trivial solution loss: 2.5725e-04,
                    Physics loss: 2.2007e+00,
                    Initial value of rho: -0.61219 + -1.66516i,
                    Current value of rho: -0.61219 + -1.66516i,
                    Target rho: -0.18832 + -1.61835
------------------------------
Epoch: 5500 / 18000. Total scaled loss: 2.9191e-01, 
                    ODE(0) loss: 3.0963e-05, 
                    ODE(1) loss: 1.2988e-05, 
                    Non-trivial solution loss: 1.3335e-05,
                    Physics loss: 8.5228e-01,
                    Initial value of rho: -0.61219 + -1.66516i,
                    Current value of rho: -0.61219 + -1.66516i,
                    Target rho: -0.18832 + -1.61835
------------------------------
Epoch: 6000 / 18000. Total scaled loss: 2.5025e-01, 
                    ODE(0) loss: 1.8461e-07, 
                    ODE(1) loss: 6.6298e-07, 
                    Non-trivial solution loss: 9.8046e-06,
                    Physics loss: 6.2395e-01,
                    Initial value of rho: -0.61219 + -1.66516i,
                    Current value of rho: -0.61219 + -1.66516i,
                    Target rho: -0.18832 + -1.61835
------------------------------
Epoch: 6500 / 18000. Total scaled loss: 2.3318e-01, 
                    ODE(0) loss: 4.4452e-07, 
                    ODE(1) loss: 9.5522e-07, 
                    Non-trivial solution loss: 1.0907e-05,
                    Physics loss: 5.0261e-01,
                    Initial value of rho: -0.61219 + -1.66516i,
                    Current value of rho: -0.61219 + -1.66516i,
                    Target rho: -0.18832 + -1.61835
------------------------------
Epoch: 7000 / 18000. Total scaled loss: 2.4128e-01, 
                    ODE(0) loss: 8.0759e-05, 
                    ODE(1) loss: 1.5527e-05, 
                    Non-trivial solution loss: 8.2031e-06,
                    Physics loss: 4.4824e-01,
                    Initial value of rho: -0.61219 + -1.66516i,
                    Current value of rho: -0.61219 + -1.66516i,
                    Target rho: -0.18832 + -1.61835
------------------------------
Epoch: 7500 / 18000. Total scaled loss: 2.4081e-01, 
                    ODE(0) loss: 9.7599e-07, 
                    ODE(1) loss: 8.7980e-07, 
                    Non-trivial solution loss: 2.3074e-05,
                    Physics loss: 4.0779e-01,
                    Initial value of rho: -0.61219 + -1.66516i,
                    Current value of rho: -0.61219 + -1.66516i,
                    Target rho: -0.18832 + -1.61835
------------------------------
Epoch: 8000 / 18000. Total scaled loss: 2.4494e-01, 
                    ODE(0) loss: 1.0921e-06, 
                    ODE(1) loss: 6.9866e-07, 
                    Non-trivial solution loss: 3.3278e-05,
                    Physics loss: 3.7447e-01,
                    Initial value of rho: -0.61219 + -1.66516i,
                    Current value of rho: -0.61219 + -1.66516i,
                    Target rho: -0.18832 + -1.61835
------------------------------
Epoch: 8500 / 18000. Total scaled loss: 2.5579e-01, 
                    ODE(0) loss: 1.6463e-05, 
                    ODE(1) loss: 1.7925e-06, 
                    Non-trivial solution loss: 5.1031e-05,
                    Physics loss: 3.5530e-01,
                    Initial value of rho: -0.61219 + -1.66516i,
                    Current value of rho: -0.61219 + -1.66516i,
                    Target rho: -0.18832 + -1.61835
------------------------------
Epoch: 9000 / 18000. Total scaled loss: 2.5553e-01, 
                    ODE(0) loss: 2.5178e-04, 
                    ODE(1) loss: 4.3109e-05, 
                    Non-trivial solution loss: 5.7147e-05,
                    Physics loss: 3.1500e-01,
                    Initial value of rho: -0.61219 + -1.66516i,
                    Current value of rho: -0.61219 + -1.66516i,
                    Target rho: -0.18832 + -1.61835
------------------------------
Unfreezing rho...
Epoch: 9500 / 18000. Total scaled loss: 3.1401e-01, 
                    ODE(0) loss: 2.7735e-03, 
                    ODE(1) loss: 5.3643e-04, 
                    Non-trivial solution loss: 1.5301e-04,
                    Physics loss: 2.6638e-01,
                    Initial value of rho: -0.61219 + -1.66516i,
                    Current value of rho: -0.61360 + -1.66340i,
                    Target rho: -0.18832 + -1.61835
------------------------------
Epoch: 10000 / 18000. Total scaled loss: 2.1348e-01, 
                    ODE(0) loss: 4.1977e-04, 
                    ODE(1) loss: 3.6185e-04, 
                    Non-trivial solution loss: 1.1067e-04,
                    Physics loss: 2.1739e-01,
                    Initial value of rho: -0.61219 + -1.66516i,
                    Current value of rho: -0.61538 + -1.66121i,
                    Target rho: -0.18832 + -1.61835
------------------------------
Epoch: 10500 / 18000. Total scaled loss: 1.6107e-01, 
                    ODE(0) loss: 1.7854e-05, 
                    ODE(1) loss: 1.5990e-06, 
                    Non-trivial solution loss: 1.5970e-04,
                    Physics loss: 1.6481e-01,
                    Initial value of rho: -0.61219 + -1.66516i,
                    Current value of rho: -0.61761 + -1.65942i,
                    Target rho: -0.18832 + -1.61835
------------------------------
Epoch: 11000 / 18000. Total scaled loss: 1.2187e-01, 
                    ODE(0) loss: 5.6573e-05, 
                    ODE(1) loss: 1.6172e-05, 
                    Non-trivial solution loss: 1.8922e-04,
                    Physics loss: 1.1925e-01,
                    Initial value of rho: -0.61219 + -1.66516i,
                    Current value of rho: -0.62023 + -1.65866i,
                    Target rho: -0.18832 + -1.61835
------------------------------
Epoch: 11500 / 18000. Total scaled loss: 7.5609e-02, 
                    ODE(0) loss: 2.0417e-06, 
                    ODE(1) loss: 9.8263e-06, 
                    Non-trivial solution loss: 7.9250e-05,
                    Physics loss: 7.4698e-02,
                    Initial value of rho: -0.61219 + -1.66516i,
                    Current value of rho: -0.62211 + -1.65869i,
                    Target rho: -0.18832 + -1.61835
------------------------------
Epoch: 12000 / 18000. Total scaled loss: 6.0460e-02, 
                    ODE(0) loss: 1.0111e-05, 
                    ODE(1) loss: 5.2374e-06, 
                    Non-trivial solution loss: 4.6742e-05,
                    Physics loss: 5.9840e-02,
                    Initial value of rho: -0.61219 + -1.66516i,
                    Current value of rho: -0.62334 + -1.65924i,
                    Target rho: -0.18832 + -1.61835
------------------------------
Epoch: 12500 / 18000. Total scaled loss: 6.3232e-02, 
                    ODE(0) loss: 6.2029e-04, 
                    ODE(1) loss: 1.3737e-04, 
                    Non-trivial solution loss: 7.6630e-05,
                    Physics loss: 5.4889e-02,
                    Initial value of rho: -0.61219 + -1.66516i,
                    Current value of rho: -0.62430 + -1.65996i,
                    Target rho: -0.18832 + -1.61835
------------------------------
Epoch: 13000 / 18000. Total scaled loss: 8.0487e-02, 
                    ODE(0) loss: 2.1224e-03, 
                    ODE(1) loss: 5.5403e-04, 
                    Non-trivial solution loss: 1.1583e-04,
                    Physics loss: 5.2564e-02,
                    Initial value of rho: -0.61219 + -1.66516i,
                    Current value of rho: -0.62516 + -1.66068i,
                    Target rho: -0.18832 + -1.61835
------------------------------
Epoch: 13500 / 18000. Total scaled loss: 4.8413e-02, 
                    ODE(0) loss: 7.0049e-05, 
                    ODE(1) loss: 3.0666e-05, 
                    Non-trivial solution loss: 2.7585e-05,
                    Physics loss: 4.7130e-02,
                    Initial value of rho: -0.61219 + -1.66516i,
                    Current value of rho: -0.62593 + -1.66129i,
                    Target rho: -0.18832 + -1.61835
------------------------------
Epoch: 14000 / 18000. Total scaled loss: 7.9083e-02, 
                    ODE(0) loss: 2.9273e-03, 
                    ODE(1) loss: 6.7848e-04, 
                    Non-trivial solution loss: 4.7423e-05,
                    Physics loss: 4.2551e-02,
                    Initial value of rho: -0.61219 + -1.66516i,
                    Current value of rho: -0.62668 + -1.66183i,
                    Target rho: -0.18832 + -1.61835
------------------------------
Epoch: 14500 / 18000. Total scaled loss: 4.4292e-02, 
                    ODE(0) loss: 1.1735e-06, 
                    ODE(1) loss: 1.8953e-06, 
                    Non-trivial solution loss: 2.3122e-05,
                    Physics loss: 3.9667e-02,
                    Initial value of rho: -0.61219 + -1.66516i,
                    Current value of rho: -0.62738 + -1.66230i,
                    Target rho: -0.18832 + -1.61835
------------------------------
Epoch: 15000 / 18000. Total scaled loss: 6.2733e-02, 
                    ODE(0) loss: 2.9057e-05, 
                    ODE(1) loss: 9.2128e-06, 
                    Non-trivial solution loss: 5.1579e-05,
                    Physics loss: 3.7126e-02,
                    Initial value of rho: -0.61219 + -1.66516i,
                    Current value of rho: -0.62837 + -1.66292i,
                    Target rho: -0.18832 + -1.61835
------------------------------
Epoch: 15500 / 18000. Total scaled loss: 8.1011e-02, 
                    ODE(0) loss: 3.2687e-04, 
                    ODE(1) loss: 3.7929e-05, 
                    Non-trivial solution loss: 8.7855e-05,
                    Physics loss: 3.4435e-02,
                    Initial value of rho: -0.61219 + -1.66516i,
                    Current value of rho: -0.62969 + -1.66372i,
                    Target rho: -0.18832 + -1.61835
------------------------------
Epoch: 16000 / 18000. Total scaled loss: 8.9440e-02, 
                    ODE(0) loss: 5.8197e-05, 
                    ODE(1) loss: 5.1275e-07, 
                    Non-trivial solution loss: 8.5567e-05,
                    Physics loss: 3.1692e-02,
                    Initial value of rho: -0.61219 + -1.66516i,
                    Current value of rho: -0.63132 + -1.66470i,
                    Target rho: -0.18832 + -1.61835
------------------------------
Epoch: 16500 / 18000. Total scaled loss: 1.1815e-01, 
                    ODE(0) loss: 1.1013e-03, 
                    ODE(1) loss: 3.1271e-04, 
                    Non-trivial solution loss: 2.2435e-04,
                    Physics loss: 3.0539e-02,
                    Initial value of rho: -0.61219 + -1.66516i,
                    Current value of rho: -0.63323 + -1.66585i,
                    Target rho: -0.18832 + -1.61835
------------------------------
Epoch: 17000 / 18000. Total scaled loss: 1.2134e-01, 
                    ODE(0) loss: 9.7509e-04, 
                    ODE(1) loss: 9.5166e-05, 
                    Non-trivial solution loss: 1.6446e-04,
                    Physics loss: 2.8035e-02,
                    Initial value of rho: -0.61219 + -1.66516i,
                    Current value of rho: -0.63534 + -1.66715i,
                    Target rho: -0.18832 + -1.61835
------------------------------
Epoch: 17500 / 18000. Total scaled loss: 1.3705e-01, 
                    ODE(0) loss: 1.5664e-03, 
                    ODE(1) loss: 3.7022e-04, 
                    Non-trivial solution loss: 1.2643e-04,
                    Physics loss: 2.6201e-02,
                    Initial value of rho: -0.61219 + -1.66516i,
                    Current value of rho: -0.63762 + -1.66868i,
                    Target rho: -0.18832 + -1.61835
------------------------------
Epoch: 18000 / 18000. Total scaled loss: 1.7342e-01, 
                    ODE(0) loss: 3.2224e-03, 
                    ODE(1) loss: 8.4003e-04, 
                    Non-trivial solution loss: 3.1384e-04,
                    Physics loss: 2.5937e-02,
                    Initial value of rho: -0.61219 + -1.66516i,
                    Current value of rho: -0.63999 + -1.67045i,
                    Target rho: -0.18832 + -1.61835
------------------------------
Adam training complete. Switching to L-BFGS:
L-BFGS Epoch: 100 / 1000. Total scaled loss: 3.7165e-05, 
                    ODE(0) loss: 1.2800e-10, 
                    ODE(1) loss: 2.0566e-09, 
                    Non-trivial solution loss: 3.0689e-10,
                    Physics loss: 3.7140e-05,
                    Initial value of rho: -0.61219 + -1.66516i,
                    Current value of rho: -1.90340 + -1.57618i,
                    Target rho: -0.18832 + -1.61835
------------------------------
L-BFGS Epoch: 200 / 1000. Total scaled loss: 3.6835e-05, 
                    ODE(0) loss: 1.1401e-10, 
                    ODE(1) loss: 2.8024e-09, 
                    Non-trivial solution loss: 8.0759e-10,
                    Physics loss: 3.6798e-05,
                    Initial value of rho: -0.61219 + -1.66516i,
                    Current value of rho: -1.90927 + -1.57980i,
                    Target rho: -0.18832 + -1.61835
------------------------------
L-BFGS Epoch: 300 / 1000. Total scaled loss: 3.6729e-05, 
                    ODE(0) loss: 1.1341e-10, 
                    ODE(1) loss: 2.1552e-09, 
                    Non-trivial solution loss: 2.0329e-10,
                    Physics loss: 3.6704e-05,
                    Initial value of rho: -0.61219 + -1.66516i,
                    Current value of rho: -1.90575 + -1.57664i,
                    Target rho: -0.18832 + -1.61835
------------------------------
L-BFGS Epoch: 400 / 1000. Total scaled loss: 2.1905e-05, 
                    ODE(0) loss: 1.3726e-11, 
                    ODE(1) loss: 2.0466e-09, 
                    Non-trivial solution loss: 1.8480e-11,
                    Physics loss: 2.1884e-05,
                    Initial value of rho: -0.61219 + -1.66516i,
                    Current value of rho: -2.03335 + -1.49563i,
                    Target rho: -0.18832 + -1.61835
------------------------------
L-BFGS Epoch: 500 / 1000. Total scaled loss: 2.1768e-05, 
                    ODE(0) loss: 1.0512e-11, 
                    ODE(1) loss: 1.7234e-09, 
                    Non-trivial solution loss: 5.1616e-11,
                    Physics loss: 2.1751e-05,
                    Initial value of rho: -0.61219 + -1.66516i,
                    Current value of rho: -2.03147 + -1.48957i,
                    Target rho: -0.18832 + -1.61835
------------------------------
L-BFGS Epoch: 600 / 1000. Total scaled loss: 2.1586e-05, 
                    ODE(0) loss: 1.7356e-10, 
                    ODE(1) loss: 1.1963e-09, 
                    Non-trivial solution loss: 2.5093e-11,
                    Physics loss: 2.1572e-05,
                    Initial value of rho: -0.61219 + -1.66516i,
                    Current value of rho: -2.03055 + -1.48821i,
                    Target rho: -0.18832 + -1.61835
------------------------------
L-BFGS Epoch: 700 / 1000. Total scaled loss: 2.1432e-05, 
                    ODE(0) loss: 1.8333e-11, 
                    ODE(1) loss: 1.4964e-09, 
                    Non-trivial solution loss: 7.6417e-11,
                    Physics loss: 2.1417e-05,
                    Initial value of rho: -0.61219 + -1.66516i,
                    Current value of rho: -2.03162 + -1.48805i,
                    Target rho: -0.18832 + -1.61835
------------------------------
L-BFGS Epoch: 800 / 1000. Total scaled loss: 2.1273e-05, 
                    ODE(0) loss: 1.2210e-10, 
                    ODE(1) loss: 1.5310e-09, 
                    Non-trivial solution loss: 3.3946e-11,
                    Physics loss: 2.1256e-05,
                    Initial value of rho: -0.61219 + -1.66516i,
                    Current value of rho: -2.03206 + -1.48777i,
                    Target rho: -0.18832 + -1.61835
------------------------------
L-BFGS Epoch: 900 / 1000. Total scaled loss: 2.1613e-05, 
                    ODE(0) loss: 4.3068e-11, 
                    ODE(1) loss: 1.3698e-09, 
                    Non-trivial solution loss: 5.5458e-12,
                    Physics loss: 2.1599e-05,
                    Initial value of rho: -0.61219 + -1.66516i,
                    Current value of rho: -2.03141 + -1.48790i,
                    Target rho: -0.18832 + -1.61835
------------------------------
L-BFGS Epoch: 1000 / 1000. Total scaled loss: 2.1540e-05, 
                    ODE(0) loss: 2.7339e-11, 
                    ODE(1) loss: 1.5882e-09, 
                    Non-trivial solution loss: 1.3296e-11,
                    Physics loss: 2.1524e-05,
                    Initial value of rho: -0.61219 + -1.66516i,
                    Current value of rho: -2.03277 + -1.48829i,
                    Target rho: -0.18832 + -1.61835
------------------------------
Training complete for l = 4. Total scaled loss: 2.1540e-05, 
                    ODE(0) loss: 2.7339e-11, 
                    ODE(1) loss: 1.5882e-09, 
                    Non-trivial solution loss: 1.3296e-11,
                    Physics loss: 2.1524e-05,
                    Current value of rho: -2.03277 + -1.48829i
                    Target rho: -0.18832 + -1.61835
Training complete. Checkpoint saved to ./Output/l4/delta_0.5/pinn_checkpoint_qnm_l4_delta0.5.pth
l = 4 mode with delta = 0.5 completed successfully.
