Using device: cuda
------------------------------
Starting training for l = 3 with delta = 0.5
Initial rho: 0.28554 + -0.95077i
Target rho: -0.18541 + -1.19889i
Initial distance from target: 0.53231
------------------------------
Epoch: 1 / 18000. Total scaled loss: 2.1435e+03, 
                    ODE(0) loss: 1.0369e+01, 
                    ODE(1) loss: 9.3882e+00, 
                    Non-trivial solution loss: 1.6773e+00,
                    Physics loss: 8.6995e+00,
                    Initial value of rho: 0.28554 + -0.95077i,
                    Current value of rho: 0.28554 + -0.95077i,
                    Target rho: -0.18541 + -1.19889
------------------------------
Epoch: 500 / 18000. Total scaled loss: 4.9598e+01, 
                    ODE(0) loss: 3.8272e-03, 
                    ODE(1) loss: 1.8742e-04, 
                    Non-trivial solution loss: 4.9120e-01,
                    Physics loss: 7.6421e+00,
                    Initial value of rho: 0.28554 + -0.95077i,
                    Current value of rho: 0.28554 + -0.95077i,
                    Target rho: -0.18541 + -1.19889
------------------------------
Epoch: 1000 / 18000. Total scaled loss: 6.7468e-01, 
                    ODE(0) loss: 1.3854e-05, 
                    ODE(1) loss: 7.4182e-05, 
                    Non-trivial solution loss: 4.5840e-05,
                    Physics loss: 6.6129e+01,
                    Initial value of rho: 0.28554 + -0.95077i,
                    Current value of rho: 0.28554 + -0.95077i,
                    Target rho: -0.18541 + -1.19889
------------------------------
Epoch: 1500 / 18000. Total scaled loss: 1.8603e+00, 
                    ODE(0) loss: 9.8649e-04, 
                    ODE(1) loss: 1.1026e-02, 
                    Non-trivial solution loss: 2.6236e-06,
                    Physics loss: 6.5879e+01,
                    Initial value of rho: 0.28554 + -0.95077i,
                    Current value of rho: 0.28554 + -0.95077i,
                    Target rho: -0.18541 + -1.19889
------------------------------
Epoch: 2000 / 18000. Total scaled loss: 6.8224e-01, 
                    ODE(0) loss: 3.9898e-05, 
                    ODE(1) loss: 3.8244e-04, 
                    Non-trivial solution loss: 4.6631e-05,
                    Physics loss: 6.3534e+01,
                    Initial value of rho: 0.28554 + -0.95077i,
                    Current value of rho: 0.28554 + -0.95077i,
                    Target rho: -0.18541 + -1.19889
------------------------------
Epoch: 2500 / 18000. Total scaled loss: 6.2040e-01, 
                    ODE(0) loss: 1.9578e-06, 
                    ODE(1) loss: 1.3023e-06, 
                    Non-trivial solution loss: 3.5732e-05,
                    Physics loss: 6.1650e+01,
                    Initial value of rho: 0.28554 + -0.95077i,
                    Current value of rho: 0.28554 + -0.95077i,
                    Target rho: -0.18541 + -1.19889
------------------------------
Epoch: 3000 / 18000. Total scaled loss: 7.3711e-01, 
                    ODE(0) loss: 1.2595e-03, 
                    ODE(1) loss: 1.9169e-04, 
                    Non-trivial solution loss: 1.3261e-04,
                    Physics loss: 5.7872e+01,
                    Initial value of rho: 0.28554 + -0.95077i,
                    Current value of rho: 0.28554 + -0.95077i,
                    Target rho: -0.18541 + -1.19889
------------------------------
Epoch: 3500 / 18000. Total scaled loss: 5.9745e-01, 
                    ODE(0) loss: 1.5608e-04, 
                    ODE(1) loss: 1.1768e-05, 
                    Non-trivial solution loss: 3.8214e-05,
                    Physics loss: 5.7684e+01,
                    Initial value of rho: 0.28554 + -0.95077i,
                    Current value of rho: 0.28554 + -0.95077i,
                    Target rho: -0.18541 + -1.19889
------------------------------
Epoch: 4000 / 18000. Total scaled loss: 6.4852e+00, 
                    ODE(0) loss: 1.9394e-05, 
                    ODE(1) loss: 5.7300e-06, 
                    Non-trivial solution loss: 4.7457e-03,
                    Physics loss: 4.0246e+01,
                    Initial value of rho: 0.28554 + -0.95077i,
                    Current value of rho: 0.28554 + -0.95077i,
                    Target rho: -0.18541 + -1.19889
------------------------------
Epoch: 4500 / 18000. Total scaled loss: 6.6513e+00, 
                    ODE(0) loss: 1.1041e-05, 
                    ODE(1) loss: 3.4504e-07, 
                    Non-trivial solution loss: 6.0722e-03,
                    Physics loss: 2.8776e+01,
                    Initial value of rho: 0.28554 + -0.95077i,
                    Current value of rho: 0.28554 + -0.95077i,
                    Target rho: -0.18541 + -1.19889
------------------------------
Epoch: 5000 / 18000. Total scaled loss: 7.2254e+00, 
                    ODE(0) loss: 3.7580e-06, 
                    ODE(1) loss: 2.7978e-07, 
                    Non-trivial solution loss: 8.5945e-03,
                    Physics loss: 2.3705e+01,
                    Initial value of rho: 0.28554 + -0.95077i,
                    Current value of rho: 0.28554 + -0.95077i,
                    Target rho: -0.18541 + -1.19889
------------------------------
Epoch: 5500 / 18000. Total scaled loss: 8.4630e+00, 
                    ODE(0) loss: 1.9112e-05, 
                    ODE(1) loss: 1.5417e-06, 
                    Non-trivial solution loss: 1.4234e-02,
                    Physics loss: 2.1863e+01,
                    Initial value of rho: 0.28554 + -0.95077i,
                    Current value of rho: 0.28554 + -0.95077i,
                    Target rho: -0.18541 + -1.19889
------------------------------
Epoch: 6000 / 18000. Total scaled loss: 9.7111e+00, 
                    ODE(0) loss: 1.5505e-04, 
                    ODE(1) loss: 3.4463e-03, 
                    Non-trivial solution loss: 1.9777e-02,
                    Physics loss: 2.0192e+01,
                    Initial value of rho: 0.28554 + -0.95077i,
                    Current value of rho: 0.28554 + -0.95077i,
                    Target rho: -0.18541 + -1.19889
------------------------------
Epoch: 6500 / 18000. Total scaled loss: 1.0444e+01, 
                    ODE(0) loss: 5.1941e-04, 
                    ODE(1) loss: 4.1788e-05, 
                    Non-trivial solution loss: 2.7976e-02,
                    Physics loss: 1.8651e+01,
                    Initial value of rho: 0.28554 + -0.95077i,
                    Current value of rho: 0.28554 + -0.95077i,
                    Target rho: -0.18541 + -1.19889
------------------------------
Epoch: 7000 / 18000. Total scaled loss: 1.2536e+01, 
                    ODE(0) loss: 2.0683e-02, 
                    ODE(1) loss: 3.0068e-03, 
                    Non-trivial solution loss: 3.8398e-02,
                    Physics loss: 1.7081e+01,
                    Initial value of rho: 0.28554 + -0.95077i,
                    Current value of rho: 0.28554 + -0.95077i,
                    Target rho: -0.18541 + -1.19889
------------------------------
Epoch: 7500 / 18000. Total scaled loss: 1.1895e+01, 
                    ODE(0) loss: 2.0580e-05, 
                    ODE(1) loss: 4.9035e-06, 
                    Non-trivial solution loss: 5.5136e-02,
                    Physics loss: 1.5437e+01,
                    Initial value of rho: 0.28554 + -0.95077i,
                    Current value of rho: 0.28554 + -0.95077i,
                    Target rho: -0.18541 + -1.19889
------------------------------
Epoch: 8000 / 18000. Total scaled loss: 1.2777e+01, 
                    ODE(0) loss: 2.2228e-03, 
                    ODE(1) loss: 2.0587e-06, 
                    Non-trivial solution loss: 7.4844e-02,
                    Physics loss: 1.4323e+01,
                    Initial value of rho: 0.28554 + -0.95077i,
                    Current value of rho: 0.28554 + -0.95077i,
                    Target rho: -0.18541 + -1.19889
------------------------------
Epoch: 8500 / 18000. Total scaled loss: 1.2183e+01, 
                    ODE(0) loss: 1.6553e-06, 
                    ODE(1) loss: 3.2279e-05, 
                    Non-trivial solution loss: 1.0313e-01,
                    Physics loss: 1.1488e+01,
                    Initial value of rho: 0.28554 + -0.95077i,
                    Current value of rho: 0.28554 + -0.95077i,
                    Target rho: -0.18541 + -1.19889
------------------------------
Epoch: 9000 / 18000. Total scaled loss: 1.2539e+01, 
                    ODE(0) loss: 4.5444e-03, 
                    ODE(1) loss: 5.1572e-04, 
                    Non-trivial solution loss: 1.4289e-01,
                    Physics loss: 9.9739e+00,
                    Initial value of rho: 0.28554 + -0.95077i,
                    Current value of rho: 0.28554 + -0.95077i,
                    Target rho: -0.18541 + -1.19889
------------------------------
Unfreezing rho...
Epoch: 9500 / 18000. Total scaled loss: 1.0513e+01, 
                    ODE(0) loss: 3.7291e-04, 
                    ODE(1) loss: 1.8065e-04, 
                    Non-trivial solution loss: 1.6518e-01,
                    Physics loss: 7.3575e+00,
                    Initial value of rho: 0.28554 + -0.95077i,
                    Current value of rho: 0.23999 + -0.95605i,
                    Target rho: -0.18541 + -1.19889
------------------------------
Epoch: 10000 / 18000. Total scaled loss: 8.8182e+00, 
                    ODE(0) loss: 1.2098e-05, 
                    ODE(1) loss: 6.5341e-06, 
                    Non-trivial solution loss: 1.9764e-01,
                    Physics loss: 5.4035e+00,
                    Initial value of rho: 0.28554 + -0.95077i,
                    Current value of rho: 0.19641 + -0.97148i,
                    Target rho: -0.18541 + -1.19889
------------------------------
Epoch: 10500 / 18000. Total scaled loss: 7.0278e+00, 
                    ODE(0) loss: 4.1448e-05, 
                    ODE(1) loss: 8.4965e-06, 
                    Non-trivial solution loss: 2.5456e-01,
                    Physics loss: 3.6615e+00,
                    Initial value of rho: 0.28554 + -0.95077i,
                    Current value of rho: 0.15643 + -0.99602i,
                    Target rho: -0.18541 + -1.19889
------------------------------
Epoch: 11000 / 18000. Total scaled loss: 5.5701e+00, 
                    ODE(0) loss: 4.7103e-05, 
                    ODE(1) loss: 8.1327e-05, 
                    Non-trivial solution loss: 3.0659e-01,
                    Physics loss: 2.5029e+00,
                    Initial value of rho: 0.28554 + -0.95077i,
                    Current value of rho: 0.12268 + -1.02463i,
                    Target rho: -0.18541 + -1.19889
------------------------------
Epoch: 11500 / 18000. Total scaled loss: 4.8933e+00, 
                    ODE(0) loss: 6.6273e-06, 
                    ODE(1) loss: 5.2254e-06, 
                    Non-trivial solution loss: 2.3900e-01,
                    Physics loss: 2.5033e+00,
                    Initial value of rho: 0.28554 + -0.95077i,
                    Current value of rho: 0.08263 + -1.06685i,
                    Target rho: -0.18541 + -1.19889
------------------------------
Epoch: 12000 / 18000. Total scaled loss: 3.8697e+00, 
                    ODE(0) loss: 1.6407e-05, 
                    ODE(1) loss: 2.4710e-05, 
                    Non-trivial solution loss: 1.5223e-01,
                    Physics loss: 2.3470e+00,
                    Initial value of rho: 0.28554 + -0.95077i,
                    Current value of rho: 0.03184 + -1.11037i,
                    Target rho: -0.18541 + -1.19889
------------------------------
Epoch: 12500 / 18000. Total scaled loss: 2.5163e+00, 
                    ODE(0) loss: 5.5130e-05, 
                    ODE(1) loss: 3.3543e-04, 
                    Non-trivial solution loss: 6.5611e-02,
                    Physics loss: 1.8563e+00,
                    Initial value of rho: 0.28554 + -0.95077i,
                    Current value of rho: -0.02465 + -1.14707i,
                    Target rho: -0.18541 + -1.19889
------------------------------
Epoch: 13000 / 18000. Total scaled loss: 1.3379e+00, 
                    ODE(0) loss: 7.8691e-04, 
                    ODE(1) loss: 3.4346e-03, 
                    Non-trivial solution loss: 1.9221e-02,
                    Physics loss: 1.1034e+00,
                    Initial value of rho: 0.28554 + -0.95077i,
                    Current value of rho: -0.07572 + -1.17301i,
                    Target rho: -0.18541 + -1.19889
------------------------------
Epoch: 13500 / 18000. Total scaled loss: 5.5954e-01, 
                    ODE(0) loss: 1.0183e-05, 
                    ODE(1) loss: 6.7211e-05, 
                    Non-trivial solution loss: 4.0949e-03,
                    Physics loss: 5.1782e-01,
                    Initial value of rho: 0.28554 + -0.95077i,
                    Current value of rho: -0.11274 + -1.18382i,
                    Target rho: -0.18541 + -1.19889
------------------------------
Epoch: 14000 / 18000. Total scaled loss: 2.3178e-01, 
                    ODE(0) loss: 3.7957e-06, 
                    ODE(1) loss: 3.9068e-05, 
                    Non-trivial solution loss: 7.8259e-04,
                    Physics loss: 2.2352e-01,
                    Initial value of rho: 0.28554 + -0.95077i,
                    Current value of rho: -0.13703 + -1.18922i,
                    Target rho: -0.18541 + -1.19889
------------------------------
Epoch: 14500 / 18000. Total scaled loss: 3.3268e-01, 
                    ODE(0) loss: 3.2760e-03, 
                    ODE(1) loss: 1.9323e-02, 
                    Non-trivial solution loss: 1.9850e-04,
                    Physics loss: 9.4337e-02,
                    Initial value of rho: 0.28554 + -0.95077i,
                    Current value of rho: -0.15310 + -1.19239i,
                    Target rho: -0.18541 + -1.19889
------------------------------
Epoch: 15000 / 18000. Total scaled loss: 1.0324e-01, 
                    ODE(0) loss: 6.2034e-04, 
                    ODE(1) loss: 4.6286e-03, 
                    Non-trivial solution loss: 1.4244e-04,
                    Physics loss: 2.9615e-02,
                    Initial value of rho: 0.28554 + -0.95077i,
                    Current value of rho: -0.16652 + -1.19493i,
                    Target rho: -0.18541 + -1.19889
------------------------------
Epoch: 15500 / 18000. Total scaled loss: 1.7707e-02, 
                    ODE(0) loss: 6.2959e-06, 
                    ODE(1) loss: 3.7124e-05, 
                    Non-trivial solution loss: 4.5212e-05,
                    Physics loss: 7.5729e-03,
                    Initial value of rho: 0.28554 + -0.95077i,
                    Current value of rho: -0.17639 + -1.19701i,
                    Target rho: -0.18541 + -1.19889
------------------------------
Epoch: 16000 / 18000. Total scaled loss: 5.3631e-03, 
                    ODE(0) loss: 9.3698e-08, 
                    ODE(1) loss: 2.8745e-06, 
                    Non-trivial solution loss: 6.8816e-06,
                    Physics loss: 1.8960e-03,
                    Initial value of rho: 0.28554 + -0.95077i,
                    Current value of rho: -0.18165 + -1.19829i,
                    Target rho: -0.18541 + -1.19889
------------------------------
Epoch: 16500 / 18000. Total scaled loss: 3.8923e-03, 
                    ODE(0) loss: 4.6224e-06, 
                    ODE(1) loss: 8.0984e-05, 
                    Non-trivial solution loss: 7.1461e-06,
                    Physics loss: 8.8974e-04,
                    Initial value of rho: 0.28554 + -0.95077i,
                    Current value of rho: -0.18385 + -1.19902i,
                    Target rho: -0.18541 + -1.19889
------------------------------
Epoch: 17000 / 18000. Total scaled loss: 4.5880e-03, 
                    ODE(0) loss: 1.0686e-05, 
                    ODE(1) loss: 2.0310e-04, 
                    Non-trivial solution loss: 3.4372e-06,
                    Physics loss: 6.2139e-04,
                    Initial value of rho: 0.28554 + -0.95077i,
                    Current value of rho: -0.18462 + -1.19930i,
                    Target rho: -0.18541 + -1.19889
------------------------------
Epoch: 17500 / 18000. Total scaled loss: 5.8648e-03, 
                    ODE(0) loss: 1.7852e-05, 
                    ODE(1) loss: 2.9561e-04, 
                    Non-trivial solution loss: 4.6718e-06,
                    Physics loss: 6.0393e-04,
                    Initial value of rho: 0.28554 + -0.95077i,
                    Current value of rho: -0.18487 + -1.19938i,
                    Target rho: -0.18541 + -1.19889
------------------------------
Epoch: 18000 / 18000. Total scaled loss: 2.9316e-03, 
                    ODE(0) loss: 1.6761e-06, 
                    ODE(1) loss: 1.4695e-05, 
                    Non-trivial solution loss: 3.2711e-06,
                    Physics loss: 5.4716e-04,
                    Initial value of rho: 0.28554 + -0.95077i,
                    Current value of rho: -0.18499 + -1.19936i,
                    Target rho: -0.18541 + -1.19889
------------------------------
Adam training complete. Switching to L-BFGS:
L-BFGS Epoch: 100 / 1000. Total scaled loss: 8.4758e-06, 
                    ODE(0) loss: 8.8660e-11, 
                    ODE(1) loss: 7.2265e-10, 
                    Non-trivial solution loss: 2.9507e-11,
                    Physics loss: 8.4673e-06,
                    Initial value of rho: 0.28554 + -0.95077i,
                    Current value of rho: -0.18528 + -1.19885i,
                    Target rho: -0.18541 + -1.19889
------------------------------
L-BFGS Epoch: 200 / 1000. Total scaled loss: 8.4974e-06, 
                    ODE(0) loss: 1.7584e-11, 
                    ODE(1) loss: 5.2529e-10, 
                    Non-trivial solution loss: 9.9389e-12,
                    Physics loss: 8.4918e-06,
                    Initial value of rho: 0.28554 + -0.95077i,
                    Current value of rho: -0.18528 + -1.19885i,
                    Target rho: -0.18541 + -1.19889
------------------------------
L-BFGS Epoch: 300 / 1000. Total scaled loss: 8.5268e-06, 
                    ODE(0) loss: 1.7584e-11, 
                    ODE(1) loss: 5.2529e-10, 
                    Non-trivial solution loss: 9.9389e-12,
                    Physics loss: 8.5213e-06,
                    Initial value of rho: 0.28554 + -0.95077i,
                    Current value of rho: -0.18528 + -1.19885i,
                    Target rho: -0.18541 + -1.19889
------------------------------
L-BFGS Epoch: 400 / 1000. Total scaled loss: 8.5716e-06, 
                    ODE(0) loss: 1.0472e-10, 
                    ODE(1) loss: 7.6540e-10, 
                    Non-trivial solution loss: 9.6785e-12,
                    Physics loss: 8.5628e-06,
                    Initial value of rho: 0.28554 + -0.95077i,
                    Current value of rho: -0.18528 + -1.19885i,
                    Target rho: -0.18541 + -1.19889
------------------------------
L-BFGS Epoch: 500 / 1000. Total scaled loss: 8.5802e-06, 
                    ODE(0) loss: 8.6872e-11, 
                    ODE(1) loss: 7.9240e-10, 
                    Non-trivial solution loss: 1.0492e-11,
                    Physics loss: 8.5713e-06,
                    Initial value of rho: 0.28554 + -0.95077i,
                    Current value of rho: -0.18528 + -1.19885i,
                    Target rho: -0.18541 + -1.19889
------------------------------
L-BFGS Epoch: 600 / 1000. Total scaled loss: 8.5650e-06, 
                    ODE(0) loss: 8.6872e-11, 
                    ODE(1) loss: 7.9240e-10, 
                    Non-trivial solution loss: 1.0492e-11,
                    Physics loss: 8.5561e-06,
                    Initial value of rho: 0.28554 + -0.95077i,
                    Current value of rho: -0.18528 + -1.19885i,
                    Target rho: -0.18541 + -1.19889
------------------------------
L-BFGS Epoch: 700 / 1000. Total scaled loss: 8.4801e-06, 
                    ODE(0) loss: 8.6872e-11, 
                    ODE(1) loss: 7.9240e-10, 
                    Non-trivial solution loss: 1.0492e-11,
                    Physics loss: 8.4712e-06,
                    Initial value of rho: 0.28554 + -0.95077i,
                    Current value of rho: -0.18528 + -1.19885i,
                    Target rho: -0.18541 + -1.19889
------------------------------
L-BFGS Epoch: 800 / 1000. Total scaled loss: 8.5968e-06, 
                    ODE(0) loss: 8.6872e-11, 
                    ODE(1) loss: 7.9240e-10, 
                    Non-trivial solution loss: 1.0492e-11,
                    Physics loss: 8.5879e-06,
                    Initial value of rho: 0.28554 + -0.95077i,
                    Current value of rho: -0.18528 + -1.19885i,
                    Target rho: -0.18541 + -1.19889
------------------------------
L-BFGS Epoch: 900 / 1000. Total scaled loss: 8.6371e-06, 
                    ODE(0) loss: 9.1872e-11, 
                    ODE(1) loss: 7.9240e-10, 
                    Non-trivial solution loss: 1.0409e-11,
                    Physics loss: 8.6281e-06,
                    Initial value of rho: 0.28554 + -0.95077i,
                    Current value of rho: -0.18528 + -1.19885i,
                    Target rho: -0.18541 + -1.19889
------------------------------
L-BFGS Epoch: 1000 / 1000. Total scaled loss: 8.4297e-06, 
                    ODE(0) loss: 7.3382e-11, 
                    ODE(1) loss: 7.7944e-10, 
                    Non-trivial solution loss: 9.2764e-12,
                    Physics loss: 8.4211e-06,
                    Initial value of rho: 0.28554 + -0.95077i,
                    Current value of rho: -0.18528 + -1.19885i,
                    Target rho: -0.18541 + -1.19889
------------------------------
Training complete for l = 3. Total scaled loss: 8.4297e-06, 
                    ODE(0) loss: 7.3382e-11, 
                    ODE(1) loss: 7.7944e-10, 
                    Non-trivial solution loss: 9.2764e-12,
                    Physics loss: 8.4211e-06,
                    Current value of rho: -0.18528 + -1.19885i
                    Target rho: -0.18541 + -1.19889
Training complete. Checkpoint saved to ./Output/l3/delta_0.5/pinn_checkpoint_qnm_l3_delta0.5.pth
l = 3 mode with delta = 0.5 completed successfully.
