Using device: cuda
------------------------------
Starting training for l = 3 with delta = 0.1
Initial rho: -0.09015 + -1.17457i
Target rho: -0.18541 + -1.19889i
Initial distance from target: 0.09831
------------------------------
Epoch: 1 / 18000. Total scaled loss: 1.0311e+02, 
                    ODE(0) loss: 8.0928e-02, 
                    ODE(1) loss: 6.4069e-02, 
                    Non-trivial solution loss: 8.8609e-01,
                    Physics loss: 2.9268e-02,
                    Initial value of rho: -0.09015 + -1.17457i,
                    Current value of rho: -0.09015 + -1.17457i,
                    Target rho: -0.18541 + -1.19889
------------------------------
Epoch: 500 / 18000. Total scaled loss: 1.1014e+00, 
                    ODE(0) loss: 1.3558e-03, 
                    ODE(1) loss: 9.4091e-03, 
                    Non-trivial solution loss: 7.1112e-05,
                    Physics loss: 1.7798e+00,
                    Initial value of rho: -0.09015 + -1.17457i,
                    Current value of rho: -0.09015 + -1.17457i,
                    Target rho: -0.18541 + -1.19889
------------------------------
Epoch: 1000 / 18000. Total scaled loss: 4.3302e-02, 
                    ODE(0) loss: 3.6303e-05, 
                    ODE(1) loss: 2.2147e-04, 
                    Non-trivial solution loss: 1.0221e-06,
                    Physics loss: 1.7422e+00,
                    Initial value of rho: -0.09015 + -1.17457i,
                    Current value of rho: -0.09015 + -1.17457i,
                    Target rho: -0.18541 + -1.19889
------------------------------
Epoch: 1500 / 18000. Total scaled loss: 1.7788e-02, 
                    ODE(0) loss: 3.4064e-07, 
                    ODE(1) loss: 2.0338e-06, 
                    Non-trivial solution loss: 1.7499e-07,
                    Physics loss: 1.7533e+00,
                    Initial value of rho: -0.09015 + -1.17457i,
                    Current value of rho: -0.09015 + -1.17457i,
                    Target rho: -0.18541 + -1.19889
------------------------------
Epoch: 2000 / 18000. Total scaled loss: 1.0575e-01, 
                    ODE(0) loss: 4.1724e-04, 
                    ODE(1) loss: 4.5556e-04, 
                    Non-trivial solution loss: 6.3572e-06,
                    Physics loss: 1.7836e+00,
                    Initial value of rho: -0.09015 + -1.17457i,
                    Current value of rho: -0.09015 + -1.17457i,
                    Target rho: -0.18541 + -1.19889
------------------------------
Epoch: 2500 / 18000. Total scaled loss: 2.1444e-02, 
                    ODE(0) loss: 4.9660e-06, 
                    ODE(1) loss: 3.4670e-05, 
                    Non-trivial solution loss: 2.7205e-07,
                    Physics loss: 1.7453e+00,
                    Initial value of rho: -0.09015 + -1.17457i,
                    Current value of rho: -0.09015 + -1.17457i,
                    Target rho: -0.18541 + -1.19889
------------------------------
Epoch: 3000 / 18000. Total scaled loss: 3.1838e-02, 
                    ODE(0) loss: 1.7211e-05, 
                    ODE(1) loss: 1.2486e-04, 
                    Non-trivial solution loss: 5.7510e-07,
                    Physics loss: 1.7573e+00,
                    Initial value of rho: -0.09015 + -1.17457i,
                    Current value of rho: -0.09015 + -1.17457i,
                    Target rho: -0.18541 + -1.19889
------------------------------
Epoch: 3500 / 18000. Total scaled loss: 1.9480e-02, 
                    ODE(0) loss: 2.2749e-06, 
                    ODE(1) loss: 1.4133e-05, 
                    Non-trivial solution loss: 1.3884e-07,
                    Physics loss: 1.7825e+00,
                    Initial value of rho: -0.09015 + -1.17457i,
                    Current value of rho: -0.09015 + -1.17457i,
                    Target rho: -0.18541 + -1.19889
------------------------------
Epoch: 4000 / 18000. Total scaled loss: 4.0080e-01, 
                    ODE(0) loss: 1.4727e-04, 
                    ODE(1) loss: 1.2435e-03, 
                    Non-trivial solution loss: 1.2700e-04,
                    Physics loss: 1.7120e+00,
                    Initial value of rho: -0.09015 + -1.17457i,
                    Current value of rho: -0.09015 + -1.17457i,
                    Target rho: -0.18541 + -1.19889
------------------------------
Epoch: 4500 / 18000. Total scaled loss: 4.5615e-01, 
                    ODE(0) loss: 1.2247e-04, 
                    ODE(1) loss: 8.5137e-04, 
                    Non-trivial solution loss: 7.8958e-06,
                    Physics loss: 1.7375e+00,
                    Initial value of rho: -0.09015 + -1.17457i,
                    Current value of rho: -0.09015 + -1.17457i,
                    Target rho: -0.18541 + -1.19889
------------------------------
Epoch: 5000 / 18000. Total scaled loss: 4.6109e-01, 
                    ODE(0) loss: 4.1559e-07, 
                    ODE(1) loss: 8.9322e-08, 
                    Non-trivial solution loss: 3.4572e-05,
                    Physics loss: 1.6669e+00,
                    Initial value of rho: -0.09015 + -1.17457i,
                    Current value of rho: -0.09015 + -1.17457i,
                    Target rho: -0.18541 + -1.19889
------------------------------
Epoch: 5500 / 18000. Total scaled loss: 5.5396e-01, 
                    ODE(0) loss: 4.0649e-08, 
                    ODE(1) loss: 1.3457e-06, 
                    Non-trivial solution loss: 5.6372e-05,
                    Physics loss: 1.6289e+00,
                    Initial value of rho: -0.09015 + -1.17457i,
                    Current value of rho: -0.09015 + -1.17457i,
                    Target rho: -0.18541 + -1.19889
------------------------------
Epoch: 6000 / 18000. Total scaled loss: 6.4160e-01, 
                    ODE(0) loss: 3.9068e-07, 
                    ODE(1) loss: 3.7374e-06, 
                    Non-trivial solution loss: 8.8574e-05,
                    Physics loss: 1.5883e+00,
                    Initial value of rho: -0.09015 + -1.17457i,
                    Current value of rho: -0.09015 + -1.17457i,
                    Target rho: -0.18541 + -1.19889
------------------------------
Epoch: 6500 / 18000. Total scaled loss: 7.2314e-01, 
                    ODE(0) loss: 3.2556e-05, 
                    ODE(1) loss: 9.2621e-05, 
                    Non-trivial solution loss: 1.4205e-04,
                    Physics loss: 1.5271e+00,
                    Initial value of rho: -0.09015 + -1.17457i,
                    Current value of rho: -0.09015 + -1.17457i,
                    Target rho: -0.18541 + -1.19889
------------------------------
Epoch: 7000 / 18000. Total scaled loss: 8.0824e-01, 
                    ODE(0) loss: 1.0098e-04, 
                    ODE(1) loss: 1.1559e-03, 
                    Non-trivial solution loss: 2.7196e-04,
                    Physics loss: 1.3724e+00,
                    Initial value of rho: -0.09015 + -1.17457i,
                    Current value of rho: -0.09015 + -1.17457i,
                    Target rho: -0.18541 + -1.19889
------------------------------
Epoch: 7500 / 18000. Total scaled loss: 7.7283e-01, 
                    ODE(0) loss: 5.1805e-05, 
                    ODE(1) loss: 6.9237e-05, 
                    Non-trivial solution loss: 1.8750e-04,
                    Physics loss: 1.2888e+00,
                    Initial value of rho: -0.09015 + -1.17457i,
                    Current value of rho: -0.09015 + -1.17457i,
                    Target rho: -0.18541 + -1.19889
------------------------------
Epoch: 8000 / 18000. Total scaled loss: 8.0344e-01, 
                    ODE(0) loss: 1.4534e-06, 
                    ODE(1) loss: 2.6922e-05, 
                    Non-trivial solution loss: 3.2601e-04,
                    Physics loss: 1.2118e+00,
                    Initial value of rho: -0.09015 + -1.17457i,
                    Current value of rho: -0.09015 + -1.17457i,
                    Target rho: -0.18541 + -1.19889
------------------------------
Epoch: 8500 / 18000. Total scaled loss: 8.5649e-01, 
                    ODE(0) loss: 1.9887e-06, 
                    ODE(1) loss: 7.9548e-06, 
                    Non-trivial solution loss: 4.8319e-04,
                    Physics loss: 1.1755e+00,
                    Initial value of rho: -0.09015 + -1.17457i,
                    Current value of rho: -0.09015 + -1.17457i,
                    Target rho: -0.18541 + -1.19889
------------------------------
Epoch: 9000 / 18000. Total scaled loss: 9.2166e-01, 
                    ODE(0) loss: 1.2605e-06, 
                    ODE(1) loss: 1.5221e-05, 
                    Non-trivial solution loss: 7.7169e-04,
                    Physics loss: 1.1564e+00,
                    Initial value of rho: -0.09015 + -1.17457i,
                    Current value of rho: -0.09015 + -1.17457i,
                    Target rho: -0.18541 + -1.19889
------------------------------
Unfreezing rho...
Epoch: 9500 / 18000. Total scaled loss: 5.3111e-01, 
                    ODE(0) loss: 7.8632e-06, 
                    ODE(1) loss: 6.3132e-05, 
                    Non-trivial solution loss: 4.5359e-04,
                    Physics loss: 6.1780e-01,
                    Initial value of rho: -0.09015 + -1.17457i,
                    Current value of rho: -0.11788 + -1.18194i,
                    Target rho: -0.18541 + -1.19889
------------------------------
Epoch: 10000 / 18000. Total scaled loss: 2.9174e-01, 
                    ODE(0) loss: 6.3955e-06, 
                    ODE(1) loss: 3.8994e-05, 
                    Non-trivial solution loss: 2.9643e-04,
                    Physics loss: 3.1659e-01,
                    Initial value of rho: -0.09015 + -1.17457i,
                    Current value of rho: -0.13846 + -1.18517i,
                    Target rho: -0.18541 + -1.19889
------------------------------
Epoch: 10500 / 18000. Total scaled loss: 1.2982e-01, 
                    ODE(0) loss: 7.4432e-06, 
                    ODE(1) loss: 4.3947e-07, 
                    Non-trivial solution loss: 1.5732e-04,
                    Physics loss: 1.3253e-01,
                    Initial value of rho: -0.09015 + -1.17457i,
                    Current value of rho: -0.15596 + -1.18894i,
                    Target rho: -0.18541 + -1.19889
------------------------------
Epoch: 11000 / 18000. Total scaled loss: 4.4147e-02, 
                    ODE(0) loss: 5.1790e-06, 
                    ODE(1) loss: 1.7020e-06, 
                    Non-trivial solution loss: 6.4802e-05,
                    Physics loss: 4.3430e-02,
                    Initial value of rho: -0.09015 + -1.17457i,
                    Current value of rho: -0.16990 + -1.19336i,
                    Target rho: -0.18541 + -1.19889
------------------------------
Epoch: 11500 / 18000. Total scaled loss: 1.7361e-02, 
                    ODE(0) loss: 1.4651e-06, 
                    ODE(1) loss: 1.1059e-05, 
                    Non-trivial solution loss: 1.9454e-05,
                    Physics loss: 1.7042e-02,
                    Initial value of rho: -0.09015 + -1.17457i,
                    Current value of rho: -0.17783 + -1.19546i,
                    Target rho: -0.18541 + -1.19889
------------------------------
Epoch: 12000 / 18000. Total scaled loss: 4.0187e-02, 
                    ODE(0) loss: 8.2011e-05, 
                    ODE(1) loss: 3.0043e-03, 
                    Non-trivial solution loss: 3.5740e-05,
                    Physics loss: 8.9667e-03,
                    Initial value of rho: -0.09015 + -1.17457i,
                    Current value of rho: -0.18193 + -1.19651i,
                    Target rho: -0.18541 + -1.19889
------------------------------
Epoch: 12500 / 18000. Total scaled loss: 5.7911e-03, 
                    ODE(0) loss: 5.5402e-07, 
                    ODE(1) loss: 1.6573e-06, 
                    Non-trivial solution loss: 2.4980e-06,
                    Physics loss: 5.7440e-03,
                    Initial value of rho: -0.09015 + -1.17457i,
                    Current value of rho: -0.18407 + -1.19716i,
                    Target rho: -0.18541 + -1.19889
------------------------------
Epoch: 13000 / 18000. Total scaled loss: 6.1836e-02, 
                    ODE(0) loss: 1.7154e-04, 
                    ODE(1) loss: 5.1383e-03, 
                    Non-trivial solution loss: 4.4546e-05,
                    Physics loss: 8.2918e-03,
                    Initial value of rho: -0.09015 + -1.17457i,
                    Current value of rho: -0.18526 + -1.19756i,
                    Target rho: -0.18541 + -1.19889
------------------------------
Epoch: 13500 / 18000. Total scaled loss: 7.7523e-02, 
                    ODE(0) loss: 2.3245e-04, 
                    ODE(1) loss: 7.1179e-03, 
                    Non-trivial solution loss: 1.0540e-05,
                    Physics loss: 3.9139e-03,
                    Initial value of rho: -0.09015 + -1.17457i,
                    Current value of rho: -0.18588 + -1.19787i,
                    Target rho: -0.18541 + -1.19889
------------------------------
Epoch: 14000 / 18000. Total scaled loss: 9.6754e-03, 
                    ODE(0) loss: 5.9260e-06, 
                    ODE(1) loss: 5.1699e-04, 
                    Non-trivial solution loss: 2.4657e-05,
                    Physics loss: 4.1996e-03,
                    Initial value of rho: -0.09015 + -1.17457i,
                    Current value of rho: -0.18622 + -1.19808i,
                    Target rho: -0.18541 + -1.19889
------------------------------
Epoch: 14500 / 18000. Total scaled loss: 4.3066e-03, 
                    ODE(0) loss: 1.1221e-05, 
                    ODE(1) loss: 6.2940e-05, 
                    Non-trivial solution loss: 1.0638e-05,
                    Physics loss: 3.1159e-03,
                    Initial value of rho: -0.09015 + -1.17457i,
                    Current value of rho: -0.18637 + -1.19827i,
                    Target rho: -0.18541 + -1.19889
------------------------------
Epoch: 15000 / 18000. Total scaled loss: 8.5971e-02, 
                    ODE(0) loss: 2.1858e-04, 
                    ODE(1) loss: 7.4051e-03, 
                    Non-trivial solution loss: 1.6639e-05,
                    Physics loss: 5.7444e-03,
                    Initial value of rho: -0.09015 + -1.17457i,
                    Current value of rho: -0.18655 + -1.19843i,
                    Target rho: -0.18541 + -1.19889
------------------------------
Epoch: 15500 / 18000. Total scaled loss: 6.1457e-03, 
                    ODE(0) loss: 1.7663e-06, 
                    ODE(1) loss: 9.7636e-05, 
                    Non-trivial solution loss: 4.6142e-06,
                    Physics loss: 2.2986e-03,
                    Initial value of rho: -0.09015 + -1.17457i,
                    Current value of rho: -0.18655 + -1.19868i,
                    Target rho: -0.18541 + -1.19889
------------------------------
Epoch: 16000 / 18000. Total scaled loss: 4.5679e-03, 
                    ODE(0) loss: 3.7687e-06, 
                    ODE(1) loss: 4.1169e-05, 
                    Non-trivial solution loss: 2.4708e-06,
                    Physics loss: 1.4744e-03,
                    Initial value of rho: -0.09015 + -1.17457i,
                    Current value of rho: -0.18644 + -1.19889i,
                    Target rho: -0.18541 + -1.19889
------------------------------
Epoch: 16500 / 18000. Total scaled loss: 9.0731e-02, 
                    ODE(0) loss: 2.5138e-04, 
                    ODE(1) loss: 7.6228e-03, 
                    Non-trivial solution loss: 2.1652e-05,
                    Physics loss: 3.5331e-03,
                    Initial value of rho: -0.09015 + -1.17457i,
                    Current value of rho: -0.18629 + -1.19908i,
                    Target rho: -0.18541 + -1.19889
------------------------------
Epoch: 17000 / 18000. Total scaled loss: 2.9266e-03, 
                    ODE(0) loss: 2.1959e-06, 
                    ODE(1) loss: 3.3192e-05, 
                    Non-trivial solution loss: 2.1825e-06,
                    Physics loss: 6.5614e-04,
                    Initial value of rho: -0.09015 + -1.17457i,
                    Current value of rho: -0.18602 + -1.19928i,
                    Target rho: -0.18541 + -1.19889
------------------------------
Epoch: 17500 / 18000. Total scaled loss: 2.8347e-03, 
                    ODE(0) loss: 8.3534e-06, 
                    ODE(1) loss: 7.9410e-05, 
                    Non-trivial solution loss: 2.3905e-06,
                    Physics loss: 4.3507e-04,
                    Initial value of rho: -0.09015 + -1.17457i,
                    Current value of rho: -0.18578 + -1.19942i,
                    Target rho: -0.18541 + -1.19889
------------------------------
Epoch: 18000 / 18000. Total scaled loss: 4.6629e-03, 
                    ODE(0) loss: 1.1929e-05, 
                    ODE(1) loss: 2.9230e-04, 
                    Non-trivial solution loss: 8.3534e-07,
                    Physics loss: 3.2254e-04,
                    Initial value of rho: -0.09015 + -1.17457i,
                    Current value of rho: -0.18559 + -1.19950i,
                    Target rho: -0.18541 + -1.19889
------------------------------
Adam training complete. Switching to L-BFGS:
L-BFGS Epoch: 100 / 1000. Total scaled loss: 8.5528e-06, 
                    ODE(0) loss: 1.0207e-09, 
                    ODE(1) loss: 3.3839e-10, 
                    Non-trivial solution loss: 1.5295e-11,
                    Physics loss: 8.5391e-06,
                    Initial value of rho: -0.09015 + -1.17457i,
                    Current value of rho: -0.18547 + -1.19887i,
                    Target rho: -0.18541 + -1.19889
------------------------------
L-BFGS Epoch: 200 / 1000. Total scaled loss: 8.5255e-06, 
                    ODE(0) loss: 1.2407e-09, 
                    ODE(1) loss: 4.1751e-10, 
                    Non-trivial solution loss: 1.6335e-11,
                    Physics loss: 8.5088e-06,
                    Initial value of rho: -0.09015 + -1.17457i,
                    Current value of rho: -0.18547 + -1.19887i,
                    Target rho: -0.18541 + -1.19889
------------------------------
L-BFGS Epoch: 300 / 1000. Total scaled loss: 8.6204e-06, 
                    ODE(0) loss: 1.2488e-09, 
                    ODE(1) loss: 4.9118e-10, 
                    Non-trivial solution loss: 2.9327e-11,
                    Physics loss: 8.6027e-06,
                    Initial value of rho: -0.09015 + -1.17457i,
                    Current value of rho: -0.18547 + -1.19887i,
                    Target rho: -0.18541 + -1.19889
------------------------------
L-BFGS Epoch: 400 / 1000. Total scaled loss: 2.1259e-07, 
                    ODE(0) loss: 2.4395e-11, 
                    ODE(1) loss: 4.2348e-11, 
                    Non-trivial solution loss: 6.8981e-12,
                    Physics loss: 2.1185e-07,
                    Initial value of rho: -0.09015 + -1.17457i,
                    Current value of rho: -0.18542 + -1.19891i,
                    Target rho: -0.18541 + -1.19889
------------------------------
L-BFGS Epoch: 500 / 1000. Total scaled loss: 2.0934e-07, 
                    ODE(0) loss: 1.1991e-11, 
                    ODE(1) loss: 3.6948e-12, 
                    Non-trivial solution loss: 1.4278e-12,
                    Physics loss: 2.0917e-07,
                    Initial value of rho: -0.09015 + -1.17457i,
                    Current value of rho: -0.18542 + -1.19891i,
                    Target rho: -0.18541 + -1.19889
------------------------------
L-BFGS Epoch: 600 / 1000. Total scaled loss: 2.1145e-07, 
                    ODE(0) loss: 1.7467e-11, 
                    ODE(1) loss: 2.2737e-13, 
                    Non-trivial solution loss: 2.6740e-13,
                    Physics loss: 2.1127e-07,
                    Initial value of rho: -0.09015 + -1.17457i,
                    Current value of rho: -0.18542 + -1.19891i,
                    Target rho: -0.18541 + -1.19889
------------------------------
L-BFGS Epoch: 700 / 1000. Total scaled loss: 2.1187e-07, 
                    ODE(0) loss: 1.7394e-11, 
                    ODE(1) loss: 9.0949e-13, 
                    Non-trivial solution loss: 2.7200e-13,
                    Physics loss: 2.1169e-07,
                    Initial value of rho: -0.09015 + -1.17457i,
                    Current value of rho: -0.18542 + -1.19891i,
                    Target rho: -0.18541 + -1.19889
------------------------------
L-BFGS Epoch: 800 / 1000. Total scaled loss: 2.0972e-07, 
                    ODE(0) loss: 1.7394e-11, 
                    ODE(1) loss: 9.0949e-13, 
                    Non-trivial solution loss: 2.7200e-13,
                    Physics loss: 2.0953e-07,
                    Initial value of rho: -0.09015 + -1.17457i,
                    Current value of rho: -0.18542 + -1.19891i,
                    Target rho: -0.18541 + -1.19889
------------------------------
L-BFGS Epoch: 900 / 1000. Total scaled loss: 2.1079e-07, 
                    ODE(0) loss: 1.7394e-11, 
                    ODE(1) loss: 9.0949e-13, 
                    Non-trivial solution loss: 2.7200e-13,
                    Physics loss: 2.1061e-07,
                    Initial value of rho: -0.09015 + -1.17457i,
                    Current value of rho: -0.18542 + -1.19891i,
                    Target rho: -0.18541 + -1.19889
------------------------------
L-BFGS Epoch: 1000 / 1000. Total scaled loss: 2.1005e-07, 
                    ODE(0) loss: 1.6801e-11, 
                    ODE(1) loss: 2.2737e-13, 
                    Non-trivial solution loss: 2.6740e-13,
                    Physics loss: 2.0988e-07,
                    Initial value of rho: -0.09015 + -1.17457i,
                    Current value of rho: -0.18542 + -1.19891i,
                    Target rho: -0.18541 + -1.19889
------------------------------
Training complete for l = 3. Total scaled loss: 2.1005e-07, 
                    ODE(0) loss: 1.6801e-11, 
                    ODE(1) loss: 2.2737e-13, 
                    Non-trivial solution loss: 2.6740e-13,
                    Physics loss: 2.0988e-07,
                    Current value of rho: -0.18542 + -1.19891i
                    Target rho: -0.18541 + -1.19889
Training complete. Checkpoint saved to ./Output/l3/delta_0.1/pinn_checkpoint_qnm_l3_delta0.1.pth
l = 3 mode with delta = 0.1 completed successfully.
