000 (308284.011.000) 2026-03-01 11:15:01 Job submitted from host: <130.209.45.81:9618?addrs=130.209.45.81-9618&alias=wiay.astro.gla.ac.uk&noUDP&sock=schedd_8023_b06c>
...
001 (308284.011.000) 2026-03-01 11:33:12 Job executing on host: <130.209.45.56:9619?addrs=130.209.45.56-9619&alias=serenity.astro.gla.ac.uk&noUDP&sock=startd_35_e64f>
	SlotName: slot1_2@serenity.astro.gla.ac.uk
	AvailableGPUs = { GPUs_GPU_625f6b03 }
	CondorScratchDir = "/var/lib/condor/execute/dir_304552"
	Cpus = 1
	Disk = 2048
	GPUs = 1
	GPUs_GPU_625f6b03 = [ Id = "GPU-625f6b03"; ClockMhz = 1695.0; Capability = 8.6; CoresPerCU = 128; DeviceName = "NVIDIA GeForce RTX 3090"; DeviceUuid = "625f6b03-2809-23ef-06f5-609bcf7f9386"; ECCEnabled = false; ComputeUnits = 82; NvidiaDriver = "535.247.01"; DriverVersion = 12.2; DevicePciBusId = "0000:68:00.0"; GlobalMemoryMb = 24257; MaxSupportedVersion = 12020 ]
	Memory = 2048
...
006 (308284.011.000) 2026-03-01 11:33:20 Image size of job updated: 747176
	730  -  MemoryUsage of job (MB)
	747176  -  ResidentSetSize of job (KB)
...
006 (308284.011.000) 2026-03-01 11:38:20 Image size of job updated: 805720
	787  -  MemoryUsage of job (MB)
	805720  -  ResidentSetSize of job (KB)
...
006 (308284.011.000) 2026-03-01 11:43:20 Image size of job updated: 910800
	890  -  MemoryUsage of job (MB)
	910800  -  ResidentSetSize of job (KB)
...
006 (308284.011.000) 2026-03-01 11:48:21 Image size of job updated: 1015864
	993  -  MemoryUsage of job (MB)
	1015864  -  ResidentSetSize of job (KB)
...
006 (308284.011.000) 2026-03-01 11:49:30 Image size of job updated: 1094116
	993  -  MemoryUsage of job (MB)
	1015864  -  ResidentSetSize of job (KB)
...
005 (308284.011.000) 2026-03-01 11:49:30 Job terminated.
	(1) Normal termination (return value 0)
		Usr 0 00:16:00, Sys 0 00:00:08  -  Run Remote Usage
		Usr 0 00:00:00, Sys 0 00:00:00  -  Run Local Usage
		Usr 0 00:16:00, Sys 0 00:00:08  -  Total Remote Usage
		Usr 0 00:00:00, Sys 0 00:00:00  -  Total Local Usage
	0  -  Run Bytes Sent By Job
	0  -  Run Bytes Received By Job
	0  -  Total Bytes Sent By Job
	0  -  Total Bytes Received By Job
	Partitionable Resources :    Usage  Request Allocated Assigned
	   Cpus                 :     0.99        1         1 
	   Disk (KB)            :     1        1024      2048 
	   GPUs                 :     0.17        1         1 "GPU-625f6b03"
	   GpusMemory (MB)      :   825                       
	   Memory (MB)          :   993        2048      2048 
	   TimeExecute (s)      :   978                       
	   TimeSlotBusy (s)     :   978                       
...
