000 (308284.008.000) 2026-03-01 11:15:01 Job submitted from host: <130.209.45.81:9618?addrs=130.209.45.81-9618&alias=wiay.astro.gla.ac.uk&noUDP&sock=schedd_8023_b06c>
...
001 (308284.008.000) 2026-03-01 11:28:43 Job executing on host: <130.209.45.81:9619?addrs=130.209.45.81-9619&alias=wiay.astro.gla.ac.uk&noUDP&sock=startd_35_e64f>
	SlotName: slot1_2@wiay.astro.gla.ac.uk
	AvailableGPUs = { GPUs_GPU_916f8cd9 }
	CondorScratchDir = "/var/lib/condor/execute/dir_367256"
	Cpus = 1
	Disk = 2048
	GPUs = 1
	GPUs_GPU_916f8cd9 = [ Id = "GPU-916f8cd9"; ClockMhz = 1380.0; Capability = 7.0; CoresPerCU = 64; DeviceName = "Tesla V100-PCIE-32GB"; DeviceUuid = "916f8cd9-482d-5a9d-e82e-dc4416936330"; ECCEnabled = true; ComputeUnits = 80; NvidiaDriver = "555.42.06"; DriverVersion = 12.5; DevicePciBusId = "0000:3B:00.0"; GlobalMemoryMb = 32494; MaxSupportedVersion = 12050 ]
	Memory = 2048
...
006 (308284.008.000) 2026-03-01 11:28:52 Image size of job updated: 729576
	713  -  MemoryUsage of job (MB)
	729576  -  ResidentSetSize of job (KB)
...
006 (308284.008.000) 2026-03-01 11:33:53 Image size of job updated: 805228
	787  -  MemoryUsage of job (MB)
	805228  -  ResidentSetSize of job (KB)
...
006 (308284.008.000) 2026-03-01 11:38:54 Image size of job updated: 958292
	936  -  MemoryUsage of job (MB)
	958292  -  ResidentSetSize of job (KB)
...
006 (308284.008.000) 2026-03-01 11:42:28 Image size of job updated: 1056972
	936  -  MemoryUsage of job (MB)
	958292  -  ResidentSetSize of job (KB)
...
005 (308284.008.000) 2026-03-01 11:42:28 Job terminated.
	(1) Normal termination (return value 0)
		Usr 0 00:13:25, Sys 0 00:00:10  -  Run Remote Usage
		Usr 0 00:00:00, Sys 0 00:00:00  -  Run Local Usage
		Usr 0 00:13:25, Sys 0 00:00:10  -  Total Remote Usage
		Usr 0 00:00:00, Sys 0 00:00:00  -  Total Local Usage
	0  -  Run Bytes Sent By Job
	0  -  Run Bytes Received By Job
	0  -  Total Bytes Sent By Job
	0  -  Total Bytes Received By Job
	Partitionable Resources :    Usage  Request Allocated Assigned
	   Cpus                 :     0.99        1         1 
	   Disk (KB)            :     1        1024      2048 
	   GPUs                 :     0.28        1         1 "GPU-916f8cd9"
	   GpusMemory (MB)      :   846                       
	   Memory (MB)          :   936        2048      2048 
	   TimeExecute (s)      :   825                       
	   TimeSlotBusy (s)     :   825                       
...
