Using device: cuda
------------------------------
Starting training for l = 3 with delta = 0.7
Initial rho: 0.06420 + -1.69590i
Target rho: -0.18541 + -1.19889i
Initial distance from target: 0.55617
------------------------------
Epoch: 1 / 18000. Total scaled loss: 9.0351e+02, 
                    ODE(0) loss: 7.5943e+00, 
                    ODE(1) loss: 9.6047e-02, 
                    Non-trivial solution loss: 1.3444e+00,
                    Physics loss: 3.4032e+00,
                    Initial value of rho: 0.06420 + -1.69590i,
                    Current value of rho: 0.06420 + -1.69590i,
                    Target rho: -0.18541 + -1.19889
------------------------------
Epoch: 500 / 18000. Total scaled loss: 1.4531e+00, 
                    ODE(0) loss: 8.2536e-04, 
                    ODE(1) loss: 2.7217e-06, 
                    Non-trivial solution loss: 3.1140e-03,
                    Physics loss: 1.0589e+02,
                    Initial value of rho: 0.06420 + -1.69590i,
                    Current value of rho: 0.06420 + -1.69590i,
                    Target rho: -0.18541 + -1.19889
------------------------------
Epoch: 1000 / 18000. Total scaled loss: 1.2183e+00, 
                    ODE(0) loss: 8.3900e-04, 
                    ODE(1) loss: 5.6179e-07, 
                    Non-trivial solution loss: 5.3563e-04,
                    Physics loss: 1.0808e+02,
                    Initial value of rho: 0.06420 + -1.69590i,
                    Current value of rho: 0.06420 + -1.69590i,
                    Target rho: -0.18541 + -1.19889
------------------------------
Epoch: 1500 / 18000. Total scaled loss: 1.0987e+00, 
                    ODE(0) loss: 1.0779e-05, 
                    ODE(1) loss: 2.7966e-07, 
                    Non-trivial solution loss: 1.6246e-04,
                    Physics loss: 1.0814e+02,
                    Initial value of rho: 0.06420 + -1.69590i,
                    Current value of rho: 0.06420 + -1.69590i,
                    Target rho: -0.18541 + -1.19889
------------------------------
Epoch: 2000 / 18000. Total scaled loss: 1.0778e+00, 
                    ODE(0) loss: 1.3153e-07, 
                    ODE(1) loss: 2.2583e-07, 
                    Non-trivial solution loss: 9.8382e-05,
                    Physics loss: 1.0680e+02,
                    Initial value of rho: 0.06420 + -1.69590i,
                    Current value of rho: 0.06420 + -1.69590i,
                    Target rho: -0.18541 + -1.19889
------------------------------
Epoch: 2500 / 18000. Total scaled loss: 1.0876e+00, 
                    ODE(0) loss: 4.5349e-04, 
                    ODE(1) loss: 1.1370e-06, 
                    Non-trivial solution loss: 8.4667e-05,
                    Physics loss: 1.0337e+02,
                    Initial value of rho: 0.06420 + -1.69590i,
                    Current value of rho: 0.06420 + -1.69590i,
                    Target rho: -0.18541 + -1.19889
------------------------------
Epoch: 3000 / 18000. Total scaled loss: 3.4338e+00, 
                    ODE(0) loss: 2.3996e-02, 
                    ODE(1) loss: 1.7990e-05, 
                    Non-trivial solution loss: 2.3736e-04,
                    Physics loss: 1.0087e+02,
                    Initial value of rho: 0.06420 + -1.69590i,
                    Current value of rho: 0.06420 + -1.69590i,
                    Target rho: -0.18541 + -1.19889
------------------------------
Epoch: 3500 / 18000. Total scaled loss: 1.0254e+00, 
                    ODE(0) loss: 5.4207e-09, 
                    ODE(1) loss: 2.2039e-07, 
                    Non-trivial solution loss: 9.8128e-05,
                    Physics loss: 1.0156e+02,
                    Initial value of rho: 0.06420 + -1.69590i,
                    Current value of rho: 0.06420 + -1.69590i,
                    Target rho: -0.18541 + -1.19889
------------------------------
Epoch: 4000 / 18000. Total scaled loss: 1.1937e+01, 
                    ODE(0) loss: 4.3298e-04, 
                    ODE(1) loss: 4.0565e-05, 
                    Non-trivial solution loss: 1.6806e-02,
                    Physics loss: 6.8691e+01,
                    Initial value of rho: 0.06420 + -1.69590i,
                    Current value of rho: 0.06420 + -1.69590i,
                    Target rho: -0.18541 + -1.19889
------------------------------
Epoch: 4500 / 18000. Total scaled loss: 1.3005e+01, 
                    ODE(0) loss: 2.4659e-05, 
                    ODE(1) loss: 6.8182e-05, 
                    Non-trivial solution loss: 2.5221e-02,
                    Physics loss: 5.0656e+01,
                    Initial value of rho: 0.06420 + -1.69590i,
                    Current value of rho: 0.06420 + -1.69590i,
                    Target rho: -0.18541 + -1.19889
------------------------------
Epoch: 5000 / 18000. Total scaled loss: 9.0639e+00, 
                    ODE(0) loss: 4.7186e-07, 
                    ODE(1) loss: 2.9850e-07, 
                    Non-trivial solution loss: 1.5338e-02,
                    Physics loss: 2.8370e+01,
                    Initial value of rho: 0.06420 + -1.69590i,
                    Current value of rho: 0.06420 + -1.69590i,
                    Target rho: -0.18541 + -1.19889
------------------------------
Epoch: 5500 / 18000. Total scaled loss: 1.1644e+01, 
                    ODE(0) loss: 2.2732e-02, 
                    ODE(1) loss: 8.5785e-05, 
                    Non-trivial solution loss: 1.5179e-02,
                    Physics loss: 2.5924e+01,
                    Initial value of rho: 0.06420 + -1.69590i,
                    Current value of rho: 0.06420 + -1.69590i,
                    Target rho: -0.18541 + -1.19889
------------------------------
Epoch: 6000 / 18000. Total scaled loss: 1.0778e+01, 
                    ODE(0) loss: 2.8299e-04, 
                    ODE(1) loss: 8.0401e-06, 
                    Non-trivial solution loss: 2.2408e-02,
                    Physics loss: 2.2978e+01,
                    Initial value of rho: 0.06420 + -1.69590i,
                    Current value of rho: 0.06420 + -1.69590i,
                    Target rho: -0.18541 + -1.19889
------------------------------
Epoch: 6500 / 18000. Total scaled loss: 1.1590e+01, 
                    ODE(0) loss: 5.8725e-04, 
                    ODE(1) loss: 1.0472e-05, 
                    Non-trivial solution loss: 3.1186e-02,
                    Physics loss: 2.0682e+01,
                    Initial value of rho: 0.06420 + -1.69590i,
                    Current value of rho: 0.06420 + -1.69590i,
                    Target rho: -0.18541 + -1.19889
------------------------------
Epoch: 7000 / 18000. Total scaled loss: 1.2130e+01, 
                    ODE(0) loss: 1.1426e-04, 
                    ODE(1) loss: 1.9693e-05, 
                    Non-trivial solution loss: 4.2736e-02,
                    Physics loss: 1.8413e+01,
                    Initial value of rho: 0.06420 + -1.69590i,
                    Current value of rho: 0.06420 + -1.69590i,
                    Target rho: -0.18541 + -1.19889
------------------------------
Epoch: 7500 / 18000. Total scaled loss: 1.2164e+01, 
                    ODE(0) loss: 3.1212e-03, 
                    ODE(1) loss: 2.3596e-05, 
                    Non-trivial solution loss: 5.7480e-02,
                    Physics loss: 1.5419e+01,
                    Initial value of rho: 0.06420 + -1.69590i,
                    Current value of rho: 0.06420 + -1.69590i,
                    Target rho: -0.18541 + -1.19889
------------------------------
Epoch: 8000 / 18000. Total scaled loss: 1.1778e+01, 
                    ODE(0) loss: 1.1350e-03, 
                    ODE(1) loss: 1.2986e-05, 
                    Non-trivial solution loss: 7.2773e-02,
                    Physics loss: 1.3003e+01,
                    Initial value of rho: 0.06420 + -1.69590i,
                    Current value of rho: 0.06420 + -1.69590i,
                    Target rho: -0.18541 + -1.19889
------------------------------
Epoch: 8500 / 18000. Total scaled loss: 1.1660e+01, 
                    ODE(0) loss: 2.3159e-03, 
                    ODE(1) loss: 1.7804e-05, 
                    Non-trivial solution loss: 9.0223e-02,
                    Physics loss: 1.1332e+01,
                    Initial value of rho: 0.06420 + -1.69590i,
                    Current value of rho: 0.06420 + -1.69590i,
                    Target rho: -0.18541 + -1.19889
------------------------------
Epoch: 9000 / 18000. Total scaled loss: 1.1304e+01, 
                    ODE(0) loss: 2.7221e-04, 
                    ODE(1) loss: 2.1949e-05, 
                    Non-trivial solution loss: 1.2089e-01,
                    Physics loss: 9.5036e+00,
                    Initial value of rho: 0.06420 + -1.69590i,
                    Current value of rho: 0.06420 + -1.69590i,
                    Target rho: -0.18541 + -1.19889
------------------------------
Unfreezing rho...
Epoch: 9500 / 18000. Total scaled loss: 8.8137e+00, 
                    ODE(0) loss: 2.2005e-05, 
                    ODE(1) loss: 1.0795e-05, 
                    Non-trivial solution loss: 1.1535e-01,
                    Physics loss: 6.9067e+00,
                    Initial value of rho: 0.06420 + -1.69590i,
                    Current value of rho: 0.01570 + -1.64815i,
                    Target rho: -0.18541 + -1.19889
------------------------------
Epoch: 10000 / 18000. Total scaled loss: 6.7018e+00, 
                    ODE(0) loss: 1.0905e-07, 
                    ODE(1) loss: 2.2721e-05, 
                    Non-trivial solution loss: 1.0859e-01,
                    Physics loss: 5.0321e+00,
                    Initial value of rho: 0.06420 + -1.69590i,
                    Current value of rho: -0.03070 + -1.60154i,
                    Target rho: -0.18541 + -1.19889
------------------------------
Epoch: 10500 / 18000. Total scaled loss: 4.5685e+00, 
                    ODE(0) loss: 5.9806e-06, 
                    ODE(1) loss: 3.4334e-05, 
                    Non-trivial solution loss: 1.0926e-01,
                    Physics loss: 3.1841e+00,
                    Initial value of rho: 0.06420 + -1.69590i,
                    Current value of rho: -0.07351 + -1.55741i,
                    Target rho: -0.18541 + -1.19889
------------------------------
Epoch: 11000 / 18000. Total scaled loss: 2.9575e+00, 
                    ODE(0) loss: 5.9711e-08, 
                    ODE(1) loss: 5.1331e-05, 
                    Non-trivial solution loss: 9.3944e-02,
                    Physics loss: 2.0175e+00,
                    Initial value of rho: 0.06420 + -1.69590i,
                    Current value of rho: -0.11105 + -1.51763i,
                    Target rho: -0.18541 + -1.19889
------------------------------
Epoch: 11500 / 18000. Total scaled loss: 1.9854e+00, 
                    ODE(0) loss: 1.7176e-03, 
                    ODE(1) loss: 6.9143e-05, 
                    Non-trivial solution loss: 3.9468e-02,
                    Physics loss: 1.5728e+00,
                    Initial value of rho: 0.06420 + -1.69590i,
                    Current value of rho: -0.14778 + -1.47720i,
                    Target rho: -0.18541 + -1.19889
------------------------------
Epoch: 12000 / 18000. Total scaled loss: 1.2050e+00, 
                    ODE(0) loss: 5.3480e-05, 
                    ODE(1) loss: 9.9942e-05, 
                    Non-trivial solution loss: 1.6000e-02,
                    Physics loss: 1.0435e+00,
                    Initial value of rho: 0.06420 + -1.69590i,
                    Current value of rho: -0.18073 + -1.43960i,
                    Target rho: -0.18541 + -1.19889
------------------------------
Epoch: 12500 / 18000. Total scaled loss: 7.5994e-01, 
                    ODE(0) loss: 2.9738e-04, 
                    ODE(1) loss: 9.0674e-05, 
                    Non-trivial solution loss: 6.6361e-03,
                    Physics loss: 6.8970e-01,
                    Initial value of rho: 0.06420 + -1.69590i,
                    Current value of rho: -0.20765 + -1.40850i,
                    Target rho: -0.18541 + -1.19889
------------------------------
Epoch: 13000 / 18000. Total scaled loss: 4.3614e-01, 
                    ODE(0) loss: 1.7805e-04, 
                    ODE(1) loss: 2.1576e-05, 
                    Non-trivial solution loss: 2.5269e-03,
                    Physics loss: 4.0888e-01,
                    Initial value of rho: 0.06420 + -1.69590i,
                    Current value of rho: -0.22899 + -1.38489i,
                    Target rho: -0.18541 + -1.19889
------------------------------
Epoch: 13500 / 18000. Total scaled loss: 2.7434e-01, 
                    ODE(0) loss: 3.3493e-03, 
                    ODE(1) loss: 1.8523e-04, 
                    Non-trivial solution loss: 9.4383e-04,
                    Physics loss: 2.2955e-01,
                    Initial value of rho: 0.06420 + -1.69590i,
                    Current value of rho: -0.24597 + -1.37095i,
                    Target rho: -0.18541 + -1.19889
------------------------------
Epoch: 14000 / 18000. Total scaled loss: 1.5477e-01, 
                    ODE(0) loss: 5.1981e-05, 
                    ODE(1) loss: 8.1198e-06, 
                    Non-trivial solution loss: 3.0037e-04,
                    Physics loss: 1.5117e-01,
                    Initial value of rho: 0.06420 + -1.69590i,
                    Current value of rho: -0.25963 + -1.36158i,
                    Target rho: -0.18541 + -1.19889
------------------------------
Epoch: 14500 / 18000. Total scaled loss: 1.5035e-01, 
                    ODE(0) loss: 1.0588e-05, 
                    ODE(1) loss: 1.1995e-03, 
                    Non-trivial solution loss: 1.9055e-04,
                    Physics loss: 1.2283e-01,
                    Initial value of rho: 0.06420 + -1.69590i,
                    Current value of rho: -0.27059 + -1.35496i,
                    Target rho: -0.18541 + -1.19889
------------------------------
Epoch: 15000 / 18000. Total scaled loss: 1.6012e-01, 
                    ODE(0) loss: 1.5273e-04, 
                    ODE(1) loss: 5.0197e-05, 
                    Non-trivial solution loss: 3.2030e-04,
                    Physics loss: 9.2997e-02,
                    Initial value of rho: 0.06420 + -1.69590i,
                    Current value of rho: -0.28231 + -1.34869i,
                    Target rho: -0.18541 + -1.19889
------------------------------
Epoch: 15500 / 18000. Total scaled loss: 2.2185e-01, 
                    ODE(0) loss: 5.0480e-03, 
                    ODE(1) loss: 1.3894e-04, 
                    Non-trivial solution loss: 1.3408e-04,
                    Physics loss: 7.5925e-02,
                    Initial value of rho: 0.06420 + -1.69590i,
                    Current value of rho: -0.29465 + -1.34290i,
                    Target rho: -0.18541 + -1.19889
------------------------------
Epoch: 16000 / 18000. Total scaled loss: 1.6064e-01, 
                    ODE(0) loss: 4.9140e-05, 
                    ODE(1) loss: 4.5338e-04, 
                    Non-trivial solution loss: 2.9563e-04,
                    Physics loss: 5.4978e-02,
                    Initial value of rho: 0.06420 + -1.69590i,
                    Current value of rho: -0.30636 + -1.33791i,
                    Target rho: -0.18541 + -1.19889
------------------------------
Epoch: 16500 / 18000. Total scaled loss: 1.4489e-01, 
                    ODE(0) loss: 3.5992e-05, 
                    ODE(1) loss: 4.1059e-04, 
                    Non-trivial solution loss: 2.6986e-04,
                    Physics loss: 4.1330e-02,
                    Initial value of rho: 0.06420 + -1.69590i,
                    Current value of rho: -0.31762 + -1.33367i,
                    Target rho: -0.18541 + -1.19889
------------------------------
Epoch: 17000 / 18000. Total scaled loss: 1.2265e-01, 
                    ODE(0) loss: 1.1459e-04, 
                    ODE(1) loss: 3.1868e-06, 
                    Non-trivial solution loss: 1.7750e-04,
                    Physics loss: 3.0788e-02,
                    Initial value of rho: 0.06420 + -1.69590i,
                    Current value of rho: -0.32863 + -1.33013i,
                    Target rho: -0.18541 + -1.19889
------------------------------
Epoch: 17500 / 18000. Total scaled loss: 1.1235e-01, 
                    ODE(0) loss: 1.4336e-03, 
                    ODE(1) loss: 1.3834e-04, 
                    Non-trivial solution loss: 7.5806e-05,
                    Physics loss: 2.1577e-02,
                    Initial value of rho: 0.06420 + -1.69590i,
                    Current value of rho: -0.33862 + -1.32723i,
                    Target rho: -0.18541 + -1.19889
------------------------------
Epoch: 18000 / 18000. Total scaled loss: 8.8139e-02, 
                    ODE(0) loss: 2.6183e-04, 
                    ODE(1) loss: 3.3286e-04, 
                    Non-trivial solution loss: 1.1928e-04,
                    Physics loss: 1.6203e-02,
                    Initial value of rho: 0.06420 + -1.69590i,
                    Current value of rho: -0.34750 + -1.32469i,
                    Target rho: -0.18541 + -1.19889
------------------------------
Adam training complete. Switching to L-BFGS:
L-BFGS Epoch: 100 / 1000. Total scaled loss: 9.1883e-05, 
                    ODE(0) loss: 4.8066e-09, 
                    ODE(1) loss: 7.9235e-09, 
                    Non-trivial solution loss: 7.2111e-09,
                    Physics loss: 9.1683e-05,
                    Initial value of rho: 0.06420 + -1.69590i,
                    Current value of rho: -0.49951 + -1.18310i,
                    Target rho: -0.18541 + -1.19889
------------------------------
L-BFGS Epoch: 200 / 1000. Total scaled loss: 2.5665e-05, 
                    ODE(0) loss: 1.1672e-09, 
                    ODE(1) loss: 5.4206e-10, 
                    Non-trivial solution loss: 2.1440e-10,
                    Physics loss: 2.5646e-05,
                    Initial value of rho: 0.06420 + -1.69590i,
                    Current value of rho: -0.51255 + -1.17310i,
                    Target rho: -0.18541 + -1.19889
------------------------------
L-BFGS Epoch: 300 / 1000. Total scaled loss: 2.1826e-05, 
                    ODE(0) loss: 1.7810e-09, 
                    ODE(1) loss: 7.1395e-10, 
                    Non-trivial solution loss: 3.2876e-10,
                    Physics loss: 2.1798e-05,
                    Initial value of rho: 0.06420 + -1.69590i,
                    Current value of rho: -0.51548 + -1.17225i,
                    Target rho: -0.18541 + -1.19889
------------------------------
L-BFGS Epoch: 400 / 1000. Total scaled loss: 2.1508e-05, 
                    ODE(0) loss: 1.1382e-09, 
                    ODE(1) loss: 2.3647e-10, 
                    Non-trivial solution loss: 1.4522e-10,
                    Physics loss: 2.1492e-05,
                    Initial value of rho: 0.06420 + -1.69590i,
                    Current value of rho: -0.51547 + -1.17232i,
                    Target rho: -0.18541 + -1.19889
------------------------------
L-BFGS Epoch: 500 / 1000. Total scaled loss: 2.1204e-05, 
                    ODE(0) loss: 1.4751e-09, 
                    ODE(1) loss: 2.1919e-10, 
                    Non-trivial solution loss: 1.7188e-10,
                    Physics loss: 2.1185e-05,
                    Initial value of rho: 0.06420 + -1.69590i,
                    Current value of rho: -0.51548 + -1.17231i,
                    Target rho: -0.18541 + -1.19889
------------------------------
L-BFGS Epoch: 600 / 1000. Total scaled loss: 2.1739e-05, 
                    ODE(0) loss: 1.0954e-09, 
                    ODE(1) loss: 2.0464e-10, 
                    Non-trivial solution loss: 2.5101e-10,
                    Physics loss: 2.1724e-05,
                    Initial value of rho: 0.06420 + -1.69590i,
                    Current value of rho: -0.51546 + -1.17234i,
                    Target rho: -0.18541 + -1.19889
------------------------------
L-BFGS Epoch: 700 / 1000. Total scaled loss: 2.1795e-05, 
                    ODE(0) loss: 1.2005e-09, 
                    ODE(1) loss: 2.6193e-10, 
                    Non-trivial solution loss: 9.5081e-11,
                    Physics loss: 2.1779e-05,
                    Initial value of rho: 0.06420 + -1.69590i,
                    Current value of rho: -0.51549 + -1.17233i,
                    Target rho: -0.18541 + -1.19889
------------------------------
L-BFGS Epoch: 800 / 1000. Total scaled loss: 2.1795e-05, 
                    ODE(0) loss: 1.2536e-09, 
                    ODE(1) loss: 1.3551e-10, 
                    Non-trivial solution loss: 1.5987e-10,
                    Physics loss: 2.1780e-05,
                    Initial value of rho: 0.06420 + -1.69590i,
                    Current value of rho: -0.51549 + -1.17233i,
                    Target rho: -0.18541 + -1.19889
------------------------------
L-BFGS Epoch: 900 / 1000. Total scaled loss: 2.1328e-05, 
                    ODE(0) loss: 1.2667e-09, 
                    ODE(1) loss: 1.3551e-10, 
                    Non-trivial solution loss: 1.5987e-10,
                    Physics loss: 2.1312e-05,
                    Initial value of rho: 0.06420 + -1.69590i,
                    Current value of rho: -0.51549 + -1.17233i,
                    Target rho: -0.18541 + -1.19889
------------------------------
L-BFGS Epoch: 1000 / 1000. Total scaled loss: 2.1783e-05, 
                    ODE(0) loss: 1.3325e-09, 
                    ODE(1) loss: 3.2378e-10, 
                    Non-trivial solution loss: 2.2766e-10,
                    Physics loss: 2.1764e-05,
                    Initial value of rho: 0.06420 + -1.69590i,
                    Current value of rho: -0.51548 + -1.17233i,
                    Target rho: -0.18541 + -1.19889
------------------------------
Training complete for l = 3. Total scaled loss: 2.1783e-05, 
                    ODE(0) loss: 1.3325e-09, 
                    ODE(1) loss: 3.2378e-10, 
                    Non-trivial solution loss: 2.2766e-10,
                    Physics loss: 2.1764e-05,
                    Current value of rho: -0.51548 + -1.17233i
                    Target rho: -0.18541 + -1.19889
Training complete. Checkpoint saved to ./Output/l3/delta_0.7/pinn_checkpoint_qnm_l3_delta0.7.pth
l = 3 mode with delta = 0.7 completed successfully.
