Using device: cuda
------------------------------
Starting training for l = 5 with delta = 0.6
Initial rho: 0.05902 + -1.70283i
Target rho: -0.18974 + -2.02458i
Initial distance from target: 0.40670
------------------------------
Epoch: 1 / 18000. Total scaled loss: 1.2585e+03, 
                    ODE(0) loss: 3.2741e+00, 
                    ODE(1) loss: 7.9100e+00, 
                    Non-trivial solution loss: 1.4008e+00,
                    Physics loss: 4.7049e+00,
                    Initial value of rho: 0.05902 + -1.70283i,
                    Current value of rho: 0.05902 + -1.70283i,
                    Target rho: -0.18974 + -2.02458
------------------------------
Epoch: 500 / 18000. Total scaled loss: 9.1683e+01, 
                    ODE(0) loss: 5.7413e-03, 
                    ODE(1) loss: 2.1459e-04, 
                    Non-trivial solution loss: 9.1086e-01,
                    Physics loss: 2.1426e-01,
                    Initial value of rho: 0.05902 + -1.70283i,
                    Current value of rho: 0.05902 + -1.70283i,
                    Target rho: -0.18974 + -2.02458
------------------------------
Epoch: 1000 / 18000. Total scaled loss: 1.4835e+00, 
                    ODE(0) loss: 3.4562e-04, 
                    ODE(1) loss: 4.0098e-03, 
                    Non-trivial solution loss: 3.9120e-04,
                    Physics loss: 1.0089e+02,
                    Initial value of rho: 0.05902 + -1.70283i,
                    Current value of rho: 0.05902 + -1.70283i,
                    Target rho: -0.18974 + -2.02458
------------------------------
Epoch: 1500 / 18000. Total scaled loss: 1.0198e+00, 
                    ODE(0) loss: 9.7631e-08, 
                    ODE(1) loss: 1.2413e-07, 
                    Non-trivial solution loss: 9.7493e-05,
                    Physics loss: 1.0100e+02,
                    Initial value of rho: 0.05902 + -1.70283i,
                    Current value of rho: 0.05902 + -1.70283i,
                    Target rho: -0.18974 + -2.02458
------------------------------
Epoch: 2000 / 18000. Total scaled loss: 9.8779e-01, 
                    ODE(0) loss: 1.6477e-08, 
                    ODE(1) loss: 4.7316e-06, 
                    Non-trivial solution loss: 9.1517e-05,
                    Physics loss: 9.7816e+01,
                    Initial value of rho: 0.05902 + -1.70283i,
                    Current value of rho: 0.05902 + -1.70283i,
                    Target rho: -0.18974 + -2.02458
------------------------------
Epoch: 2500 / 18000. Total scaled loss: 9.8854e-01, 
                    ODE(0) loss: 8.4738e-07, 
                    ODE(1) loss: 1.5864e-05, 
                    Non-trivial solution loss: 9.4004e-05,
                    Physics loss: 9.7747e+01,
                    Initial value of rho: 0.05902 + -1.70283i,
                    Current value of rho: 0.05902 + -1.70283i,
                    Target rho: -0.18974 + -2.02458
------------------------------
Epoch: 3000 / 18000. Total scaled loss: 2.9462e+00, 
                    ODE(0) loss: 3.6997e-03, 
                    ODE(1) loss: 1.6234e-02, 
                    Non-trivial solution loss: 3.2045e-04,
                    Physics loss: 9.2077e+01,
                    Initial value of rho: 0.05902 + -1.70283i,
                    Current value of rho: 0.05902 + -1.70283i,
                    Target rho: -0.18974 + -2.02458
------------------------------
Epoch: 3500 / 18000. Total scaled loss: 9.2530e-01, 
                    ODE(0) loss: 1.1529e-04, 
                    ODE(1) loss: 2.8451e-05, 
                    Non-trivial solution loss: 8.3660e-05,
                    Physics loss: 9.0256e+01,
                    Initial value of rho: 0.05902 + -1.70283i,
                    Current value of rho: 0.05902 + -1.70283i,
                    Target rho: -0.18974 + -2.02458
------------------------------
Epoch: 4000 / 18000. Total scaled loss: 8.7332e+00, 
                    ODE(0) loss: 9.5782e-05, 
                    ODE(1) loss: 7.9241e-06, 
                    Non-trivial solution loss: 1.2035e-02,
                    Physics loss: 5.0575e+01,
                    Initial value of rho: 0.05902 + -1.70283i,
                    Current value of rho: 0.05902 + -1.70283i,
                    Target rho: -0.18974 + -2.02458
------------------------------
Epoch: 4500 / 18000. Total scaled loss: 8.7183e+00, 
                    ODE(0) loss: 3.8248e-05, 
                    ODE(1) loss: 2.8775e-07, 
                    Non-trivial solution loss: 1.2973e-02,
                    Physics loss: 3.5613e+01,
                    Initial value of rho: 0.05902 + -1.70283i,
                    Current value of rho: 0.05902 + -1.70283i,
                    Target rho: -0.18974 + -2.02458
------------------------------
Epoch: 5000 / 18000. Total scaled loss: 1.0235e+01, 
                    ODE(0) loss: 8.3417e-06, 
                    ODE(1) loss: 2.9982e-06, 
                    Non-trivial solution loss: 1.7252e-02,
                    Physics loss: 3.2052e+01,
                    Initial value of rho: 0.05902 + -1.70283i,
                    Current value of rho: 0.05902 + -1.70283i,
                    Target rho: -0.18974 + -2.02458
------------------------------
Epoch: 5500 / 18000. Total scaled loss: 1.7267e+01, 
                    ODE(0) loss: 7.1894e-02, 
                    ODE(1) loss: 5.0582e-04, 
                    Non-trivial solution loss: 3.2977e-02,
                    Physics loss: 2.7359e+01,
                    Initial value of rho: 0.05902 + -1.70283i,
                    Current value of rho: 0.05902 + -1.70283i,
                    Target rho: -0.18974 + -2.02458
------------------------------
Epoch: 6000 / 18000. Total scaled loss: 1.3107e+01, 
                    ODE(0) loss: 4.1425e-04, 
                    ODE(1) loss: 1.7157e-05, 
                    Non-trivial solution loss: 3.5611e-02,
                    Physics loss: 2.6467e+01,
                    Initial value of rho: 0.05902 + -1.70283i,
                    Current value of rho: 0.05902 + -1.70283i,
                    Target rho: -0.18974 + -2.02458
------------------------------
Epoch: 6500 / 18000. Total scaled loss: 1.3706e+01, 
                    ODE(0) loss: 1.7408e-04, 
                    ODE(1) loss: 1.4169e-06, 
                    Non-trivial solution loss: 5.0117e-02,
                    Physics loss: 2.2707e+01,
                    Initial value of rho: 0.05902 + -1.70283i,
                    Current value of rho: 0.05902 + -1.70283i,
                    Target rho: -0.18974 + -2.02458
------------------------------
Epoch: 7000 / 18000. Total scaled loss: 1.4479e+01, 
                    ODE(0) loss: 2.6663e-05, 
                    ODE(1) loss: 2.0840e-04, 
                    Non-trivial solution loss: 6.4753e-02,
                    Physics loss: 2.0465e+01,
                    Initial value of rho: 0.05902 + -1.70283i,
                    Current value of rho: 0.05902 + -1.70283i,
                    Target rho: -0.18974 + -2.02458
------------------------------
Epoch: 7500 / 18000. Total scaled loss: 1.4838e+01, 
                    ODE(0) loss: 7.3537e-05, 
                    ODE(1) loss: 4.3307e-04, 
                    Non-trivial solution loss: 8.9808e-02,
                    Physics loss: 1.7379e+01,
                    Initial value of rho: 0.05902 + -1.70283i,
                    Current value of rho: 0.05902 + -1.70283i,
                    Target rho: -0.18974 + -2.02458
------------------------------
Epoch: 8000 / 18000. Total scaled loss: 1.5220e+01, 
                    ODE(0) loss: 2.6606e-05, 
                    ODE(1) loss: 1.7777e-05, 
                    Non-trivial solution loss: 1.1542e-01,
                    Physics loss: 1.5422e+01,
                    Initial value of rho: 0.05902 + -1.70283i,
                    Current value of rho: 0.05902 + -1.70283i,
                    Target rho: -0.18974 + -2.02458
------------------------------
Epoch: 8500 / 18000. Total scaled loss: 1.4880e+01, 
                    ODE(0) loss: 3.3437e-04, 
                    ODE(1) loss: 2.8799e-04, 
                    Non-trivial solution loss: 1.5427e-01,
                    Physics loss: 1.2459e+01,
                    Initial value of rho: 0.05902 + -1.70283i,
                    Current value of rho: 0.05902 + -1.70283i,
                    Target rho: -0.18974 + -2.02458
------------------------------
Epoch: 9000 / 18000. Total scaled loss: 1.4172e+01, 
                    ODE(0) loss: 1.8932e-04, 
                    ODE(1) loss: 5.5048e-06, 
                    Non-trivial solution loss: 1.9488e-01,
                    Physics loss: 1.0104e+01,
                    Initial value of rho: 0.05902 + -1.70283i,
                    Current value of rho: 0.05902 + -1.70283i,
                    Target rho: -0.18974 + -2.02458
------------------------------
Unfreezing rho...
Epoch: 9500 / 18000. Total scaled loss: 1.1279e+01, 
                    ODE(0) loss: 1.9191e-04, 
                    ODE(1) loss: 5.7435e-05, 
                    Non-trivial solution loss: 1.9039e-01,
                    Physics loss: 7.4906e+00,
                    Initial value of rho: 0.05902 + -1.70283i,
                    Current value of rho: 0.02277 + -1.74568i,
                    Target rho: -0.18974 + -2.02458
------------------------------
Epoch: 10000 / 18000. Total scaled loss: 9.1284e+00, 
                    ODE(0) loss: 2.1946e-05, 
                    ODE(1) loss: 2.9103e-06, 
                    Non-trivial solution loss: 2.1034e-01,
                    Physics loss: 5.4658e+00,
                    Initial value of rho: 0.05902 + -1.70283i,
                    Current value of rho: -0.00461 + -1.77979i,
                    Target rho: -0.18974 + -2.02458
------------------------------
Epoch: 10500 / 18000. Total scaled loss: 6.8500e+00, 
                    ODE(0) loss: 8.2930e-05, 
                    ODE(1) loss: 1.3002e-04, 
                    Non-trivial solution loss: 2.4970e-01,
                    Physics loss: 3.5440e+00,
                    Initial value of rho: 0.05902 + -1.70283i,
                    Current value of rho: -0.03213 + -1.80830i,
                    Target rho: -0.18974 + -2.02458
------------------------------
Epoch: 11000 / 18000. Total scaled loss: 5.1615e+00, 
                    ODE(0) loss: 8.0433e-05, 
                    ODE(1) loss: 4.9549e-05, 
                    Non-trivial solution loss: 2.7317e-01,
                    Physics loss: 2.4285e+00,
                    Initial value of rho: 0.05902 + -1.70283i,
                    Current value of rho: -0.05760 + -1.83852i,
                    Target rho: -0.18974 + -2.02458
------------------------------
Epoch: 11500 / 18000. Total scaled loss: 4.1740e+00, 
                    ODE(0) loss: 1.9903e-04, 
                    ODE(1) loss: 6.7569e-05, 
                    Non-trivial solution loss: 1.8141e-01,
                    Physics loss: 2.3572e+00,
                    Initial value of rho: 0.05902 + -1.70283i,
                    Current value of rho: -0.08827 + -1.87325i,
                    Target rho: -0.18974 + -2.02458
------------------------------
Epoch: 12000 / 18000. Total scaled loss: 3.0849e+00, 
                    ODE(0) loss: 1.0276e-02, 
                    ODE(1) loss: 2.3147e-03, 
                    Non-trivial solution loss: 9.6593e-02,
                    Physics loss: 1.9931e+00,
                    Initial value of rho: 0.05902 + -1.70283i,
                    Current value of rho: -0.12267 + -1.90455i,
                    Target rho: -0.18974 + -2.02458
------------------------------
Epoch: 12500 / 18000. Total scaled loss: 1.9381e+00, 
                    ODE(0) loss: 2.1719e-04, 
                    ODE(1) loss: 4.9908e-05, 
                    Non-trivial solution loss: 4.9639e-02,
                    Physics loss: 1.4390e+00,
                    Initial value of rho: 0.05902 + -1.70283i,
                    Current value of rho: -0.15132 + -1.93067i,
                    Target rho: -0.18974 + -2.02458
------------------------------
Epoch: 13000 / 18000. Total scaled loss: 1.1912e+00, 
                    ODE(0) loss: 1.9760e-03, 
                    ODE(1) loss: 1.1336e-03, 
                    Non-trivial solution loss: 2.2774e-02,
                    Physics loss: 9.3233e-01,
                    Initial value of rho: 0.05902 + -1.70283i,
                    Current value of rho: -0.16961 + -1.95242i,
                    Target rho: -0.18974 + -2.02458
------------------------------
Epoch: 13500 / 18000. Total scaled loss: 8.7339e-01, 
                    ODE(0) loss: 5.1701e-04, 
                    ODE(1) loss: 1.5089e-02, 
                    Non-trivial solution loss: 9.1952e-03,
                    Physics loss: 6.2537e-01,
                    Initial value of rho: 0.05902 + -1.70283i,
                    Current value of rho: -0.17896 + -1.97009i,
                    Target rho: -0.18974 + -2.02458
------------------------------
Epoch: 14000 / 18000. Total scaled loss: 4.1179e-01, 
                    ODE(0) loss: 6.5500e-05, 
                    ODE(1) loss: 1.7843e-05, 
                    Non-trivial solution loss: 4.6267e-03,
                    Physics loss: 3.6469e-01,
                    Initial value of rho: 0.05902 + -1.70283i,
                    Current value of rho: -0.18371 + -1.98356i,
                    Target rho: -0.18974 + -2.02458
------------------------------
Epoch: 14500 / 18000. Total scaled loss: 2.7608e-01, 
                    ODE(0) loss: 9.7002e-04, 
                    ODE(1) loss: 1.2200e-04, 
                    Non-trivial solution loss: 2.5710e-03,
                    Physics loss: 2.1572e-01,
                    Initial value of rho: 0.05902 + -1.70283i,
                    Current value of rho: -0.18630 + -1.99343i,
                    Target rho: -0.18974 + -2.02458
------------------------------
Epoch: 15000 / 18000. Total scaled loss: 2.1405e-01, 
                    ODE(0) loss: 7.8920e-04, 
                    ODE(1) loss: 5.7072e-04, 
                    Non-trivial solution loss: 2.0892e-03,
                    Physics loss: 1.0781e-01,
                    Initial value of rho: 0.05902 + -1.70283i,
                    Current value of rho: -0.18808 + -2.00300i,
                    Target rho: -0.18974 + -2.02458
------------------------------
Epoch: 15500 / 18000. Total scaled loss: 5.8170e-01, 
                    ODE(0) loss: 1.3442e-02, 
                    ODE(1) loss: 3.3556e-02, 
                    Non-trivial solution loss: 6.4452e-04,
                    Physics loss: 4.7397e-02,
                    Initial value of rho: 0.05902 + -1.70283i,
                    Current value of rho: -0.18894 + -2.01126i,
                    Target rho: -0.18974 + -2.02458
------------------------------
Epoch: 16000 / 18000. Total scaled loss: 5.4081e-02, 
                    ODE(0) loss: 1.0754e-05, 
                    ODE(1) loss: 2.7981e-05, 
                    Non-trivial solution loss: 6.4805e-04,
                    Physics loss: 1.7003e-02,
                    Initial value of rho: 0.05902 + -1.70283i,
                    Current value of rho: -0.18924 + -2.01702i,
                    Target rho: -0.18974 + -2.02458
------------------------------
Epoch: 16500 / 18000. Total scaled loss: 4.0400e-02, 
                    ODE(0) loss: 2.9297e-04, 
                    ODE(1) loss: 1.3559e-03, 
                    Non-trivial solution loss: 2.4315e-04,
                    Physics loss: 6.4461e-03,
                    Initial value of rho: 0.05902 + -1.70283i,
                    Current value of rho: -0.18933 + -2.02047i,
                    Target rho: -0.18974 + -2.02458
------------------------------
Epoch: 17000 / 18000. Total scaled loss: 2.3420e-01, 
                    ODE(0) loss: 7.9423e-04, 
                    ODE(1) loss: 2.0882e-02, 
                    Non-trivial solution loss: 1.5457e-04,
                    Physics loss: 4.0866e-03,
                    Initial value of rho: 0.05902 + -1.70283i,
                    Current value of rho: -0.18941 + -2.02232i,
                    Target rho: -0.18974 + -2.02458
------------------------------
Epoch: 17500 / 18000. Total scaled loss: 1.3394e-01, 
                    ODE(0) loss: 4.0952e-04, 
                    ODE(1) loss: 1.1793e-02, 
                    Non-trivial solution loss: 6.0008e-05,
                    Physics loss: 2.5448e-03,
                    Initial value of rho: 0.05902 + -1.70283i,
                    Current value of rho: -0.18946 + -2.02331i,
                    Target rho: -0.18974 + -2.02458
------------------------------
Epoch: 18000 / 18000. Total scaled loss: 1.5760e-01, 
                    ODE(0) loss: 5.8963e-04, 
                    ODE(1) loss: 1.3932e-02, 
                    Non-trivial solution loss: 4.2145e-05,
                    Physics loss: 2.3923e-03,
                    Initial value of rho: 0.05902 + -1.70283i,
                    Current value of rho: -0.18952 + -2.02383i,
                    Target rho: -0.18974 + -2.02458
------------------------------
Adam training complete. Switching to L-BFGS:
L-BFGS Epoch: 100 / 1000. Total scaled loss: 9.9164e-06, 
                    ODE(0) loss: 1.3070e-09, 
                    ODE(1) loss: 1.3772e-09, 
                    Non-trivial solution loss: 5.8245e-11,
                    Physics loss: 9.8890e-06,
                    Initial value of rho: 0.05902 + -1.70283i,
                    Current value of rho: -0.18978 + -2.02461i,
                    Target rho: -0.18974 + -2.02458
------------------------------
L-BFGS Epoch: 200 / 1000. Total scaled loss: 9.8277e-06, 
                    ODE(0) loss: 2.5885e-10, 
                    ODE(1) loss: 4.9567e-10, 
                    Non-trivial solution loss: 4.9456e-12,
                    Physics loss: 9.8201e-06,
                    Initial value of rho: 0.05902 + -1.70283i,
                    Current value of rho: -0.18978 + -2.02462i,
                    Target rho: -0.18974 + -2.02458
------------------------------
L-BFGS Epoch: 300 / 1000. Total scaled loss: 9.9980e-06, 
                    ODE(0) loss: 4.4945e-10, 
                    ODE(1) loss: 3.2742e-10, 
                    Non-trivial solution loss: 7.0627e-12,
                    Physics loss: 9.9902e-06,
                    Initial value of rho: 0.05902 + -1.70283i,
                    Current value of rho: -0.18978 + -2.02461i,
                    Target rho: -0.18974 + -2.02458
------------------------------
L-BFGS Epoch: 400 / 1000. Total scaled loss: 9.7650e-06, 
                    ODE(0) loss: 5.5843e-10, 
                    ODE(1) loss: 3.8585e-10, 
                    Non-trivial solution loss: 1.8298e-13,
                    Physics loss: 9.7555e-06,
                    Initial value of rho: 0.05902 + -1.70283i,
                    Current value of rho: -0.18978 + -2.02462i,
                    Target rho: -0.18974 + -2.02458
------------------------------
L-BFGS Epoch: 500 / 1000. Total scaled loss: 9.8510e-06, 
                    ODE(0) loss: 5.3215e-10, 
                    ODE(1) loss: 3.1491e-10, 
                    Non-trivial solution loss: 1.2171e-12,
                    Physics loss: 9.8425e-06,
                    Initial value of rho: 0.05902 + -1.70283i,
                    Current value of rho: -0.18978 + -2.02461i,
                    Target rho: -0.18974 + -2.02458
------------------------------
L-BFGS Epoch: 600 / 1000. Total scaled loss: 9.7929e-06, 
                    ODE(0) loss: 5.3215e-10, 
                    ODE(1) loss: 3.1491e-10, 
                    Non-trivial solution loss: 1.2171e-12,
                    Physics loss: 9.7844e-06,
                    Initial value of rho: 0.05902 + -1.70283i,
                    Current value of rho: -0.18978 + -2.02461i,
                    Target rho: -0.18974 + -2.02458
------------------------------
L-BFGS Epoch: 700 / 1000. Total scaled loss: 9.7193e-06, 
                    ODE(0) loss: 5.3215e-10, 
                    ODE(1) loss: 3.1491e-10, 
                    Non-trivial solution loss: 1.2171e-12,
                    Physics loss: 9.7108e-06,
                    Initial value of rho: 0.05902 + -1.70283i,
                    Current value of rho: -0.18978 + -2.02461i,
                    Target rho: -0.18974 + -2.02458
------------------------------
L-BFGS Epoch: 800 / 1000. Total scaled loss: 9.8280e-06, 
                    ODE(0) loss: 5.3215e-10, 
                    ODE(1) loss: 3.1491e-10, 
                    Non-trivial solution loss: 1.2171e-12,
                    Physics loss: 9.8196e-06,
                    Initial value of rho: 0.05902 + -1.70283i,
                    Current value of rho: -0.18978 + -2.02461i,
                    Target rho: -0.18974 + -2.02458
------------------------------
L-BFGS Epoch: 900 / 1000. Total scaled loss: 9.8375e-06, 
                    ODE(0) loss: 5.2306e-10, 
                    ODE(1) loss: 2.9308e-10, 
                    Non-trivial solution loss: 1.1922e-12,
                    Physics loss: 9.8293e-06,
                    Initial value of rho: 0.05902 + -1.70283i,
                    Current value of rho: -0.18978 + -2.02461i,
                    Target rho: -0.18974 + -2.02458
------------------------------
L-BFGS Epoch: 1000 / 1000. Total scaled loss: 9.9338e-06, 
                    ODE(0) loss: 5.2306e-10, 
                    ODE(1) loss: 2.9308e-10, 
                    Non-trivial solution loss: 1.1922e-12,
                    Physics loss: 9.9256e-06,
                    Initial value of rho: 0.05902 + -1.70283i,
                    Current value of rho: -0.18978 + -2.02461i,
                    Target rho: -0.18974 + -2.02458
------------------------------
Training complete for l = 5. Total scaled loss: 9.9338e-06, 
                    ODE(0) loss: 5.2306e-10, 
                    ODE(1) loss: 2.9308e-10, 
                    Non-trivial solution loss: 1.1922e-12,
                    Physics loss: 9.9256e-06,
                    Current value of rho: -0.18978 + -2.02461i
                    Target rho: -0.18974 + -2.02458
Training complete. Checkpoint saved to ./Output/l5/delta_0.6/pinn_checkpoint_qnm_l5_delta0.6.pth
l = 5 mode with delta = 0.6 completed successfully.
