Using device: cuda
------------------------------
Starting training for l = 5 with delta = 0.7
Initial rho: 0.09499 + -1.81746i
Target rho: -0.18974 + -2.02458i
Initial distance from target: 0.35209
------------------------------
Epoch: 1 / 18000. Total scaled loss: 5.1760e+02, 
                    ODE(0) loss: 3.4188e+00, 
                    ODE(1) loss: 9.9653e-01, 
                    Non-trivial solution loss: 7.6050e-01,
                    Physics loss: 1.3226e+00,
                    Initial value of rho: 0.09499 + -1.81746i,
                    Current value of rho: 0.09499 + -1.81746i,
                    Target rho: -0.18974 + -2.02458
------------------------------
Epoch: 500 / 18000. Total scaled loss: 2.4351e+01, 
                    ODE(0) loss: 1.1869e-04, 
                    ODE(1) loss: 3.3861e-03, 
                    Non-trivial solution loss: 2.3767e-01,
                    Physics loss: 2.3297e+01,
                    Initial value of rho: 0.09499 + -1.81746i,
                    Current value of rho: 0.09499 + -1.81746i,
                    Target rho: -0.18974 + -2.02458
------------------------------
Epoch: 1000 / 18000. Total scaled loss: 8.4095e-01, 
                    ODE(0) loss: 3.2182e-06, 
                    ODE(1) loss: 3.1336e-06, 
                    Non-trivial solution loss: 1.7707e-04,
                    Physics loss: 8.2261e+01,
                    Initial value of rho: 0.09499 + -1.81746i,
                    Current value of rho: 0.09499 + -1.81746i,
                    Target rho: -0.18974 + -2.02458
------------------------------
Epoch: 1500 / 18000. Total scaled loss: 8.2987e-01, 
                    ODE(0) loss: 1.4817e-06, 
                    ODE(1) loss: 4.4789e-06, 
                    Non-trivial solution loss: 9.3760e-05,
                    Physics loss: 8.1990e+01,
                    Initial value of rho: 0.09499 + -1.81746i,
                    Current value of rho: 0.09499 + -1.81746i,
                    Target rho: -0.18974 + -2.02458
------------------------------
Epoch: 2000 / 18000. Total scaled loss: 7.8740e-01, 
                    ODE(0) loss: 4.0664e-07, 
                    ODE(1) loss: 1.1873e-08, 
                    Non-trivial solution loss: 6.0584e-05,
                    Physics loss: 7.8130e+01,
                    Initial value of rho: 0.09499 + -1.81746i,
                    Current value of rho: 0.09499 + -1.81746i,
                    Target rho: -0.18974 + -2.02458
------------------------------
Epoch: 2500 / 18000. Total scaled loss: 7.6694e-01, 
                    ODE(0) loss: 6.2094e-06, 
                    ODE(1) loss: 2.2973e-05, 
                    Non-trivial solution loss: 7.9587e-05,
                    Physics loss: 7.5607e+01,
                    Initial value of rho: 0.09499 + -1.81746i,
                    Current value of rho: 0.09499 + -1.81746i,
                    Target rho: -0.18974 + -2.02458
------------------------------
Epoch: 3000 / 18000. Total scaled loss: 7.4280e-01, 
                    ODE(0) loss: 1.2073e-07, 
                    ODE(1) loss: 3.1463e-07, 
                    Non-trivial solution loss: 5.3810e-05,
                    Physics loss: 7.3738e+01,
                    Initial value of rho: 0.09499 + -1.81746i,
                    Current value of rho: 0.09499 + -1.81746i,
                    Target rho: -0.18974 + -2.02458
------------------------------
Epoch: 3500 / 18000. Total scaled loss: 3.5213e+00, 
                    ODE(0) loss: 2.2887e-03, 
                    ODE(1) loss: 2.5489e-02, 
                    Non-trivial solution loss: 4.0555e-04,
                    Physics loss: 7.0300e+01,
                    Initial value of rho: 0.09499 + -1.81746i,
                    Current value of rho: 0.09499 + -1.81746i,
                    Target rho: -0.18974 + -2.02458
------------------------------
Epoch: 4000 / 18000. Total scaled loss: 7.6073e+00, 
                    ODE(0) loss: 2.0657e-04, 
                    ODE(1) loss: 6.1643e-06, 
                    Non-trivial solution loss: 9.4037e-03,
                    Physics loss: 4.4661e+01,
                    Initial value of rho: 0.09499 + -1.81746i,
                    Current value of rho: 0.09499 + -1.81746i,
                    Target rho: -0.18974 + -2.02458
------------------------------
Epoch: 4500 / 18000. Total scaled loss: 1.9516e+01, 
                    ODE(0) loss: 6.4087e-02, 
                    ODE(1) loss: 6.0611e-02, 
                    Non-trivial solution loss: 1.4864e-02,
                    Physics loss: 3.3565e+01,
                    Initial value of rho: 0.09499 + -1.81746i,
                    Current value of rho: 0.09499 + -1.81746i,
                    Target rho: -0.18974 + -2.02458
------------------------------
Epoch: 5000 / 18000. Total scaled loss: 8.9650e+00, 
                    ODE(0) loss: 1.7183e-04, 
                    ODE(1) loss: 2.3988e-07, 
                    Non-trivial solution loss: 1.4279e-02,
                    Physics loss: 2.8277e+01,
                    Initial value of rho: 0.09499 + -1.81746i,
                    Current value of rho: 0.09499 + -1.81746i,
                    Target rho: -0.18974 + -2.02458
------------------------------
Epoch: 5500 / 18000. Total scaled loss: 1.0159e+01, 
                    ODE(0) loss: 7.6457e-07, 
                    ODE(1) loss: 6.6322e-06, 
                    Non-trivial solution loss: 2.0179e-02,
                    Physics loss: 2.5548e+01,
                    Initial value of rho: 0.09499 + -1.81746i,
                    Current value of rho: 0.09499 + -1.81746i,
                    Target rho: -0.18974 + -2.02458
------------------------------
Epoch: 6000 / 18000. Total scaled loss: 1.1458e+01, 
                    ODE(0) loss: 1.1683e-05, 
                    ODE(1) loss: 4.3113e-08, 
                    Non-trivial solution loss: 2.8202e-02,
                    Physics loss: 2.3714e+01,
                    Initial value of rho: 0.09499 + -1.81746i,
                    Current value of rho: 0.09499 + -1.81746i,
                    Target rho: -0.18974 + -2.02458
------------------------------
Epoch: 6500 / 18000. Total scaled loss: 1.2788e+01, 
                    ODE(0) loss: 2.7224e-05, 
                    ODE(1) loss: 6.1802e-06, 
                    Non-trivial solution loss: 4.1375e-02,
                    Physics loss: 2.1947e+01,
                    Initial value of rho: 0.09499 + -1.81746i,
                    Current value of rho: 0.09499 + -1.81746i,
                    Target rho: -0.18974 + -2.02458
------------------------------
Epoch: 7000 / 18000. Total scaled loss: 1.3906e+01, 
                    ODE(0) loss: 1.8510e-03, 
                    ODE(1) loss: 9.7292e-06, 
                    Non-trivial solution loss: 5.7595e-02,
                    Physics loss: 1.9979e+01,
                    Initial value of rho: 0.09499 + -1.81746i,
                    Current value of rho: 0.09499 + -1.81746i,
                    Target rho: -0.18974 + -2.02458
------------------------------
Epoch: 7500 / 18000. Total scaled loss: 1.4633e+01, 
                    ODE(0) loss: 4.3252e-05, 
                    ODE(1) loss: 1.4759e-06, 
                    Non-trivial solution loss: 8.0346e-02,
                    Physics loss: 1.7896e+01,
                    Initial value of rho: 0.09499 + -1.81746i,
                    Current value of rho: 0.09499 + -1.81746i,
                    Target rho: -0.18974 + -2.02458
------------------------------
Epoch: 8000 / 18000. Total scaled loss: 1.5376e+01, 
                    ODE(0) loss: 6.2195e-03, 
                    ODE(1) loss: 2.5710e-04, 
                    Non-trivial solution loss: 1.1421e-01,
                    Physics loss: 1.5301e+01,
                    Initial value of rho: 0.09499 + -1.81746i,
                    Current value of rho: 0.09499 + -1.81746i,
                    Target rho: -0.18974 + -2.02458
------------------------------
Epoch: 8500 / 18000. Total scaled loss: 1.5275e+01, 
                    ODE(0) loss: 1.6733e-04, 
                    ODE(1) loss: 2.8955e-05, 
                    Non-trivial solution loss: 1.4967e-01,
                    Physics loss: 1.3288e+01,
                    Initial value of rho: 0.09499 + -1.81746i,
                    Current value of rho: 0.09499 + -1.81746i,
                    Target rho: -0.18974 + -2.02458
------------------------------
Epoch: 9000 / 18000. Total scaled loss: 1.4416e+01, 
                    ODE(0) loss: 1.4848e-04, 
                    ODE(1) loss: 5.6987e-05, 
                    Non-trivial solution loss: 2.0361e-01,
                    Physics loss: 1.0052e+01,
                    Initial value of rho: 0.09499 + -1.81746i,
                    Current value of rho: 0.09499 + -1.81746i,
                    Target rho: -0.18974 + -2.02458
------------------------------
Unfreezing rho...
Epoch: 9500 / 18000. Total scaled loss: 1.1365e+01, 
                    ODE(0) loss: 1.3237e-05, 
                    ODE(1) loss: 4.1356e-05, 
                    Non-trivial solution loss: 1.8587e-01,
                    Physics loss: 7.7410e+00,
                    Initial value of rho: 0.09499 + -1.81746i,
                    Current value of rho: 0.04776 + -1.86452i,
                    Target rho: -0.18974 + -2.02458
------------------------------
Epoch: 10000 / 18000. Total scaled loss: 8.2919e+00, 
                    ODE(0) loss: 3.5929e-05, 
                    ODE(1) loss: 1.1265e-05, 
                    Non-trivial solution loss: 1.6964e-01,
                    Physics loss: 5.4408e+00,
                    Initial value of rho: 0.09499 + -1.81746i,
                    Current value of rho: 0.00114 + -1.91007i,
                    Target rho: -0.18974 + -2.02458
------------------------------
Epoch: 10500 / 18000. Total scaled loss: 5.2990e+00, 
                    ODE(0) loss: 5.4067e-05, 
                    ODE(1) loss: 1.4473e-05, 
                    Non-trivial solution loss: 1.4956e-01,
                    Physics loss: 3.3664e+00,
                    Initial value of rho: 0.09499 + -1.81746i,
                    Current value of rho: -0.04330 + -1.95414i,
                    Target rho: -0.18974 + -2.02458
------------------------------
Epoch: 11000 / 18000. Total scaled loss: 4.6132e+00, 
                    ODE(0) loss: 5.0237e-03, 
                    ODE(1) loss: 1.3430e-01, 
                    Non-trivial solution loss: 1.1393e-01,
                    Physics loss: 2.0807e+00,
                    Initial value of rho: 0.09499 + -1.81746i,
                    Current value of rho: -0.08271 + -1.98618i,
                    Target rho: -0.18974 + -2.02458
------------------------------
Epoch: 11500 / 18000. Total scaled loss: 2.0937e+00, 
                    ODE(0) loss: 3.3262e-05, 
                    ODE(1) loss: 2.9009e-04, 
                    Non-trivial solution loss: 5.8375e-02,
                    Physics loss: 1.5067e+00,
                    Initial value of rho: 0.09499 + -1.81746i,
                    Current value of rho: -0.11539 + -2.00059i,
                    Target rho: -0.18974 + -2.02458
------------------------------
Epoch: 12000 / 18000. Total scaled loss: 1.1620e+00, 
                    ODE(0) loss: 3.9259e-06, 
                    ODE(1) loss: 7.2457e-04, 
                    Non-trivial solution loss: 2.2505e-02,
                    Physics loss: 9.2968e-01,
                    Initial value of rho: 0.09499 + -1.81746i,
                    Current value of rho: -0.13879 + -2.00614i,
                    Target rho: -0.18974 + -2.02458
------------------------------
Epoch: 12500 / 18000. Total scaled loss: 5.0022e-01, 
                    ODE(0) loss: 3.3938e-05, 
                    ODE(1) loss: 2.7709e-05, 
                    Non-trivial solution loss: 5.4217e-03,
                    Physics loss: 4.4538e-01,
                    Initial value of rho: 0.09499 + -1.81746i,
                    Current value of rho: -0.15670 + -2.01105i,
                    Target rho: -0.18974 + -2.02458
------------------------------
Epoch: 13000 / 18000. Total scaled loss: 2.0182e-01, 
                    ODE(0) loss: 2.1083e-05, 
                    ODE(1) loss: 6.3320e-05, 
                    Non-trivial solution loss: 1.6610e-03,
                    Physics loss: 1.8436e-01,
                    Initial value of rho: 0.09499 + -1.81746i,
                    Current value of rho: -0.17018 + -2.01527i,
                    Target rho: -0.18974 + -2.02458
------------------------------
Epoch: 13500 / 18000. Total scaled loss: 8.1529e-02, 
                    ODE(0) loss: 9.8108e-06, 
                    ODE(1) loss: 5.6424e-05, 
                    Non-trivial solution loss: 5.8528e-04,
                    Physics loss: 7.5014e-02,
                    Initial value of rho: 0.09499 + -1.81746i,
                    Current value of rho: -0.17864 + -2.01828i,
                    Target rho: -0.18974 + -2.02458
------------------------------
Epoch: 14000 / 18000. Total scaled loss: 1.3229e-01, 
                    ODE(0) loss: 1.0798e-03, 
                    ODE(1) loss: 8.8144e-03, 
                    Non-trivial solution loss: 2.6718e-04,
                    Physics loss: 3.0678e-02,
                    Initial value of rho: 0.09499 + -1.81746i,
                    Current value of rho: -0.18349 + -2.02045i,
                    Target rho: -0.18974 + -2.02458
------------------------------
Epoch: 14500 / 18000. Total scaled loss: 2.1132e-02, 
                    ODE(0) loss: 6.3933e-06, 
                    ODE(1) loss: 1.0615e-04, 
                    Non-trivial solution loss: 1.1437e-04,
                    Physics loss: 1.6994e-02,
                    Initial value of rho: 0.09499 + -1.81746i,
                    Current value of rho: -0.18617 + -2.02204i,
                    Target rho: -0.18974 + -2.02458
------------------------------
Epoch: 15000 / 18000. Total scaled loss: 1.5568e-02, 
                    ODE(0) loss: 1.5556e-06, 
                    ODE(1) loss: 2.2484e-05, 
                    Non-trivial solution loss: 8.8913e-05,
                    Physics loss: 8.6690e-03,
                    Initial value of rho: 0.09499 + -1.81746i,
                    Current value of rho: -0.18799 + -2.02349i,
                    Target rho: -0.18974 + -2.02458
------------------------------
Epoch: 15500 / 18000. Total scaled loss: 5.2489e-02, 
                    ODE(0) loss: 1.2927e-04, 
                    ODE(1) loss: 3.5874e-03, 
                    Non-trivial solution loss: 2.9976e-04,
                    Physics loss: 5.5488e-03,
                    Initial value of rho: 0.09499 + -1.81746i,
                    Current value of rho: -0.18892 + -2.02466i,
                    Target rho: -0.18974 + -2.02458
------------------------------
Epoch: 16000 / 18000. Total scaled loss: 8.5046e-01, 
                    ODE(0) loss: 3.1276e-03, 
                    ODE(1) loss: 7.3834e-02, 
                    Non-trivial solution loss: 3.8544e-05,
                    Physics loss: 2.8975e-02,
                    Initial value of rho: 0.09499 + -1.81746i,
                    Current value of rho: -0.18921 + -2.02523i,
                    Target rho: -0.18974 + -2.02458
------------------------------
Epoch: 16500 / 18000. Total scaled loss: 3.3456e-01, 
                    ODE(0) loss: 1.3317e-03, 
                    ODE(1) loss: 3.0245e-02, 
                    Non-trivial solution loss: 1.5606e-04,
                    Physics loss: 5.1707e-03,
                    Initial value of rho: 0.09499 + -1.81746i,
                    Current value of rho: -0.18912 + -2.02542i,
                    Target rho: -0.18974 + -2.02458
------------------------------
Epoch: 17000 / 18000. Total scaled loss: 1.2724e-02, 
                    ODE(0) loss: 1.6296e-06, 
                    ODE(1) loss: 6.7168e-06, 
                    Non-trivial solution loss: 5.7769e-05,
                    Physics loss: 3.1028e-03,
                    Initial value of rho: 0.09499 + -1.81746i,
                    Current value of rho: -0.18898 + -2.02535i,
                    Target rho: -0.18974 + -2.02458
------------------------------
Epoch: 17500 / 18000. Total scaled loss: 1.5697e-02, 
                    ODE(0) loss: 5.5865e-07, 
                    ODE(1) loss: 2.8557e-05, 
                    Non-trivial solution loss: 2.0291e-04,
                    Physics loss: 3.0105e-03,
                    Initial value of rho: 0.09499 + -1.81746i,
                    Current value of rho: -0.18885 + -2.02523i,
                    Target rho: -0.18974 + -2.02458
------------------------------
Epoch: 18000 / 18000. Total scaled loss: 1.4647e-02, 
                    ODE(0) loss: 2.3724e-05, 
                    ODE(1) loss: 1.7885e-04, 
                    Non-trivial solution loss: 3.9136e-05,
                    Physics loss: 2.4466e-03,
                    Initial value of rho: 0.09499 + -1.81746i,
                    Current value of rho: -0.18881 + -2.02509i,
                    Target rho: -0.18974 + -2.02458
------------------------------
Adam training complete. Switching to L-BFGS:
L-BFGS Epoch: 100 / 1000. Total scaled loss: 1.3107e-05, 
                    ODE(0) loss: 5.9915e-10, 
                    ODE(1) loss: 8.1877e-10, 
                    Non-trivial solution loss: 2.4798e-11,
                    Physics loss: 1.3092e-05,
                    Initial value of rho: 0.09499 + -1.81746i,
                    Current value of rho: -0.18969 + -2.02463i,
                    Target rho: -0.18974 + -2.02458
------------------------------
L-BFGS Epoch: 200 / 1000. Total scaled loss: 1.3302e-05, 
                    ODE(0) loss: 7.4459e-10, 
                    ODE(1) loss: 5.4206e-10, 
                    Non-trivial solution loss: 2.0638e-11,
                    Physics loss: 1.3289e-05,
                    Initial value of rho: 0.09499 + -1.81746i,
                    Current value of rho: -0.18969 + -2.02463i,
                    Target rho: -0.18974 + -2.02458
------------------------------
L-BFGS Epoch: 300 / 1000. Total scaled loss: 1.3246e-05, 
                    ODE(0) loss: 7.4459e-10, 
                    ODE(1) loss: 5.9663e-10, 
                    Non-trivial solution loss: 2.0638e-11,
                    Physics loss: 1.3233e-05,
                    Initial value of rho: 0.09499 + -1.81746i,
                    Current value of rho: -0.18969 + -2.02463i,
                    Target rho: -0.18974 + -2.02458
------------------------------
L-BFGS Epoch: 400 / 1000. Total scaled loss: 1.3331e-05, 
                    ODE(0) loss: 6.9900e-10, 
                    ODE(1) loss: 6.9940e-10, 
                    Non-trivial solution loss: 1.9315e-11,
                    Physics loss: 1.3317e-05,
                    Initial value of rho: 0.09499 + -1.81746i,
                    Current value of rho: -0.18969 + -2.02463i,
                    Target rho: -0.18974 + -2.02458
------------------------------
L-BFGS Epoch: 500 / 1000. Total scaled loss: 1.3207e-05, 
                    ODE(0) loss: 6.9900e-10, 
                    ODE(1) loss: 6.9940e-10, 
                    Non-trivial solution loss: 1.9315e-11,
                    Physics loss: 1.3193e-05,
                    Initial value of rho: 0.09499 + -1.81746i,
                    Current value of rho: -0.18969 + -2.02463i,
                    Target rho: -0.18974 + -2.02458
------------------------------
L-BFGS Epoch: 600 / 1000. Total scaled loss: 1.3152e-05, 
                    ODE(0) loss: 6.9900e-10, 
                    ODE(1) loss: 6.9940e-10, 
                    Non-trivial solution loss: 1.9315e-11,
                    Physics loss: 1.3138e-05,
                    Initial value of rho: 0.09499 + -1.81746i,
                    Current value of rho: -0.18969 + -2.02463i,
                    Target rho: -0.18974 + -2.02458
------------------------------
L-BFGS Epoch: 700 / 1000. Total scaled loss: 1.3240e-05, 
                    ODE(0) loss: 6.9900e-10, 
                    ODE(1) loss: 6.9940e-10, 
                    Non-trivial solution loss: 1.9315e-11,
                    Physics loss: 1.3226e-05,
                    Initial value of rho: 0.09499 + -1.81746i,
                    Current value of rho: -0.18969 + -2.02463i,
                    Target rho: -0.18974 + -2.02458
------------------------------
L-BFGS Epoch: 800 / 1000. Total scaled loss: 1.3266e-05, 
                    ODE(0) loss: 6.9900e-10, 
                    ODE(1) loss: 6.9940e-10, 
                    Non-trivial solution loss: 1.9315e-11,
                    Physics loss: 1.3252e-05,
                    Initial value of rho: 0.09499 + -1.81746i,
                    Current value of rho: -0.18969 + -2.02463i,
                    Target rho: -0.18974 + -2.02458
------------------------------
L-BFGS Epoch: 900 / 1000. Total scaled loss: 1.3001e-05, 
                    ODE(0) loss: 6.5323e-10, 
                    ODE(1) loss: 6.8235e-10, 
                    Non-trivial solution loss: 2.0603e-11,
                    Physics loss: 1.2987e-05,
                    Initial value of rho: 0.09499 + -1.81746i,
                    Current value of rho: -0.18969 + -2.02463i,
                    Target rho: -0.18974 + -2.02458
------------------------------
L-BFGS Epoch: 1000 / 1000. Total scaled loss: 1.3447e-05, 
                    ODE(0) loss: 6.5323e-10, 
                    ODE(1) loss: 6.8235e-10, 
                    Non-trivial solution loss: 2.0603e-11,
                    Physics loss: 1.3433e-05,
                    Initial value of rho: 0.09499 + -1.81746i,
                    Current value of rho: -0.18969 + -2.02463i,
                    Target rho: -0.18974 + -2.02458
------------------------------
Training complete for l = 5. Total scaled loss: 1.3447e-05, 
                    ODE(0) loss: 6.5323e-10, 
                    ODE(1) loss: 6.8235e-10, 
                    Non-trivial solution loss: 2.0603e-11,
                    Physics loss: 1.3433e-05,
                    Current value of rho: -0.18969 + -2.02463i
                    Target rho: -0.18974 + -2.02458
Training complete. Checkpoint saved to ./Output/l5/delta_0.7/pinn_checkpoint_qnm_l5_delta0.7.pth
l = 5 mode with delta = 0.7 completed successfully.
