Using device: cuda
------------------------------
Starting training for l = 4 with delta = 0.2
Initial rho: -0.20462 + -1.42737i
Target rho: -0.18832 + -1.61835i
Initial distance from target: 0.19167
------------------------------
Epoch: 1 / 18000. Total scaled loss: 1.9153e+02, 
                    ODE(0) loss: 1.1218e-01, 
                    ODE(1) loss: 6.4760e-01, 
                    Non-trivial solution loss: 1.1555e+00,
                    Physics loss: 2.7880e-01,
                    Initial value of rho: -0.20462 + -1.42737i,
                    Current value of rho: -0.20462 + -1.42737i,
                    Target rho: -0.18832 + -1.61835
------------------------------
Epoch: 500 / 18000. Total scaled loss: 5.4310e-01, 
                    ODE(0) loss: 4.5513e-05, 
                    ODE(1) loss: 3.8578e-03, 
                    Non-trivial solution loss: 3.1117e-04,
                    Physics loss: 1.2165e+01,
                    Initial value of rho: -0.20462 + -1.42737i,
                    Current value of rho: -0.20462 + -1.42737i,
                    Target rho: -0.18832 + -1.61835
------------------------------
Epoch: 1000 / 18000. Total scaled loss: 1.2844e-01, 
                    ODE(0) loss: 3.6178e-08, 
                    ODE(1) loss: 1.1559e-05, 
                    Non-trivial solution loss: 7.3781e-07,
                    Physics loss: 1.2720e+01,
                    Initial value of rho: -0.20462 + -1.42737i,
                    Current value of rho: -0.20462 + -1.42737i,
                    Target rho: -0.18832 + -1.61835
------------------------------
Epoch: 1500 / 18000. Total scaled loss: 1.2663e-01, 
                    ODE(0) loss: 4.9059e-08, 
                    ODE(1) loss: 8.4561e-07, 
                    Non-trivial solution loss: 2.6356e-06,
                    Physics loss: 1.2628e+01,
                    Initial value of rho: -0.20462 + -1.42737i,
                    Current value of rho: -0.20462 + -1.42737i,
                    Target rho: -0.18832 + -1.61835
------------------------------
Epoch: 2000 / 18000. Total scaled loss: 3.4084e-01, 
                    ODE(0) loss: 4.5095e-05, 
                    ODE(1) loss: 2.0800e-03, 
                    Non-trivial solution loss: 2.1180e-05,
                    Physics loss: 1.2621e+01,
                    Initial value of rho: -0.20462 + -1.42737i,
                    Current value of rho: -0.20462 + -1.42737i,
                    Target rho: -0.18832 + -1.61835
------------------------------
Epoch: 2500 / 18000. Total scaled loss: 1.2653e-01, 
                    ODE(0) loss: 1.5652e-08, 
                    ODE(1) loss: 1.0276e-08, 
                    Non-trivial solution loss: 1.6416e-06,
                    Physics loss: 1.2636e+01,
                    Initial value of rho: -0.20462 + -1.42737i,
                    Current value of rho: -0.20462 + -1.42737i,
                    Target rho: -0.18832 + -1.61835
------------------------------
Epoch: 3000 / 18000. Total scaled loss: 1.2725e-01, 
                    ODE(0) loss: 1.6540e-08, 
                    ODE(1) loss: 1.4415e-08, 
                    Non-trivial solution loss: 1.6222e-06,
                    Physics loss: 1.2709e+01,
                    Initial value of rho: -0.20462 + -1.42737i,
                    Current value of rho: -0.20462 + -1.42737i,
                    Target rho: -0.18832 + -1.61835
------------------------------
Epoch: 3500 / 18000. Total scaled loss: 1.2583e-01, 
                    ODE(0) loss: 1.6324e-08, 
                    ODE(1) loss: 8.2947e-10, 
                    Non-trivial solution loss: 1.6282e-06,
                    Physics loss: 1.2566e+01,
                    Initial value of rho: -0.20462 + -1.42737i,
                    Current value of rho: -0.20462 + -1.42737i,
                    Target rho: -0.18832 + -1.61835
------------------------------
Epoch: 4000 / 18000. Total scaled loss: 1.8131e+00, 
                    ODE(0) loss: 3.4717e-06, 
                    ODE(1) loss: 2.0293e-06, 
                    Non-trivial solution loss: 3.6576e-04,
                    Physics loss: 1.1862e+01,
                    Initial value of rho: -0.20462 + -1.42737i,
                    Current value of rho: -0.20462 + -1.42737i,
                    Target rho: -0.18832 + -1.61835
------------------------------
Epoch: 4500 / 18000. Total scaled loss: 2.4638e+00, 
                    ODE(0) loss: 9.3338e-06, 
                    ODE(1) loss: 1.3506e-04, 
                    Non-trivial solution loss: 8.9224e-04,
                    Physics loss: 1.1168e+01,
                    Initial value of rho: -0.20462 + -1.42737i,
                    Current value of rho: -0.20462 + -1.42737i,
                    Target rho: -0.18832 + -1.61835
------------------------------
Epoch: 5000 / 18000. Total scaled loss: 3.1103e+00, 
                    ODE(0) loss: 7.3811e-06, 
                    ODE(1) loss: 1.3765e-03, 
                    Non-trivial solution loss: 1.1955e-03,
                    Physics loss: 1.0541e+01,
                    Initial value of rho: -0.20462 + -1.42737i,
                    Current value of rho: -0.20462 + -1.42737i,
                    Target rho: -0.18832 + -1.61835
------------------------------
Epoch: 5500 / 18000. Total scaled loss: 3.2001e+00, 
                    ODE(0) loss: 1.5225e-05, 
                    ODE(1) loss: 1.4273e-05, 
                    Non-trivial solution loss: 1.9072e-03,
                    Physics loss: 9.0476e+00,
                    Initial value of rho: -0.20462 + -1.42737i,
                    Current value of rho: -0.20462 + -1.42737i,
                    Target rho: -0.18832 + -1.61835
------------------------------
Epoch: 6000 / 18000. Total scaled loss: 2.0599e+00, 
                    ODE(0) loss: 9.7324e-06, 
                    ODE(1) loss: 1.5209e-06, 
                    Non-trivial solution loss: 1.2435e-03,
                    Physics loss: 4.9316e+00,
                    Initial value of rho: -0.20462 + -1.42737i,
                    Current value of rho: -0.20462 + -1.42737i,
                    Target rho: -0.18832 + -1.61835
------------------------------
Epoch: 6500 / 18000. Total scaled loss: 2.1361e+00, 
                    ODE(0) loss: 9.7040e-05, 
                    ODE(1) loss: 5.9839e-05, 
                    Non-trivial solution loss: 1.1729e-03,
                    Physics loss: 4.4364e+00,
                    Initial value of rho: -0.20462 + -1.42737i,
                    Current value of rho: -0.20462 + -1.42737i,
                    Target rho: -0.18832 + -1.61835
------------------------------
Epoch: 7000 / 18000. Total scaled loss: 2.2165e+00, 
                    ODE(0) loss: 2.5019e-05, 
                    ODE(1) loss: 6.2187e-05, 
                    Non-trivial solution loss: 1.7086e-03,
                    Physics loss: 4.0261e+00,
                    Initial value of rho: -0.20462 + -1.42737i,
                    Current value of rho: -0.20462 + -1.42737i,
                    Target rho: -0.18832 + -1.61835
------------------------------
Epoch: 7500 / 18000. Total scaled loss: 2.3484e+00, 
                    ODE(0) loss: 1.0978e-04, 
                    ODE(1) loss: 8.6161e-06, 
                    Non-trivial solution loss: 2.2543e-03,
                    Physics loss: 3.7910e+00,
                    Initial value of rho: -0.20462 + -1.42737i,
                    Current value of rho: -0.20462 + -1.42737i,
                    Target rho: -0.18832 + -1.61835
------------------------------
Epoch: 8000 / 18000. Total scaled loss: 2.8485e+00, 
                    ODE(0) loss: 5.9786e-03, 
                    ODE(1) loss: 3.7401e-03, 
                    Non-trivial solution loss: 4.1111e-03,
                    Physics loss: 3.4252e+00,
                    Initial value of rho: -0.20462 + -1.42737i,
                    Current value of rho: -0.20462 + -1.42737i,
                    Target rho: -0.18832 + -1.61835
------------------------------
Epoch: 8500 / 18000. Total scaled loss: 2.4446e+00, 
                    ODE(0) loss: 4.5804e-05, 
                    ODE(1) loss: 2.7671e-06, 
                    Non-trivial solution loss: 4.6221e-03,
                    Physics loss: 3.1774e+00,
                    Initial value of rho: -0.20462 + -1.42737i,
                    Current value of rho: -0.20462 + -1.42737i,
                    Target rho: -0.18832 + -1.61835
------------------------------
Epoch: 9000 / 18000. Total scaled loss: 2.5210e+00, 
                    ODE(0) loss: 3.4438e-05, 
                    ODE(1) loss: 1.8041e-05, 
                    Non-trivial solution loss: 6.5617e-03,
                    Physics loss: 2.9760e+00,
                    Initial value of rho: -0.20462 + -1.42737i,
                    Current value of rho: -0.20462 + -1.42737i,
                    Target rho: -0.18832 + -1.61835
------------------------------
Unfreezing rho...
Epoch: 9500 / 18000. Total scaled loss: 1.8644e+00, 
                    ODE(0) loss: 1.0689e-04, 
                    ODE(1) loss: 1.8729e-04, 
                    Non-trivial solution loss: 5.6820e-03,
                    Physics loss: 2.0390e+00,
                    Initial value of rho: -0.20462 + -1.42737i,
                    Current value of rho: -0.22660 + -1.46795i,
                    Target rho: -0.18832 + -1.61835
------------------------------
Epoch: 10000 / 18000. Total scaled loss: 1.4128e+00, 
                    ODE(0) loss: 5.5093e-05, 
                    ODE(1) loss: 1.5124e-04, 
                    Non-trivial solution loss: 6.2016e-03,
                    Physics loss: 1.4275e+00,
                    Initial value of rho: -0.20462 + -1.42737i,
                    Current value of rho: -0.23791 + -1.50538i,
                    Target rho: -0.18832 + -1.61835
------------------------------
Epoch: 10500 / 18000. Total scaled loss: 1.0596e+00, 
                    ODE(0) loss: 1.6362e-04, 
                    ODE(1) loss: 9.5960e-06, 
                    Non-trivial solution loss: 7.7585e-03,
                    Physics loss: 9.8762e-01,
                    Initial value of rho: -0.20462 + -1.42737i,
                    Current value of rho: -0.24175 + -1.53118i,
                    Target rho: -0.18832 + -1.61835
------------------------------
Epoch: 11000 / 18000. Total scaled loss: 6.9259e-01, 
                    ODE(0) loss: 3.5979e-04, 
                    ODE(1) loss: 1.5626e-04, 
                    Non-trivial solution loss: 7.6669e-03,
                    Physics loss: 6.1077e-01,
                    Initial value of rho: -0.20462 + -1.42737i,
                    Current value of rho: -0.23795 + -1.54981i,
                    Target rho: -0.18832 + -1.61835
------------------------------
Epoch: 11500 / 18000. Total scaled loss: 4.7971e-01, 
                    ODE(0) loss: 2.5116e-05, 
                    ODE(1) loss: 5.8237e-05, 
                    Non-trivial solution loss: 4.1063e-03,
                    Physics loss: 4.3782e-01,
                    Initial value of rho: -0.20462 + -1.42737i,
                    Current value of rho: -0.23097 + -1.56166i,
                    Target rho: -0.18832 + -1.61835
------------------------------
Epoch: 12000 / 18000. Total scaled loss: 4.5777e-01, 
                    ODE(0) loss: 2.9393e-03, 
                    ODE(1) loss: 7.3169e-03, 
                    Non-trivial solution loss: 1.2970e-03,
                    Physics loss: 3.4224e-01,
                    Initial value of rho: -0.20462 + -1.42737i,
                    Current value of rho: -0.22356 + -1.57194i,
                    Target rho: -0.18832 + -1.61835
------------------------------
Epoch: 12500 / 18000. Total scaled loss: 3.0054e-01, 
                    ODE(0) loss: 1.1720e-03, 
                    ODE(1) loss: 5.0820e-03, 
                    Non-trivial solution loss: 1.0629e-03,
                    Physics loss: 2.2737e-01,
                    Initial value of rho: -0.20462 + -1.42737i,
                    Current value of rho: -0.21658 + -1.58091i,
                    Target rho: -0.18832 + -1.61835
------------------------------
Epoch: 13000 / 18000. Total scaled loss: 1.5986e-01, 
                    ODE(0) loss: 7.0968e-05, 
                    ODE(1) loss: 3.7341e-04, 
                    Non-trivial solution loss: 4.4901e-04,
                    Physics loss: 1.5092e-01,
                    Initial value of rho: -0.20462 + -1.42737i,
                    Current value of rho: -0.21021 + -1.58870i,
                    Target rho: -0.18832 + -1.61835
------------------------------
Epoch: 13500 / 18000. Total scaled loss: 9.6006e-02, 
                    ODE(0) loss: 2.5960e-07, 
                    ODE(1) loss: 2.9387e-05, 
                    Non-trivial solution loss: 1.9300e-04,
                    Physics loss: 9.3780e-02,
                    Initial value of rho: -0.20462 + -1.42737i,
                    Current value of rho: -0.20463 + -1.59525i,
                    Target rho: -0.18832 + -1.61835
------------------------------
Epoch: 14000 / 18000. Total scaled loss: 5.7228e-02, 
                    ODE(0) loss: 1.8666e-06, 
                    ODE(1) loss: 6.0807e-06, 
                    Non-trivial solution loss: 7.6706e-05,
                    Physics loss: 5.6382e-02,
                    Initial value of rho: -0.20462 + -1.42737i,
                    Current value of rho: -0.20010 + -1.60064i,
                    Target rho: -0.18832 + -1.61835
------------------------------
Epoch: 14500 / 18000. Total scaled loss: 5.8621e-01, 
                    ODE(0) loss: 6.7822e-03, 
                    ODE(1) loss: 4.6109e-02, 
                    Non-trivial solution loss: 6.9642e-05,
                    Physics loss: 5.0989e-02,
                    Initial value of rho: -0.20462 + -1.42737i,
                    Current value of rho: -0.19648 + -1.60486i,
                    Target rho: -0.18832 + -1.61835
------------------------------
Epoch: 15000 / 18000. Total scaled loss: 1.0365e-01, 
                    ODE(0) loss: 5.8617e-04, 
                    ODE(1) loss: 7.1065e-03, 
                    Non-trivial solution loss: 7.1772e-05,
                    Physics loss: 1.5611e-02,
                    Initial value of rho: -0.20462 + -1.42737i,
                    Current value of rho: -0.19320 + -1.60906i,
                    Target rho: -0.18832 + -1.61835
------------------------------
Epoch: 15500 / 18000. Total scaled loss: 1.5872e-02, 
                    ODE(0) loss: 1.6152e-05, 
                    ODE(1) loss: 1.0966e-04, 
                    Non-trivial solution loss: 5.5795e-06,
                    Physics loss: 6.5544e-03,
                    Initial value of rho: -0.20462 + -1.42737i,
                    Current value of rho: -0.19065 + -1.61264i,
                    Target rho: -0.18832 + -1.61835
------------------------------
Epoch: 16000 / 18000. Total scaled loss: 2.1186e-01, 
                    ODE(0) loss: 1.4982e-03, 
                    ODE(1) loss: 1.8125e-02, 
                    Non-trivial solution loss: 6.9073e-05,
                    Physics loss: 5.3779e-03,
                    Initial value of rho: -0.20462 + -1.42737i,
                    Current value of rho: -0.18925 + -1.61504i,
                    Target rho: -0.18832 + -1.61835
------------------------------
Epoch: 16500 / 18000. Total scaled loss: 5.7144e-03, 
                    ODE(0) loss: 1.0611e-05, 
                    ODE(1) loss: 4.8658e-05, 
                    Non-trivial solution loss: 4.4486e-06,
                    Physics loss: 1.5237e-03,
                    Initial value of rho: -0.20462 + -1.42737i,
                    Current value of rho: -0.18859 + -1.61641i,
                    Target rho: -0.18832 + -1.61835
------------------------------
Epoch: 17000 / 18000. Total scaled loss: 3.9284e-03, 
                    ODE(0) loss: 1.6604e-06, 
                    ODE(1) loss: 1.6856e-06, 
                    Non-trivial solution loss: 4.1932e-06,
                    Physics loss: 9.9105e-04,
                    Initial value of rho: -0.20462 + -1.42737i,
                    Current value of rho: -0.18826 + -1.61719i,
                    Target rho: -0.18832 + -1.61835
------------------------------
Epoch: 17500 / 18000. Total scaled loss: 1.0890e-01, 
                    ODE(0) loss: 6.7597e-04, 
                    ODE(1) loss: 8.5690e-03, 
                    Non-trivial solution loss: 9.7865e-06,
                    Physics loss: 3.6812e-03,
                    Initial value of rho: -0.20462 + -1.42737i,
                    Current value of rho: -0.18811 + -1.61761i,
                    Target rho: -0.18832 + -1.61835
------------------------------
Epoch: 18000 / 18000. Total scaled loss: 3.5655e-03, 
                    ODE(0) loss: 2.8036e-06, 
                    ODE(1) loss: 1.3557e-05, 
                    Non-trivial solution loss: 5.4481e-06,
                    Physics loss: 6.6964e-04,
                    Initial value of rho: -0.20462 + -1.42737i,
                    Current value of rho: -0.18799 + -1.61783i,
                    Target rho: -0.18832 + -1.61835
------------------------------
Adam training complete. Switching to L-BFGS:
L-BFGS Epoch: 100 / 1000. Total scaled loss: 5.3916e-06, 
                    ODE(0) loss: 2.7383e-11, 
                    ODE(1) loss: 1.1433e-09, 
                    Non-trivial solution loss: 1.9762e-11,
                    Physics loss: 5.3797e-06,
                    Initial value of rho: -0.20462 + -1.42737i,
                    Current value of rho: -0.18826 + -1.61836i,
                    Target rho: -0.18832 + -1.61835
------------------------------
L-BFGS Epoch: 200 / 1000. Total scaled loss: 5.2550e-06, 
                    ODE(0) loss: 4.0375e-11, 
                    ODE(1) loss: 9.9868e-10, 
                    Non-trivial solution loss: 1.2751e-11,
                    Physics loss: 5.2445e-06,
                    Initial value of rho: -0.20462 + -1.42737i,
                    Current value of rho: -0.18826 + -1.61836i,
                    Target rho: -0.18832 + -1.61835
------------------------------
L-BFGS Epoch: 300 / 1000. Total scaled loss: 5.3465e-06, 
                    ODE(0) loss: 4.7020e-11, 
                    ODE(1) loss: 9.9868e-10, 
                    Non-trivial solution loss: 1.2640e-11,
                    Physics loss: 5.3359e-06,
                    Initial value of rho: -0.20462 + -1.42737i,
                    Current value of rho: -0.18826 + -1.61836i,
                    Target rho: -0.18832 + -1.61835
------------------------------
L-BFGS Epoch: 400 / 1000. Total scaled loss: 5.3140e-06, 
                    ODE(0) loss: 4.7020e-11, 
                    ODE(1) loss: 9.9868e-10, 
                    Non-trivial solution loss: 1.2640e-11,
                    Physics loss: 5.3034e-06,
                    Initial value of rho: -0.20462 + -1.42737i,
                    Current value of rho: -0.18826 + -1.61836i,
                    Target rho: -0.18832 + -1.61835
------------------------------
L-BFGS Epoch: 500 / 1000. Total scaled loss: 5.3003e-06, 
                    ODE(0) loss: 5.7180e-11, 
                    ODE(1) loss: 8.0087e-10, 
                    Non-trivial solution loss: 1.3302e-11,
                    Physics loss: 5.2916e-06,
                    Initial value of rho: -0.20462 + -1.42737i,
                    Current value of rho: -0.18826 + -1.61836i,
                    Target rho: -0.18832 + -1.61835
------------------------------
L-BFGS Epoch: 600 / 1000. Total scaled loss: 5.1476e-06, 
                    ODE(0) loss: 6.4419e-11, 
                    ODE(1) loss: 7.7722e-10, 
                    Non-trivial solution loss: 1.3775e-11,
                    Physics loss: 5.1390e-06,
                    Initial value of rho: -0.20462 + -1.42737i,
                    Current value of rho: -0.18826 + -1.61836i,
                    Target rho: -0.18832 + -1.61835
------------------------------
L-BFGS Epoch: 700 / 1000. Total scaled loss: 5.3934e-06, 
                    ODE(0) loss: 6.5234e-11, 
                    ODE(1) loss: 7.7722e-10, 
                    Non-trivial solution loss: 1.3547e-11,
                    Physics loss: 5.3849e-06,
                    Initial value of rho: -0.20462 + -1.42737i,
                    Current value of rho: -0.18826 + -1.61836i,
                    Target rho: -0.18832 + -1.61835
------------------------------
L-BFGS Epoch: 800 / 1000. Total scaled loss: 5.3239e-06, 
                    ODE(0) loss: 5.7806e-11, 
                    ODE(1) loss: 7.7722e-10, 
                    Non-trivial solution loss: 1.3547e-11,
                    Physics loss: 5.3154e-06,
                    Initial value of rho: -0.20462 + -1.42737i,
                    Current value of rho: -0.18826 + -1.61836i,
                    Target rho: -0.18832 + -1.61835
------------------------------
L-BFGS Epoch: 900 / 1000. Total scaled loss: 5.3302e-06, 
                    ODE(0) loss: 5.7806e-11, 
                    ODE(1) loss: 7.7722e-10, 
                    Non-trivial solution loss: 1.3547e-11,
                    Physics loss: 5.3217e-06,
                    Initial value of rho: -0.20462 + -1.42737i,
                    Current value of rho: -0.18826 + -1.61836i,
                    Target rho: -0.18832 + -1.61835
------------------------------
L-BFGS Epoch: 1000 / 1000. Total scaled loss: 5.2067e-06, 
                    ODE(0) loss: 6.5234e-11, 
                    ODE(1) loss: 7.7722e-10, 
                    Non-trivial solution loss: 1.3547e-11,
                    Physics loss: 5.1982e-06,
                    Initial value of rho: -0.20462 + -1.42737i,
                    Current value of rho: -0.18826 + -1.61836i,
                    Target rho: -0.18832 + -1.61835
------------------------------
Training complete for l = 4. Total scaled loss: 5.2067e-06, 
                    ODE(0) loss: 6.5234e-11, 
                    ODE(1) loss: 7.7722e-10, 
                    Non-trivial solution loss: 1.3547e-11,
                    Physics loss: 5.1982e-06,
                    Current value of rho: -0.18826 + -1.61836i
                    Target rho: -0.18832 + -1.61835
Training complete. Checkpoint saved to ./Output/l4/delta_0.2/pinn_checkpoint_qnm_l4_delta0.2.pth
l = 4 mode with delta = 0.2 completed successfully.
