000 (308284.005.000) 2026-03-01 11:15:01 Job submitted from host: <130.209.45.81:9618?addrs=130.209.45.81-9618&alias=wiay.astro.gla.ac.uk&noUDP&sock=schedd_8023_b06c>
...
001 (308284.005.000) 2026-03-01 11:18:01 Job executing on host: <130.209.45.56:9619?addrs=130.209.45.56-9619&alias=serenity.astro.gla.ac.uk&noUDP&sock=startd_35_e64f>
	SlotName: slot1_2@serenity.astro.gla.ac.uk
	AvailableGPUs = { GPUs_GPU_625f6b03 }
	CondorScratchDir = "/var/lib/condor/execute/dir_304446"
	Cpus = 1
	Disk = 2048
	GPUs = 1
	GPUs_GPU_625f6b03 = [ Id = "GPU-625f6b03"; ClockMhz = 1695.0; Capability = 8.6; CoresPerCU = 128; DeviceName = "NVIDIA GeForce RTX 3090"; DeviceUuid = "625f6b03-2809-23ef-06f5-609bcf7f9386"; ECCEnabled = false; ComputeUnits = 82; NvidiaDriver = "535.247.01"; DriverVersion = 12.2; DevicePciBusId = "0000:68:00.0"; GlobalMemoryMb = 24257; MaxSupportedVersion = 12020 ]
	Memory = 2048
...
006 (308284.005.000) 2026-03-01 11:18:10 Image size of job updated: 747212
	730  -  MemoryUsage of job (MB)
	747212  -  ResidentSetSize of job (KB)
...
006 (308284.005.000) 2026-03-01 11:23:11 Image size of job updated: 805996
	788  -  MemoryUsage of job (MB)
	805996  -  ResidentSetSize of job (KB)
...
006 (308284.005.000) 2026-03-01 11:28:11 Image size of job updated: 928184
	907  -  MemoryUsage of job (MB)
	928184  -  ResidentSetSize of job (KB)
...
006 (308284.005.000) 2026-03-01 11:33:11 Image size of job updated: 1101676
	1048  -  MemoryUsage of job (MB)
	1072652  -  ResidentSetSize of job (KB)
...
006 (308284.005.000) 2026-03-01 11:33:12 Image size of job updated: 1101676
	1048  -  MemoryUsage of job (MB)
	1072760  -  ResidentSetSize of job (KB)
...
005 (308284.005.000) 2026-03-01 11:33:12 Job terminated.
	(1) Normal termination (return value 0)
		Usr 0 00:14:53, Sys 0 00:00:07  -  Run Remote Usage
		Usr 0 00:00:00, Sys 0 00:00:00  -  Run Local Usage
		Usr 0 00:14:53, Sys 0 00:00:07  -  Total Remote Usage
		Usr 0 00:00:00, Sys 0 00:00:00  -  Total Local Usage
	0  -  Run Bytes Sent By Job
	0  -  Run Bytes Received By Job
	0  -  Total Bytes Sent By Job
	0  -  Total Bytes Received By Job
	Partitionable Resources :    Usage  Request Allocated Assigned
	   Cpus                 :     1.00        1         1 
	   Disk (KB)            :     1        1024      2048 
	   GPUs                 :     0.19        1         1 "GPU-625f6b03"
	   GpusMemory (MB)      :  7859                       
	   Memory (MB)          :  1048        2048      2048 
	   TimeExecute (s)      :   911                       
	   TimeSlotBusy (s)     :   911                       
...
