Using device: cuda
------------------------------
Starting training for l = 6 with delta = 0.7
Initial rho: -0.21862 + -2.59649i
Target rho: -0.19053 + -2.42402i
Initial distance from target: 0.17474
------------------------------
Epoch: 1 / 18000. Total scaled loss: 6.1569e+02, 
                    ODE(0) loss: 2.6991e+00, 
                    ODE(1) loss: 2.5060e+00, 
                    Non-trivial solution loss: 9.5169e-01,
                    Physics loss: 1.0832e+00,
                    Initial value of rho: -0.21862 + -2.59649i,
                    Current value of rho: -0.21862 + -2.59649i,
                    Target rho: -0.19053 + -2.42402
------------------------------
Epoch: 500 / 18000. Total scaled loss: 1.3666e+00, 
                    ODE(0) loss: 5.1610e-05, 
                    ODE(1) loss: 5.5654e-05, 
                    Non-trivial solution loss: 1.0954e-02,
                    Physics loss: 2.6046e+01,
                    Initial value of rho: -0.21862 + -2.59649i,
                    Current value of rho: -0.21862 + -2.59649i,
                    Target rho: -0.19053 + -2.42402
------------------------------
Epoch: 1000 / 18000. Total scaled loss: 3.1321e-01, 
                    ODE(0) loss: 5.3006e-06, 
                    ODE(1) loss: 3.9069e-06, 
                    Non-trivial solution loss: 2.3980e-05,
                    Physics loss: 3.0989e+01,
                    Initial value of rho: -0.21862 + -2.59649i,
                    Current value of rho: -0.21862 + -2.59649i,
                    Target rho: -0.19053 + -2.42402
------------------------------
Epoch: 1500 / 18000. Total scaled loss: 3.0493e-01, 
                    ODE(0) loss: 2.5250e-07, 
                    ODE(1) loss: 2.7569e-08, 
                    Non-trivial solution loss: 1.4170e-05,
                    Physics loss: 3.0348e+01,
                    Initial value of rho: -0.21862 + -2.59649i,
                    Current value of rho: -0.21862 + -2.59649i,
                    Target rho: -0.19053 + -2.42402
------------------------------
Epoch: 2000 / 18000. Total scaled loss: 4.9381e+00, 
                    ODE(0) loss: 2.6962e-02, 
                    ODE(1) loss: 1.9330e-02, 
                    Non-trivial solution loss: 8.4854e-05,
                    Physics loss: 3.0040e+01,
                    Initial value of rho: -0.21862 + -2.59649i,
                    Current value of rho: -0.21862 + -2.59649i,
                    Target rho: -0.19053 + -2.42402
------------------------------
Epoch: 2500 / 18000. Total scaled loss: 4.6079e+00, 
                    ODE(0) loss: 2.5272e-02, 
                    ODE(1) loss: 1.7699e-02, 
                    Non-trivial solution loss: 6.5638e-05,
                    Physics loss: 3.0425e+01,
                    Initial value of rho: -0.21862 + -2.59649i,
                    Current value of rho: -0.21862 + -2.59649i,
                    Target rho: -0.19053 + -2.42402
------------------------------
Epoch: 3000 / 18000. Total scaled loss: 2.1341e+00, 
                    ODE(0) loss: 1.1471e-02, 
                    ODE(1) loss: 6.8722e-03, 
                    Non-trivial solution loss: 2.6306e-05,
                    Physics loss: 2.9718e+01,
                    Initial value of rho: -0.21862 + -2.59649i,
                    Current value of rho: -0.21862 + -2.59649i,
                    Target rho: -0.19053 + -2.42402
------------------------------
Epoch: 3500 / 18000. Total scaled loss: 3.0570e-01, 
                    ODE(0) loss: 2.6465e-05, 
                    ODE(1) loss: 1.5486e-05, 
                    Non-trivial solution loss: 3.1632e-05,
                    Physics loss: 2.9834e+01,
                    Initial value of rho: -0.21862 + -2.59649i,
                    Current value of rho: -0.21862 + -2.59649i,
                    Target rho: -0.19053 + -2.42402
------------------------------
Epoch: 4000 / 18000. Total scaled loss: 4.0071e+00, 
                    ODE(0) loss: 4.8903e-06, 
                    ODE(1) loss: 3.4852e-06, 
                    Non-trivial solution loss: 1.6883e-03,
                    Physics loss: 2.5660e+01,
                    Initial value of rho: -0.21862 + -2.59649i,
                    Current value of rho: -0.21862 + -2.59649i,
                    Target rho: -0.19053 + -2.42402
------------------------------
Epoch: 4500 / 18000. Total scaled loss: 1.0275e+01, 
                    ODE(0) loss: 4.7338e-02, 
                    ODE(1) loss: 1.3388e-02, 
                    Non-trivial solution loss: 3.9473e-03,
                    Physics loss: 2.1349e+01,
                    Initial value of rho: -0.21862 + -2.59649i,
                    Current value of rho: -0.21862 + -2.59649i,
                    Target rho: -0.19053 + -2.42402
------------------------------
Epoch: 5000 / 18000. Total scaled loss: 6.6103e+00, 
                    ODE(0) loss: 7.6699e-03, 
                    ODE(1) loss: 3.6718e-03, 
                    Non-trivial solution loss: 4.5686e-03,
                    Physics loss: 1.9272e+01,
                    Initial value of rho: -0.21862 + -2.59649i,
                    Current value of rho: -0.21862 + -2.59649i,
                    Target rho: -0.19053 + -2.42402
------------------------------
Epoch: 5500 / 18000. Total scaled loss: 5.8796e+00, 
                    ODE(0) loss: 5.1047e-06, 
                    ODE(1) loss: 9.0588e-06, 
                    Non-trivial solution loss: 6.0652e-03,
                    Physics loss: 1.6053e+01,
                    Initial value of rho: -0.21862 + -2.59649i,
                    Current value of rho: -0.21862 + -2.59649i,
                    Target rho: -0.19053 + -2.42402
------------------------------
Epoch: 6000 / 18000. Total scaled loss: 7.1172e+00, 
                    ODE(0) loss: 1.4578e-02, 
                    ODE(1) loss: 3.0224e-03, 
                    Non-trivial solution loss: 7.7949e-03,
                    Physics loss: 1.3352e+01,
                    Initial value of rho: -0.21862 + -2.59649i,
                    Current value of rho: -0.21862 + -2.59649i,
                    Target rho: -0.19053 + -2.42402
------------------------------
Epoch: 6500 / 18000. Total scaled loss: 5.6730e+00, 
                    ODE(0) loss: 1.5074e-03, 
                    ODE(1) loss: 3.2124e-04, 
                    Non-trivial solution loss: 7.6537e-03,
                    Physics loss: 1.0962e+01,
                    Initial value of rho: -0.21862 + -2.59649i,
                    Current value of rho: -0.21862 + -2.59649i,
                    Target rho: -0.19053 + -2.42402
------------------------------
Epoch: 7000 / 18000. Total scaled loss: 5.3339e+00, 
                    ODE(0) loss: 1.0550e-03, 
                    ODE(1) loss: 4.6213e-04, 
                    Non-trivial solution loss: 8.8502e-03,
                    Physics loss: 9.0262e+00,
                    Initial value of rho: -0.21862 + -2.59649i,
                    Current value of rho: -0.21862 + -2.59649i,
                    Target rho: -0.19053 + -2.42402
------------------------------
Epoch: 7500 / 18000. Total scaled loss: 5.0751e+00, 
                    ODE(0) loss: 6.8265e-04, 
                    ODE(1) loss: 2.2034e-04, 
                    Non-trivial solution loss: 1.0341e-02,
                    Physics loss: 7.6590e+00,
                    Initial value of rho: -0.21862 + -2.59649i,
                    Current value of rho: -0.21862 + -2.59649i,
                    Target rho: -0.19053 + -2.42402
------------------------------
Epoch: 8000 / 18000. Total scaled loss: 4.6754e+00, 
                    ODE(0) loss: 4.4938e-05, 
                    ODE(1) loss: 1.6610e-05, 
                    Non-trivial solution loss: 1.1655e-02,
                    Physics loss: 6.3829e+00,
                    Initial value of rho: -0.21862 + -2.59649i,
                    Current value of rho: -0.21862 + -2.59649i,
                    Target rho: -0.19053 + -2.42402
------------------------------
Epoch: 8500 / 18000. Total scaled loss: 4.3427e+00, 
                    ODE(0) loss: 1.6339e-04, 
                    ODE(1) loss: 8.0909e-05, 
                    Non-trivial solution loss: 1.2745e-02,
                    Physics loss: 5.3893e+00,
                    Initial value of rho: -0.21862 + -2.59649i,
                    Current value of rho: -0.21862 + -2.59649i,
                    Target rho: -0.19053 + -2.42402
------------------------------
Epoch: 9000 / 18000. Total scaled loss: 3.8119e+00, 
                    ODE(0) loss: 1.2104e-04, 
                    ODE(1) loss: 2.2961e-06, 
                    Non-trivial solution loss: 1.4131e-02,
                    Physics loss: 4.3213e+00,
                    Initial value of rho: -0.21862 + -2.59649i,
                    Current value of rho: -0.21862 + -2.59649i,
                    Target rho: -0.19053 + -2.42402
------------------------------
Unfreezing rho...
Epoch: 9500 / 18000. Total scaled loss: 2.5185e+00, 
                    ODE(0) loss: 1.5157e-04, 
                    ODE(1) loss: 4.2826e-05, 
                    Non-trivial solution loss: 9.4012e-03,
                    Physics loss: 2.7066e+00,
                    Initial value of rho: -0.21862 + -2.59649i,
                    Current value of rho: -0.24666 + -2.57251i,
                    Target rho: -0.19053 + -2.42402
------------------------------
Epoch: 10000 / 18000. Total scaled loss: 1.5334e+00, 
                    ODE(0) loss: 1.7453e-05, 
                    ODE(1) loss: 7.7571e-06, 
                    Non-trivial solution loss: 6.9808e-03,
                    Physics loss: 1.5482e+00,
                    Initial value of rho: -0.21862 + -2.59649i,
                    Current value of rho: -0.27242 + -2.54805i,
                    Target rho: -0.19053 + -2.42402
------------------------------
Epoch: 10500 / 18000. Total scaled loss: 9.7266e-01, 
                    ODE(0) loss: 3.1269e-06, 
                    ODE(1) loss: 7.3144e-07, 
                    Non-trivial solution loss: 5.9422e-03,
                    Physics loss: 9.2565e-01,
                    Initial value of rho: -0.21862 + -2.59649i,
                    Current value of rho: -0.29635 + -2.52919i,
                    Target rho: -0.19053 + -2.42402
------------------------------
Epoch: 11000 / 18000. Total scaled loss: 7.5224e-01, 
                    ODE(0) loss: 1.2034e-05, 
                    ODE(1) loss: 3.3599e-05, 
                    Non-trivial solution loss: 5.7957e-03,
                    Physics loss: 6.9383e-01,
                    Initial value of rho: -0.21862 + -2.59649i,
                    Current value of rho: -0.31659 + -2.51706i,
                    Target rho: -0.19053 + -2.42402
------------------------------
Epoch: 11500 / 18000. Total scaled loss: 5.9844e-01, 
                    ODE(0) loss: 9.7544e-05, 
                    ODE(1) loss: 2.5471e-04, 
                    Non-trivial solution loss: 3.6095e-03,
                    Physics loss: 5.5882e-01,
                    Initial value of rho: -0.21862 + -2.59649i,
                    Current value of rho: -0.33539 + -2.50956i,
                    Target rho: -0.19053 + -2.42402
------------------------------
Epoch: 12000 / 18000. Total scaled loss: 5.1934e-01, 
                    ODE(0) loss: 4.0635e-04, 
                    ODE(1) loss: 2.4272e-04, 
                    Non-trivial solution loss: 2.6980e-03,
                    Physics loss: 4.8586e-01,
                    Initial value of rho: -0.21862 + -2.59649i,
                    Current value of rho: -0.34850 + -2.50626i,
                    Target rho: -0.19053 + -2.42402
------------------------------
Epoch: 12500 / 18000. Total scaled loss: 4.7295e-01, 
                    ODE(0) loss: 5.2380e-04, 
                    ODE(1) loss: 5.2405e-04, 
                    Non-trivial solution loss: 2.3122e-03,
                    Physics loss: 4.3935e-01,
                    Initial value of rho: -0.21862 + -2.59649i,
                    Current value of rho: -0.35774 + -2.50460i,
                    Target rho: -0.19053 + -2.42402
------------------------------
Epoch: 13000 / 18000. Total scaled loss: 4.7607e-01, 
                    ODE(0) loss: 2.8860e-03, 
                    ODE(1) loss: 2.3262e-03, 
                    Non-trivial solution loss: 1.8312e-03,
                    Physics loss: 4.0563e-01,
                    Initial value of rho: -0.21862 + -2.59649i,
                    Current value of rho: -0.36537 + -2.50355i,
                    Target rho: -0.19053 + -2.42402
------------------------------
Epoch: 13500 / 18000. Total scaled loss: 5.2414e-01, 
                    ODE(0) loss: 9.3139e-03, 
                    ODE(1) loss: 4.6923e-03, 
                    Non-trivial solution loss: 1.3451e-03,
                    Physics loss: 3.7063e-01,
                    Initial value of rho: -0.21862 + -2.59649i,
                    Current value of rho: -0.37189 + -2.50273i,
                    Target rho: -0.19053 + -2.42402
------------------------------
Epoch: 14000 / 18000. Total scaled loss: 3.4951e-01, 
                    ODE(0) loss: 8.4824e-05, 
                    ODE(1) loss: 1.4415e-04, 
                    Non-trivial solution loss: 1.3494e-03,
                    Physics loss: 3.3373e-01,
                    Initial value of rho: -0.21862 + -2.59649i,
                    Current value of rho: -0.37790 + -2.50211i,
                    Target rho: -0.19053 + -2.42402
------------------------------
Epoch: 14500 / 18000. Total scaled loss: 3.8395e-01, 
                    ODE(0) loss: 2.3751e-03, 
                    ODE(1) loss: 6.0057e-04, 
                    Non-trivial solution loss: 1.7286e-03,
                    Physics loss: 3.0352e-01,
                    Initial value of rho: -0.21862 + -2.59649i,
                    Current value of rho: -0.38339 + -2.50162i,
                    Target rho: -0.19053 + -2.42402
------------------------------
Epoch: 15000 / 18000. Total scaled loss: 5.3951e-01, 
                    ODE(0) loss: 6.0960e-03, 
                    ODE(1) loss: 1.2372e-03, 
                    Non-trivial solution loss: 2.7037e-03,
                    Physics loss: 2.6366e-01,
                    Initial value of rho: -0.21862 + -2.59649i,
                    Current value of rho: -0.39003 + -2.50128i,
                    Target rho: -0.19053 + -2.42402
------------------------------
Epoch: 15500 / 18000. Total scaled loss: 5.7291e-01, 
                    ODE(0) loss: 3.9718e-03, 
                    ODE(1) loss: 2.3509e-03, 
                    Non-trivial solution loss: 3.1610e-03,
                    Physics loss: 2.1524e-01,
                    Initial value of rho: -0.21862 + -2.59649i,
                    Current value of rho: -0.39821 + -2.50109i,
                    Target rho: -0.19053 + -2.42402
------------------------------
Epoch: 16000 / 18000. Total scaled loss: 5.4114e-01, 
                    ODE(0) loss: 1.6334e-03, 
                    ODE(1) loss: 4.0675e-04, 
                    Non-trivial solution loss: 3.1401e-03,
                    Physics loss: 1.7623e-01,
                    Initial value of rho: -0.21862 + -2.59649i,
                    Current value of rho: -0.40695 + -2.50132i,
                    Target rho: -0.19053 + -2.42402
------------------------------
Epoch: 16500 / 18000. Total scaled loss: 5.1923e-01, 
                    ODE(0) loss: 2.3507e-05, 
                    ODE(1) loss: 1.6177e-04, 
                    Non-trivial solution loss: 2.9685e-03,
                    Physics loss: 1.4636e-01,
                    Initial value of rho: -0.21862 + -2.59649i,
                    Current value of rho: -0.41581 + -2.50201i,
                    Target rho: -0.19053 + -2.42402
------------------------------
Epoch: 17000 / 18000. Total scaled loss: 5.7833e-01, 
                    ODE(0) loss: 8.0041e-03, 
                    ODE(1) loss: 1.1238e-03, 
                    Non-trivial solution loss: 3.0556e-03,
                    Physics loss: 1.1742e-01,
                    Initial value of rho: -0.21862 + -2.59649i,
                    Current value of rho: -0.42453 + -2.50307i,
                    Target rho: -0.19053 + -2.42402
------------------------------
Epoch: 17500 / 18000. Total scaled loss: 5.6266e-01, 
                    ODE(0) loss: 3.8478e-03, 
                    ODE(1) loss: 3.0016e-03, 
                    Non-trivial solution loss: 2.6250e-03,
                    Physics loss: 1.0531e-01,
                    Initial value of rho: -0.21862 + -2.59649i,
                    Current value of rho: -0.43289 + -2.50431i,
                    Target rho: -0.19053 + -2.42402
------------------------------
Epoch: 18000 / 18000. Total scaled loss: 5.2094e-01, 
                    ODE(0) loss: 1.5396e-03, 
                    ODE(1) loss: 1.4714e-03, 
                    Non-trivial solution loss: 2.4243e-03,
                    Physics loss: 9.3338e-02,
                    Initial value of rho: -0.21862 + -2.59649i,
                    Current value of rho: -0.44096 + -2.50560i,
                    Target rho: -0.19053 + -2.42402
------------------------------
Adam training complete. Switching to L-BFGS:
L-BFGS Epoch: 100 / 1000. Total scaled loss: 7.9630e-05, 
                    ODE(0) loss: 3.5764e-10, 
                    ODE(1) loss: 2.1259e-09, 
                    Non-trivial solution loss: 9.0500e-10,
                    Physics loss: 7.9596e-05,
                    Initial value of rho: -0.21862 + -2.59649i,
                    Current value of rho: -1.35993 + -2.48296i,
                    Target rho: -0.19053 + -2.42402
------------------------------
L-BFGS Epoch: 200 / 1000. Total scaled loss: 5.5718e-05, 
                    ODE(0) loss: 3.4796e-10, 
                    ODE(1) loss: 3.0518e-10, 
                    Non-trivial solution loss: 2.8259e-11,
                    Physics loss: 5.5711e-05,
                    Initial value of rho: -0.21862 + -2.59649i,
                    Current value of rho: -1.33585 + -2.48834i,
                    Target rho: -0.19053 + -2.42402
------------------------------
L-BFGS Epoch: 300 / 1000. Total scaled loss: 5.6824e-05, 
                    ODE(0) loss: 9.6207e-10, 
                    ODE(1) loss: 1.5335e-10, 
                    Non-trivial solution loss: 7.9035e-11,
                    Physics loss: 5.6812e-05,
                    Initial value of rho: -0.21862 + -2.59649i,
                    Current value of rho: -1.33627 + -2.48839i,
                    Target rho: -0.19053 + -2.42402
------------------------------
L-BFGS Epoch: 400 / 1000. Total scaled loss: 5.4879e-05, 
                    ODE(0) loss: 1.5982e-09, 
                    ODE(1) loss: 5.3472e-11, 
                    Non-trivial solution loss: 1.3731e-11,
                    Physics loss: 5.4862e-05,
                    Initial value of rho: -0.21862 + -2.59649i,
                    Current value of rho: -1.33630 + -2.48810i,
                    Target rho: -0.19053 + -2.42402
------------------------------
L-BFGS Epoch: 500 / 1000. Total scaled loss: 5.6290e-05, 
                    ODE(0) loss: 9.1986e-10, 
                    ODE(1) loss: 1.4072e-10, 
                    Non-trivial solution loss: 8.7133e-12,
                    Physics loss: 5.6279e-05,
                    Initial value of rho: -0.21862 + -2.59649i,
                    Current value of rho: -1.33471 + -2.48865i,
                    Target rho: -0.19053 + -2.42402
------------------------------
L-BFGS Epoch: 600 / 1000. Total scaled loss: 5.5594e-05, 
                    ODE(0) loss: 4.0724e-10, 
                    ODE(1) loss: 2.2151e-10, 
                    Non-trivial solution loss: 1.3140e-10,
                    Physics loss: 5.5586e-05,
                    Initial value of rho: -0.21862 + -2.59649i,
                    Current value of rho: -1.33584 + -2.48839i,
                    Target rho: -0.19053 + -2.42402
------------------------------
L-BFGS Epoch: 700 / 1000. Total scaled loss: 5.4375e-05, 
                    ODE(0) loss: 7.1552e-10, 
                    ODE(1) loss: 1.4924e-10, 
                    Non-trivial solution loss: 5.2216e-11,
                    Physics loss: 5.4366e-05,
                    Initial value of rho: -0.21862 + -2.59649i,
                    Current value of rho: -1.33597 + -2.48815i,
                    Target rho: -0.19053 + -2.42402
------------------------------
L-BFGS Epoch: 800 / 1000. Total scaled loss: 5.6002e-05, 
                    ODE(0) loss: 4.1681e-10, 
                    ODE(1) loss: 1.6418e-10, 
                    Non-trivial solution loss: 3.7750e-12,
                    Physics loss: 5.5996e-05,
                    Initial value of rho: -0.21862 + -2.59649i,
                    Current value of rho: -1.33643 + -2.48831i,
                    Target rho: -0.19053 + -2.42402
------------------------------
L-BFGS Epoch: 900 / 1000. Total scaled loss: 5.5281e-05, 
                    ODE(0) loss: 1.4583e-09, 
                    ODE(1) loss: 3.0264e-10, 
                    Non-trivial solution loss: 1.5359e-09,
                    Physics loss: 5.5248e-05,
                    Initial value of rho: -0.21862 + -2.59649i,
                    Current value of rho: -1.33466 + -2.48828i,
                    Target rho: -0.19053 + -2.42402
------------------------------
L-BFGS Epoch: 1000 / 1000. Total scaled loss: 4.8473e-05, 
                    ODE(0) loss: 4.1474e-10, 
                    ODE(1) loss: 2.7216e-09, 
                    Non-trivial solution loss: 1.3965e-09,
                    Physics loss: 4.8427e-05,
                    Initial value of rho: -0.21862 + -2.59649i,
                    Current value of rho: -1.35021 + -2.49043i,
                    Target rho: -0.19053 + -2.42402
------------------------------
Training complete for l = 6. Total scaled loss: 4.8473e-05, 
                    ODE(0) loss: 4.1474e-10, 
                    ODE(1) loss: 2.7216e-09, 
                    Non-trivial solution loss: 1.3965e-09,
                    Physics loss: 4.8427e-05,
                    Current value of rho: -1.35021 + -2.49043i
                    Target rho: -0.19053 + -2.42402
Training complete. Checkpoint saved to ./Output/l6/delta_0.7/pinn_checkpoint_qnm_l6_delta0.7.pth
l = 6 mode with delta = 0.7 completed successfully.
