Using device: cuda
------------------------------
Starting training for l = 3 with delta = 0.1
Initial rho: -0.12686 + -1.14485i
Target rho: -0.18541 + -1.19889i
Initial distance from target: 0.07967
------------------------------
Epoch: 1 / 18000. Total scaled loss: 1.1627e+02, 
                    ODE(0) loss: 4.9122e-02, 
                    ODE(1) loss: 1.6614e-02, 
                    Non-trivial solution loss: 1.0969e+00,
                    Physics loss: 1.1851e-02,
                    Initial value of rho: -0.12686 + -1.14485i,
                    Current value of rho: -0.12686 + -1.14485i,
                    Target rho: -0.18541 + -1.19889
------------------------------
Epoch: 500 / 18000. Total scaled loss: 2.7841e-01, 
                    ODE(0) loss: 4.1721e-04, 
                    ODE(1) loss: 2.1474e-03, 
                    Non-trivial solution loss: 5.7297e-06,
                    Physics loss: 2.1376e+00,
                    Initial value of rho: -0.12686 + -1.14485i,
                    Current value of rho: -0.12686 + -1.14485i,
                    Target rho: -0.18541 + -1.19889
------------------------------
Epoch: 1000 / 18000. Total scaled loss: 2.4532e+00, 
                    ODE(0) loss: 3.7294e-03, 
                    ODE(1) loss: 2.0420e-02, 
                    Non-trivial solution loss: 1.5688e-04,
                    Physics loss: 2.2539e+00,
                    Initial value of rho: -0.12686 + -1.14485i,
                    Current value of rho: -0.12686 + -1.14485i,
                    Target rho: -0.18541 + -1.19889
------------------------------
Epoch: 1500 / 18000. Total scaled loss: 2.1097e-02, 
                    ODE(0) loss: 7.4841e-09, 
                    ODE(1) loss: 4.8141e-08, 
                    Non-trivial solution loss: 6.2762e-08,
                    Physics loss: 2.1085e+00,
                    Initial value of rho: -0.12686 + -1.14485i,
                    Current value of rho: -0.12686 + -1.14485i,
                    Target rho: -0.18541 + -1.19889
------------------------------
Epoch: 2000 / 18000. Total scaled loss: 3.9163e-02, 
                    ODE(0) loss: 5.2570e-05, 
                    ODE(1) loss: 1.2671e-04, 
                    Non-trivial solution loss: 2.8980e-07,
                    Physics loss: 2.1206e+00,
                    Initial value of rho: -0.12686 + -1.14485i,
                    Current value of rho: -0.12686 + -1.14485i,
                    Target rho: -0.18541 + -1.19889
------------------------------
Epoch: 2500 / 18000. Total scaled loss: 5.7427e-02, 
                    ODE(0) loss: 3.1643e-05, 
                    ODE(1) loss: 3.2724e-04, 
                    Non-trivial solution loss: 1.3945e-06,
                    Physics loss: 2.1400e+00,
                    Initial value of rho: -0.12686 + -1.14485i,
                    Current value of rho: -0.12686 + -1.14485i,
                    Target rho: -0.18541 + -1.19889
------------------------------
Epoch: 3000 / 18000. Total scaled loss: 2.3212e-02, 
                    ODE(0) loss: 1.5734e-06, 
                    ODE(1) loss: 1.7132e-05, 
                    Non-trivial solution loss: 3.9343e-07,
                    Physics loss: 2.1302e+00,
                    Initial value of rho: -0.12686 + -1.14485i,
                    Current value of rho: -0.12686 + -1.14485i,
                    Target rho: -0.18541 + -1.19889
------------------------------
Epoch: 3500 / 18000. Total scaled loss: 2.1437e-02, 
                    ODE(0) loss: 4.3887e-09, 
                    ODE(1) loss: 6.3814e-08, 
                    Non-trivial solution loss: 5.8690e-08,
                    Physics loss: 2.1424e+00,
                    Initial value of rho: -0.12686 + -1.14485i,
                    Current value of rho: -0.12686 + -1.14485i,
                    Target rho: -0.18541 + -1.19889
------------------------------
Epoch: 4000 / 18000. Total scaled loss: 3.1895e-01, 
                    ODE(0) loss: 2.4860e-05, 
                    ODE(1) loss: 8.6409e-05, 
                    Non-trivial solution loss: 4.5946e-06,
                    Physics loss: 2.0547e+00,
                    Initial value of rho: -0.12686 + -1.14485i,
                    Current value of rho: -0.12686 + -1.14485i,
                    Target rho: -0.18541 + -1.19889
------------------------------
Epoch: 4500 / 18000. Total scaled loss: 6.4093e-01, 
                    ODE(0) loss: 4.1314e-04, 
                    ODE(1) loss: 2.1312e-03, 
                    Non-trivial solution loss: 7.5123e-06,
                    Physics loss: 1.9514e+00,
                    Initial value of rho: -0.12686 + -1.14485i,
                    Current value of rho: -0.12686 + -1.14485i,
                    Target rho: -0.18541 + -1.19889
------------------------------
Epoch: 5000 / 18000. Total scaled loss: 4.7937e-01, 
                    ODE(0) loss: 2.8887e-07, 
                    ODE(1) loss: 1.1825e-06, 
                    Non-trivial solution loss: 4.4761e-05,
                    Physics loss: 1.7301e+00,
                    Initial value of rho: -0.12686 + -1.14485i,
                    Current value of rho: -0.12686 + -1.14485i,
                    Target rho: -0.18541 + -1.19889
------------------------------
Epoch: 5500 / 18000. Total scaled loss: 5.5428e-01, 
                    ODE(0) loss: 3.3376e-05, 
                    ODE(1) loss: 2.5721e-04, 
                    Non-trivial solution loss: 5.3008e-05,
                    Physics loss: 1.5653e+00,
                    Initial value of rho: -0.12686 + -1.14485i,
                    Current value of rho: -0.12686 + -1.14485i,
                    Target rho: -0.18541 + -1.19889
------------------------------
Epoch: 6000 / 18000. Total scaled loss: 5.3630e-01, 
                    ODE(0) loss: 1.2261e-07, 
                    ODE(1) loss: 9.1400e-06, 
                    Non-trivial solution loss: 7.9029e-05,
                    Physics loss: 1.3257e+00,
                    Initial value of rho: -0.12686 + -1.14485i,
                    Current value of rho: -0.12686 + -1.14485i,
                    Target rho: -0.18541 + -1.19889
------------------------------
Epoch: 6500 / 18000. Total scaled loss: 4.9310e-01, 
                    ODE(0) loss: 9.8592e-06, 
                    ODE(1) loss: 5.0568e-05, 
                    Non-trivial solution loss: 8.7774e-05,
                    Physics loss: 1.0460e+00,
                    Initial value of rho: -0.12686 + -1.14485i,
                    Current value of rho: -0.12686 + -1.14485i,
                    Target rho: -0.18541 + -1.19889
------------------------------
Epoch: 7000 / 18000. Total scaled loss: 4.3326e-01, 
                    ODE(0) loss: 4.3173e-06, 
                    ODE(1) loss: 1.0405e-05, 
                    Non-trivial solution loss: 7.9423e-05,
                    Physics loss: 8.1514e-01,
                    Initial value of rho: -0.12686 + -1.14485i,
                    Current value of rho: -0.12686 + -1.14485i,
                    Target rho: -0.18541 + -1.19889
------------------------------
Epoch: 7500 / 18000. Total scaled loss: 4.4037e-01, 
                    ODE(0) loss: 4.2785e-06, 
                    ODE(1) loss: 3.2267e-05, 
                    Non-trivial solution loss: 8.1179e-05,
                    Physics loss: 7.3946e-01,
                    Initial value of rho: -0.12686 + -1.14485i,
                    Current value of rho: -0.12686 + -1.14485i,
                    Target rho: -0.18541 + -1.19889
------------------------------
Epoch: 8000 / 18000. Total scaled loss: 5.4691e-01, 
                    ODE(0) loss: 1.8740e-04, 
                    ODE(1) loss: 1.5371e-03, 
                    Non-trivial solution loss: 1.7812e-04,
                    Physics loss: 7.0978e-01,
                    Initial value of rho: -0.12686 + -1.14485i,
                    Current value of rho: -0.12686 + -1.14485i,
                    Target rho: -0.18541 + -1.19889
------------------------------
Epoch: 8500 / 18000. Total scaled loss: 5.5314e-01, 
                    ODE(0) loss: 8.0377e-05, 
                    ODE(1) loss: 1.2276e-03, 
                    Non-trivial solution loss: 2.1515e-04,
                    Physics loss: 6.9359e-01,
                    Initial value of rho: -0.12686 + -1.14485i,
                    Current value of rho: -0.12686 + -1.14485i,
                    Target rho: -0.18541 + -1.19889
------------------------------
Epoch: 9000 / 18000. Total scaled loss: 5.3777e-01, 
                    ODE(0) loss: 7.5419e-06, 
                    ODE(1) loss: 5.4809e-06, 
                    Non-trivial solution loss: 2.6316e-04,
                    Physics loss: 6.8242e-01,
                    Initial value of rho: -0.12686 + -1.14485i,
                    Current value of rho: -0.12686 + -1.14485i,
                    Target rho: -0.18541 + -1.19889
------------------------------
Unfreezing rho...
Epoch: 9500 / 18000. Total scaled loss: 2.2511e-01, 
                    ODE(0) loss: 2.2099e-06, 
                    ODE(1) loss: 1.3443e-06, 
                    Non-trivial solution loss: 1.1982e-04,
                    Physics loss: 2.6496e-01,
                    Initial value of rho: -0.12686 + -1.14485i,
                    Current value of rho: -0.15560 + -1.16098i,
                    Target rho: -0.18541 + -1.19889
------------------------------
Epoch: 10000 / 18000. Total scaled loss: 1.1053e-01, 
                    ODE(0) loss: 1.5923e-05, 
                    ODE(1) loss: 7.5060e-05, 
                    Non-trivial solution loss: 5.8740e-05,
                    Physics loss: 1.1950e-01,
                    Initial value of rho: -0.12686 + -1.14485i,
                    Current value of rho: -0.16854 + -1.17150i,
                    Target rho: -0.18541 + -1.19889
------------------------------
Epoch: 10500 / 18000. Total scaled loss: 4.3656e-02, 
                    ODE(0) loss: 2.0503e-06, 
                    ODE(1) loss: 6.0952e-06, 
                    Non-trivial solution loss: 3.2813e-05,
                    Physics loss: 4.4777e-02,
                    Initial value of rho: -0.12686 + -1.14485i,
                    Current value of rho: -0.17810 + -1.18170i,
                    Target rho: -0.18541 + -1.19889
------------------------------
Epoch: 11000 / 18000. Total scaled loss: 1.4898e-02, 
                    ODE(0) loss: 2.6493e-06, 
                    ODE(1) loss: 1.1585e-05, 
                    Non-trivial solution loss: 1.3543e-05,
                    Physics loss: 1.4620e-02,
                    Initial value of rho: -0.12686 + -1.14485i,
                    Current value of rho: -0.18391 + -1.19025i,
                    Target rho: -0.18541 + -1.19889
------------------------------
Epoch: 11500 / 18000. Total scaled loss: 8.6568e-03, 
                    ODE(0) loss: 9.8663e-06, 
                    ODE(1) loss: 8.2890e-05, 
                    Non-trivial solution loss: 1.7463e-05,
                    Physics loss: 7.5546e-03,
                    Initial value of rho: -0.12686 + -1.14485i,
                    Current value of rho: -0.18599 + -1.19452i,
                    Target rho: -0.18541 + -1.19889
------------------------------
Epoch: 12000 / 18000. Total scaled loss: 3.3944e-02, 
                    ODE(0) loss: 2.7917e-04, 
                    ODE(1) loss: 2.5955e-03, 
                    Non-trivial solution loss: 3.0726e-05,
                    Physics loss: 4.8892e-03,
                    Initial value of rho: -0.12686 + -1.14485i,
                    Current value of rho: -0.18670 + -1.19638i,
                    Target rho: -0.18541 + -1.19889
------------------------------
Epoch: 12500 / 18000. Total scaled loss: 4.7158e-03, 
                    ODE(0) loss: 7.5310e-07, 
                    ODE(1) loss: 4.5446e-06, 
                    Non-trivial solution loss: 1.9653e-06,
                    Physics loss: 4.6432e-03,
                    Initial value of rho: -0.12686 + -1.14485i,
                    Current value of rho: -0.18695 + -1.19739i,
                    Target rho: -0.18541 + -1.19889
------------------------------
Epoch: 13000 / 18000. Total scaled loss: 5.6108e-03, 
                    ODE(0) loss: 1.6460e-05, 
                    ODE(1) loss: 1.4787e-04, 
                    Non-trivial solution loss: 1.0908e-05,
                    Physics loss: 3.8584e-03,
                    Initial value of rho: -0.12686 + -1.14485i,
                    Current value of rho: -0.18704 + -1.19801i,
                    Target rho: -0.18541 + -1.19889
------------------------------
Epoch: 13500 / 18000. Total scaled loss: 1.4271e-02, 
                    ODE(0) loss: 9.0417e-05, 
                    ODE(1) loss: 1.0289e-03, 
                    Non-trivial solution loss: 1.0873e-05,
                    Physics loss: 2.9692e-03,
                    Initial value of rho: -0.12686 + -1.14485i,
                    Current value of rho: -0.18704 + -1.19841i,
                    Target rho: -0.18541 + -1.19889
------------------------------
Epoch: 14000 / 18000. Total scaled loss: 1.4149e-02, 
                    ODE(0) loss: 1.1026e-04, 
                    ODE(1) loss: 1.0267e-03, 
                    Non-trivial solution loss: 1.4763e-05,
                    Physics loss: 2.6318e-03,
                    Initial value of rho: -0.12686 + -1.14485i,
                    Current value of rho: -0.18699 + -1.19869i,
                    Target rho: -0.18541 + -1.19889
------------------------------
Epoch: 14500 / 18000. Total scaled loss: 2.9816e-03, 
                    ODE(0) loss: 2.9372e-07, 
                    ODE(1) loss: 2.3350e-07, 
                    Non-trivial solution loss: 9.2926e-07,
                    Physics loss: 2.6730e-03,
                    Initial value of rho: -0.12686 + -1.14485i,
                    Current value of rho: -0.18689 + -1.19890i,
                    Target rho: -0.18541 + -1.19889
------------------------------
Epoch: 15000 / 18000. Total scaled loss: 3.1929e-02, 
                    ODE(0) loss: 1.6148e-04, 
                    ODE(1) loss: 2.6815e-03, 
                    Non-trivial solution loss: 1.3348e-05,
                    Physics loss: 2.0208e-03,
                    Initial value of rho: -0.12686 + -1.14485i,
                    Current value of rho: -0.18680 + -1.19912i,
                    Target rho: -0.18541 + -1.19889
------------------------------
Epoch: 15500 / 18000. Total scaled loss: 9.1646e-03, 
                    ODE(0) loss: 5.5809e-05, 
                    ODE(1) loss: 5.2261e-04, 
                    Non-trivial solution loss: 8.5754e-06,
                    Physics loss: 1.4834e-03,
                    Initial value of rho: -0.12686 + -1.14485i,
                    Current value of rho: -0.18655 + -1.19934i,
                    Target rho: -0.18541 + -1.19889
------------------------------
Epoch: 16000 / 18000. Total scaled loss: 3.2858e-03, 
                    ODE(0) loss: 1.4185e-06, 
                    ODE(1) loss: 1.5952e-05, 
                    Non-trivial solution loss: 1.2443e-05,
                    Physics loss: 1.0760e-03,
                    Initial value of rho: -0.12686 + -1.14485i,
                    Current value of rho: -0.18621 + -1.19952i,
                    Target rho: -0.18541 + -1.19889
------------------------------
Epoch: 16500 / 18000. Total scaled loss: 3.8507e-02, 
                    ODE(0) loss: 3.0062e-04, 
                    ODE(1) loss: 3.2589e-03, 
                    Non-trivial solution loss: 3.6558e-05,
                    Physics loss: 7.6406e-04,
                    Initial value of rho: -0.12686 + -1.14485i,
                    Current value of rho: -0.18580 + -1.19960i,
                    Target rho: -0.18541 + -1.19889
------------------------------
Epoch: 17000 / 18000. Total scaled loss: 3.2849e-02, 
                    ODE(0) loss: 2.5589e-04, 
                    ODE(1) loss: 2.4037e-03, 
                    Non-trivial solution loss: 7.4852e-06,
                    Physics loss: 1.5892e-03,
                    Initial value of rho: -0.12686 + -1.14485i,
                    Current value of rho: -0.18545 + -1.19959i,
                    Target rho: -0.18541 + -1.19889
------------------------------
Epoch: 17500 / 18000. Total scaled loss: 2.4861e-03, 
                    ODE(0) loss: 2.0893e-06, 
                    ODE(1) loss: 3.2270e-05, 
                    Non-trivial solution loss: 8.4062e-07,
                    Physics loss: 4.8029e-04,
                    Initial value of rho: -0.12686 + -1.14485i,
                    Current value of rho: -0.18518 + -1.19952i,
                    Target rho: -0.18541 + -1.19889
------------------------------
Epoch: 18000 / 18000. Total scaled loss: 6.2045e-02, 
                    ODE(0) loss: 5.9817e-04, 
                    ODE(1) loss: 5.0793e-03, 
                    Non-trivial solution loss: 2.8338e-05,
                    Physics loss: 9.9763e-04,
                    Initial value of rho: -0.12686 + -1.14485i,
                    Current value of rho: -0.18507 + -1.19944i,
                    Target rho: -0.18541 + -1.19889
------------------------------
Adam training complete. Switching to L-BFGS:
L-BFGS Epoch: 100 / 1000. Total scaled loss: 6.1607e-07, 
                    ODE(0) loss: 2.5339e-11, 
                    ODE(1) loss: 3.1150e-11, 
                    Non-trivial solution loss: 2.9057e-12,
                    Physics loss: 6.1547e-07,
                    Initial value of rho: -0.12686 + -1.14485i,
                    Current value of rho: -0.18545 + -1.19887i,
                    Target rho: -0.18541 + -1.19889
------------------------------
L-BFGS Epoch: 200 / 1000. Total scaled loss: 6.2890e-07, 
                    ODE(0) loss: 1.7827e-11, 
                    ODE(1) loss: 5.2751e-11, 
                    Non-trivial solution loss: 3.4104e-13,
                    Physics loss: 6.2819e-07,
                    Initial value of rho: -0.12686 + -1.14485i,
                    Current value of rho: -0.18545 + -1.19887i,
                    Target rho: -0.18541 + -1.19889
------------------------------
L-BFGS Epoch: 300 / 1000. Total scaled loss: 6.1643e-07, 
                    ODE(0) loss: 1.9065e-11, 
                    ODE(1) loss: 5.2751e-11, 
                    Non-trivial solution loss: 3.3607e-13,
                    Physics loss: 6.1571e-07,
                    Initial value of rho: -0.12686 + -1.14485i,
                    Current value of rho: -0.18545 + -1.19887i,
                    Target rho: -0.18541 + -1.19889
------------------------------
L-BFGS Epoch: 400 / 1000. Total scaled loss: 6.0861e-07, 
                    ODE(0) loss: 1.7018e-11, 
                    ODE(1) loss: 5.2751e-11, 
                    Non-trivial solution loss: 3.3607e-13,
                    Physics loss: 6.0791e-07,
                    Initial value of rho: -0.12686 + -1.14485i,
                    Current value of rho: -0.18545 + -1.19887i,
                    Target rho: -0.18541 + -1.19889
------------------------------
L-BFGS Epoch: 500 / 1000. Total scaled loss: 6.0928e-07, 
                    ODE(0) loss: 1.7018e-11, 
                    ODE(1) loss: 5.2751e-11, 
                    Non-trivial solution loss: 3.3607e-13,
                    Physics loss: 6.0857e-07,
                    Initial value of rho: -0.12686 + -1.14485i,
                    Current value of rho: -0.18545 + -1.19887i,
                    Target rho: -0.18541 + -1.19889
------------------------------
L-BFGS Epoch: 600 / 1000. Total scaled loss: 6.1396e-07, 
                    ODE(0) loss: 1.9065e-11, 
                    ODE(1) loss: 5.2751e-11, 
                    Non-trivial solution loss: 3.3607e-13,
                    Physics loss: 6.1324e-07,
                    Initial value of rho: -0.12686 + -1.14485i,
                    Current value of rho: -0.18545 + -1.19887i,
                    Target rho: -0.18541 + -1.19889
------------------------------
L-BFGS Epoch: 700 / 1000. Total scaled loss: 6.1212e-07, 
                    ODE(0) loss: 1.9065e-11, 
                    ODE(1) loss: 5.2751e-11, 
                    Non-trivial solution loss: 3.3607e-13,
                    Physics loss: 6.1139e-07,
                    Initial value of rho: -0.12686 + -1.14485i,
                    Current value of rho: -0.18545 + -1.19887i,
                    Target rho: -0.18541 + -1.19889
------------------------------
L-BFGS Epoch: 800 / 1000. Total scaled loss: 6.2351e-07, 
                    ODE(0) loss: 1.7018e-11, 
                    ODE(1) loss: 5.2751e-11, 
                    Non-trivial solution loss: 3.3607e-13,
                    Physics loss: 6.2281e-07,
                    Initial value of rho: -0.12686 + -1.14485i,
                    Current value of rho: -0.18545 + -1.19887i,
                    Target rho: -0.18541 + -1.19889
------------------------------
L-BFGS Epoch: 900 / 1000. Total scaled loss: 6.2425e-07, 
                    ODE(0) loss: 1.7018e-11, 
                    ODE(1) loss: 5.2751e-11, 
                    Non-trivial solution loss: 3.3607e-13,
                    Physics loss: 6.2355e-07,
                    Initial value of rho: -0.12686 + -1.14485i,
                    Current value of rho: -0.18545 + -1.19887i,
                    Target rho: -0.18541 + -1.19889
------------------------------
L-BFGS Epoch: 1000 / 1000. Total scaled loss: 6.2521e-07, 
                    ODE(0) loss: 1.8166e-11, 
                    ODE(1) loss: 5.2978e-11, 
                    Non-trivial solution loss: 1.3418e-12,
                    Physics loss: 6.2448e-07,
                    Initial value of rho: -0.12686 + -1.14485i,
                    Current value of rho: -0.18545 + -1.19887i,
                    Target rho: -0.18541 + -1.19889
------------------------------
Training complete for l = 3. Total scaled loss: 6.2521e-07, 
                    ODE(0) loss: 1.8166e-11, 
                    ODE(1) loss: 5.2978e-11, 
                    Non-trivial solution loss: 1.3418e-12,
                    Physics loss: 6.2448e-07,
                    Current value of rho: -0.18545 + -1.19887i
                    Target rho: -0.18541 + -1.19889
Training complete. Checkpoint saved to ./OutputQNM/l3/delta_0.1/pinn_checkpoint_qnm_l3_delta0.1.pth
l = 3 mode with delta = 0.1 completed successfully.
