Using device: cuda
------------------------------
Starting training for l = 5 with delta = 0.5
Initial rho: -0.36097 + -1.83948i
Target rho: -0.18974 + -2.02458i
Initial distance from target: 0.25216
------------------------------
Epoch: 1 / 18000. Total scaled loss: 7.3249e+02, 
                    ODE(0) loss: 1.9314e-01, 
                    ODE(1) loss: 5.9940e+00, 
                    Non-trivial solution loss: 1.1376e+00,
                    Physics loss: 1.7935e+00,
                    Initial value of rho: -0.36097 + -1.83948i,
                    Current value of rho: -0.36097 + -1.83948i,
                    Target rho: -0.18974 + -2.02458
------------------------------
Epoch: 500 / 18000. Total scaled loss: 1.2635e-01, 
                    ODE(0) loss: 1.2954e-06, 
                    ODE(1) loss: 1.3882e-05, 
                    Non-trivial solution loss: 1.8568e-06,
                    Physics loss: 1.2464e+01,
                    Initial value of rho: -0.36097 + -1.83948i,
                    Current value of rho: -0.36097 + -1.83948i,
                    Target rho: -0.18974 + -2.02458
------------------------------
Epoch: 1000 / 18000. Total scaled loss: 2.2191e-01, 
                    ODE(0) loss: 6.3363e-05, 
                    ODE(1) loss: 9.0757e-04, 
                    Non-trivial solution loss: 1.9295e-06,
                    Physics loss: 1.2462e+01,
                    Initial value of rho: -0.36097 + -1.83948i,
                    Current value of rho: -0.36097 + -1.83948i,
                    Target rho: -0.18974 + -2.02458
------------------------------
Epoch: 1500 / 18000. Total scaled loss: 1.5292e-01, 
                    ODE(0) loss: 1.3519e-05, 
                    ODE(1) loss: 2.5469e-04, 
                    Non-trivial solution loss: 5.4895e-07,
                    Physics loss: 1.2605e+01,
                    Initial value of rho: -0.36097 + -1.83948i,
                    Current value of rho: -0.36097 + -1.83948i,
                    Target rho: -0.18974 + -2.02458
------------------------------
Epoch: 2000 / 18000. Total scaled loss: 1.4248e-01, 
                    ODE(0) loss: 1.3853e-05, 
                    ODE(1) loss: 1.5322e-04, 
                    Non-trivial solution loss: 1.7564e-05,
                    Physics loss: 1.2401e+01,
                    Initial value of rho: -0.36097 + -1.83948i,
                    Current value of rho: -0.36097 + -1.83948i,
                    Target rho: -0.18974 + -2.02458
------------------------------
Epoch: 2500 / 18000. Total scaled loss: 1.3319e-01, 
                    ODE(0) loss: 4.9045e-06, 
                    ODE(1) loss: 8.4551e-05, 
                    Non-trivial solution loss: 8.1039e-07,
                    Physics loss: 1.2416e+01,
                    Initial value of rho: -0.36097 + -1.83948i,
                    Current value of rho: -0.36097 + -1.83948i,
                    Target rho: -0.18974 + -2.02458
------------------------------
Epoch: 3000 / 18000. Total scaled loss: 1.2450e-01, 
                    ODE(0) loss: 2.2857e-08, 
                    ODE(1) loss: 1.3198e-06, 
                    Non-trivial solution loss: 1.3076e-06,
                    Physics loss: 1.2423e+01,
                    Initial value of rho: -0.36097 + -1.83948i,
                    Current value of rho: -0.36097 + -1.83948i,
                    Target rho: -0.18974 + -2.02458
------------------------------
Epoch: 3500 / 18000. Total scaled loss: 1.2087e-01, 
                    ODE(0) loss: 5.5394e-08, 
                    ODE(1) loss: 9.8500e-08, 
                    Non-trivial solution loss: 1.4135e-06,
                    Physics loss: 1.2072e+01,
                    Initial value of rho: -0.36097 + -1.83948i,
                    Current value of rho: -0.36097 + -1.83948i,
                    Target rho: -0.18974 + -2.02458
------------------------------
Epoch: 4000 / 18000. Total scaled loss: 1.7216e+00, 
                    ODE(0) loss: 2.2732e-05, 
                    ODE(1) loss: 9.9527e-05, 
                    Non-trivial solution loss: 3.8668e-04,
                    Physics loss: 1.1164e+01,
                    Initial value of rho: -0.36097 + -1.83948i,
                    Current value of rho: -0.36097 + -1.83948i,
                    Target rho: -0.18974 + -2.02458
------------------------------
Epoch: 4500 / 18000. Total scaled loss: 1.9909e+00, 
                    ODE(0) loss: 1.5963e-05, 
                    ODE(1) loss: 9.1821e-06, 
                    Non-trivial solution loss: 5.3171e-04,
                    Physics loss: 9.1418e+00,
                    Initial value of rho: -0.36097 + -1.83948i,
                    Current value of rho: -0.36097 + -1.83948i,
                    Target rho: -0.18974 + -2.02458
------------------------------
Epoch: 5000 / 18000. Total scaled loss: 1.1726e+00, 
                    ODE(0) loss: 1.8334e-05, 
                    ODE(1) loss: 2.1349e-04, 
                    Non-trivial solution loss: 3.9344e-04,
                    Physics loss: 4.0781e+00,
                    Initial value of rho: -0.36097 + -1.83948i,
                    Current value of rho: -0.36097 + -1.83948i,
                    Target rho: -0.18974 + -2.02458
------------------------------
Epoch: 5500 / 18000. Total scaled loss: 8.6156e-01, 
                    ODE(0) loss: 2.7614e-06, 
                    ODE(1) loss: 5.6880e-07, 
                    Non-trivial solution loss: 1.4041e-04,
                    Physics loss: 2.5212e+00,
                    Initial value of rho: -0.36097 + -1.83948i,
                    Current value of rho: -0.36097 + -1.83948i,
                    Target rho: -0.18974 + -2.02458
------------------------------
Epoch: 6000 / 18000. Total scaled loss: 9.4436e-01, 
                    ODE(0) loss: 2.2559e-04, 
                    ODE(1) loss: 3.0782e-04, 
                    Non-trivial solution loss: 1.7988e-04,
                    Physics loss: 2.2368e+00,
                    Initial value of rho: -0.36097 + -1.83948i,
                    Current value of rho: -0.36097 + -1.83948i,
                    Target rho: -0.18974 + -2.02458
------------------------------
Epoch: 6500 / 18000. Total scaled loss: 9.7698e-01, 
                    ODE(0) loss: 1.7964e-04, 
                    ODE(1) loss: 1.4199e-04, 
                    Non-trivial solution loss: 3.1802e-04,
                    Physics loss: 2.0248e+00,
                    Initial value of rho: -0.36097 + -1.83948i,
                    Current value of rho: -0.36097 + -1.83948i,
                    Target rho: -0.18974 + -2.02458
------------------------------
Epoch: 7000 / 18000. Total scaled loss: 9.6280e-01, 
                    ODE(0) loss: 3.8050e-04, 
                    ODE(1) loss: 3.5699e-04, 
                    Non-trivial solution loss: 2.8714e-04,
                    Physics loss: 1.7221e+00,
                    Initial value of rho: -0.36097 + -1.83948i,
                    Current value of rho: -0.36097 + -1.83948i,
                    Target rho: -0.18974 + -2.02458
------------------------------
Epoch: 7500 / 18000. Total scaled loss: 8.7458e-01, 
                    ODE(0) loss: 3.9628e-06, 
                    ODE(1) loss: 9.9958e-07, 
                    Non-trivial solution loss: 3.3353e-04,
                    Physics loss: 1.4594e+00,
                    Initial value of rho: -0.36097 + -1.83948i,
                    Current value of rho: -0.36097 + -1.83948i,
                    Target rho: -0.18974 + -2.02458
------------------------------
Epoch: 8000 / 18000. Total scaled loss: 8.8785e-01, 
                    ODE(0) loss: 6.6784e-06, 
                    ODE(1) loss: 2.7873e-06, 
                    Non-trivial solution loss: 4.3843e-04,
                    Physics loss: 1.3352e+00,
                    Initial value of rho: -0.36097 + -1.83948i,
                    Current value of rho: -0.36097 + -1.83948i,
                    Target rho: -0.18974 + -2.02458
------------------------------
Epoch: 8500 / 18000. Total scaled loss: 8.8371e-01, 
                    ODE(0) loss: 3.9025e-06, 
                    ODE(1) loss: 1.3885e-06, 
                    Non-trivial solution loss: 5.9518e-04,
                    Physics loss: 1.2078e+00,
                    Initial value of rho: -0.36097 + -1.83948i,
                    Current value of rho: -0.36097 + -1.83948i,
                    Target rho: -0.18974 + -2.02458
------------------------------
Epoch: 9000 / 18000. Total scaled loss: 9.1287e-01, 
                    ODE(0) loss: 2.7942e-05, 
                    ODE(1) loss: 5.4863e-07, 
                    Non-trivial solution loss: 8.4705e-04,
                    Physics loss: 1.1414e+00,
                    Initial value of rho: -0.36097 + -1.83948i,
                    Current value of rho: -0.36097 + -1.83948i,
                    Target rho: -0.18974 + -2.02458
------------------------------
Unfreezing rho...
Epoch: 9500 / 18000. Total scaled loss: 8.3839e-01, 
                    ODE(0) loss: 2.9771e-05, 
                    ODE(1) loss: 1.5858e-05, 
                    Non-trivial solution loss: 1.1050e-03,
                    Physics loss: 9.6513e-01,
                    Initial value of rho: -0.36097 + -1.83948i,
                    Current value of rho: -0.37102 + -1.84338i,
                    Target rho: -0.18974 + -2.02458
------------------------------
Epoch: 10000 / 18000. Total scaled loss: 7.3083e-01, 
                    ODE(0) loss: 3.2930e-05, 
                    ODE(1) loss: 2.8700e-05, 
                    Non-trivial solution loss: 1.3675e-03,
                    Physics loss: 7.8036e-01,
                    Initial value of rho: -0.36097 + -1.83948i,
                    Current value of rho: -0.38613 + -1.84795i,
                    Target rho: -0.18974 + -2.02458
------------------------------
Epoch: 10500 / 18000. Total scaled loss: 5.4418e-01, 
                    ODE(0) loss: 9.2210e-06, 
                    ODE(1) loss: 8.8614e-07, 
                    Non-trivial solution loss: 1.7700e-03,
                    Physics loss: 5.4000e-01,
                    Initial value of rho: -0.36097 + -1.83948i,
                    Current value of rho: -0.40466 + -1.85285i,
                    Target rho: -0.18974 + -2.02458
------------------------------
Epoch: 11000 / 18000. Total scaled loss: 4.4312e-01, 
                    ODE(0) loss: 4.6508e-05, 
                    ODE(1) loss: 2.0205e-05, 
                    Non-trivial solution loss: 2.1271e-03,
                    Physics loss: 4.2118e-01,
                    Initial value of rho: -0.36097 + -1.83948i,
                    Current value of rho: -0.42489 + -1.85900i,
                    Target rho: -0.18974 + -2.02458
------------------------------
Epoch: 11500 / 18000. Total scaled loss: 3.4969e-01, 
                    ODE(0) loss: 5.9595e-05, 
                    ODE(1) loss: 1.9359e-06, 
                    Non-trivial solution loss: 1.3505e-03,
                    Physics loss: 3.3557e-01,
                    Initial value of rho: -0.36097 + -1.83948i,
                    Current value of rho: -0.44377 + -1.86529i,
                    Target rho: -0.18974 + -2.02458
------------------------------
Epoch: 12000 / 18000. Total scaled loss: 2.9173e-01, 
                    ODE(0) loss: 1.0327e-04, 
                    ODE(1) loss: 4.2935e-06, 
                    Non-trivial solution loss: 9.5233e-04,
                    Physics loss: 2.8113e-01,
                    Initial value of rho: -0.36097 + -1.83948i,
                    Current value of rho: -0.45662 + -1.87100i,
                    Target rho: -0.18974 + -2.02458
------------------------------
Epoch: 12500 / 18000. Total scaled loss: 2.7008e-01, 
                    ODE(0) loss: 1.1524e-03, 
                    ODE(1) loss: 1.1893e-04, 
                    Non-trivial solution loss: 6.7779e-04,
                    Physics loss: 2.5059e-01,
                    Initial value of rho: -0.36097 + -1.83948i,
                    Current value of rho: -0.46515 + -1.87630i,
                    Target rho: -0.18974 + -2.02458
------------------------------
Epoch: 13000 / 18000. Total scaled loss: 2.2412e-01, 
                    ODE(0) loss: 7.4492e-05, 
                    ODE(1) loss: 2.8335e-04, 
                    Non-trivial solution loss: 5.4758e-04,
                    Physics loss: 2.1507e-01,
                    Initial value of rho: -0.36097 + -1.83948i,
                    Current value of rho: -0.47150 + -1.88118i,
                    Target rho: -0.18974 + -2.02458
------------------------------
Epoch: 13500 / 18000. Total scaled loss: 1.9917e-01, 
                    ODE(0) loss: 2.4093e-05, 
                    ODE(1) loss: 4.5786e-05, 
                    Non-trivial solution loss: 4.0490e-04,
                    Physics loss: 1.9442e-01,
                    Initial value of rho: -0.36097 + -1.83948i,
                    Current value of rho: -0.47659 + -1.88566i,
                    Target rho: -0.18974 + -2.02458
------------------------------
Epoch: 14000 / 18000. Total scaled loss: 1.7151e-01, 
                    ODE(0) loss: 1.2701e-04, 
                    ODE(1) loss: 3.2019e-07, 
                    Non-trivial solution loss: 2.9213e-04,
                    Physics loss: 1.6732e-01,
                    Initial value of rho: -0.36097 + -1.83948i,
                    Current value of rho: -0.48105 + -1.88986i,
                    Target rho: -0.18974 + -2.02458
------------------------------
Epoch: 14500 / 18000. Total scaled loss: 1.7404e-01, 
                    ODE(0) loss: 5.4560e-05, 
                    ODE(1) loss: 2.9701e-05, 
                    Non-trivial solution loss: 3.2251e-04,
                    Physics loss: 1.5313e-01,
                    Initial value of rho: -0.36097 + -1.83948i,
                    Current value of rho: -0.48508 + -1.89351i,
                    Target rho: -0.18974 + -2.02458
------------------------------
Epoch: 15000 / 18000. Total scaled loss: 2.1336e-01, 
                    ODE(0) loss: 9.6293e-05, 
                    ODE(1) loss: 4.3918e-05, 
                    Non-trivial solution loss: 5.0504e-04,
                    Physics loss: 1.2423e-01,
                    Initial value of rho: -0.36097 + -1.83948i,
                    Current value of rho: -0.49013 + -1.89783i,
                    Target rho: -0.18974 + -2.02458
------------------------------
Epoch: 15500 / 18000. Total scaled loss: 2.6339e-01, 
                    ODE(0) loss: 1.1451e-03, 
                    ODE(1) loss: 7.1220e-05, 
                    Non-trivial solution loss: 6.3584e-04,
                    Physics loss: 1.1025e-01,
                    Initial value of rho: -0.36097 + -1.83948i,
                    Current value of rho: -0.49649 + -1.90239i,
                    Target rho: -0.18974 + -2.02458
------------------------------
Epoch: 16000 / 18000. Total scaled loss: 2.6987e-01, 
                    ODE(0) loss: 1.5267e-03, 
                    ODE(1) loss: 9.2907e-05, 
                    Non-trivial solution loss: 8.2388e-04,
                    Physics loss: 8.8393e-02,
                    Initial value of rho: -0.36097 + -1.83948i,
                    Current value of rho: -0.50364 + -1.90625i,
                    Target rho: -0.18974 + -2.02458
------------------------------
Epoch: 16500 / 18000. Total scaled loss: 2.9331e-01, 
                    ODE(0) loss: 8.4303e-04, 
                    ODE(1) loss: 4.4280e-04, 
                    Non-trivial solution loss: 7.9131e-04,
                    Physics loss: 8.1789e-02,
                    Initial value of rho: -0.36097 + -1.83948i,
                    Current value of rho: -0.51129 + -1.90912i,
                    Target rho: -0.18974 + -2.02458
------------------------------
Epoch: 17000 / 18000. Total scaled loss: 3.4989e-01, 
                    ODE(0) loss: 6.2443e-03, 
                    ODE(1) loss: 1.1937e-03, 
                    Non-trivial solution loss: 6.2249e-04,
                    Physics loss: 6.9263e-02,
                    Initial value of rho: -0.36097 + -1.83948i,
                    Current value of rho: -0.51911 + -1.91142i,
                    Target rho: -0.18974 + -2.02458
------------------------------
Epoch: 17500 / 18000. Total scaled loss: 2.6477e-01, 
                    ODE(0) loss: 6.1506e-04, 
                    ODE(1) loss: 1.8396e-04, 
                    Non-trivial solution loss: 6.8893e-04,
                    Physics loss: 5.6239e-02,
                    Initial value of rho: -0.36097 + -1.83948i,
                    Current value of rho: -0.52661 + -1.91350i,
                    Target rho: -0.18974 + -2.02458
------------------------------
Epoch: 18000 / 18000. Total scaled loss: 2.5119e-01, 
                    ODE(0) loss: 4.6958e-04, 
                    ODE(1) loss: 6.0446e-06, 
                    Non-trivial solution loss: 5.7777e-04,
                    Physics loss: 4.8142e-02,
                    Initial value of rho: -0.36097 + -1.83948i,
                    Current value of rho: -0.53353 + -1.91577i,
                    Target rho: -0.18974 + -2.02458
------------------------------
Adam training complete. Switching to L-BFGS:
L-BFGS Epoch: 100 / 1000. Total scaled loss: 1.1715e-04, 
                    ODE(0) loss: 1.2647e-10, 
                    ODE(1) loss: 2.4389e-09, 
                    Non-trivial solution loss: 6.6892e-08,
                    Physics loss: 1.1645e-04,
                    Initial value of rho: -0.36097 + -1.83948i,
                    Current value of rho: -1.64035 + -1.90247i,
                    Target rho: -0.18974 + -2.02458
------------------------------
L-BFGS Epoch: 200 / 1000. Total scaled loss: 2.7424e-05, 
                    ODE(0) loss: 5.2573e-11, 
                    ODE(1) loss: 1.6001e-09, 
                    Non-trivial solution loss: 1.0234e-11,
                    Physics loss: 2.7408e-05,
                    Initial value of rho: -0.36097 + -1.83948i,
                    Current value of rho: -1.69559 + -1.71047i,
                    Target rho: -0.18974 + -2.02458
------------------------------
L-BFGS Epoch: 300 / 1000. Total scaled loss: 1.7036e-05, 
                    ODE(0) loss: 9.3046e-10, 
                    ODE(1) loss: 9.4452e-10, 
                    Non-trivial solution loss: 4.9176e-10,
                    Physics loss: 1.7013e-05,
                    Initial value of rho: -0.36097 + -1.83948i,
                    Current value of rho: -1.64853 + -1.65610i,
                    Target rho: -0.18974 + -2.02458
------------------------------
L-BFGS Epoch: 400 / 1000. Total scaled loss: 1.4919e-05, 
                    ODE(0) loss: 3.1937e-11, 
                    ODE(1) loss: 8.9860e-10, 
                    Non-trivial solution loss: 1.2682e-11,
                    Physics loss: 1.4910e-05,
                    Initial value of rho: -0.36097 + -1.83948i,
                    Current value of rho: -1.66470 + -1.63847i,
                    Target rho: -0.18974 + -2.02458
------------------------------
L-BFGS Epoch: 500 / 1000. Total scaled loss: 1.2399e-05, 
                    ODE(0) loss: 5.6125e-11, 
                    ODE(1) loss: 9.3675e-10, 
                    Non-trivial solution loss: 2.5684e-11,
                    Physics loss: 1.2389e-05,
                    Initial value of rho: -0.36097 + -1.83948i,
                    Current value of rho: -1.69700 + -1.59985i,
                    Target rho: -0.18974 + -2.02458
------------------------------
L-BFGS Epoch: 600 / 1000. Total scaled loss: 1.1547e-05, 
                    ODE(0) loss: 5.7858e-11, 
                    ODE(1) loss: 6.5235e-10, 
                    Non-trivial solution loss: 2.4832e-09,
                    Physics loss: 1.1515e-05,
                    Initial value of rho: -0.36097 + -1.83948i,
                    Current value of rho: -1.72060 + -1.58091i,
                    Target rho: -0.18974 + -2.02458
------------------------------
L-BFGS Epoch: 700 / 1000. Total scaled loss: 1.0575e-05, 
                    ODE(0) loss: 3.0137e-10, 
                    ODE(1) loss: 7.0425e-10, 
                    Non-trivial solution loss: 2.7015e-12,
                    Physics loss: 1.0565e-05,
                    Initial value of rho: -0.36097 + -1.83948i,
                    Current value of rho: -1.74733 + -1.55384i,
                    Target rho: -0.18974 + -2.02458
------------------------------
L-BFGS Epoch: 800 / 1000. Total scaled loss: 9.4488e-06, 
                    ODE(0) loss: 1.7795e-10, 
                    ODE(1) loss: 1.0855e-09, 
                    Non-trivial solution loss: 2.3007e-10,
                    Physics loss: 9.4339e-06,
                    Initial value of rho: -0.36097 + -1.83948i,
                    Current value of rho: -1.77465 + -1.53301i,
                    Target rho: -0.18974 + -2.02458
------------------------------
L-BFGS Epoch: 900 / 1000. Total scaled loss: 7.7552e-06, 
                    ODE(0) loss: 6.9390e-10, 
                    ODE(1) loss: 2.4753e-10, 
                    Non-trivial solution loss: 5.1443e-10,
                    Physics loss: 7.7407e-06,
                    Initial value of rho: -0.36097 + -1.83948i,
                    Current value of rho: -1.81010 + -1.50915i,
                    Target rho: -0.18974 + -2.02458
------------------------------
L-BFGS Epoch: 1000 / 1000. Total scaled loss: 7.0538e-06, 
                    ODE(0) loss: 4.4454e-10, 
                    ODE(1) loss: 2.5350e-10, 
                    Non-trivial solution loss: 2.4005e-10,
                    Physics loss: 7.0444e-06,
                    Initial value of rho: -0.36097 + -1.83948i,
                    Current value of rho: -1.83198 + -1.49800i,
                    Target rho: -0.18974 + -2.02458
------------------------------
Training complete for l = 5. Total scaled loss: 7.0538e-06, 
                    ODE(0) loss: 4.4454e-10, 
                    ODE(1) loss: 2.5350e-10, 
                    Non-trivial solution loss: 2.4005e-10,
                    Physics loss: 7.0444e-06,
                    Current value of rho: -1.83198 + -1.49800i
                    Target rho: -0.18974 + -2.02458
Training complete. Checkpoint saved to ./OutputQNM/l5/delta_0.5/pinn_checkpoint_qnm_l5_delta0.5.pth
l = 5 mode with delta = 0.5 completed successfully.
