000 (308340.017.000) 2026-03-03 11:31:17 Job submitted from host: <130.209.45.81:9618?addrs=130.209.45.81-9618&alias=wiay.astro.gla.ac.uk&noUDP&sock=schedd_8023_b06c>
...
001 (308340.017.000) 2026-03-03 11:51:18 Job executing on host: <130.209.45.193:9619?addrs=130.209.45.193-9619&alias=deimos.astro.gla.ac.uk&noUDP&sock=startd_35_e64f>
	SlotName: slot1_3@deimos.astro.gla.ac.uk
	AvailableGPUs = { GPUs_GPU_9ed99095 }
	CondorScratchDir = "/var/lib/condor/execute/dir_416855"
	Cpus = 1
	Disk = 2048
	GPUs = 1
	GPUs_GPU_9ed99095 = [ Id = "GPU-9ed99095"; ClockMhz = 1695.0; Capability = 8.6; CoresPerCU = 128; DeviceName = "NVIDIA GeForce RTX 3090"; DeviceUuid = "9ed99095-ea7d-ae22-8aa3-a439270c7875"; ECCEnabled = false; ComputeUnits = 82; NvidiaDriver = "580.82.07"; DriverVersion = 13.0; DevicePciBusId = "0000:3B:00.0"; GlobalMemoryMb = 24124; MaxSupportedVersion = 13000 ]
	Memory = 2048
...
006 (308340.017.000) 2026-03-03 11:51:27 Image size of job updated: 471740
	461  -  MemoryUsage of job (MB)
	471740  -  ResidentSetSize of job (KB)
...
006 (308340.017.000) 2026-03-03 11:56:27 Image size of job updated: 898792
	878  -  MemoryUsage of job (MB)
	898792  -  ResidentSetSize of job (KB)
...
006 (308340.017.000) 2026-03-03 12:01:28 Image size of job updated: 957960
	936  -  MemoryUsage of job (MB)
	957960  -  ResidentSetSize of job (KB)
...
006 (308340.017.000) 2026-03-03 12:06:28 Image size of job updated: 1093892
	1069  -  MemoryUsage of job (MB)
	1093892  -  ResidentSetSize of job (KB)
...
006 (308340.017.000) 2026-03-03 12:11:28 Image size of job updated: 1119740
	1087  -  MemoryUsage of job (MB)
	1112236  -  ResidentSetSize of job (KB)
...
006 (308340.017.000) 2026-03-03 12:16:28 Image size of job updated: 1124808
	1099  -  MemoryUsage of job (MB)
	1124808  -  ResidentSetSize of job (KB)
...
006 (308340.017.000) 2026-03-03 12:21:29 Image size of job updated: 1209124
	1181  -  MemoryUsage of job (MB)
	1209124  -  ResidentSetSize of job (KB)
...
006 (308340.017.000) 2026-03-03 12:22:06 Image size of job updated: 1233424
	1181  -  MemoryUsage of job (MB)
	1209124  -  ResidentSetSize of job (KB)
...
005 (308340.017.000) 2026-03-03 12:22:06 Job terminated.
	(1) Normal termination (return value 0)
		Usr 0 00:30:15, Sys 0 00:00:15  -  Run Remote Usage
		Usr 0 00:00:00, Sys 0 00:00:00  -  Run Local Usage
		Usr 0 00:30:15, Sys 0 00:00:15  -  Total Remote Usage
		Usr 0 00:00:00, Sys 0 00:00:00  -  Total Local Usage
	0  -  Run Bytes Sent By Job
	0  -  Run Bytes Received By Job
	0  -  Total Bytes Sent By Job
	0  -  Total Bytes Received By Job
	Partitionable Resources :    Usage  Request Allocated Assigned
	   Cpus                 :     1.00        1         1 
	   Disk (KB)            :     1        1024      2048 
	   GPUs                 :     0.12        1         1 "GPU-9ed99095"
	   GpusMemory (MB)      :   963                       
	   Memory (MB)          :  1181        2048      2048 
	   TimeExecute (s)      :  1848                       
	   TimeSlotBusy (s)     :  1848                       
...
