Using device: cuda
------------------------------
Starting training for l = 4 with delta = 0.6
Initial rho: -0.47902 + -2.00579i
Target rho: -0.18832 + -1.61835i
Initial distance from target: 0.48437
------------------------------
Epoch: 1 / 18000. Total scaled loss: 1.7605e+03, 
                    ODE(0) loss: 1.2345e+01, 
                    ODE(1) loss: 3.9341e+00, 
                    Non-trivial solution loss: 1.3257e+00,
                    Physics loss: 5.6616e+00,
                    Initial value of rho: -0.47902 + -2.00579i,
                    Current value of rho: -0.47902 + -2.00579i,
                    Target rho: -0.18832 + -1.61835
------------------------------
Epoch: 500 / 18000. Total scaled loss: 9.5612e+01, 
                    ODE(0) loss: 4.2042e-03, 
                    ODE(1) loss: 1.6212e-03, 
                    Non-trivial solution loss: 9.5028e-01,
                    Physics loss: 6.8922e-02,
                    Initial value of rho: -0.47902 + -2.00579i,
                    Current value of rho: -0.47902 + -2.00579i,
                    Target rho: -0.18832 + -1.61835
------------------------------
Epoch: 1000 / 18000. Total scaled loss: 5.0897e-01, 
                    ODE(0) loss: 4.5195e-04, 
                    ODE(1) loss: 6.2887e-05, 
                    Non-trivial solution loss: 2.5048e-04,
                    Physics loss: 4.3244e+01,
                    Initial value of rho: -0.47902 + -2.00579i,
                    Current value of rho: -0.47902 + -2.00579i,
                    Target rho: -0.18832 + -1.61835
------------------------------
Epoch: 1500 / 18000. Total scaled loss: 4.3447e-01, 
                    ODE(0) loss: 6.6845e-06, 
                    ODE(1) loss: 5.8305e-07, 
                    Non-trivial solution loss: 3.8879e-05,
                    Physics loss: 4.2986e+01,
                    Initial value of rho: -0.47902 + -2.00579i,
                    Current value of rho: -0.47902 + -2.00579i,
                    Target rho: -0.18832 + -1.61835
------------------------------
Epoch: 2000 / 18000. Total scaled loss: 4.1321e-01, 
                    ODE(0) loss: 2.6940e-08, 
                    ODE(1) loss: 1.5289e-08, 
                    Non-trivial solution loss: 1.7707e-05,
                    Physics loss: 4.1143e+01,
                    Initial value of rho: -0.47902 + -2.00579i,
                    Current value of rho: -0.47902 + -2.00579i,
                    Target rho: -0.18832 + -1.61835
------------------------------
Epoch: 2500 / 18000. Total scaled loss: 4.0710e-01, 
                    ODE(0) loss: 3.5684e-08, 
                    ODE(1) loss: 1.5760e-09, 
                    Non-trivial solution loss: 2.0537e-05,
                    Physics loss: 4.0504e+01,
                    Initial value of rho: -0.47902 + -2.00579i,
                    Current value of rho: -0.47902 + -2.00579i,
                    Target rho: -0.18832 + -1.61835
------------------------------
Epoch: 3000 / 18000. Total scaled loss: 4.0174e-01, 
                    ODE(0) loss: 7.1689e-06, 
                    ODE(1) loss: 7.4792e-07, 
                    Non-trivial solution loss: 3.7547e-05,
                    Physics loss: 3.9720e+01,
                    Initial value of rho: -0.47902 + -2.00579i,
                    Current value of rho: -0.47902 + -2.00579i,
                    Target rho: -0.18832 + -1.61835
------------------------------
Epoch: 3500 / 18000. Total scaled loss: 2.0125e+00, 
                    ODE(0) loss: 1.4765e-02, 
                    ODE(1) loss: 1.2854e-03, 
                    Non-trivial solution loss: 2.0820e-04,
                    Physics loss: 3.8661e+01,
                    Initial value of rho: -0.47902 + -2.00579i,
                    Current value of rho: -0.47902 + -2.00579i,
                    Target rho: -0.18832 + -1.61835
------------------------------
Epoch: 4000 / 18000. Total scaled loss: 4.5730e+00, 
                    ODE(0) loss: 7.5189e-06, 
                    ODE(1) loss: 6.1242e-06, 
                    Non-trivial solution loss: 2.3631e-03,
                    Physics loss: 2.9005e+01,
                    Initial value of rho: -0.47902 + -2.00579i,
                    Current value of rho: -0.47902 + -2.00579i,
                    Target rho: -0.18832 + -1.61835
------------------------------
Epoch: 4500 / 18000. Total scaled loss: 4.5537e+00, 
                    ODE(0) loss: 1.7330e-05, 
                    ODE(1) loss: 1.0780e-05, 
                    Non-trivial solution loss: 3.0755e-03,
                    Physics loss: 2.0145e+01,
                    Initial value of rho: -0.47902 + -2.00579i,
                    Current value of rho: -0.47902 + -2.00579i,
                    Target rho: -0.18832 + -1.61835
------------------------------
Epoch: 5000 / 18000. Total scaled loss: 3.4365e+00, 
                    ODE(0) loss: 1.4886e-04, 
                    ODE(1) loss: 2.0266e-05, 
                    Non-trivial solution loss: 2.4430e-03,
                    Physics loss: 1.1718e+01,
                    Initial value of rho: -0.47902 + -2.00579i,
                    Current value of rho: -0.47902 + -2.00579i,
                    Target rho: -0.18832 + -1.61835
------------------------------
Epoch: 5500 / 18000. Total scaled loss: 2.8932e+00, 
                    ODE(0) loss: 6.3510e-03, 
                    ODE(1) loss: 2.9594e-04, 
                    Non-trivial solution loss: 9.6750e-04,
                    Physics loss: 6.8545e+00,
                    Initial value of rho: -0.47902 + -2.00579i,
                    Current value of rho: -0.47902 + -2.00579i,
                    Target rho: -0.18832 + -1.61835
------------------------------
Epoch: 6000 / 18000. Total scaled loss: 1.8507e+00, 
                    ODE(0) loss: 1.7611e-04, 
                    ODE(1) loss: 1.5769e-06, 
                    Non-trivial solution loss: 8.0315e-04,
                    Physics loss: 4.4564e+00,
                    Initial value of rho: -0.47902 + -2.00579i,
                    Current value of rho: -0.47902 + -2.00579i,
                    Target rho: -0.18832 + -1.61835
------------------------------
Epoch: 6500 / 18000. Total scaled loss: 2.2080e+00, 
                    ODE(0) loss: 7.4825e-03, 
                    ODE(1) loss: 4.7865e-05, 
                    Non-trivial solution loss: 7.4474e-04,
                    Physics loss: 3.6342e+00,
                    Initial value of rho: -0.47902 + -2.00579i,
                    Current value of rho: -0.47902 + -2.00579i,
                    Target rho: -0.18832 + -1.61835
------------------------------
Epoch: 7000 / 18000. Total scaled loss: 1.5963e+00, 
                    ODE(0) loss: 5.2692e-04, 
                    ODE(1) loss: 1.2641e-06, 
                    Non-trivial solution loss: 8.1807e-04,
                    Physics loss: 2.8937e+00,
                    Initial value of rho: -0.47902 + -2.00579i,
                    Current value of rho: -0.47902 + -2.00579i,
                    Target rho: -0.18832 + -1.61835
------------------------------
Epoch: 7500 / 18000. Total scaled loss: 1.4481e+00, 
                    ODE(0) loss: 1.1021e-05, 
                    ODE(1) loss: 1.0763e-06, 
                    Non-trivial solution loss: 9.3531e-04,
                    Physics loss: 2.3826e+00,
                    Initial value of rho: -0.47902 + -2.00579i,
                    Current value of rho: -0.47902 + -2.00579i,
                    Target rho: -0.18832 + -1.61835
------------------------------
Epoch: 8000 / 18000. Total scaled loss: 1.2406e+00, 
                    ODE(0) loss: 4.9706e-07, 
                    ODE(1) loss: 1.6411e-06, 
                    Non-trivial solution loss: 1.0015e-03,
                    Physics loss: 1.8394e+00,
                    Initial value of rho: -0.47902 + -2.00579i,
                    Current value of rho: -0.47902 + -2.00579i,
                    Target rho: -0.18832 + -1.61835
------------------------------
Epoch: 8500 / 18000. Total scaled loss: 1.3320e+00, 
                    ODE(0) loss: 5.8276e-03, 
                    ODE(1) loss: 3.8418e-05, 
                    Non-trivial solution loss: 1.1408e-03,
                    Physics loss: 1.4885e+00,
                    Initial value of rho: -0.47902 + -2.00579i,
                    Current value of rho: -0.47902 + -2.00579i,
                    Target rho: -0.18832 + -1.61835
------------------------------
Epoch: 9000 / 18000. Total scaled loss: 9.0864e-01, 
                    ODE(0) loss: 3.4066e-06, 
                    ODE(1) loss: 1.5266e-06, 
                    Non-trivial solution loss: 1.0290e-03,
                    Physics loss: 1.1292e+00,
                    Initial value of rho: -0.47902 + -2.00579i,
                    Current value of rho: -0.47902 + -2.00579i,
                    Target rho: -0.18832 + -1.61835
------------------------------
Unfreezing rho...
Epoch: 9500 / 18000. Total scaled loss: 7.3246e-01, 
                    ODE(0) loss: 1.5208e-03, 
                    ODE(1) loss: 1.0350e-05, 
                    Non-trivial solution loss: 7.6249e-04,
                    Physics loss: 8.0278e-01,
                    Initial value of rho: -0.47902 + -2.00579i,
                    Current value of rho: -0.48493 + -1.99967i,
                    Target rho: -0.18832 + -1.61835
------------------------------
Epoch: 10000 / 18000. Total scaled loss: 5.2741e-01, 
                    ODE(0) loss: 2.0859e-06, 
                    ODE(1) loss: 3.9810e-06, 
                    Non-trivial solution loss: 7.8203e-04,
                    Physics loss: 5.6856e-01,
                    Initial value of rho: -0.47902 + -2.00579i,
                    Current value of rho: -0.49164 + -1.99476i,
                    Target rho: -0.18832 + -1.61835
------------------------------
Epoch: 10500 / 18000. Total scaled loss: 4.0970e-01, 
                    ODE(0) loss: 4.3072e-06, 
                    ODE(1) loss: 1.0612e-05, 
                    Non-trivial solution loss: 1.0350e-03,
                    Physics loss: 4.1070e-01,
                    Initial value of rho: -0.47902 + -2.00579i,
                    Current value of rho: -0.49982 + -1.98916i,
                    Target rho: -0.18832 + -1.61835
------------------------------
Epoch: 11000 / 18000. Total scaled loss: 3.1906e-01, 
                    ODE(0) loss: 2.6544e-06, 
                    ODE(1) loss: 8.7195e-06, 
                    Non-trivial solution loss: 1.2310e-03,
                    Physics loss: 3.0664e-01,
                    Initial value of rho: -0.47902 + -2.00579i,
                    Current value of rho: -0.50920 + -1.98294i,
                    Target rho: -0.18832 + -1.61835
------------------------------
Epoch: 11500 / 18000. Total scaled loss: 2.2472e-01, 
                    ODE(0) loss: 7.3188e-06, 
                    ODE(1) loss: 5.5513e-06, 
                    Non-trivial solution loss: 6.9105e-04,
                    Physics loss: 2.1768e-01,
                    Initial value of rho: -0.47902 + -2.00579i,
                    Current value of rho: -0.51807 + -1.97757i,
                    Target rho: -0.18832 + -1.61835
------------------------------
Epoch: 12000 / 18000. Total scaled loss: 1.6480e-01, 
                    ODE(0) loss: 3.8449e-05, 
                    ODE(1) loss: 1.4010e-06, 
                    Non-trivial solution loss: 3.7573e-04,
                    Physics loss: 1.6065e-01,
                    Initial value of rho: -0.47902 + -2.00579i,
                    Current value of rho: -0.52498 + -1.97453i,
                    Target rho: -0.18832 + -1.61835
------------------------------
Epoch: 12500 / 18000. Total scaled loss: 1.3559e-01, 
                    ODE(0) loss: 1.7198e-06, 
                    ODE(1) loss: 6.2762e-06, 
                    Non-trivial solution loss: 2.4047e-04,
                    Physics loss: 1.3311e-01,
                    Initial value of rho: -0.47902 + -2.00579i,
                    Current value of rho: -0.52911 + -1.97228i,
                    Target rho: -0.18832 + -1.61835
------------------------------
Epoch: 13000 / 18000. Total scaled loss: 2.6530e-01, 
                    ODE(0) loss: 1.3700e-02, 
                    ODE(1) loss: 1.6538e-04, 
                    Non-trivial solution loss: 2.4848e-04,
                    Physics loss: 1.2417e-01,
                    Initial value of rho: -0.47902 + -2.00579i,
                    Current value of rho: -0.53224 + -1.97041i,
                    Target rho: -0.18832 + -1.61835
------------------------------
Epoch: 13500 / 18000. Total scaled loss: 1.0592e-01, 
                    ODE(0) loss: 2.6438e-04, 
                    ODE(1) loss: 5.3286e-06, 
                    Non-trivial solution loss: 1.5490e-04,
                    Physics loss: 1.0168e-01,
                    Initial value of rho: -0.47902 + -2.00579i,
                    Current value of rho: -0.53477 + -1.96880i,
                    Target rho: -0.18832 + -1.61835
------------------------------
Epoch: 14000 / 18000. Total scaled loss: 8.9856e-02, 
                    ODE(0) loss: 1.3369e-04, 
                    ODE(1) loss: 1.5326e-05, 
                    Non-trivial solution loss: 1.3401e-04,
                    Physics loss: 8.7026e-02,
                    Initial value of rho: -0.47902 + -2.00579i,
                    Current value of rho: -0.53706 + -1.96741i,
                    Target rho: -0.18832 + -1.61835
------------------------------
Epoch: 14500 / 18000. Total scaled loss: 3.3479e-01, 
                    ODE(0) loss: 2.3511e-02, 
                    ODE(1) loss: 5.1296e-04, 
                    Non-trivial solution loss: 1.3782e-04,
                    Physics loss: 8.3938e-02,
                    Initial value of rho: -0.47902 + -2.00579i,
                    Current value of rho: -0.53919 + -1.96616i,
                    Target rho: -0.18832 + -1.61835
------------------------------
Epoch: 15000 / 18000. Total scaled loss: 1.0258e-01, 
                    ODE(0) loss: 1.1084e-04, 
                    ODE(1) loss: 1.6963e-06, 
                    Non-trivial solution loss: 1.5898e-04,
                    Physics loss: 5.9957e-02,
                    Initial value of rho: -0.47902 + -2.00579i,
                    Current value of rho: -0.54170 + -1.96473i,
                    Target rho: -0.18832 + -1.61835
------------------------------
Epoch: 15500 / 18000. Total scaled loss: 1.0008e-01, 
                    ODE(0) loss: 8.5760e-06, 
                    ODE(1) loss: 1.4906e-06, 
                    Non-trivial solution loss: 1.3921e-04,
                    Physics loss: 4.4388e-02,
                    Initial value of rho: -0.47902 + -2.00579i,
                    Current value of rho: -0.54468 + -1.96336i,
                    Target rho: -0.18832 + -1.61835
------------------------------
Epoch: 16000 / 18000. Total scaled loss: 7.2303e-01, 
                    ODE(0) loss: 5.7645e-02, 
                    ODE(1) loss: 1.5638e-03, 
                    Non-trivial solution loss: 7.2816e-05,
                    Physics loss: 4.6897e-02,
                    Initial value of rho: -0.47902 + -2.00579i,
                    Current value of rho: -0.54763 + -1.96212i,
                    Target rho: -0.18832 + -1.61835
------------------------------
Epoch: 16500 / 18000. Total scaled loss: 9.0649e-02, 
                    ODE(0) loss: 6.3121e-05, 
                    ODE(1) loss: 3.0011e-05, 
                    Non-trivial solution loss: 1.0712e-04,
                    Physics loss: 2.6603e-02,
                    Initial value of rho: -0.47902 + -2.00579i,
                    Current value of rho: -0.55051 + -1.96096i,
                    Target rho: -0.18832 + -1.61835
------------------------------
Epoch: 17000 / 18000. Total scaled loss: 8.7436e-02, 
                    ODE(0) loss: 1.7093e-04, 
                    ODE(1) loss: 2.9077e-06, 
                    Non-trivial solution loss: 1.7813e-04,
                    Physics loss: 2.1585e-02,
                    Initial value of rho: -0.47902 + -2.00579i,
                    Current value of rho: -0.55339 + -1.95978i,
                    Target rho: -0.18832 + -1.61835
------------------------------
Epoch: 17500 / 18000. Total scaled loss: 1.0539e-01, 
                    ODE(0) loss: 2.4775e-03, 
                    ODE(1) loss: 9.9125e-05, 
                    Non-trivial solution loss: 5.0079e-05,
                    Physics loss: 1.7808e-02,
                    Initial value of rho: -0.47902 + -2.00579i,
                    Current value of rho: -0.55621 + -1.95865i,
                    Target rho: -0.18832 + -1.61835
------------------------------
Epoch: 18000 / 18000. Total scaled loss: 1.6110e-01, 
                    ODE(0) loss: 7.8450e-03, 
                    ODE(1) loss: 1.4133e-04, 
                    Non-trivial solution loss: 1.1351e-04,
                    Physics loss: 1.6024e-02,
                    Initial value of rho: -0.47902 + -2.00579i,
                    Current value of rho: -0.55875 + -1.95753i,
                    Target rho: -0.18832 + -1.61835
------------------------------
Adam training complete. Switching to L-BFGS:
L-BFGS Epoch: 100 / 1000. Total scaled loss: 8.7986e-05, 
                    ODE(0) loss: 1.0447e-09, 
                    ODE(1) loss: 5.7960e-10, 
                    Non-trivial solution loss: 6.1857e-09,
                    Physics loss: 8.7908e-05,
                    Initial value of rho: -0.47902 + -2.00579i,
                    Current value of rho: -1.20527 + -1.79482i,
                    Target rho: -0.18832 + -1.61835
------------------------------
L-BFGS Epoch: 200 / 1000. Total scaled loss: 6.0419e-05, 
                    ODE(0) loss: 1.7542e-10, 
                    ODE(1) loss: 1.6510e-10, 
                    Non-trivial solution loss: 3.0115e-09,
                    Physics loss: 6.0385e-05,
                    Initial value of rho: -0.47902 + -2.00579i,
                    Current value of rho: -1.21432 + -1.85023i,
                    Target rho: -0.18832 + -1.61835
------------------------------
L-BFGS Epoch: 300 / 1000. Total scaled loss: 2.6060e-05, 
                    ODE(0) loss: 3.6529e-10, 
                    ODE(1) loss: 3.6766e-10, 
                    Non-trivial solution loss: 1.4562e-09,
                    Physics loss: 2.6038e-05,
                    Initial value of rho: -0.47902 + -2.00579i,
                    Current value of rho: -1.24827 + -1.85749i,
                    Target rho: -0.18832 + -1.61835
------------------------------
L-BFGS Epoch: 400 / 1000. Total scaled loss: 1.8898e-05, 
                    ODE(0) loss: 1.3041e-09, 
                    ODE(1) loss: 4.6833e-11, 
                    Non-trivial solution loss: 6.4036e-10,
                    Physics loss: 1.8878e-05,
                    Initial value of rho: -0.47902 + -2.00579i,
                    Current value of rho: -1.26643 + -1.84573i,
                    Target rho: -0.18832 + -1.61835
------------------------------
L-BFGS Epoch: 500 / 1000. Total scaled loss: 1.5631e-05, 
                    ODE(0) loss: 2.6773e-10, 
                    ODE(1) loss: 2.1594e-10, 
                    Non-trivial solution loss: 8.1541e-10,
                    Physics loss: 1.5618e-05,
                    Initial value of rho: -0.47902 + -2.00579i,
                    Current value of rho: -1.26421 + -1.86766i,
                    Target rho: -0.18832 + -1.61835
------------------------------
L-BFGS Epoch: 600 / 1000. Total scaled loss: 1.5367e-05, 
                    ODE(0) loss: 9.4682e-10, 
                    ODE(1) loss: 1.5920e-10, 
                    Non-trivial solution loss: 4.3970e-10,
                    Physics loss: 1.5352e-05,
                    Initial value of rho: -0.47902 + -2.00579i,
                    Current value of rho: -1.26473 + -1.86657i,
                    Target rho: -0.18832 + -1.61835
------------------------------
L-BFGS Epoch: 700 / 1000. Total scaled loss: 1.5180e-05, 
                    ODE(0) loss: 3.2010e-10, 
                    ODE(1) loss: 2.6752e-10, 
                    Non-trivial solution loss: 3.0735e-10,
                    Physics loss: 1.5171e-05,
                    Initial value of rho: -0.47902 + -2.00579i,
                    Current value of rho: -1.26493 + -1.86691i,
                    Target rho: -0.18832 + -1.61835
------------------------------
L-BFGS Epoch: 800 / 1000. Total scaled loss: 1.0505e-05, 
                    ODE(0) loss: 2.8506e-10, 
                    ODE(1) loss: 3.1143e-10, 
                    Non-trivial solution loss: 9.7464e-11,
                    Physics loss: 1.0498e-05,
                    Initial value of rho: -0.47902 + -2.00579i,
                    Current value of rho: -1.30974 + -1.87568i,
                    Target rho: -0.18832 + -1.61835
------------------------------
L-BFGS Epoch: 900 / 1000. Total scaled loss: 7.6094e-06, 
                    ODE(0) loss: 6.5146e-11, 
                    ODE(1) loss: 2.0508e-10, 
                    Non-trivial solution loss: 4.7124e-11,
                    Physics loss: 7.6062e-06,
                    Initial value of rho: -0.47902 + -2.00579i,
                    Current value of rho: -1.35093 + -1.88720i,
                    Target rho: -0.18832 + -1.61835
------------------------------
L-BFGS Epoch: 1000 / 1000. Total scaled loss: 7.4814e-06, 
                    ODE(0) loss: 5.3355e-11, 
                    ODE(1) loss: 1.4977e-10, 
                    Non-trivial solution loss: 4.7385e-11,
                    Physics loss: 7.4789e-06,
                    Initial value of rho: -0.47902 + -2.00579i,
                    Current value of rho: -1.35096 + -1.88746i,
                    Target rho: -0.18832 + -1.61835
------------------------------
Training complete for l = 4. Total scaled loss: 7.4814e-06, 
                    ODE(0) loss: 5.3355e-11, 
                    ODE(1) loss: 1.4977e-10, 
                    Non-trivial solution loss: 4.7385e-11,
                    Physics loss: 7.4789e-06,
                    Current value of rho: -1.35096 + -1.88746i
                    Target rho: -0.18832 + -1.61835
Training complete. Checkpoint saved to ./OutputQNM/l4/delta_0.6/pinn_checkpoint_qnm_l4_delta0.6.pth
l = 4 mode with delta = 0.6 completed successfully.
