000 (308365.002.000) 2026-03-03 13:51:46 Job submitted from host: <130.209.45.81:9618?addrs=130.209.45.81-9618&alias=wiay.astro.gla.ac.uk&noUDP&sock=schedd_8023_b06c>
...
001 (308365.002.000) 2026-03-03 13:51:46 Job executing on host: <130.209.45.81:9619?addrs=130.209.45.81-9619&alias=wiay.astro.gla.ac.uk&noUDP&sock=startd_35_e64f>
	SlotName: slot1_2@wiay.astro.gla.ac.uk
	AvailableGPUs = { GPUs_GPU_ccce0a6d }
	CondorScratchDir = "/var/lib/condor/execute/dir_380913"
	Cpus = 1
	Disk = 2048
	GPUs = 1
	GPUs_GPU_ccce0a6d = [ Id = "GPU-ccce0a6d"; ClockMhz = 1545.0; Capability = 7.5; CoresPerCU = 64; DeviceName = "NVIDIA GeForce RTX 2080 Ti"; DeviceUuid = "ccce0a6d-fcb7-3017-31fe-49f0f1089b6b"; ECCEnabled = false; ComputeUnits = 68; NvidiaDriver = "555.42.06"; DriverVersion = 12.5; DevicePciBusId = "0000:B1:00.0"; GlobalMemoryMb = 10827; MaxSupportedVersion = 12050 ]
	Memory = 2048
...
006 (308365.002.000) 2026-03-03 13:51:55 Image size of job updated: 363888
	356  -  MemoryUsage of job (MB)
	363888  -  ResidentSetSize of job (KB)
...
006 (308365.002.000) 2026-03-03 13:56:55 Image size of job updated: 803236
	785  -  MemoryUsage of job (MB)
	803236  -  ResidentSetSize of job (KB)
...
006 (308365.002.000) 2026-03-03 14:01:56 Image size of job updated: 958136
	936  -  MemoryUsage of job (MB)
	957792  -  ResidentSetSize of job (KB)
...
006 (308365.002.000) 2026-03-03 14:04:17 Image size of job updated: 1050120
	936  -  MemoryUsage of job (MB)
	957792  -  ResidentSetSize of job (KB)
...
005 (308365.002.000) 2026-03-03 14:04:17 Job terminated.
	(1) Normal termination (return value 0)
		Usr 0 00:12:05, Sys 0 00:00:10  -  Run Remote Usage
		Usr 0 00:00:00, Sys 0 00:00:00  -  Run Local Usage
		Usr 0 00:12:05, Sys 0 00:00:10  -  Total Remote Usage
		Usr 0 00:00:00, Sys 0 00:00:00  -  Total Local Usage
	0  -  Run Bytes Sent By Job
	0  -  Run Bytes Received By Job
	0  -  Total Bytes Sent By Job
	0  -  Total Bytes Received By Job
	Partitionable Resources :    Usage  Request Allocated Assigned
	   Cpus                 :     0.98        1         1 
	   Disk (KB)            :     1        1024      2048 
	   GPUs                 :     0.29        1         1 "GPU-ccce0a6d"
	   GpusMemory (MB)      :  1054                       
	   Memory (MB)          :   936        2048      2048 
	   TimeExecute (s)      :   751                       
	   TimeSlotBusy (s)     :   751                       
...
