000 (308365.017.000) 2026-03-03 13:51:46 Job submitted from host: <130.209.45.81:9618?addrs=130.209.45.81-9618&alias=wiay.astro.gla.ac.uk&noUDP&sock=schedd_8023_b06c>
...
001 (308365.017.000) 2026-03-03 14:29:46 Job executing on host: <130.209.45.56:9619?addrs=130.209.45.56-9619&alias=serenity.astro.gla.ac.uk&noUDP&sock=startd_35_e64f>
	SlotName: slot1_2@serenity.astro.gla.ac.uk
	AvailableGPUs = { GPUs_GPU_625f6b03 }
	CondorScratchDir = "/var/lib/condor/execute/dir_314272"
	Cpus = 1
	Disk = 2048
	GPUs = 1
	GPUs_GPU_625f6b03 = [ Id = "GPU-625f6b03"; ClockMhz = 1695.0; Capability = 8.6; CoresPerCU = 128; DeviceName = "NVIDIA GeForce RTX 3090"; DeviceUuid = "625f6b03-2809-23ef-06f5-609bcf7f9386"; ECCEnabled = false; ComputeUnits = 82; NvidiaDriver = "535.247.01"; DriverVersion = 12.2; DevicePciBusId = "0000:68:00.0"; GlobalMemoryMb = 24257; MaxSupportedVersion = 12020 ]
	Memory = 2048
...
006 (308365.017.000) 2026-03-03 14:29:55 Image size of job updated: 320288
	313  -  MemoryUsage of job (MB)
	320288  -  ResidentSetSize of job (KB)
...
006 (308365.017.000) 2026-03-03 14:34:56 Image size of job updated: 804836
	786  -  MemoryUsage of job (MB)
	804836  -  ResidentSetSize of job (KB)
...
006 (308365.017.000) 2026-03-03 14:39:57 Image size of job updated: 905076
	884  -  MemoryUsage of job (MB)
	905076  -  ResidentSetSize of job (KB)
...
006 (308365.017.000) 2026-03-03 14:44:57 Image size of job updated: 981508
	959  -  MemoryUsage of job (MB)
	981508  -  ResidentSetSize of job (KB)
...
006 (308365.017.000) 2026-03-03 14:48:15 Image size of job updated: 1087680
	959  -  MemoryUsage of job (MB)
	981508  -  ResidentSetSize of job (KB)
...
005 (308365.017.000) 2026-03-03 14:48:15 Job terminated.
	(1) Normal termination (return value 0)
		Usr 0 00:17:58, Sys 0 00:00:11  -  Run Remote Usage
		Usr 0 00:00:00, Sys 0 00:00:00  -  Run Local Usage
		Usr 0 00:17:58, Sys 0 00:00:11  -  Total Remote Usage
		Usr 0 00:00:00, Sys 0 00:00:00  -  Total Local Usage
	0  -  Run Bytes Sent By Job
	0  -  Run Bytes Received By Job
	0  -  Total Bytes Sent By Job
	0  -  Total Bytes Received By Job
	Partitionable Resources :    Usage  Request Allocated Assigned
	   Cpus                 :     0.99        1         1 
	   Disk (KB)            :     1        1024      2048 
	   GPUs                 :     0.16        1         1 "GPU-625f6b03"
	   GpusMemory (MB)      :   827                       
	   Memory (MB)          :   959        2048      2048 
	   TimeExecute (s)      :  1109                       
	   TimeSlotBusy (s)     :  1109                       
...
