000 (308365.023.000) 2026-03-03 13:51:46 Job submitted from host: <130.209.45.81:9618?addrs=130.209.45.81-9618&alias=wiay.astro.gla.ac.uk&noUDP&sock=schedd_8023_b06c>
...
001 (308365.023.000) 2026-03-03 14:45:31 Job executing on host: <130.209.45.81:9619?addrs=130.209.45.81-9619&alias=wiay.astro.gla.ac.uk&noUDP&sock=startd_35_e64f>
	SlotName: slot1_3@wiay.astro.gla.ac.uk
	AvailableGPUs = { GPUs_GPU_df018c53 }
	CondorScratchDir = "/var/lib/condor/execute/dir_381503"
	Cpus = 1
	Disk = 2048
	GPUs = 1
	GPUs_GPU_df018c53 = [ Id = "GPU-df018c53"; ClockMhz = 1545.0; Capability = 7.5; CoresPerCU = 64; DeviceName = "NVIDIA GeForce RTX 2080 Ti"; DeviceUuid = "df018c53-b27b-0d21-a520-70ec0819ac12"; ECCEnabled = false; ComputeUnits = 68; NvidiaDriver = "555.42.06"; DriverVersion = 12.5; DevicePciBusId = "0000:D9:00.0"; GlobalMemoryMb = 10827; MaxSupportedVersion = 12050 ]
	Memory = 2048
...
006 (308365.023.000) 2026-03-03 14:45:39 Image size of job updated: 731084
	714  -  MemoryUsage of job (MB)
	731084  -  ResidentSetSize of job (KB)
...
006 (308365.023.000) 2026-03-03 14:50:39 Image size of job updated: 832652
	814  -  MemoryUsage of job (MB)
	832652  -  ResidentSetSize of job (KB)
...
006 (308365.023.000) 2026-03-03 14:55:39 Image size of job updated: 945760
	924  -  MemoryUsage of job (MB)
	945760  -  ResidentSetSize of job (KB)
...
006 (308365.023.000) 2026-03-03 14:57:34 Image size of job updated: 1057740
	924  -  MemoryUsage of job (MB)
	945760  -  ResidentSetSize of job (KB)
...
005 (308365.023.000) 2026-03-03 14:57:34 Job terminated.
	(1) Normal termination (return value 0)
		Usr 0 00:11:47, Sys 0 00:00:09  -  Run Remote Usage
		Usr 0 00:00:00, Sys 0 00:00:00  -  Run Local Usage
		Usr 0 00:11:47, Sys 0 00:00:09  -  Total Remote Usage
		Usr 0 00:00:00, Sys 0 00:00:00  -  Total Local Usage
	0  -  Run Bytes Sent By Job
	0  -  Run Bytes Received By Job
	0  -  Total Bytes Sent By Job
	0  -  Total Bytes Received By Job
	Partitionable Resources :    Usage  Request Allocated Assigned
	   Cpus                 :     0.99        1         1 
	   Disk (KB)            :     1        1024      2048 
	   GPUs                 :     0.29        1         1 "GPU-df018c53"
	   GpusMemory (MB)      :   820                       
	   Memory (MB)          :   924        2048      2048 
	   TimeExecute (s)      :   723                       
	   TimeSlotBusy (s)     :   724                       
...
