Using device: cuda
------------------------------
Starting training for l = 3 with delta = 0.2
Initial rho: -0.12796 + -1.32176i
Target rho: -0.18541 + -1.19889i
Initial distance from target: 0.13563
------------------------------
Epoch: 1 / 18000. Total scaled loss: 5.1066e+02, 
                    ODE(0) loss: 2.2045e+00, 
                    ODE(1) loss: 1.5810e+00, 
                    Non-trivial solution loss: 1.3211e+00,
                    Physics loss: 7.6252e-01,
                    Initial value of rho: -0.12796 + -1.32176i,
                    Current value of rho: -0.12796 + -1.32176i,
                    Target rho: -0.18541 + -1.19889
------------------------------
Epoch: 500 / 18000. Total scaled loss: 4.3553e-02, 
                    ODE(0) loss: 1.0011e-09, 
                    ODE(1) loss: 4.1578e-09, 
                    Non-trivial solution loss: 2.2945e-07,
                    Physics loss: 4.3530e+00,
                    Initial value of rho: -0.12796 + -1.32176i,
                    Current value of rho: -0.12796 + -1.32176i,
                    Target rho: -0.18541 + -1.19889
------------------------------
Epoch: 1000 / 18000. Total scaled loss: 1.6155e+00, 
                    ODE(0) loss: 9.3795e-03, 
                    ODE(1) loss: 6.2851e-03, 
                    Non-trivial solution loss: 4.3324e-05,
                    Physics loss: 4.4706e+00,
                    Initial value of rho: -0.12796 + -1.32176i,
                    Current value of rho: -0.12796 + -1.32176i,
                    Target rho: -0.18541 + -1.19889
------------------------------
Epoch: 1500 / 18000. Total scaled loss: 4.5240e-02, 
                    ODE(0) loss: 8.9515e-06, 
                    ODE(1) loss: 5.6953e-06, 
                    Non-trivial solution loss: 5.1419e-07,
                    Physics loss: 4.3723e+00,
                    Initial value of rho: -0.12796 + -1.32176i,
                    Current value of rho: -0.12796 + -1.32176i,
                    Target rho: -0.18541 + -1.19889
------------------------------
Epoch: 2000 / 18000. Total scaled loss: 4.3610e-02, 
                    ODE(0) loss: 2.5656e-06, 
                    ODE(1) loss: 1.9486e-06, 
                    Non-trivial solution loss: 4.3606e-07,
                    Physics loss: 4.3115e+00,
                    Initial value of rho: -0.12796 + -1.32176i,
                    Current value of rho: -0.12796 + -1.32176i,
                    Target rho: -0.18541 + -1.19889
------------------------------
Epoch: 2500 / 18000. Total scaled loss: 4.3148e-02, 
                    ODE(0) loss: 4.4108e-09, 
                    ODE(1) loss: 6.5931e-09, 
                    Non-trivial solution loss: 2.3408e-07,
                    Physics loss: 4.3123e+00,
                    Initial value of rho: -0.12796 + -1.32176i,
                    Current value of rho: -0.12796 + -1.32176i,
                    Target rho: -0.18541 + -1.19889
------------------------------
Epoch: 3000 / 18000. Total scaled loss: 4.2895e-02, 
                    ODE(0) loss: 1.7106e-07, 
                    ODE(1) loss: 9.9815e-08, 
                    Non-trivial solution loss: 1.7502e-07,
                    Physics loss: 4.2850e+00,
                    Initial value of rho: -0.12796 + -1.32176i,
                    Current value of rho: -0.12796 + -1.32176i,
                    Target rho: -0.18541 + -1.19889
------------------------------
Epoch: 3500 / 18000. Total scaled loss: 4.3210e-02, 
                    ODE(0) loss: 8.3642e-08, 
                    ODE(1) loss: 8.2414e-08, 
                    Non-trivial solution loss: 2.0884e-07,
                    Physics loss: 4.3173e+00,
                    Initial value of rho: -0.12796 + -1.32176i,
                    Current value of rho: -0.12796 + -1.32176i,
                    Target rho: -0.18541 + -1.19889
------------------------------
Epoch: 4000 / 18000. Total scaled loss: 6.0701e-01, 
                    ODE(0) loss: 1.2240e-06, 
                    ODE(1) loss: 2.4818e-06, 
                    Non-trivial solution loss: 4.8872e-05,
                    Physics loss: 4.0168e+00,
                    Initial value of rho: -0.12796 + -1.32176i,
                    Current value of rho: -0.12796 + -1.32176i,
                    Target rho: -0.18541 + -1.19889
------------------------------
Epoch: 4500 / 18000. Total scaled loss: 8.0036e-01, 
                    ODE(0) loss: 1.7480e-05, 
                    ODE(1) loss: 9.6480e-06, 
                    Non-trivial solution loss: 9.7730e-05,
                    Physics loss: 3.7164e+00,
                    Initial value of rho: -0.12796 + -1.32176i,
                    Current value of rho: -0.12796 + -1.32176i,
                    Target rho: -0.18541 + -1.19889
------------------------------
Epoch: 5000 / 18000. Total scaled loss: 1.0359e+00, 
                    ODE(0) loss: 4.6817e-04, 
                    ODE(1) loss: 2.8543e-04, 
                    Non-trivial solution loss: 1.2748e-04,
                    Physics loss: 3.5043e+00,
                    Initial value of rho: -0.12796 + -1.32176i,
                    Current value of rho: -0.12796 + -1.32176i,
                    Target rho: -0.18541 + -1.19889
------------------------------
Epoch: 5500 / 18000. Total scaled loss: 1.1137e+00, 
                    ODE(0) loss: 6.8250e-06, 
                    ODE(1) loss: 3.1169e-06, 
                    Non-trivial solution loss: 2.3864e-04,
                    Physics loss: 3.2450e+00,
                    Initial value of rho: -0.12796 + -1.32176i,
                    Current value of rho: -0.12796 + -1.32176i,
                    Target rho: -0.18541 + -1.19889
------------------------------
Epoch: 6000 / 18000. Total scaled loss: 1.3724e+00, 
                    ODE(0) loss: 9.7258e-04, 
                    ODE(1) loss: 8.9472e-04, 
                    Non-trivial solution loss: 5.7142e-04,
                    Physics loss: 3.0051e+00,
                    Initial value of rho: -0.12796 + -1.32176i,
                    Current value of rho: -0.12796 + -1.32176i,
                    Target rho: -0.18541 + -1.19889
------------------------------
Epoch: 6500 / 18000. Total scaled loss: 1.3458e+00, 
                    ODE(0) loss: 7.0207e-07, 
                    ODE(1) loss: 1.2380e-05, 
                    Non-trivial solution loss: 4.7180e-04,
                    Physics loss: 2.8437e+00,
                    Initial value of rho: -0.12796 + -1.32176i,
                    Current value of rho: -0.12796 + -1.32176i,
                    Target rho: -0.18541 + -1.19889
------------------------------
Epoch: 7000 / 18000. Total scaled loss: 1.4281e+00, 
                    ODE(0) loss: 2.2488e-04, 
                    ODE(1) loss: 2.1064e-04, 
                    Non-trivial solution loss: 7.4793e-04,
                    Physics loss: 2.5913e+00,
                    Initial value of rho: -0.12796 + -1.32176i,
                    Current value of rho: -0.12796 + -1.32176i,
                    Target rho: -0.18541 + -1.19889
------------------------------
Epoch: 7500 / 18000. Total scaled loss: 1.4486e+00, 
                    ODE(0) loss: 3.3120e-06, 
                    ODE(1) loss: 4.1052e-07, 
                    Non-trivial solution loss: 8.6927e-04,
                    Physics loss: 2.3901e+00,
                    Initial value of rho: -0.12796 + -1.32176i,
                    Current value of rho: -0.12796 + -1.32176i,
                    Target rho: -0.18541 + -1.19889
------------------------------
Epoch: 8000 / 18000. Total scaled loss: 1.4723e+00, 
                    ODE(0) loss: 8.3398e-06, 
                    ODE(1) loss: 8.0306e-06, 
                    Non-trivial solution loss: 1.1460e-03,
                    Physics loss: 2.1850e+00,
                    Initial value of rho: -0.12796 + -1.32176i,
                    Current value of rho: -0.12796 + -1.32176i,
                    Target rho: -0.18541 + -1.19889
------------------------------
Epoch: 8500 / 18000. Total scaled loss: 1.5311e+00, 
                    ODE(0) loss: 4.6882e-04, 
                    ODE(1) loss: 9.3566e-04, 
                    Non-trivial solution loss: 1.6062e-03,
                    Physics loss: 1.9855e+00,
                    Initial value of rho: -0.12796 + -1.32176i,
                    Current value of rho: -0.12796 + -1.32176i,
                    Target rho: -0.18541 + -1.19889
------------------------------
Epoch: 9000 / 18000. Total scaled loss: 1.4838e+00, 
                    ODE(0) loss: 3.1721e-06, 
                    ODE(1) loss: 1.9469e-06, 
                    Non-trivial solution loss: 2.1561e-03,
                    Physics loss: 1.8242e+00,
                    Initial value of rho: -0.12796 + -1.32176i,
                    Current value of rho: -0.12796 + -1.32176i,
                    Target rho: -0.18541 + -1.19889
------------------------------
Unfreezing rho...
Epoch: 9500 / 18000. Total scaled loss: 7.8076e-01, 
                    ODE(0) loss: 3.4848e-06, 
                    ODE(1) loss: 6.1736e-05, 
                    Non-trivial solution loss: 8.9403e-04,
                    Physics loss: 9.0230e-01,
                    Initial value of rho: -0.12796 + -1.32176i,
                    Current value of rho: -0.14991 + -1.28450i,
                    Target rho: -0.18541 + -1.19889
------------------------------
Epoch: 10000 / 18000. Total scaled loss: 4.2748e-01, 
                    ODE(0) loss: 3.2058e-05, 
                    ODE(1) loss: 6.2689e-04, 
                    Non-trivial solution loss: 5.1264e-04,
                    Physics loss: 4.4899e-01,
                    Initial value of rho: -0.12796 + -1.32176i,
                    Current value of rho: -0.16235 + -1.25624i,
                    Target rho: -0.18541 + -1.19889
------------------------------
Epoch: 10500 / 18000. Total scaled loss: 2.1937e-01, 
                    ODE(0) loss: 7.6825e-07, 
                    ODE(1) loss: 4.0847e-05, 
                    Non-trivial solution loss: 4.2416e-04,
                    Physics loss: 2.2129e-01,
                    Initial value of rho: -0.12796 + -1.32176i,
                    Current value of rho: -0.16917 + -1.23496i,
                    Target rho: -0.18541 + -1.19889
------------------------------
Epoch: 11000 / 18000. Total scaled loss: 7.1157e-02, 
                    ODE(0) loss: 3.8964e-06, 
                    ODE(1) loss: 1.7311e-04, 
                    Non-trivial solution loss: 1.8842e-04,
                    Physics loss: 6.7503e-02,
                    Initial value of rho: -0.12796 + -1.32176i,
                    Current value of rho: -0.17438 + -1.21856i,
                    Target rho: -0.18541 + -1.19889
------------------------------
Epoch: 11500 / 18000. Total scaled loss: 2.2075e-02, 
                    ODE(0) loss: 1.0281e-05, 
                    ODE(1) loss: 1.7865e-04, 
                    Non-trivial solution loss: 4.0583e-05,
                    Physics loss: 1.9780e-02,
                    Initial value of rho: -0.12796 + -1.32176i,
                    Current value of rho: -0.17995 + -1.21092i,
                    Target rho: -0.18541 + -1.19889
------------------------------
Epoch: 12000 / 18000. Total scaled loss: 8.1874e-03, 
                    ODE(0) loss: 1.4765e-07, 
                    ODE(1) loss: 4.3160e-06, 
                    Non-trivial solution loss: 6.3720e-06,
                    Physics loss: 8.0790e-03,
                    Initial value of rho: -0.12796 + -1.32176i,
                    Current value of rho: -0.18335 + -1.20723i,
                    Target rho: -0.18541 + -1.19889
------------------------------
Epoch: 12500 / 18000. Total scaled loss: 5.1432e-03, 
                    ODE(0) loss: 5.1342e-08, 
                    ODE(1) loss: 1.1339e-06, 
                    Non-trivial solution loss: 3.1548e-06,
                    Physics loss: 5.0998e-03,
                    Initial value of rho: -0.12796 + -1.32176i,
                    Current value of rho: -0.18489 + -1.20529i,
                    Target rho: -0.18541 + -1.19889
------------------------------
Epoch: 13000 / 18000. Total scaled loss: 4.0321e-03, 
                    ODE(0) loss: 8.6736e-08, 
                    ODE(1) loss: 4.5632e-07, 
                    Non-trivial solution loss: 2.0794e-06,
                    Physics loss: 4.0059e-03,
                    Initial value of rho: -0.12796 + -1.32176i,
                    Current value of rho: -0.18549 + -1.20414i,
                    Target rho: -0.18541 + -1.19889
------------------------------
Epoch: 13500 / 18000. Total scaled loss: 7.0996e-03, 
                    ODE(0) loss: 1.8048e-05, 
                    ODE(1) loss: 2.9442e-04, 
                    Non-trivial solution loss: 8.8035e-06,
                    Physics loss: 3.8869e-03,
                    Initial value of rho: -0.12796 + -1.32176i,
                    Current value of rho: -0.18569 + -1.20341i,
                    Target rho: -0.18541 + -1.19889
------------------------------
Epoch: 14000 / 18000. Total scaled loss: 4.1555e-03, 
                    ODE(0) loss: 9.1528e-06, 
                    ODE(1) loss: 9.0524e-05, 
                    Non-trivial solution loss: 2.0499e-06,
                    Physics loss: 3.1382e-03,
                    Initial value of rho: -0.12796 + -1.32176i,
                    Current value of rho: -0.18572 + -1.20287i,
                    Target rho: -0.18541 + -1.19889
------------------------------
Epoch: 14500 / 18000. Total scaled loss: 2.8069e-03, 
                    ODE(0) loss: 2.5109e-07, 
                    ODE(1) loss: 6.2045e-07, 
                    Non-trivial solution loss: 1.2922e-06,
                    Physics loss: 2.5093e-03,
                    Initial value of rho: -0.12796 + -1.32176i,
                    Current value of rho: -0.18570 + -1.20243i,
                    Target rho: -0.18541 + -1.19889
------------------------------
Epoch: 15000 / 18000. Total scaled loss: 3.9122e-03, 
                    ODE(0) loss: 2.1820e-06, 
                    ODE(1) loss: 7.4644e-05, 
                    Non-trivial solution loss: 2.2800e-06,
                    Physics loss: 1.8739e-03,
                    Initial value of rho: -0.12796 + -1.32176i,
                    Current value of rho: -0.18565 + -1.20196i,
                    Target rho: -0.18541 + -1.19889
------------------------------
Epoch: 15500 / 18000. Total scaled loss: 3.0174e-02, 
                    ODE(0) loss: 1.3384e-04, 
                    ODE(1) loss: 2.3607e-03, 
                    Non-trivial solution loss: 3.3183e-06,
                    Physics loss: 2.3389e-03,
                    Initial value of rho: -0.12796 + -1.32176i,
                    Current value of rho: -0.18557 + -1.20141i,
                    Target rho: -0.18541 + -1.19889
------------------------------
Epoch: 16000 / 18000. Total scaled loss: 4.5751e-03, 
                    ODE(0) loss: 1.8767e-05, 
                    ODE(1) loss: 1.5849e-04, 
                    Non-trivial solution loss: 4.7831e-06,
                    Physics loss: 9.9211e-04,
                    Initial value of rho: -0.12796 + -1.32176i,
                    Current value of rho: -0.18547 + -1.20086i,
                    Target rho: -0.18541 + -1.19889
------------------------------
Epoch: 16500 / 18000. Total scaled loss: 2.5204e-03, 
                    ODE(0) loss: 3.1980e-07, 
                    ODE(1) loss: 1.2556e-05, 
                    Non-trivial solution loss: 2.4230e-06,
                    Physics loss: 7.1046e-04,
                    Initial value of rho: -0.12796 + -1.32176i,
                    Current value of rho: -0.18537 + -1.20036i,
                    Target rho: -0.18541 + -1.19889
------------------------------
Epoch: 17000 / 18000. Total scaled loss: 1.4051e-02, 
                    ODE(0) loss: 5.2309e-05, 
                    ODE(1) loss: 1.1412e-03, 
                    Non-trivial solution loss: 1.6419e-05,
                    Physics loss: 5.0212e-04,
                    Initial value of rho: -0.12796 + -1.32176i,
                    Current value of rho: -0.18528 + -1.19997i,
                    Target rho: -0.18541 + -1.19889
------------------------------
Epoch: 17500 / 18000. Total scaled loss: 2.1192e-03, 
                    ODE(0) loss: 4.2333e-07, 
                    ODE(1) loss: 1.4494e-05, 
                    Non-trivial solution loss: 1.0093e-06,
                    Physics loss: 4.4109e-04,
                    Initial value of rho: -0.12796 + -1.32176i,
                    Current value of rho: -0.18524 + -1.19965i,
                    Target rho: -0.18541 + -1.19889
------------------------------
Epoch: 18000 / 18000. Total scaled loss: 1.8357e-03, 
                    ODE(0) loss: 4.9238e-08, 
                    ODE(1) loss: 8.2791e-07, 
                    Non-trivial solution loss: 1.1237e-06,
                    Physics loss: 3.6322e-04,
                    Initial value of rho: -0.12796 + -1.32176i,
                    Current value of rho: -0.18520 + -1.19946i,
                    Target rho: -0.18541 + -1.19889
------------------------------
Adam training complete. Switching to L-BFGS:
L-BFGS Epoch: 100 / 1000. Total scaled loss: 4.7776e-07, 
                    ODE(0) loss: 6.6713e-11, 
                    ODE(1) loss: 9.1859e-11, 
                    Non-trivial solution loss: 2.3782e-13,
                    Physics loss: 4.7617e-07,
                    Initial value of rho: -0.12796 + -1.32176i,
                    Current value of rho: -0.18541 + -1.19889i,
                    Target rho: -0.18541 + -1.19889
------------------------------
L-BFGS Epoch: 200 / 1000. Total scaled loss: 4.5674e-07, 
                    ODE(0) loss: 2.6383e-11, 
                    ODE(1) loss: 3.6380e-11, 
                    Non-trivial solution loss: 5.3194e-14,
                    Physics loss: 4.5611e-07,
                    Initial value of rho: -0.12796 + -1.32176i,
                    Current value of rho: -0.18541 + -1.19888i,
                    Target rho: -0.18541 + -1.19889
------------------------------
L-BFGS Epoch: 300 / 1000. Total scaled loss: 4.5715e-07, 
                    ODE(0) loss: 2.4930e-11, 
                    ODE(1) loss: 3.5527e-11, 
                    Non-trivial solution loss: 3.7539e-14,
                    Physics loss: 4.5654e-07,
                    Initial value of rho: -0.12796 + -1.32176i,
                    Current value of rho: -0.18541 + -1.19888i,
                    Target rho: -0.18541 + -1.19889
------------------------------
L-BFGS Epoch: 400 / 1000. Total scaled loss: 4.5079e-07, 
                    ODE(0) loss: 3.4086e-11, 
                    ODE(1) loss: 2.2737e-11, 
                    Non-trivial solution loss: 3.5527e-13,
                    Physics loss: 4.5021e-07,
                    Initial value of rho: -0.12796 + -1.32176i,
                    Current value of rho: -0.18541 + -1.19888i,
                    Target rho: -0.18541 + -1.19889
------------------------------
L-BFGS Epoch: 500 / 1000. Total scaled loss: 4.6042e-07, 
                    ODE(0) loss: 3.4086e-11, 
                    ODE(1) loss: 2.2737e-11, 
                    Non-trivial solution loss: 3.5527e-13,
                    Physics loss: 4.5985e-07,
                    Initial value of rho: -0.12796 + -1.32176i,
                    Current value of rho: -0.18541 + -1.19888i,
                    Target rho: -0.18541 + -1.19889
------------------------------
L-BFGS Epoch: 600 / 1000. Total scaled loss: 4.6313e-07, 
                    ODE(0) loss: 3.4086e-11, 
                    ODE(1) loss: 2.2737e-11, 
                    Non-trivial solution loss: 3.5527e-13,
                    Physics loss: 4.6255e-07,
                    Initial value of rho: -0.12796 + -1.32176i,
                    Current value of rho: -0.18541 + -1.19888i,
                    Target rho: -0.18541 + -1.19889
------------------------------
L-BFGS Epoch: 700 / 1000. Total scaled loss: 4.4690e-07, 
                    ODE(0) loss: 3.4086e-11, 
                    ODE(1) loss: 2.2737e-11, 
                    Non-trivial solution loss: 3.5527e-13,
                    Physics loss: 4.4633e-07,
                    Initial value of rho: -0.12796 + -1.32176i,
                    Current value of rho: -0.18541 + -1.19888i,
                    Target rho: -0.18541 + -1.19889
------------------------------
L-BFGS Epoch: 800 / 1000. Total scaled loss: 4.6264e-07, 
                    ODE(0) loss: 3.6205e-11, 
                    ODE(1) loss: 2.2737e-11, 
                    Non-trivial solution loss: 3.5527e-13,
                    Physics loss: 4.6204e-07,
                    Initial value of rho: -0.12796 + -1.32176i,
                    Current value of rho: -0.18541 + -1.19888i,
                    Target rho: -0.18541 + -1.19889
------------------------------
L-BFGS Epoch: 900 / 1000. Total scaled loss: 4.5441e-07, 
                    ODE(0) loss: 3.4086e-11, 
                    ODE(1) loss: 2.2737e-11, 
                    Non-trivial solution loss: 3.5527e-13,
                    Physics loss: 4.5384e-07,
                    Initial value of rho: -0.12796 + -1.32176i,
                    Current value of rho: -0.18541 + -1.19888i,
                    Target rho: -0.18541 + -1.19889
------------------------------
L-BFGS Epoch: 1000 / 1000. Total scaled loss: 4.6966e-07, 
                    ODE(0) loss: 3.4086e-11, 
                    ODE(1) loss: 2.2737e-11, 
                    Non-trivial solution loss: 3.5527e-13,
                    Physics loss: 4.6909e-07,
                    Initial value of rho: -0.12796 + -1.32176i,
                    Current value of rho: -0.18541 + -1.19888i,
                    Target rho: -0.18541 + -1.19889
------------------------------
Training complete for l = 3. Total scaled loss: 4.6966e-07, 
                    ODE(0) loss: 3.4086e-11, 
                    ODE(1) loss: 2.2737e-11, 
                    Non-trivial solution loss: 3.5527e-13,
                    Physics loss: 4.6909e-07,
                    Current value of rho: -0.18541 + -1.19888i
                    Target rho: -0.18541 + -1.19889
Training complete. Checkpoint saved to ./OutputQNM/l3/delta_0.2/pinn_checkpoint_qnm_l3_delta0.2.pth
l = 3 mode with delta = 0.2 completed successfully.
