Using device: cuda
------------------------------
Starting training for l = 2 with delta = 0.5
Initial rho: 0.27620 + -0.80063i
Target rho: -0.17792 + -0.74734i
Initial distance from target: 0.45724
------------------------------
Epoch: 1 / 18000. Total scaled loss: 1.7815e+02, 
                    ODE(0) loss: 2.1372e-01, 
                    ODE(1) loss: 4.0518e-01, 
                    Non-trivial solution loss: 1.1625e+00,
                    Physics loss: 3.2892e-01,
                    Initial value of rho: 0.27620 + -0.80063i,
                    Current value of rho: 0.27620 + -0.80063i,
                    Target rho: -0.17792 + -0.74734
------------------------------
Epoch: 500 / 18000. Total scaled loss: 2.6356e-01, 
                    ODE(0) loss: 2.9214e-05, 
                    ODE(1) loss: 8.4852e-05, 
                    Non-trivial solution loss: 4.6159e-06,
                    Physics loss: 2.5169e+01,
                    Initial value of rho: 0.27620 + -0.80063i,
                    Current value of rho: 0.27620 + -0.80063i,
                    Target rho: -0.17792 + -0.74734
------------------------------
Epoch: 1000 / 18000. Total scaled loss: 2.6578e-01, 
                    ODE(0) loss: 1.0354e-04, 
                    ODE(1) loss: 5.6372e-05, 
                    Non-trivial solution loss: 4.8207e-05,
                    Physics loss: 2.4497e+01,
                    Initial value of rho: 0.27620 + -0.80063i,
                    Current value of rho: 0.27620 + -0.80063i,
                    Target rho: -0.17792 + -0.74734
------------------------------
Epoch: 1500 / 18000. Total scaled loss: 2.6686e-01, 
                    ODE(0) loss: 6.8814e-05, 
                    ODE(1) loss: 1.2590e-04, 
                    Non-trivial solution loss: 3.8218e-06,
                    Physics loss: 2.4701e+01,
                    Initial value of rho: 0.27620 + -0.80063i,
                    Current value of rho: 0.27620 + -0.80063i,
                    Target rho: -0.17792 + -0.74734
------------------------------
Epoch: 2000 / 18000. Total scaled loss: 4.7657e-01, 
                    ODE(0) loss: 1.9779e-03, 
                    ODE(1) loss: 2.2794e-04, 
                    Non-trivial solution loss: 1.2903e-04,
                    Physics loss: 2.4309e+01,
                    Initial value of rho: 0.27620 + -0.80063i,
                    Current value of rho: 0.27620 + -0.80063i,
                    Target rho: -0.17792 + -0.74734
------------------------------
Epoch: 2500 / 18000. Total scaled loss: 2.4237e-01, 
                    ODE(0) loss: 3.3058e-07, 
                    ODE(1) loss: 4.1120e-08, 
                    Non-trivial solution loss: 5.8660e-06,
                    Physics loss: 2.4175e+01,
                    Initial value of rho: 0.27620 + -0.80063i,
                    Current value of rho: 0.27620 + -0.80063i,
                    Target rho: -0.17792 + -0.74734
------------------------------
Epoch: 3000 / 18000. Total scaled loss: 5.3770e-01, 
                    ODE(0) loss: 2.2233e-03, 
                    ODE(1) loss: 4.4428e-04, 
                    Non-trivial solution loss: 3.5690e-04,
                    Physics loss: 2.3525e+01,
                    Initial value of rho: 0.27620 + -0.80063i,
                    Current value of rho: 0.27620 + -0.80063i,
                    Target rho: -0.17792 + -0.74734
------------------------------
Epoch: 3500 / 18000. Total scaled loss: 3.7568e-01, 
                    ODE(0) loss: 1.1991e-03, 
                    ODE(1) loss: 1.9175e-04, 
                    Non-trivial solution loss: 1.3748e-05,
                    Physics loss: 2.3522e+01,
                    Initial value of rho: 0.27620 + -0.80063i,
                    Current value of rho: 0.27620 + -0.80063i,
                    Target rho: -0.17792 + -0.74734
------------------------------
Epoch: 4000 / 18000. Total scaled loss: 3.3033e+00, 
                    ODE(0) loss: 2.1799e-03, 
                    ODE(1) loss: 1.7589e-04, 
                    Non-trivial solution loss: 2.3883e-03,
                    Physics loss: 1.9033e+01,
                    Initial value of rho: 0.27620 + -0.80063i,
                    Current value of rho: 0.27620 + -0.80063i,
                    Target rho: -0.17792 + -0.74734
------------------------------
Epoch: 4500 / 18000. Total scaled loss: 3.4784e+00, 
                    ODE(0) loss: 1.5417e-05, 
                    ODE(1) loss: 8.5168e-07, 
                    Non-trivial solution loss: 1.9805e-03,
                    Physics loss: 1.5544e+01,
                    Initial value of rho: 0.27620 + -0.80063i,
                    Current value of rho: 0.27620 + -0.80063i,
                    Target rho: -0.17792 + -0.74734
------------------------------
Epoch: 5000 / 18000. Total scaled loss: 3.6944e+00, 
                    ODE(0) loss: 4.9471e-07, 
                    ODE(1) loss: 6.7977e-07, 
                    Non-trivial solution loss: 2.3136e-03,
                    Physics loss: 1.2746e+01,
                    Initial value of rho: 0.27620 + -0.80063i,
                    Current value of rho: 0.27620 + -0.80063i,
                    Target rho: -0.17792 + -0.74734
------------------------------
Epoch: 5500 / 18000. Total scaled loss: 4.2387e+00, 
                    ODE(0) loss: 2.3969e-06, 
                    ODE(1) loss: 7.9141e-08, 
                    Non-trivial solution loss: 3.2711e-03,
                    Physics loss: 1.1824e+01,
                    Initial value of rho: 0.27620 + -0.80063i,
                    Current value of rho: 0.27620 + -0.80063i,
                    Target rho: -0.17792 + -0.74734
------------------------------
Epoch: 6000 / 18000. Total scaled loss: 4.7606e+00, 
                    ODE(0) loss: 1.8799e-06, 
                    ODE(1) loss: 1.8158e-07, 
                    Non-trivial solution loss: 4.8045e-03,
                    Physics loss: 1.1064e+01,
                    Initial value of rho: 0.27620 + -0.80063i,
                    Current value of rho: 0.27620 + -0.80063i,
                    Target rho: -0.17792 + -0.74734
------------------------------
Epoch: 6500 / 18000. Total scaled loss: 5.4120e+00, 
                    ODE(0) loss: 5.9794e-04, 
                    ODE(1) loss: 1.2970e-05, 
                    Non-trivial solution loss: 7.2617e-03,
                    Physics loss: 1.0619e+01,
                    Initial value of rho: 0.27620 + -0.80063i,
                    Current value of rho: 0.27620 + -0.80063i,
                    Target rho: -0.17792 + -0.74734
------------------------------
Epoch: 7000 / 18000. Total scaled loss: 5.8040e+00, 
                    ODE(0) loss: 2.0758e-06, 
                    ODE(1) loss: 1.4381e-06, 
                    Non-trivial solution loss: 1.0440e-02,
                    Physics loss: 9.9135e+00,
                    Initial value of rho: 0.27620 + -0.80063i,
                    Current value of rho: 0.27620 + -0.80063i,
                    Target rho: -0.17792 + -0.74734
------------------------------
Epoch: 7500 / 18000. Total scaled loss: 6.3417e+00, 
                    ODE(0) loss: 8.8354e-05, 
                    ODE(1) loss: 1.7256e-06, 
                    Non-trivial solution loss: 1.5688e-02,
                    Physics loss: 9.4197e+00,
                    Initial value of rho: 0.27620 + -0.80063i,
                    Current value of rho: 0.27620 + -0.80063i,
                    Target rho: -0.17792 + -0.74734
------------------------------
Epoch: 8000 / 18000. Total scaled loss: 6.7373e+00, 
                    ODE(0) loss: 1.1304e-05, 
                    ODE(1) loss: 4.2697e-08, 
                    Non-trivial solution loss: 2.3393e-02,
                    Physics loss: 8.7461e+00,
                    Initial value of rho: 0.27620 + -0.80063i,
                    Current value of rho: 0.27620 + -0.80063i,
                    Target rho: -0.17792 + -0.74734
------------------------------
Epoch: 8500 / 18000. Total scaled loss: 7.2567e+00, 
                    ODE(0) loss: 2.9578e-05, 
                    ODE(1) loss: 3.4460e-06, 
                    Non-trivial solution loss: 3.4386e-02,
                    Physics loss: 8.3137e+00,
                    Initial value of rho: 0.27620 + -0.80063i,
                    Current value of rho: 0.27620 + -0.80063i,
                    Target rho: -0.17792 + -0.74734
------------------------------
Epoch: 9000 / 18000. Total scaled loss: 7.3309e+00, 
                    ODE(0) loss: 4.5135e-04, 
                    ODE(1) loss: 1.0424e-05, 
                    Non-trivial solution loss: 5.1590e-02,
                    Physics loss: 7.2768e+00,
                    Initial value of rho: 0.27620 + -0.80063i,
                    Current value of rho: 0.27620 + -0.80063i,
                    Target rho: -0.17792 + -0.74734
------------------------------
Unfreezing rho...
Epoch: 9500 / 18000. Total scaled loss: 6.0602e+00, 
                    ODE(0) loss: 1.4561e-05, 
                    ODE(1) loss: 2.3456e-06, 
                    Non-trivial solution loss: 5.3630e-02,
                    Physics loss: 5.5546e+00,
                    Initial value of rho: 0.27620 + -0.80063i,
                    Current value of rho: 0.22745 + -0.75568i,
                    Target rho: -0.17792 + -0.74734
------------------------------
Epoch: 10000 / 18000. Total scaled loss: 4.8049e+00, 
                    ODE(0) loss: 1.3535e-05, 
                    ODE(1) loss: 6.8863e-07, 
                    Non-trivial solution loss: 5.9210e-02,
                    Physics loss: 4.0224e+00,
                    Initial value of rho: 0.27620 + -0.80063i,
                    Current value of rho: 0.18090 + -0.71945i,
                    Target rho: -0.17792 + -0.74734
------------------------------
Epoch: 10500 / 18000. Total scaled loss: 3.7986e+00, 
                    ODE(0) loss: 3.0163e-05, 
                    ODE(1) loss: 4.2196e-06, 
                    Non-trivial solution loss: 7.5375e-02,
                    Physics loss: 2.8687e+00,
                    Initial value of rho: 0.27620 + -0.80063i,
                    Current value of rho: 0.13760 + -0.69481i,
                    Target rho: -0.17792 + -0.74734
------------------------------
Epoch: 11000 / 18000. Total scaled loss: 2.9451e+00, 
                    ODE(0) loss: 4.5014e-06, 
                    ODE(1) loss: 2.5097e-05, 
                    Non-trivial solution loss: 8.7918e-02,
                    Physics loss: 2.0656e+00,
                    Initial value of rho: 0.27620 + -0.80063i,
                    Current value of rho: 0.09869 + -0.68246i,
                    Target rho: -0.17792 + -0.74734
------------------------------
Epoch: 11500 / 18000. Total scaled loss: 2.2790e+00, 
                    ODE(0) loss: 2.2322e-06, 
                    ODE(1) loss: 1.4677e-05, 
                    Non-trivial solution loss: 5.3223e-02,
                    Physics loss: 1.7466e+00,
                    Initial value of rho: 0.27620 + -0.80063i,
                    Current value of rho: 0.05721 + -0.68068i,
                    Target rho: -0.17792 + -0.74734
------------------------------
Epoch: 12000 / 18000. Total scaled loss: 1.6333e+00, 
                    ODE(0) loss: 8.4115e-06, 
                    ODE(1) loss: 2.9780e-05, 
                    Non-trivial solution loss: 2.7327e-02,
                    Physics loss: 1.3596e+00,
                    Initial value of rho: 0.27620 + -0.80063i,
                    Current value of rho: 0.01300 + -0.69109i,
                    Target rho: -0.17792 + -0.74734
------------------------------
Epoch: 12500 / 18000. Total scaled loss: 1.0307e+00, 
                    ODE(0) loss: 1.2139e-06, 
                    ODE(1) loss: 2.2677e-06, 
                    Non-trivial solution loss: 1.1276e-02,
                    Physics loss: 9.1789e-01,
                    Initial value of rho: 0.27620 + -0.80063i,
                    Current value of rho: -0.03028 + -0.70730i,
                    Target rho: -0.17792 + -0.74734
------------------------------
Epoch: 13000 / 18000. Total scaled loss: 5.8555e-01, 
                    ODE(0) loss: 7.7726e-06, 
                    ODE(1) loss: 1.6878e-05, 
                    Non-trivial solution loss: 3.6492e-03,
                    Physics loss: 5.4881e-01,
                    Initial value of rho: 0.27620 + -0.80063i,
                    Current value of rho: -0.06918 + -0.72043i,
                    Target rho: -0.17792 + -0.74734
------------------------------
Epoch: 13500 / 18000. Total scaled loss: 3.9671e-01, 
                    ODE(0) loss: 9.5325e-04, 
                    ODE(1) loss: 1.0299e-02, 
                    Non-trivial solution loss: 9.0094e-04,
                    Physics loss: 2.7517e-01,
                    Initial value of rho: 0.27620 + -0.80063i,
                    Current value of rho: -0.10141 + -0.72896i,
                    Target rho: -0.17792 + -0.74734
------------------------------
Epoch: 14000 / 18000. Total scaled loss: 1.2761e-01, 
                    ODE(0) loss: 3.4336e-06, 
                    ODE(1) loss: 2.0745e-05, 
                    Non-trivial solution loss: 2.1110e-04,
                    Physics loss: 1.2525e-01,
                    Initial value of rho: 0.27620 + -0.80063i,
                    Current value of rho: -0.12621 + -0.73516i,
                    Target rho: -0.17792 + -0.74734
------------------------------
Epoch: 14500 / 18000. Total scaled loss: 5.7839e-02, 
                    ODE(0) loss: 1.2524e-05, 
                    ODE(1) loss: 6.1144e-05, 
                    Non-trivial solution loss: 5.8122e-05,
                    Physics loss: 5.0920e-02,
                    Initial value of rho: 0.27620 + -0.80063i,
                    Current value of rho: -0.14418 + -0.73946i,
                    Target rho: -0.17792 + -0.74734
------------------------------
Epoch: 15000 / 18000. Total scaled loss: 2.4686e-02, 
                    ODE(0) loss: 4.1526e-06, 
                    ODE(1) loss: 8.5164e-06, 
                    Non-trivial solution loss: 1.5184e-05,
                    Physics loss: 1.4654e-02,
                    Initial value of rho: 0.27620 + -0.80063i,
                    Current value of rho: -0.15939 + -0.74302i,
                    Target rho: -0.17792 + -0.74734
------------------------------
Epoch: 15500 / 18000. Total scaled loss: 6.6204e-03, 
                    ODE(0) loss: 4.3326e-07, 
                    ODE(1) loss: 2.8753e-07, 
                    Non-trivial solution loss: 2.2273e-06,
                    Physics loss: 2.9674e-03,
                    Initial value of rho: 0.27620 + -0.80063i,
                    Current value of rho: -0.16990 + -0.74547i,
                    Target rho: -0.17792 + -0.74734
------------------------------
Epoch: 16000 / 18000. Total scaled loss: 2.0571e-03, 
                    ODE(0) loss: 3.8650e-06, 
                    ODE(1) loss: 1.2780e-05, 
                    Non-trivial solution loss: 7.9426e-07,
                    Physics loss: 6.7805e-04,
                    Initial value of rho: 0.27620 + -0.80063i,
                    Current value of rho: -0.17514 + -0.74674i,
                    Target rho: -0.17792 + -0.74734
------------------------------
Epoch: 16500 / 18000. Total scaled loss: 1.8639e-03, 
                    ODE(0) loss: 2.4116e-05, 
                    ODE(1) loss: 5.4309e-05, 
                    Non-trivial solution loss: 2.0873e-06,
                    Physics loss: 3.1775e-04,
                    Initial value of rho: 0.27620 + -0.80063i,
                    Current value of rho: -0.17704 + -0.74730i,
                    Target rho: -0.17792 + -0.74734
------------------------------
Epoch: 17000 / 18000. Total scaled loss: 1.2959e-03, 
                    ODE(0) loss: 3.5686e-06, 
                    ODE(1) loss: 3.0048e-05, 
                    Non-trivial solution loss: 5.7368e-07,
                    Physics loss: 2.4540e-04,
                    Initial value of rho: 0.27620 + -0.80063i,
                    Current value of rho: -0.17756 + -0.74752i,
                    Target rho: -0.17792 + -0.74734
------------------------------
Epoch: 17500 / 18000. Total scaled loss: 9.5581e-03, 
                    ODE(0) loss: 6.2893e-05, 
                    ODE(1) loss: 7.6847e-04, 
                    Non-trivial solution loss: 6.3100e-06,
                    Physics loss: 2.6587e-04,
                    Initial value of rho: 0.27620 + -0.80063i,
                    Current value of rho: -0.17764 + -0.74759i,
                    Target rho: -0.17792 + -0.74734
------------------------------
Epoch: 18000 / 18000. Total scaled loss: 1.1534e-03, 
                    ODE(0) loss: 1.3021e-06, 
                    ODE(1) loss: 4.7289e-06, 
                    Non-trivial solution loss: 5.5084e-08,
                    Physics loss: 2.1855e-04,
                    Initial value of rho: 0.27620 + -0.80063i,
                    Current value of rho: -0.17762 + -0.74759i,
                    Target rho: -0.17792 + -0.74734
------------------------------
Adam training complete. Switching to L-BFGS:
L-BFGS Epoch: 100 / 1000. Total scaled loss: 4.3885e-07, 
                    ODE(0) loss: 4.4800e-11, 
                    ODE(1) loss: 1.9568e-11, 
                    Non-trivial solution loss: 2.8866e-13,
                    Physics loss: 4.3821e-07,
                    Initial value of rho: 0.27620 + -0.80063i,
                    Current value of rho: -0.17790 + -0.74732i,
                    Target rho: -0.17792 + -0.74734
------------------------------
L-BFGS Epoch: 200 / 1000. Total scaled loss: 3.7050e-07, 
                    ODE(0) loss: 5.9061e-11, 
                    ODE(1) loss: 1.1369e-12, 
                    Non-trivial solution loss: 3.7235e-12,
                    Physics loss: 3.6986e-07,
                    Initial value of rho: 0.27620 + -0.80063i,
                    Current value of rho: -0.17791 + -0.74733i,
                    Target rho: -0.17792 + -0.74734
------------------------------
L-BFGS Epoch: 300 / 1000. Total scaled loss: 3.6184e-07, 
                    ODE(0) loss: 5.0144e-11, 
                    ODE(1) loss: 1.8190e-12, 
                    Non-trivial solution loss: 7.8515e-13,
                    Physics loss: 3.6131e-07,
                    Initial value of rho: 0.27620 + -0.80063i,
                    Current value of rho: -0.17791 + -0.74732i,
                    Target rho: -0.17792 + -0.74734
------------------------------
L-BFGS Epoch: 400 / 1000. Total scaled loss: 3.4494e-07, 
                    ODE(0) loss: 4.5896e-11, 
                    ODE(1) loss: 3.3111e-12, 
                    Non-trivial solution loss: 2.3093e-13,
                    Physics loss: 3.4445e-07,
                    Initial value of rho: 0.27620 + -0.80063i,
                    Current value of rho: -0.17791 + -0.74733i,
                    Target rho: -0.17792 + -0.74734
------------------------------
L-BFGS Epoch: 500 / 1000. Total scaled loss: 3.4622e-07, 
                    ODE(0) loss: 6.8782e-11, 
                    ODE(1) loss: 1.4609e-11, 
                    Non-trivial solution loss: 1.4568e-12,
                    Physics loss: 3.4537e-07,
                    Initial value of rho: 0.27620 + -0.80063i,
                    Current value of rho: -0.17791 + -0.74732i,
                    Target rho: -0.17792 + -0.74734
------------------------------
L-BFGS Epoch: 600 / 1000. Total scaled loss: 3.4021e-07, 
                    ODE(0) loss: 8.2180e-11, 
                    ODE(1) loss: 1.4566e-11, 
                    Non-trivial solution loss: 2.1965e-12,
                    Physics loss: 3.3922e-07,
                    Initial value of rho: 0.27620 + -0.80063i,
                    Current value of rho: -0.17792 + -0.74733i,
                    Target rho: -0.17792 + -0.74734
------------------------------
L-BFGS Epoch: 700 / 1000. Total scaled loss: 3.4389e-07, 
                    ODE(0) loss: 5.3128e-11, 
                    ODE(1) loss: 3.5527e-13, 
                    Non-trivial solution loss: 2.1514e-12,
                    Physics loss: 3.4333e-07,
                    Initial value of rho: 0.27620 + -0.80063i,
                    Current value of rho: -0.17792 + -0.74733i,
                    Target rho: -0.17792 + -0.74734
------------------------------
L-BFGS Epoch: 800 / 1000. Total scaled loss: 3.3477e-07, 
                    ODE(0) loss: 5.5904e-11, 
                    ODE(1) loss: 8.4128e-12, 
                    Non-trivial solution loss: 2.8315e-12,
                    Physics loss: 3.3409e-07,
                    Initial value of rho: 0.27620 + -0.80063i,
                    Current value of rho: -0.17792 + -0.74733i,
                    Target rho: -0.17792 + -0.74734
------------------------------
L-BFGS Epoch: 900 / 1000. Total scaled loss: 3.3198e-07, 
                    ODE(0) loss: 5.2512e-11, 
                    ODE(1) loss: 3.4674e-12, 
                    Non-trivial solution loss: 1.6842e-12,
                    Physics loss: 3.3141e-07,
                    Initial value of rho: 0.27620 + -0.80063i,
                    Current value of rho: -0.17791 + -0.74733i,
                    Target rho: -0.17792 + -0.74734
------------------------------
L-BFGS Epoch: 1000 / 1000. Total scaled loss: 3.3472e-07, 
                    ODE(0) loss: 4.3134e-11, 
                    ODE(1) loss: 5.8265e-13, 
                    Non-trivial solution loss: 1.4551e-12,
                    Physics loss: 3.3427e-07,
                    Initial value of rho: 0.27620 + -0.80063i,
                    Current value of rho: -0.17792 + -0.74733i,
                    Target rho: -0.17792 + -0.74734
------------------------------
Training complete for l = 2. Total scaled loss: 3.3472e-07, 
                    ODE(0) loss: 4.3134e-11, 
                    ODE(1) loss: 5.8265e-13, 
                    Non-trivial solution loss: 1.4551e-12,
                    Physics loss: 3.3427e-07,
                    Current value of rho: -0.17792 + -0.74733i
                    Target rho: -0.17792 + -0.74734
Training complete. Checkpoint saved to ./OutputQNM/l2/delta_0.5/pinn_checkpoint_qnm_l2_delta0.5.pth
l = 2 mode with delta = 0.5 completed successfully.
