Using device: cuda
------------------------------
Starting training for l = 2 with delta = 0.7
Initial rho: -0.17489 + -1.06264i
Target rho: -0.17792 + -0.74734i
Initial distance from target: 0.31532
------------------------------
Epoch: 1 / 18000. Total scaled loss: 1.8102e+02, 
                    ODE(0) loss: 5.0307e-01, 
                    ODE(1) loss: 7.0768e-02, 
                    Non-trivial solution loss: 1.2363e+00,
                    Physics loss: 1.8371e-01,
                    Initial value of rho: -0.17489 + -1.06264i,
                    Current value of rho: -0.17489 + -1.06264i,
                    Target rho: -0.17792 + -0.74734
------------------------------
Epoch: 500 / 18000. Total scaled loss: 1.7996e-01, 
                    ODE(0) loss: 1.5675e-04, 
                    ODE(1) loss: 5.7976e-05, 
                    Non-trivial solution loss: 1.4127e-05,
                    Physics loss: 1.5707e+01,
                    Initial value of rho: -0.17489 + -1.06264i,
                    Current value of rho: -0.17489 + -1.06264i,
                    Target rho: -0.17792 + -0.74734
------------------------------
Epoch: 1000 / 18000. Total scaled loss: 1.5849e-01, 
                    ODE(0) loss: 2.9907e-05, 
                    ODE(1) loss: 1.0250e-05, 
                    Non-trivial solution loss: 2.2538e-06,
                    Physics loss: 1.5425e+01,
                    Initial value of rho: -0.17489 + -1.06264i,
                    Current value of rho: -0.17489 + -1.06264i,
                    Target rho: -0.17792 + -0.74734
------------------------------
Epoch: 1500 / 18000. Total scaled loss: 1.4950e-01, 
                    ODE(0) loss: 3.1431e-06, 
                    ODE(1) loss: 1.1102e-06, 
                    Non-trivial solution loss: 2.1631e-06,
                    Physics loss: 1.4885e+01,
                    Initial value of rho: -0.17489 + -1.06264i,
                    Current value of rho: -0.17489 + -1.06264i,
                    Target rho: -0.17792 + -0.74734
------------------------------
Epoch: 2000 / 18000. Total scaled loss: 1.6907e+00, 
                    ODE(0) loss: 1.1512e-02, 
                    ODE(1) loss: 3.6884e-03, 
                    Non-trivial solution loss: 2.4433e-04,
                    Physics loss: 1.4618e+01,
                    Initial value of rho: -0.17489 + -1.06264i,
                    Current value of rho: -0.17489 + -1.06264i,
                    Target rho: -0.17792 + -0.74734
------------------------------
Epoch: 2500 / 18000. Total scaled loss: 1.4581e-01, 
                    ODE(0) loss: 1.4321e-05, 
                    ODE(1) loss: 4.2139e-06, 
                    Non-trivial solution loss: 2.2667e-06,
                    Physics loss: 1.4373e+01,
                    Initial value of rho: -0.17489 + -1.06264i,
                    Current value of rho: -0.17489 + -1.06264i,
                    Target rho: -0.17792 + -0.74734
------------------------------
Epoch: 3000 / 18000. Total scaled loss: 1.4028e-01, 
                    ODE(0) loss: 5.2928e-07, 
                    ODE(1) loss: 1.7459e-07, 
                    Non-trivial solution loss: 1.9756e-06,
                    Physics loss: 1.4001e+01,
                    Initial value of rho: -0.17489 + -1.06264i,
                    Current value of rho: -0.17489 + -1.06264i,
                    Target rho: -0.17792 + -0.74734
------------------------------
Epoch: 3500 / 18000. Total scaled loss: 1.3827e-01, 
                    ODE(0) loss: 7.6469e-08, 
                    ODE(1) loss: 7.1688e-08, 
                    Non-trivial solution loss: 1.8076e-06,
                    Physics loss: 1.3808e+01,
                    Initial value of rho: -0.17489 + -1.06264i,
                    Current value of rho: -0.17489 + -1.06264i,
                    Target rho: -0.17792 + -0.74734
------------------------------
Epoch: 4000 / 18000. Total scaled loss: 1.7499e+00, 
                    ODE(0) loss: 4.6119e-04, 
                    ODE(1) loss: 7.4081e-05, 
                    Non-trivial solution loss: 4.7631e-04,
                    Physics loss: 1.1034e+01,
                    Initial value of rho: -0.17489 + -1.06264i,
                    Current value of rho: -0.17489 + -1.06264i,
                    Target rho: -0.17792 + -0.74734
------------------------------
Epoch: 4500 / 18000. Total scaled loss: 1.3264e+00, 
                    ODE(0) loss: 1.0221e-04, 
                    ODE(1) loss: 7.8771e-06, 
                    Non-trivial solution loss: 2.7370e-04,
                    Physics loss: 6.0850e+00,
                    Initial value of rho: -0.17489 + -1.06264i,
                    Current value of rho: -0.17489 + -1.06264i,
                    Target rho: -0.17792 + -0.74734
------------------------------
Epoch: 5000 / 18000. Total scaled loss: 9.4910e-01, 
                    ODE(0) loss: 4.2975e-08, 
                    ODE(1) loss: 9.3033e-08, 
                    Non-trivial solution loss: 1.3624e-04,
                    Physics loss: 3.4119e+00,
                    Initial value of rho: -0.17489 + -1.06264i,
                    Current value of rho: -0.17489 + -1.06264i,
                    Target rho: -0.17792 + -0.74734
------------------------------
Epoch: 5500 / 18000. Total scaled loss: 9.0687e-01, 
                    ODE(0) loss: 2.8137e-08, 
                    ODE(1) loss: 2.5242e-07, 
                    Non-trivial solution loss: 1.5235e-04,
                    Physics loss: 2.6535e+00,
                    Initial value of rho: -0.17489 + -1.06264i,
                    Current value of rho: -0.17489 + -1.06264i,
                    Target rho: -0.17792 + -0.74734
------------------------------
Epoch: 6000 / 18000. Total scaled loss: 8.1716e-01, 
                    ODE(0) loss: 1.1545e-05, 
                    ODE(1) loss: 8.6523e-08, 
                    Non-trivial solution loss: 1.4482e-04,
                    Physics loss: 2.0161e+00,
                    Initial value of rho: -0.17489 + -1.06264i,
                    Current value of rho: -0.17489 + -1.06264i,
                    Target rho: -0.17792 + -0.74734
------------------------------
Epoch: 6500 / 18000. Total scaled loss: 7.5663e-01, 
                    ODE(0) loss: 2.1254e-05, 
                    ODE(1) loss: 7.0608e-07, 
                    Non-trivial solution loss: 1.4831e-04,
                    Physics loss: 1.6129e+00,
                    Initial value of rho: -0.17489 + -1.06264i,
                    Current value of rho: -0.17489 + -1.06264i,
                    Target rho: -0.17792 + -0.74734
------------------------------
Epoch: 7000 / 18000. Total scaled loss: 7.2193e-01, 
                    ODE(0) loss: 8.5875e-06, 
                    ODE(1) loss: 7.5405e-07, 
                    Non-trivial solution loss: 1.8075e-04,
                    Physics loss: 1.3546e+00,
                    Initial value of rho: -0.17489 + -1.06264i,
                    Current value of rho: -0.17489 + -1.06264i,
                    Target rho: -0.17792 + -0.74734
------------------------------
Epoch: 7500 / 18000. Total scaled loss: 7.3282e-01, 
                    ODE(0) loss: 1.2085e-04, 
                    ODE(1) loss: 2.4575e-06, 
                    Non-trivial solution loss: 2.1332e-04,
                    Physics loss: 1.2182e+00,
                    Initial value of rho: -0.17489 + -1.06264i,
                    Current value of rho: -0.17489 + -1.06264i,
                    Target rho: -0.17792 + -0.74734
------------------------------
Epoch: 8000 / 18000. Total scaled loss: 7.4095e-01, 
                    ODE(0) loss: 2.2343e-04, 
                    ODE(1) loss: 3.4020e-06, 
                    Non-trivial solution loss: 2.8191e-04,
                    Physics loss: 1.1049e+00,
                    Initial value of rho: -0.17489 + -1.06264i,
                    Current value of rho: -0.17489 + -1.06264i,
                    Target rho: -0.17792 + -0.74734
------------------------------
Epoch: 8500 / 18000. Total scaled loss: 8.0857e-01, 
                    ODE(0) loss: 1.9920e-03, 
                    ODE(1) loss: 7.9561e-06, 
                    Non-trivial solution loss: 3.3680e-04,
                    Physics loss: 1.0079e+00,
                    Initial value of rho: -0.17489 + -1.06264i,
                    Current value of rho: -0.17489 + -1.06264i,
                    Target rho: -0.17792 + -0.74734
------------------------------
Epoch: 9000 / 18000. Total scaled loss: 7.0746e-01, 
                    ODE(0) loss: 3.6382e-05, 
                    ODE(1) loss: 6.8587e-07, 
                    Non-trivial solution loss: 5.3239e-04,
                    Physics loss: 8.8910e-01,
                    Initial value of rho: -0.17489 + -1.06264i,
                    Current value of rho: -0.17489 + -1.06264i,
                    Target rho: -0.17792 + -0.74734
------------------------------
Unfreezing rho...
Epoch: 9500 / 18000. Total scaled loss: 3.4162e-01, 
                    ODE(0) loss: 2.4095e-05, 
                    ODE(1) loss: 1.9539e-06, 
                    Non-trivial solution loss: 1.7212e-04,
                    Physics loss: 4.0175e-01,
                    Initial value of rho: -0.17489 + -1.06264i,
                    Current value of rho: -0.21640 + -1.02413i,
                    Target rho: -0.17792 + -0.74734
------------------------------
Epoch: 10000 / 18000. Total scaled loss: 1.9074e-01, 
                    ODE(0) loss: 1.3149e-06, 
                    ODE(1) loss: 9.3442e-06, 
                    Non-trivial solution loss: 1.0180e-04,
                    Physics loss: 2.0946e-01,
                    Initial value of rho: -0.17489 + -1.06264i,
                    Current value of rho: -0.24563 + -0.99924i,
                    Target rho: -0.17792 + -0.74734
------------------------------
Epoch: 10500 / 18000. Total scaled loss: 1.0380e-01, 
                    ODE(0) loss: 2.3797e-06, 
                    ODE(1) loss: 1.7730e-06, 
                    Non-trivial solution loss: 7.0657e-05,
                    Physics loss: 1.0679e-01,
                    Initial value of rho: -0.17489 + -1.06264i,
                    Current value of rho: -0.26895 + -0.97860i,
                    Target rho: -0.17792 + -0.74734
------------------------------
Epoch: 11000 / 18000. Total scaled loss: 5.9673e-02, 
                    ODE(0) loss: 3.4193e-07, 
                    ODE(1) loss: 3.3557e-08, 
                    Non-trivial solution loss: 4.4216e-05,
                    Physics loss: 5.9227e-02,
                    Initial value of rho: -0.17489 + -1.06264i,
                    Current value of rho: -0.28741 + -0.96049i,
                    Target rho: -0.17792 + -0.74734
------------------------------
Epoch: 11500 / 18000. Total scaled loss: 5.6350e-02, 
                    ODE(0) loss: 1.7400e-03, 
                    ODE(1) loss: 7.6123e-05, 
                    Non-trivial solution loss: 7.2364e-05,
                    Physics loss: 3.7465e-02,
                    Initial value of rho: -0.17489 + -1.06264i,
                    Current value of rho: -0.30106 + -0.94569i,
                    Target rho: -0.17792 + -0.74734
------------------------------
Epoch: 12000 / 18000. Total scaled loss: 2.9392e-02, 
                    ODE(0) loss: 1.4925e-05, 
                    ODE(1) loss: 1.2884e-07, 
                    Non-trivial solution loss: 5.7058e-06,
                    Physics loss: 2.9184e-02,
                    Initial value of rho: -0.17489 + -1.06264i,
                    Current value of rho: -0.31002 + -0.93481i,
                    Target rho: -0.17792 + -0.74734
------------------------------
Epoch: 12500 / 18000. Total scaled loss: 2.4901e-02, 
                    ODE(0) loss: 6.9566e-05, 
                    ODE(1) loss: 1.3546e-04, 
                    Non-trivial solution loss: 9.7464e-06,
                    Physics loss: 2.2754e-02,
                    Initial value of rho: -0.17489 + -1.06264i,
                    Current value of rho: -0.31649 + -0.92735i,
                    Target rho: -0.17792 + -0.74734
------------------------------
Epoch: 13000 / 18000. Total scaled loss: 1.9263e-02, 
                    ODE(0) loss: 3.1934e-05, 
                    ODE(1) loss: 1.1569e-05, 
                    Non-trivial solution loss: 5.7505e-06,
                    Physics loss: 1.8771e-02,
                    Initial value of rho: -0.17489 + -1.06264i,
                    Current value of rho: -0.32154 + -0.92258i,
                    Target rho: -0.17792 + -0.74734
------------------------------
Epoch: 13500 / 18000. Total scaled loss: 1.7071e-02, 
                    ODE(0) loss: 1.1855e-05, 
                    ODE(1) loss: 4.1388e-07, 
                    Non-trivial solution loss: 1.6880e-06,
                    Physics loss: 1.6932e-02,
                    Initial value of rho: -0.17489 + -1.06264i,
                    Current value of rho: -0.32579 + -0.91945i,
                    Target rho: -0.17792 + -0.74734
------------------------------
Epoch: 14000 / 18000. Total scaled loss: 2.2889e-02, 
                    ODE(0) loss: 7.0313e-04, 
                    ODE(1) loss: 3.3536e-05, 
                    Non-trivial solution loss: 8.5238e-07,
                    Physics loss: 1.5514e-02,
                    Initial value of rho: -0.17489 + -1.06264i,
                    Current value of rho: -0.32940 + -0.91707i,
                    Target rho: -0.17792 + -0.74734
------------------------------
Epoch: 14500 / 18000. Total scaled loss: 1.7986e-02, 
                    ODE(0) loss: 2.0689e-04, 
                    ODE(1) loss: 3.9630e-05, 
                    Non-trivial solution loss: 1.2455e-05,
                    Physics loss: 1.3870e-02,
                    Initial value of rho: -0.17489 + -1.06264i,
                    Current value of rho: -0.33265 + -0.91515i,
                    Target rho: -0.17792 + -0.74734
------------------------------
Epoch: 15000 / 18000. Total scaled loss: 2.1364e-02, 
                    ODE(0) loss: 6.7784e-05, 
                    ODE(1) loss: 3.5210e-05, 
                    Non-trivial solution loss: 9.8843e-06,
                    Physics loss: 1.2149e-02,
                    Initial value of rho: -0.17489 + -1.06264i,
                    Current value of rho: -0.33663 + -0.91311i,
                    Target rho: -0.17792 + -0.74734
------------------------------
Epoch: 15500 / 18000. Total scaled loss: 2.3069e-02, 
                    ODE(0) loss: 3.3632e-06, 
                    ODE(1) loss: 3.8560e-05, 
                    Non-trivial solution loss: 6.8749e-06,
                    Physics loss: 1.0167e-02,
                    Initial value of rho: -0.17489 + -1.06264i,
                    Current value of rho: -0.34161 + -0.91098i,
                    Target rho: -0.17792 + -0.74734
------------------------------
Epoch: 16000 / 18000. Total scaled loss: 2.1260e-02, 
                    ODE(0) loss: 3.7904e-05, 
                    ODE(1) loss: 3.0830e-06, 
                    Non-trivial solution loss: 6.0637e-06,
                    Physics loss: 7.4871e-03,
                    Initial value of rho: -0.17489 + -1.06264i,
                    Current value of rho: -0.34737 + -0.90891i,
                    Target rho: -0.17792 + -0.74734
------------------------------
Epoch: 16500 / 18000. Total scaled loss: 1.5829e-02, 
                    ODE(0) loss: 3.0084e-05, 
                    ODE(1) loss: 6.3944e-05, 
                    Non-trivial solution loss: 5.5671e-06,
                    Physics loss: 4.4515e-03,
                    Initial value of rho: -0.17489 + -1.06264i,
                    Current value of rho: -0.35332 + -0.90733i,
                    Target rho: -0.17792 + -0.74734
------------------------------
Epoch: 17000 / 18000. Total scaled loss: 1.8840e-02, 
                    ODE(0) loss: 2.8450e-04, 
                    ODE(1) loss: 6.5015e-04, 
                    Non-trivial solution loss: 6.9109e-06,
                    Physics loss: 2.4240e-03,
                    Initial value of rho: -0.17489 + -1.06264i,
                    Current value of rho: -0.35885 + -0.90637i,
                    Target rho: -0.17792 + -0.74734
------------------------------
Epoch: 17500 / 18000. Total scaled loss: 1.2068e-02, 
                    ODE(0) loss: 5.6041e-04, 
                    ODE(1) loss: 2.6155e-05, 
                    Non-trivial solution loss: 8.4873e-06,
                    Physics loss: 1.3767e-03,
                    Initial value of rho: -0.17489 + -1.06264i,
                    Current value of rho: -0.36275 + -0.90553i,
                    Target rho: -0.17792 + -0.74734
------------------------------
Epoch: 18000 / 18000. Total scaled loss: 5.2134e-03, 
                    ODE(0) loss: 3.2230e-06, 
                    ODE(1) loss: 5.3881e-05, 
                    Non-trivial solution loss: 1.7874e-07,
                    Physics loss: 9.2833e-04,
                    Initial value of rho: -0.17489 + -1.06264i,
                    Current value of rho: -0.36535 + -0.90447i,
                    Target rho: -0.17792 + -0.74734
------------------------------
Adam training complete. Switching to L-BFGS:
L-BFGS Epoch: 100 / 1000. Total scaled loss: 1.0729e-05, 
                    ODE(0) loss: 1.3964e-10, 
                    ODE(1) loss: 1.5899e-10, 
                    Non-trivial solution loss: 5.7057e-12,
                    Physics loss: 1.0726e-05,
                    Initial value of rho: -0.17489 + -1.06264i,
                    Current value of rho: -0.46730 + -0.78835i,
                    Target rho: -0.17792 + -0.74734
------------------------------
L-BFGS Epoch: 200 / 1000. Total scaled loss: 1.0654e-05, 
                    ODE(0) loss: 6.7388e-11, 
                    ODE(1) loss: 8.0945e-11, 
                    Non-trivial solution loss: 1.2900e-11,
                    Physics loss: 1.0652e-05,
                    Initial value of rho: -0.17489 + -1.06264i,
                    Current value of rho: -0.46714 + -0.78913i,
                    Target rho: -0.17792 + -0.74734
------------------------------
L-BFGS Epoch: 300 / 1000. Total scaled loss: 1.1129e-05, 
                    ODE(0) loss: 1.8443e-10, 
                    ODE(1) loss: 1.2761e-10, 
                    Non-trivial solution loss: 3.9424e-11,
                    Physics loss: 1.1126e-05,
                    Initial value of rho: -0.17489 + -1.06264i,
                    Current value of rho: -0.46724 + -0.78902i,
                    Target rho: -0.17792 + -0.74734
------------------------------
L-BFGS Epoch: 400 / 1000. Total scaled loss: 1.0720e-05, 
                    ODE(0) loss: 1.3751e-10, 
                    ODE(1) loss: 6.2812e-11, 
                    Non-trivial solution loss: 2.8511e-12,
                    Physics loss: 1.0718e-05,
                    Initial value of rho: -0.17489 + -1.06264i,
                    Current value of rho: -0.46725 + -0.78903i,
                    Target rho: -0.17792 + -0.74734
------------------------------
L-BFGS Epoch: 500 / 1000. Total scaled loss: 1.0850e-05, 
                    ODE(0) loss: 1.1364e-10, 
                    ODE(1) loss: 6.3949e-11, 
                    Non-trivial solution loss: 2.3663e-12,
                    Physics loss: 1.0848e-05,
                    Initial value of rho: -0.17489 + -1.06264i,
                    Current value of rho: -0.46725 + -0.78903i,
                    Target rho: -0.17792 + -0.74734
------------------------------
L-BFGS Epoch: 600 / 1000. Total scaled loss: 1.0745e-05, 
                    ODE(0) loss: 1.1140e-10, 
                    ODE(1) loss: 4.8203e-11, 
                    Non-trivial solution loss: 2.3484e-12,
                    Physics loss: 1.0743e-05,
                    Initial value of rho: -0.17489 + -1.06264i,
                    Current value of rho: -0.46725 + -0.78903i,
                    Target rho: -0.17792 + -0.74734
------------------------------
L-BFGS Epoch: 700 / 1000. Total scaled loss: 1.1133e-05, 
                    ODE(0) loss: 1.1140e-10, 
                    ODE(1) loss: 4.8203e-11, 
                    Non-trivial solution loss: 2.3484e-12,
                    Physics loss: 1.1131e-05,
                    Initial value of rho: -0.17489 + -1.06264i,
                    Current value of rho: -0.46725 + -0.78903i,
                    Target rho: -0.17792 + -0.74734
------------------------------
L-BFGS Epoch: 800 / 1000. Total scaled loss: 1.0774e-05, 
                    ODE(0) loss: 1.1194e-10, 
                    ODE(1) loss: 6.3949e-11, 
                    Non-trivial solution loss: 2.5327e-12,
                    Physics loss: 1.0772e-05,
                    Initial value of rho: -0.17489 + -1.06264i,
                    Current value of rho: -0.46725 + -0.78903i,
                    Target rho: -0.17792 + -0.74734
------------------------------
L-BFGS Epoch: 900 / 1000. Total scaled loss: 1.0836e-05, 
                    ODE(0) loss: 1.1530e-10, 
                    ODE(1) loss: 6.6393e-11, 
                    Non-trivial solution loss: 2.8125e-12,
                    Physics loss: 1.0834e-05,
                    Initial value of rho: -0.17489 + -1.06264i,
                    Current value of rho: -0.46725 + -0.78903i,
                    Target rho: -0.17792 + -0.74734
------------------------------
L-BFGS Epoch: 1000 / 1000. Total scaled loss: 1.0791e-05, 
                    ODE(0) loss: 1.1530e-10, 
                    ODE(1) loss: 6.6393e-11, 
                    Non-trivial solution loss: 2.8125e-12,
                    Physics loss: 1.0790e-05,
                    Initial value of rho: -0.17489 + -1.06264i,
                    Current value of rho: -0.46725 + -0.78903i,
                    Target rho: -0.17792 + -0.74734
------------------------------
Training complete for l = 2. Total scaled loss: 1.0791e-05, 
                    ODE(0) loss: 1.1530e-10, 
                    ODE(1) loss: 6.6393e-11, 
                    Non-trivial solution loss: 2.8125e-12,
                    Physics loss: 1.0790e-05,
                    Current value of rho: -0.46725 + -0.78903i
                    Target rho: -0.17792 + -0.74734
Training complete. Checkpoint saved to ./OutputQNM/l2/delta_0.7/pinn_checkpoint_qnm_l2_delta0.7.pth
l = 2 mode with delta = 0.7 completed successfully.
