Using device: cuda
------------------------------
Starting training for l = 5 with delta = 0.7
Initial rho: -0.76735 + -2.27808i
Target rho: -0.18974 + -2.02458i
Initial distance from target: 0.63079
------------------------------
Epoch: 1 / 18000. Total scaled loss: 5.7894e+02, 
                    ODE(0) loss: 2.4144e+00, 
                    ODE(1) loss: 2.3062e+00, 
                    Non-trivial solution loss: 1.0686e+00,
                    Physics loss: 1.7633e+00,
                    Initial value of rho: -0.76735 + -2.27808i,
                    Current value of rho: -0.76735 + -2.27808i,
                    Target rho: -0.18974 + -2.02458
------------------------------
Epoch: 500 / 18000. Total scaled loss: 7.2510e+01, 
                    ODE(0) loss: 2.4642e-02, 
                    ODE(1) loss: 9.4388e-03, 
                    Non-trivial solution loss: 6.9083e-01,
                    Physics loss: 1.9075e+00,
                    Initial value of rho: -0.76735 + -2.27808i,
                    Current value of rho: -0.76735 + -2.27808i,
                    Target rho: -0.18974 + -2.02458
------------------------------
Epoch: 1000 / 18000. Total scaled loss: 4.8850e-01, 
                    ODE(0) loss: 1.2372e-07, 
                    ODE(1) loss: 1.2657e-08, 
                    Non-trivial solution loss: 1.9275e-04,
                    Physics loss: 4.6921e+01,
                    Initial value of rho: -0.76735 + -2.27808i,
                    Current value of rho: -0.76735 + -2.27808i,
                    Target rho: -0.18974 + -2.02458
------------------------------
Epoch: 1500 / 18000. Total scaled loss: 5.3973e-01, 
                    ODE(0) loss: 3.5350e-04, 
                    ODE(1) loss: 6.4242e-05, 
                    Non-trivial solution loss: 7.2000e-04,
                    Physics loss: 4.2596e+01,
                    Initial value of rho: -0.76735 + -2.27808i,
                    Current value of rho: -0.76735 + -2.27808i,
                    Target rho: -0.18974 + -2.02458
------------------------------
Epoch: 2000 / 18000. Total scaled loss: 5.6123e-01, 
                    ODE(0) loss: 2.2037e-04, 
                    ODE(1) loss: 7.8928e-05, 
                    Non-trivial solution loss: 1.2876e-03,
                    Physics loss: 4.0254e+01,
                    Initial value of rho: -0.76735 + -2.27808i,
                    Current value of rho: -0.76735 + -2.27808i,
                    Target rho: -0.18974 + -2.02458
------------------------------
Epoch: 2500 / 18000. Total scaled loss: 8.0029e-01, 
                    ODE(0) loss: 3.0044e-03, 
                    ODE(1) loss: 9.2332e-04, 
                    Non-trivial solution loss: 2.2659e-05,
                    Physics loss: 4.0526e+01,
                    Initial value of rho: -0.76735 + -2.27808i,
                    Current value of rho: -0.76735 + -2.27808i,
                    Target rho: -0.18974 + -2.02458
------------------------------
Epoch: 3000 / 18000. Total scaled loss: 4.0448e-01, 
                    ODE(0) loss: 1.0458e-04, 
                    ODE(1) loss: 1.2990e-05, 
                    Non-trivial solution loss: 7.2482e-05,
                    Physics loss: 3.8548e+01,
                    Initial value of rho: -0.76735 + -2.27808i,
                    Current value of rho: -0.76735 + -2.27808i,
                    Target rho: -0.18974 + -2.02458
------------------------------
Epoch: 3500 / 18000. Total scaled loss: 4.2563e-01, 
                    ODE(0) loss: 3.7727e-04, 
                    ODE(1) loss: 4.0845e-05, 
                    Non-trivial solution loss: 2.8775e-04,
                    Physics loss: 3.5504e+01,
                    Initial value of rho: -0.76735 + -2.27808i,
                    Current value of rho: -0.76735 + -2.27808i,
                    Target rho: -0.18974 + -2.02458
------------------------------
Epoch: 4000 / 18000. Total scaled loss: 4.3978e+00, 
                    ODE(0) loss: 7.9609e-04, 
                    ODE(1) loss: 3.1127e-04, 
                    Non-trivial solution loss: 2.3434e-03,
                    Physics loss: 2.7156e+01,
                    Initial value of rho: -0.76735 + -2.27808i,
                    Current value of rho: -0.76735 + -2.27808i,
                    Target rho: -0.18974 + -2.02458
------------------------------
Epoch: 4500 / 18000. Total scaled loss: 4.2725e+00, 
                    ODE(0) loss: 2.5714e-03, 
                    ODE(1) loss: 1.1047e-03, 
                    Non-trivial solution loss: 3.1828e-03,
                    Physics loss: 1.7251e+01,
                    Initial value of rho: -0.76735 + -2.27808i,
                    Current value of rho: -0.76735 + -2.27808i,
                    Target rho: -0.18974 + -2.02458
------------------------------
Epoch: 5000 / 18000. Total scaled loss: 3.0343e+00, 
                    ODE(0) loss: 2.5083e-03, 
                    ODE(1) loss: 1.5778e-03, 
                    Non-trivial solution loss: 2.2637e-03,
                    Physics loss: 9.1326e+00,
                    Initial value of rho: -0.76735 + -2.27808i,
                    Current value of rho: -0.76735 + -2.27808i,
                    Target rho: -0.18974 + -2.02458
------------------------------
Epoch: 5500 / 18000. Total scaled loss: 1.7202e+00, 
                    ODE(0) loss: 1.9588e-06, 
                    ODE(1) loss: 2.0996e-06, 
                    Non-trivial solution loss: 5.5786e-04,
                    Physics loss: 4.9716e+00,
                    Initial value of rho: -0.76735 + -2.27808i,
                    Current value of rho: -0.76735 + -2.27808i,
                    Target rho: -0.18974 + -2.02458
------------------------------
Epoch: 6000 / 18000. Total scaled loss: 4.1583e+00, 
                    ODE(0) loss: 3.2392e-02, 
                    ODE(1) loss: 6.7061e-03, 
                    Non-trivial solution loss: 1.3297e-04,
                    Physics loss: 3.5303e+00,
                    Initial value of rho: -0.76735 + -2.27808i,
                    Current value of rho: -0.76735 + -2.27808i,
                    Target rho: -0.18974 + -2.02458
------------------------------
Epoch: 6500 / 18000. Total scaled loss: 1.1943e+00, 
                    ODE(0) loss: 2.6707e-07, 
                    ODE(1) loss: 4.9367e-06, 
                    Non-trivial solution loss: 2.1552e-04,
                    Physics loss: 2.5525e+00,
                    Initial value of rho: -0.76735 + -2.27808i,
                    Current value of rho: -0.76735 + -2.27808i,
                    Target rho: -0.18974 + -2.02458
------------------------------
Epoch: 7000 / 18000. Total scaled loss: 1.0806e+00, 
                    ODE(0) loss: 9.2309e-04, 
                    ODE(1) loss: 5.3837e-05, 
                    Non-trivial solution loss: 3.6984e-04,
                    Physics loss: 1.9112e+00,
                    Initial value of rho: -0.76735 + -2.27808i,
                    Current value of rho: -0.76735 + -2.27808i,
                    Target rho: -0.18974 + -2.02458
------------------------------
Epoch: 7500 / 18000. Total scaled loss: 1.7318e+00, 
                    ODE(0) loss: 1.5371e-02, 
                    ODE(1) loss: 5.6658e-04, 
                    Non-trivial solution loss: 4.2377e-04,
                    Physics loss: 1.5205e+00,
                    Initial value of rho: -0.76735 + -2.27808i,
                    Current value of rho: -0.76735 + -2.27808i,
                    Target rho: -0.18974 + -2.02458
------------------------------
Epoch: 8000 / 18000. Total scaled loss: 8.2667e-01, 
                    ODE(0) loss: 1.3931e-05, 
                    ODE(1) loss: 8.1967e-07, 
                    Non-trivial solution loss: 3.1856e-04,
                    Physics loss: 1.2490e+00,
                    Initial value of rho: -0.76735 + -2.27808i,
                    Current value of rho: -0.76735 + -2.27808i,
                    Target rho: -0.18974 + -2.02458
------------------------------
Epoch: 8500 / 18000. Total scaled loss: 8.1800e-01, 
                    ODE(0) loss: 5.9453e-08, 
                    ODE(1) loss: 7.3845e-06, 
                    Non-trivial solution loss: 4.7417e-04,
                    Physics loss: 1.1221e+00,
                    Initial value of rho: -0.76735 + -2.27808i,
                    Current value of rho: -0.76735 + -2.27808i,
                    Target rho: -0.18974 + -2.02458
------------------------------
Epoch: 9000 / 18000. Total scaled loss: 7.7091e-01, 
                    ODE(0) loss: 2.8234e-05, 
                    ODE(1) loss: 4.3905e-06, 
                    Non-trivial solution loss: 6.4290e-04,
                    Physics loss: 9.6653e-01,
                    Initial value of rho: -0.76735 + -2.27808i,
                    Current value of rho: -0.76735 + -2.27808i,
                    Target rho: -0.18974 + -2.02458
------------------------------
Unfreezing rho...
Epoch: 9500 / 18000. Total scaled loss: 7.0478e-01, 
                    ODE(0) loss: 6.6854e-06, 
                    ODE(1) loss: 2.4973e-06, 
                    Non-trivial solution loss: 9.4020e-04,
                    Physics loss: 8.1188e-01,
                    Initial value of rho: -0.76735 + -2.27808i,
                    Current value of rho: -0.76979 + -2.27560i,
                    Target rho: -0.18974 + -2.02458
------------------------------
Epoch: 10000 / 18000. Total scaled loss: 5.8627e-01, 
                    ODE(0) loss: 3.0871e-05, 
                    ODE(1) loss: 2.3740e-06, 
                    Non-trivial solution loss: 1.2347e-03,
                    Physics loss: 6.2330e-01,
                    Initial value of rho: -0.76735 + -2.27808i,
                    Current value of rho: -0.77430 + -2.27175i,
                    Target rho: -0.18974 + -2.02458
------------------------------
Epoch: 10500 / 18000. Total scaled loss: 4.6050e-01, 
                    ODE(0) loss: 4.9116e-06, 
                    ODE(1) loss: 1.5203e-05, 
                    Non-trivial solution loss: 1.7086e-03,
                    Physics loss: 4.5378e-01,
                    Initial value of rho: -0.76735 + -2.27808i,
                    Current value of rho: -0.78045 + -2.26686i,
                    Target rho: -0.18974 + -2.02458
------------------------------
Epoch: 11000 / 18000. Total scaled loss: 3.6117e-01, 
                    ODE(0) loss: 1.3224e-05, 
                    ODE(1) loss: 2.2470e-05, 
                    Non-trivial solution loss: 1.9516e-03,
                    Physics loss: 3.4130e-01,
                    Initial value of rho: -0.76735 + -2.27808i,
                    Current value of rho: -0.78722 + -2.26101i,
                    Target rho: -0.18974 + -2.02458
------------------------------
Epoch: 11500 / 18000. Total scaled loss: 3.6200e-01, 
                    ODE(0) loss: 5.6396e-03, 
                    ODE(1) loss: 3.4934e-04, 
                    Non-trivial solution loss: 1.1569e-03,
                    Physics loss: 2.9054e-01,
                    Initial value of rho: -0.76735 + -2.27808i,
                    Current value of rho: -0.79219 + -2.25488i,
                    Target rho: -0.18974 + -2.02458
------------------------------
Epoch: 12000 / 18000. Total scaled loss: 5.2984e-01, 
                    ODE(0) loss: 2.4130e-02, 
                    ODE(1) loss: 2.5023e-03, 
                    Non-trivial solution loss: 8.4033e-04,
                    Physics loss: 2.5512e-01,
                    Initial value of rho: -0.76735 + -2.27808i,
                    Current value of rho: -0.79394 + -2.25007i,
                    Target rho: -0.18974 + -2.02458
------------------------------
Epoch: 12500 / 18000. Total scaled loss: 3.2963e-01, 
                    ODE(0) loss: 9.5576e-03, 
                    ODE(1) loss: 3.4343e-03, 
                    Non-trivial solution loss: 3.6735e-04,
                    Physics loss: 1.9604e-01,
                    Initial value of rho: -0.76735 + -2.27808i,
                    Current value of rho: -0.79494 + -2.24668i,
                    Target rho: -0.18974 + -2.02458
------------------------------
Epoch: 13000 / 18000. Total scaled loss: 1.6090e-01, 
                    ODE(0) loss: 3.4831e-04, 
                    ODE(1) loss: 1.3033e-05, 
                    Non-trivial solution loss: 2.7085e-04,
                    Physics loss: 1.5458e-01,
                    Initial value of rho: -0.76735 + -2.27808i,
                    Current value of rho: -0.79569 + -2.24407i,
                    Target rho: -0.18974 + -2.02458
------------------------------
Epoch: 13500 / 18000. Total scaled loss: 1.7472e-01, 
                    ODE(0) loss: 3.9135e-03, 
                    ODE(1) loss: 1.2106e-03, 
                    Non-trivial solution loss: 5.2543e-04,
                    Physics loss: 1.1822e-01,
                    Initial value of rho: -0.76735 + -2.27808i,
                    Current value of rho: -0.79630 + -2.24202i,
                    Target rho: -0.18974 + -2.02458
------------------------------
Epoch: 14000 / 18000. Total scaled loss: 1.0459e-01, 
                    ODE(0) loss: 1.5613e-04, 
                    ODE(1) loss: 5.2927e-05, 
                    Non-trivial solution loss: 1.3841e-04,
                    Physics loss: 1.0111e-01,
                    Initial value of rho: -0.76735 + -2.27808i,
                    Current value of rho: -0.79676 + -2.24031i,
                    Target rho: -0.18974 + -2.02458
------------------------------
Epoch: 14500 / 18000. Total scaled loss: 1.0039e-01, 
                    ODE(0) loss: 1.3015e-04, 
                    ODE(1) loss: 6.7002e-06, 
                    Non-trivial solution loss: 1.1405e-04,
                    Physics loss: 8.8177e-02,
                    Initial value of rho: -0.76735 + -2.27808i,
                    Current value of rho: -0.79712 + -2.23878i,
                    Target rho: -0.18974 + -2.02458
------------------------------
Epoch: 15000 / 18000. Total scaled loss: 1.4845e-01, 
                    ODE(0) loss: 1.0736e-03, 
                    ODE(1) loss: 5.9246e-04, 
                    Non-trivial solution loss: 2.0468e-04,
                    Physics loss: 7.7896e-02,
                    Initial value of rho: -0.76735 + -2.27808i,
                    Current value of rho: -0.79757 + -2.23695i,
                    Target rho: -0.18974 + -2.02458
------------------------------
Epoch: 15500 / 18000. Total scaled loss: 1.4421e-01, 
                    ODE(0) loss: 9.1138e-06, 
                    ODE(1) loss: 2.9966e-05, 
                    Non-trivial solution loss: 2.8463e-04,
                    Physics loss: 6.3470e-02,
                    Initial value of rho: -0.76735 + -2.27808i,
                    Current value of rho: -0.79814 + -2.23468i,
                    Target rho: -0.18974 + -2.02458
------------------------------
Epoch: 16000 / 18000. Total scaled loss: 3.5985e-01, 
                    ODE(0) loss: 1.6749e-02, 
                    ODE(1) loss: 2.4757e-03, 
                    Non-trivial solution loss: 4.1948e-04,
                    Physics loss: 5.8851e-02,
                    Initial value of rho: -0.76735 + -2.27808i,
                    Current value of rho: -0.79879 + -2.23208i,
                    Target rho: -0.18974 + -2.02458
------------------------------
Epoch: 16500 / 18000. Total scaled loss: 1.8812e-01, 
                    ODE(0) loss: 2.7558e-03, 
                    ODE(1) loss: 3.6695e-04, 
                    Non-trivial solution loss: 6.4500e-04,
                    Physics loss: 4.5148e-02,
                    Initial value of rho: -0.76735 + -2.27808i,
                    Current value of rho: -0.79956 + -2.22920i,
                    Target rho: -0.18974 + -2.02458
------------------------------
Epoch: 17000 / 18000. Total scaled loss: 3.0222e-01, 
                    ODE(0) loss: 1.1306e-02, 
                    ODE(1) loss: 1.9960e-03, 
                    Non-trivial solution loss: 7.2341e-04,
                    Physics loss: 4.1660e-02,
                    Initial value of rho: -0.76735 + -2.27808i,
                    Current value of rho: -0.80043 + -2.22632i,
                    Target rho: -0.18974 + -2.02458
------------------------------
Epoch: 17500 / 18000. Total scaled loss: 1.5338e-01, 
                    ODE(0) loss: 3.0241e-04, 
                    ODE(1) loss: 1.1144e-04, 
                    Non-trivial solution loss: 2.9533e-04,
                    Physics loss: 3.2923e-02,
                    Initial value of rho: -0.76735 + -2.27808i,
                    Current value of rho: -0.80130 + -2.22352i,
                    Target rho: -0.18974 + -2.02458
------------------------------
Epoch: 18000 / 18000. Total scaled loss: 1.4259e-01, 
                    ODE(0) loss: 1.2250e-04, 
                    ODE(1) loss: 1.3360e-04, 
                    Non-trivial solution loss: 3.4676e-04,
                    Physics loss: 2.7319e-02,
                    Initial value of rho: -0.76735 + -2.27808i,
                    Current value of rho: -0.80214 + -2.22078i,
                    Target rho: -0.18974 + -2.02458
------------------------------
Adam training complete. Switching to L-BFGS:
L-BFGS Epoch: 100 / 1000. Total scaled loss: 1.2246e-04, 
                    ODE(0) loss: 2.9045e-09, 
                    ODE(1) loss: 2.1138e-08, 
                    Non-trivial solution loss: 4.5426e-10,
                    Physics loss: 1.2222e-04,
                    Initial value of rho: -0.76735 + -2.27808i,
                    Current value of rho: -1.68140 + -1.77220i,
                    Target rho: -0.18974 + -2.02458
------------------------------
L-BFGS Epoch: 200 / 1000. Total scaled loss: 1.0203e-04, 
                    ODE(0) loss: 9.1983e-10, 
                    ODE(1) loss: 8.9155e-09, 
                    Non-trivial solution loss: 4.3187e-09,
                    Physics loss: 1.0189e-04,
                    Initial value of rho: -0.76735 + -2.27808i,
                    Current value of rho: -1.81071 + -1.67637i,
                    Target rho: -0.18974 + -2.02458
------------------------------
L-BFGS Epoch: 300 / 1000. Total scaled loss: 3.6437e-05, 
                    ODE(0) loss: 1.2866e-11, 
                    ODE(1) loss: 3.0311e-09, 
                    Non-trivial solution loss: 1.4829e-10,
                    Physics loss: 3.6405e-05,
                    Initial value of rho: -0.76735 + -2.27808i,
                    Current value of rho: -1.90649 + -1.59666i,
                    Target rho: -0.18974 + -2.02458
------------------------------
L-BFGS Epoch: 400 / 1000. Total scaled loss: 3.6079e-05, 
                    ODE(0) loss: 5.0834e-11, 
                    ODE(1) loss: 3.9023e-09, 
                    Non-trivial solution loss: 9.1268e-11,
                    Physics loss: 3.6038e-05,
                    Initial value of rho: -0.76735 + -2.27808i,
                    Current value of rho: -1.90646 + -1.59690i,
                    Target rho: -0.18974 + -2.02458
------------------------------
L-BFGS Epoch: 500 / 1000. Total scaled loss: 3.5657e-05, 
                    ODE(0) loss: 5.2820e-10, 
                    ODE(1) loss: 3.6973e-09, 
                    Non-trivial solution loss: 9.3114e-11,
                    Physics loss: 3.5613e-05,
                    Initial value of rho: -0.76735 + -2.27808i,
                    Current value of rho: -1.90667 + -1.59671i,
                    Target rho: -0.18974 + -2.02458
------------------------------
L-BFGS Epoch: 600 / 1000. Total scaled loss: 3.6364e-05, 
                    ODE(0) loss: 1.1692e-11, 
                    ODE(1) loss: 2.9278e-09, 
                    Non-trivial solution loss: 1.0414e-10,
                    Physics loss: 3.6333e-05,
                    Initial value of rho: -0.76735 + -2.27808i,
                    Current value of rho: -1.90663 + -1.59688i,
                    Target rho: -0.18974 + -2.02458
------------------------------
L-BFGS Epoch: 700 / 1000. Total scaled loss: 3.5910e-05, 
                    ODE(0) loss: 2.0565e-10, 
                    ODE(1) loss: 4.4527e-09, 
                    Non-trivial solution loss: 9.0950e-11,
                    Physics loss: 3.5862e-05,
                    Initial value of rho: -0.76735 + -2.27808i,
                    Current value of rho: -1.90647 + -1.59669i,
                    Target rho: -0.18974 + -2.02458
------------------------------
L-BFGS Epoch: 800 / 1000. Total scaled loss: 3.5715e-05, 
                    ODE(0) loss: 1.1950e-10, 
                    ODE(1) loss: 1.5529e-09, 
                    Non-trivial solution loss: 3.6434e-11,
                    Physics loss: 3.5698e-05,
                    Initial value of rho: -0.76735 + -2.27808i,
                    Current value of rho: -1.90637 + -1.59705i,
                    Target rho: -0.18974 + -2.02458
------------------------------
L-BFGS Epoch: 900 / 1000. Total scaled loss: 3.6073e-05, 
                    ODE(0) loss: 5.2207e-11, 
                    ODE(1) loss: 2.4782e-09, 
                    Non-trivial solution loss: 8.0097e-11,
                    Physics loss: 3.6047e-05,
                    Initial value of rho: -0.76735 + -2.27808i,
                    Current value of rho: -1.90606 + -1.59718i,
                    Target rho: -0.18974 + -2.02458
------------------------------
L-BFGS Epoch: 1000 / 1000. Total scaled loss: 3.4659e-05, 
                    ODE(0) loss: 9.5953e-11, 
                    ODE(1) loss: 1.6748e-09, 
                    Non-trivial solution loss: 1.8258e-10,
                    Physics loss: 3.4639e-05,
                    Initial value of rho: -0.76735 + -2.27808i,
                    Current value of rho: -1.90989 + -1.59522i,
                    Target rho: -0.18974 + -2.02458
------------------------------
Training complete for l = 5. Total scaled loss: 3.4659e-05, 
                    ODE(0) loss: 9.5953e-11, 
                    ODE(1) loss: 1.6748e-09, 
                    Non-trivial solution loss: 1.8258e-10,
                    Physics loss: 3.4639e-05,
                    Current value of rho: -1.90989 + -1.59522i
                    Target rho: -0.18974 + -2.02458
Training complete. Checkpoint saved to ./OutputQNM/l5/delta_0.7/pinn_checkpoint_qnm_l5_delta0.7.pth
l = 5 mode with delta = 0.7 completed successfully.
