000 (308516.013.000) 2026-03-04 11:28:47 Job submitted from host: <130.209.45.81:9618?addrs=130.209.45.81-9618&alias=wiay.astro.gla.ac.uk&noUDP&sock=schedd_8023_b06c>
...
001 (308516.013.000) 2026-03-04 11:53:55 Job executing on host: <130.209.45.81:9619?addrs=130.209.45.81-9619&alias=wiay.astro.gla.ac.uk&noUDP&sock=startd_35_e64f>
	SlotName: slot1_1@wiay.astro.gla.ac.uk
	AvailableGPUs = { GPUs_GPU_916f8cd9 }
	CondorScratchDir = "/var/lib/condor/execute/dir_387832"
	Cpus = 1
	Disk = 2048
	GPUs = 1
	GPUs_GPU_916f8cd9 = [ Id = "GPU-916f8cd9"; ClockMhz = 1380.0; Capability = 7.0; CoresPerCU = 64; DeviceName = "Tesla V100-PCIE-32GB"; DeviceUuid = "916f8cd9-482d-5a9d-e82e-dc4416936330"; ECCEnabled = true; ComputeUnits = 80; NvidiaDriver = "555.42.06"; DriverVersion = 12.5; DevicePciBusId = "0000:3B:00.0"; GlobalMemoryMb = 32494; MaxSupportedVersion = 12050 ]
	Memory = 2048
...
006 (308516.013.000) 2026-03-04 11:54:04 Image size of job updated: 312924
	306  -  MemoryUsage of job (MB)
	312924  -  ResidentSetSize of job (KB)
...
006 (308516.013.000) 2026-03-04 11:59:04 Image size of job updated: 784960
	767  -  MemoryUsage of job (MB)
	784960  -  ResidentSetSize of job (KB)
...
006 (308516.013.000) 2026-03-04 12:04:04 Image size of job updated: 950100
	928  -  MemoryUsage of job (MB)
	950100  -  ResidentSetSize of job (KB)
...
006 (308516.013.000) 2026-03-04 12:09:05 Image size of job updated: 1016868
	994  -  MemoryUsage of job (MB)
	1016868  -  ResidentSetSize of job (KB)
...
006 (308516.013.000) 2026-03-04 12:10:01 Image size of job updated: 1058224
	994  -  MemoryUsage of job (MB)
	1016868  -  ResidentSetSize of job (KB)
...
005 (308516.013.000) 2026-03-04 12:10:01 Job terminated.
	(1) Normal termination (return value 0)
		Usr 0 00:15:37, Sys 0 00:00:12  -  Run Remote Usage
		Usr 0 00:00:00, Sys 0 00:00:00  -  Run Local Usage
		Usr 0 00:15:37, Sys 0 00:00:12  -  Total Remote Usage
		Usr 0 00:00:00, Sys 0 00:00:00  -  Total Local Usage
	0  -  Run Bytes Sent By Job
	0  -  Run Bytes Received By Job
	0  -  Total Bytes Sent By Job
	0  -  Total Bytes Received By Job
	Partitionable Resources :    Usage  Request Allocated Assigned
	   Cpus                 :     0.99        1         1 
	   Disk (KB)            :     1        1024      2048 
	   GPUs                 :     0.32        1         1 "GPU-916f8cd9"
	   GpusMemory (MB)      :  2670                       
	   Memory (MB)          :   994        2048      2048 
	   TimeExecute (s)      :   966                       
	   TimeSlotBusy (s)     :   966                       
...
