Using device: cuda
------------------------------
Starting training for l = 4 with delta = 0.7
Initial rho: -0.50340 + -1.27036i
Target rho: -0.18832 + -1.61835i
Initial distance from target: 0.46944
------------------------------
Epoch: 1 / 18000. Total scaled loss: 9.7584e+02, 
                    ODE(0) loss: 1.3316e+00, 
                    ODE(1) loss: 7.4237e+00, 
                    Non-trivial solution loss: 1.0028e+00,
                    Physics loss: 3.9843e+00,
                    Initial value of rho: -0.50340 + -1.27036i,
                    Current value of rho: -0.50340 + -1.27036i,
                    Target rho: -0.18832 + -1.61835
------------------------------
Epoch: 500 / 18000. Total scaled loss: 1.7738e-01, 
                    ODE(0) loss: 6.8284e-08, 
                    ODE(1) loss: 3.0502e-08, 
                    Non-trivial solution loss: 3.4068e-06,
                    Physics loss: 1.7703e+01,
                    Initial value of rho: -0.50340 + -1.27036i,
                    Current value of rho: -0.50340 + -1.27036i,
                    Target rho: -0.18832 + -1.61835
------------------------------
Epoch: 1000 / 18000. Total scaled loss: 1.7687e-01, 
                    ODE(0) loss: 1.9303e-06, 
                    ODE(1) loss: 1.4884e-05, 
                    Non-trivial solution loss: 1.2063e-06,
                    Physics loss: 1.7506e+01,
                    Initial value of rho: -0.50340 + -1.27036i,
                    Current value of rho: -0.50340 + -1.27036i,
                    Target rho: -0.18832 + -1.61835
------------------------------
Epoch: 1500 / 18000. Total scaled loss: 6.6157e-01, 
                    ODE(0) loss: 5.1038e-04, 
                    ODE(1) loss: 4.1794e-03, 
                    Non-trivial solution loss: 2.5626e-04,
                    Physics loss: 1.6696e+01,
                    Initial value of rho: -0.50340 + -1.27036i,
                    Current value of rho: -0.50340 + -1.27036i,
                    Target rho: -0.18832 + -1.61835
------------------------------
Epoch: 2000 / 18000. Total scaled loss: 1.6701e-01, 
                    ODE(0) loss: 8.7981e-08, 
                    ODE(1) loss: 1.1613e-08, 
                    Non-trivial solution loss: 2.4978e-06,
                    Physics loss: 1.6675e+01,
                    Initial value of rho: -0.50340 + -1.27036i,
                    Current value of rho: -0.50340 + -1.27036i,
                    Target rho: -0.18832 + -1.61835
------------------------------
Epoch: 2500 / 18000. Total scaled loss: 1.6008e-01, 
                    ODE(0) loss: 8.3584e-08, 
                    ODE(1) loss: 1.9151e-08, 
                    Non-trivial solution loss: 2.3792e-06,
                    Physics loss: 1.5984e+01,
                    Initial value of rho: -0.50340 + -1.27036i,
                    Current value of rho: -0.50340 + -1.27036i,
                    Target rho: -0.18832 + -1.61835
------------------------------
Epoch: 3000 / 18000. Total scaled loss: 1.6648e-01, 
                    ODE(0) loss: 1.0351e-05, 
                    ODE(1) loss: 7.0863e-05, 
                    Non-trivial solution loss: 1.6915e-06,
                    Physics loss: 1.5819e+01,
                    Initial value of rho: -0.50340 + -1.27036i,
                    Current value of rho: -0.50340 + -1.27036i,
                    Target rho: -0.18832 + -1.61835
------------------------------
Epoch: 3500 / 18000. Total scaled loss: 1.5871e-01, 
                    ODE(0) loss: 1.8458e-06, 
                    ODE(1) loss: 4.6472e-05, 
                    Non-trivial solution loss: 7.0925e-07,
                    Physics loss: 1.5381e+01,
                    Initial value of rho: -0.50340 + -1.27036i,
                    Current value of rho: -0.50340 + -1.27036i,
                    Target rho: -0.18832 + -1.61835
------------------------------
Epoch: 4000 / 18000. Total scaled loss: 1.7941e+00, 
                    ODE(0) loss: 3.6910e-05, 
                    ODE(1) loss: 1.5771e-04, 
                    Non-trivial solution loss: 3.1977e-04,
                    Physics loss: 1.1644e+01,
                    Initial value of rho: -0.50340 + -1.27036i,
                    Current value of rho: -0.50340 + -1.27036i,
                    Target rho: -0.18832 + -1.61835
------------------------------
Epoch: 4500 / 18000. Total scaled loss: 1.4572e+00, 
                    ODE(0) loss: 9.1445e-06, 
                    ODE(1) loss: 9.5139e-06, 
                    Non-trivial solution loss: 3.1471e-04,
                    Physics loss: 6.7223e+00,
                    Initial value of rho: -0.50340 + -1.27036i,
                    Current value of rho: -0.50340 + -1.27036i,
                    Target rho: -0.18832 + -1.61835
------------------------------
Epoch: 5000 / 18000. Total scaled loss: 5.4902e-01, 
                    ODE(0) loss: 8.0357e-05, 
                    ODE(1) loss: 3.9582e-05, 
                    Non-trivial solution loss: 7.1234e-05,
                    Physics loss: 1.9400e+00,
                    Initial value of rho: -0.50340 + -1.27036i,
                    Current value of rho: -0.50340 + -1.27036i,
                    Target rho: -0.18832 + -1.61835
------------------------------
Epoch: 5500 / 18000. Total scaled loss: 4.8541e-01, 
                    ODE(0) loss: 1.3924e-05, 
                    ODE(1) loss: 4.8772e-06, 
                    Non-trivial solution loss: 4.6468e-05,
                    Physics loss: 1.4240e+00,
                    Initial value of rho: -0.50340 + -1.27036i,
                    Current value of rho: -0.50340 + -1.27036i,
                    Target rho: -0.18832 + -1.61835
------------------------------
Epoch: 6000 / 18000. Total scaled loss: 5.0614e-01, 
                    ODE(0) loss: 5.9846e-06, 
                    ODE(1) loss: 2.5235e-06, 
                    Non-trivial solution loss: 5.1741e-05,
                    Physics loss: 1.2552e+00,
                    Initial value of rho: -0.50340 + -1.27036i,
                    Current value of rho: -0.50340 + -1.27036i,
                    Target rho: -0.18832 + -1.61835
------------------------------
Epoch: 6500 / 18000. Total scaled loss: 5.0604e-01, 
                    ODE(0) loss: 8.0514e-06, 
                    ODE(1) loss: 2.9834e-06, 
                    Non-trivial solution loss: 5.5540e-05,
                    Physics loss: 1.0853e+00,
                    Initial value of rho: -0.50340 + -1.27036i,
                    Current value of rho: -0.50340 + -1.27036i,
                    Target rho: -0.18832 + -1.61835
------------------------------
Epoch: 7000 / 18000. Total scaled loss: 7.6820e-01, 
                    ODE(0) loss: 3.2705e-03, 
                    ODE(1) loss: 4.8176e-04, 
                    Non-trivial solution loss: 1.8519e-04,
                    Physics loss: 1.0321e+00,
                    Initial value of rho: -0.50340 + -1.27036i,
                    Current value of rho: -0.50340 + -1.27036i,
                    Target rho: -0.18832 + -1.61835
------------------------------
Epoch: 7500 / 18000. Total scaled loss: 5.7287e-01, 
                    ODE(0) loss: 7.5178e-06, 
                    ODE(1) loss: 1.2244e-06, 
                    Non-trivial solution loss: 1.2552e-04,
                    Physics loss: 9.6358e-01,
                    Initial value of rho: -0.50340 + -1.27036i,
                    Current value of rho: -0.50340 + -1.27036i,
                    Target rho: -0.18832 + -1.61835
------------------------------
Epoch: 8000 / 18000. Total scaled loss: 5.9634e-01, 
                    ODE(0) loss: 5.4452e-04, 
                    ODE(1) loss: 7.0660e-05, 
                    Non-trivial solution loss: 1.5412e-04,
                    Physics loss: 8.6434e-01,
                    Initial value of rho: -0.50340 + -1.27036i,
                    Current value of rho: -0.50340 + -1.27036i,
                    Target rho: -0.18832 + -1.61835
------------------------------
Epoch: 8500 / 18000. Total scaled loss: 5.8076e-01, 
                    ODE(0) loss: 6.1731e-04, 
                    ODE(1) loss: 5.7707e-05, 
                    Non-trivial solution loss: 2.2723e-04,
                    Physics loss: 7.6615e-01,
                    Initial value of rho: -0.50340 + -1.27036i,
                    Current value of rho: -0.50340 + -1.27036i,
                    Target rho: -0.18832 + -1.61835
------------------------------
Epoch: 9000 / 18000. Total scaled loss: 5.6511e-01, 
                    ODE(0) loss: 1.2476e-04, 
                    ODE(1) loss: 7.3001e-04, 
                    Non-trivial solution loss: 2.5892e-04,
                    Physics loss: 6.8256e-01,
                    Initial value of rho: -0.50340 + -1.27036i,
                    Current value of rho: -0.50340 + -1.27036i,
                    Target rho: -0.18832 + -1.61835
------------------------------
Unfreezing rho...
Epoch: 9500 / 18000. Total scaled loss: 4.7756e-01, 
                    ODE(0) loss: 9.9323e-06, 
                    ODE(1) loss: 9.8696e-08, 
                    Non-trivial solution loss: 3.6652e-04,
                    Physics loss: 5.5849e-01,
                    Initial value of rho: -0.50340 + -1.27036i,
                    Current value of rho: -0.50707 + -1.27300i,
                    Target rho: -0.18832 + -1.61835
------------------------------
Epoch: 10000 / 18000. Total scaled loss: 4.3519e-01, 
                    ODE(0) loss: 1.9289e-04, 
                    ODE(1) loss: 2.8889e-06, 
                    Non-trivial solution loss: 4.9500e-04,
                    Physics loss: 4.6825e-01,
                    Initial value of rho: -0.50340 + -1.27036i,
                    Current value of rho: -0.51161 + -1.27610i,
                    Target rho: -0.18832 + -1.61835
------------------------------
Epoch: 10500 / 18000. Total scaled loss: 3.5634e-01, 
                    ODE(0) loss: 1.5324e-05, 
                    ODE(1) loss: 2.1381e-05, 
                    Non-trivial solution loss: 8.3585e-04,
                    Physics loss: 3.5780e-01,
                    Initial value of rho: -0.50340 + -1.27036i,
                    Current value of rho: -0.51722 + -1.27927i,
                    Target rho: -0.18832 + -1.61835
------------------------------
Epoch: 11000 / 18000. Total scaled loss: 4.7143e-01, 
                    ODE(0) loss: 1.3051e-02, 
                    ODE(1) loss: 3.3706e-03, 
                    Non-trivial solution loss: 1.2093e-03,
                    Physics loss: 2.9512e-01,
                    Initial value of rho: -0.50340 + -1.27036i,
                    Current value of rho: -0.52375 + -1.28272i,
                    Target rho: -0.18832 + -1.61835
------------------------------
Epoch: 11500 / 18000. Total scaled loss: 2.8580e-01, 
                    ODE(0) loss: 7.6897e-04, 
                    ODE(1) loss: 2.7191e-03, 
                    Non-trivial solution loss: 9.1166e-04,
                    Physics loss: 2.4180e-01,
                    Initial value of rho: -0.50340 + -1.27036i,
                    Current value of rho: -0.53103 + -1.28548i,
                    Target rho: -0.18832 + -1.61835
------------------------------
Epoch: 12000 / 18000. Total scaled loss: 2.2565e-01, 
                    ODE(0) loss: 4.3327e-05, 
                    ODE(1) loss: 8.3348e-06, 
                    Non-trivial solution loss: 5.7030e-04,
                    Physics loss: 2.1943e-01,
                    Initial value of rho: -0.50340 + -1.27036i,
                    Current value of rho: -0.53891 + -1.28765i,
                    Target rho: -0.18832 + -1.61835
------------------------------
Epoch: 12500 / 18000. Total scaled loss: 2.1447e-01, 
                    ODE(0) loss: 1.1333e-03, 
                    ODE(1) loss: 2.5068e-04, 
                    Non-trivial solution loss: 5.2771e-04,
                    Physics loss: 1.9535e-01,
                    Initial value of rho: -0.50340 + -1.27036i,
                    Current value of rho: -0.54725 + -1.28939i,
                    Target rho: -0.18832 + -1.61835
------------------------------
Epoch: 13000 / 18000. Total scaled loss: 1.8204e-01, 
                    ODE(0) loss: 2.9684e-04, 
                    ODE(1) loss: 2.9979e-04, 
                    Non-trivial solution loss: 3.6801e-04,
                    Physics loss: 1.7239e-01,
                    Initial value of rho: -0.50340 + -1.27036i,
                    Current value of rho: -0.55590 + -1.29086i,
                    Target rho: -0.18832 + -1.61835
------------------------------
Epoch: 13500 / 18000. Total scaled loss: 1.7432e-01, 
                    ODE(0) loss: 1.0410e-03, 
                    ODE(1) loss: 6.8992e-05, 
                    Non-trivial solution loss: 2.6059e-04,
                    Physics loss: 1.6062e-01,
                    Initial value of rho: -0.50340 + -1.27036i,
                    Current value of rho: -0.56459 + -1.29212i,
                    Target rho: -0.18832 + -1.61835
------------------------------
Epoch: 14000 / 18000. Total scaled loss: 2.8917e-01, 
                    ODE(0) loss: 1.4116e-02, 
                    ODE(1) loss: 1.3074e-04, 
                    Non-trivial solution loss: 3.1000e-04,
                    Physics loss: 1.4361e-01,
                    Initial value of rho: -0.50340 + -1.27036i,
                    Current value of rho: -0.57275 + -1.29322i,
                    Target rho: -0.18832 + -1.61835
------------------------------
Epoch: 14500 / 18000. Total scaled loss: 1.4998e-01, 
                    ODE(0) loss: 6.2593e-05, 
                    ODE(1) loss: 9.7813e-06, 
                    Non-trivial solution loss: 2.6600e-04,
                    Physics loss: 1.3207e-01,
                    Initial value of rho: -0.50340 + -1.27036i,
                    Current value of rho: -0.58036 + -1.29424i,
                    Target rho: -0.18832 + -1.61835
------------------------------
Epoch: 15000 / 18000. Total scaled loss: 1.9598e-01, 
                    ODE(0) loss: 6.8231e-05, 
                    ODE(1) loss: 1.3820e-05, 
                    Non-trivial solution loss: 5.1109e-04,
                    Physics loss: 1.1410e-01,
                    Initial value of rho: -0.50340 + -1.27036i,
                    Current value of rho: -0.58930 + -1.29542i,
                    Target rho: -0.18832 + -1.61835
------------------------------
Epoch: 15500 / 18000. Total scaled loss: 2.2833e-01, 
                    ODE(0) loss: 1.9077e-04, 
                    ODE(1) loss: 2.2059e-05, 
                    Non-trivial solution loss: 5.7617e-04,
                    Physics loss: 9.9247e-02,
                    Initial value of rho: -0.50340 + -1.27036i,
                    Current value of rho: -0.59968 + -1.29675i,
                    Target rho: -0.18832 + -1.61835
------------------------------
Epoch: 16000 / 18000. Total scaled loss: 2.5198e-01, 
                    ODE(0) loss: 6.4565e-04, 
                    ODE(1) loss: 2.5206e-04, 
                    Non-trivial solution loss: 7.0441e-04,
                    Physics loss: 8.4979e-02,
                    Initial value of rho: -0.50340 + -1.27036i,
                    Current value of rho: -0.60997 + -1.29816i,
                    Target rho: -0.18832 + -1.61835
------------------------------
Epoch: 16500 / 18000. Total scaled loss: 2.7201e-01, 
                    ODE(0) loss: 6.7034e-04, 
                    ODE(1) loss: 3.8540e-04, 
                    Non-trivial solution loss: 7.7141e-04,
                    Physics loss: 7.6147e-02,
                    Initial value of rho: -0.50340 + -1.27036i,
                    Current value of rho: -0.61945 + -1.29961i,
                    Target rho: -0.18832 + -1.61835
------------------------------
Epoch: 17000 / 18000. Total scaled loss: 2.6306e-01, 
                    ODE(0) loss: 1.3842e-04, 
                    ODE(1) loss: 1.4484e-04, 
                    Non-trivial solution loss: 8.6855e-04,
                    Physics loss: 6.4700e-02,
                    Initial value of rho: -0.50340 + -1.27036i,
                    Current value of rho: -0.62798 + -1.30116i,
                    Target rho: -0.18832 + -1.61835
------------------------------
Epoch: 17500 / 18000. Total scaled loss: 2.9869e-01, 
                    ODE(0) loss: 3.3234e-03, 
                    ODE(1) loss: 3.9959e-04, 
                    Non-trivial solution loss: 7.6007e-04,
                    Physics loss: 5.7133e-02,
                    Initial value of rho: -0.50340 + -1.27036i,
                    Current value of rho: -0.63576 + -1.30281i,
                    Target rho: -0.18832 + -1.61835
------------------------------
Epoch: 18000 / 18000. Total scaled loss: 3.1108e-01, 
                    ODE(0) loss: 4.9262e-03, 
                    ODE(1) loss: 1.4231e-03, 
                    Non-trivial solution loss: 6.8337e-04,
                    Physics loss: 4.8162e-02,
                    Initial value of rho: -0.50340 + -1.27036i,
                    Current value of rho: -0.64277 + -1.30469i,
                    Target rho: -0.18832 + -1.61835
------------------------------
Adam training complete. Switching to L-BFGS:
L-BFGS Epoch: 100 / 1000. Total scaled loss: 3.8763e-05, 
                    ODE(0) loss: 4.6880e-10, 
                    ODE(1) loss: 3.8402e-09, 
                    Non-trivial solution loss: 9.4680e-12,
                    Physics loss: 3.8720e-05,
                    Initial value of rho: -0.50340 + -1.27036i,
                    Current value of rho: -2.09871 + -1.01349i,
                    Target rho: -0.18832 + -1.61835
------------------------------
L-BFGS Epoch: 200 / 1000. Total scaled loss: 3.7307e-05, 
                    ODE(0) loss: 1.0521e-09, 
                    ODE(1) loss: 3.6407e-09, 
                    Non-trivial solution loss: 1.3196e-09,
                    Physics loss: 3.7247e-05,
                    Initial value of rho: -0.50340 + -1.27036i,
                    Current value of rho: -2.09090 + -1.01329i,
                    Target rho: -0.18832 + -1.61835
------------------------------
L-BFGS Epoch: 300 / 1000. Total scaled loss: 1.1122e-05, 
                    ODE(0) loss: 8.6350e-10, 
                    ODE(1) loss: 3.6755e-10, 
                    Non-trivial solution loss: 4.9888e-11,
                    Physics loss: 1.1110e-05,
                    Initial value of rho: -0.50340 + -1.27036i,
                    Current value of rho: -1.92863 + -0.97777i,
                    Target rho: -0.18832 + -1.61835
------------------------------
L-BFGS Epoch: 400 / 1000. Total scaled loss: 1.1061e-05, 
                    ODE(0) loss: 5.2291e-11, 
                    ODE(1) loss: 1.4035e-10, 
                    Non-trivial solution loss: 1.4178e-11,
                    Physics loss: 1.1059e-05,
                    Initial value of rho: -0.50340 + -1.27036i,
                    Current value of rho: -1.93036 + -0.97773i,
                    Target rho: -0.18832 + -1.61835
------------------------------
L-BFGS Epoch: 500 / 1000. Total scaled loss: 1.1230e-05, 
                    ODE(0) loss: 3.7039e-11, 
                    ODE(1) loss: 1.3608e-10, 
                    Non-trivial solution loss: 1.8657e-13,
                    Physics loss: 1.1229e-05,
                    Initial value of rho: -0.50340 + -1.27036i,
                    Current value of rho: -1.93049 + -0.97771i,
                    Target rho: -0.18832 + -1.61835
------------------------------
L-BFGS Epoch: 600 / 1000. Total scaled loss: 1.1094e-05, 
                    ODE(0) loss: 1.3119e-11, 
                    ODE(1) loss: 1.5686e-10, 
                    Non-trivial solution loss: 1.4113e-11,
                    Physics loss: 1.1092e-05,
                    Initial value of rho: -0.50340 + -1.27036i,
                    Current value of rho: -1.93051 + -0.97771i,
                    Target rho: -0.18832 + -1.61835
------------------------------
L-BFGS Epoch: 700 / 1000. Total scaled loss: 1.1157e-05, 
                    ODE(0) loss: 1.4516e-11, 
                    ODE(1) loss: 1.5102e-10, 
                    Non-trivial solution loss: 1.4115e-11,
                    Physics loss: 1.1156e-05,
                    Initial value of rho: -0.50340 + -1.27036i,
                    Current value of rho: -1.93051 + -0.97771i,
                    Target rho: -0.18832 + -1.61835
------------------------------
L-BFGS Epoch: 800 / 1000. Total scaled loss: 1.1155e-05, 
                    ODE(0) loss: 1.0274e-10, 
                    ODE(1) loss: 1.3540e-10, 
                    Non-trivial solution loss: 1.9220e-12,
                    Physics loss: 1.1153e-05,
                    Initial value of rho: -0.50340 + -1.27036i,
                    Current value of rho: -1.93046 + -0.97770i,
                    Target rho: -0.18832 + -1.61835
------------------------------
L-BFGS Epoch: 900 / 1000. Total scaled loss: 1.1223e-05, 
                    ODE(0) loss: 3.8883e-11, 
                    ODE(1) loss: 1.8219e-10, 
                    Non-trivial solution loss: 2.2347e-12,
                    Physics loss: 1.1221e-05,
                    Initial value of rho: -0.50340 + -1.27036i,
                    Current value of rho: -1.93046 + -0.97770i,
                    Target rho: -0.18832 + -1.61835
------------------------------
L-BFGS Epoch: 1000 / 1000. Total scaled loss: 1.1144e-05, 
                    ODE(0) loss: 3.8883e-11, 
                    ODE(1) loss: 1.8219e-10, 
                    Non-trivial solution loss: 2.2347e-12,
                    Physics loss: 1.1142e-05,
                    Initial value of rho: -0.50340 + -1.27036i,
                    Current value of rho: -1.93046 + -0.97770i,
                    Target rho: -0.18832 + -1.61835
------------------------------
Training complete for l = 4. Total scaled loss: 1.1144e-05, 
                    ODE(0) loss: 3.8883e-11, 
                    ODE(1) loss: 1.8219e-10, 
                    Non-trivial solution loss: 2.2347e-12,
                    Physics loss: 1.1142e-05,
                    Current value of rho: -1.93046 + -0.97770i
                    Target rho: -0.18832 + -1.61835
Training complete. Checkpoint saved to ./OutputQNM/l4/delta_0.7/pinn_checkpoint_qnm_l4_delta0.7.pth
l = 4 mode with delta = 0.7 completed successfully.
