000 (308516.003.000) 2026-03-04 11:28:47 Job submitted from host: <130.209.45.81:9618?addrs=130.209.45.81-9618&alias=wiay.astro.gla.ac.uk&noUDP&sock=schedd_8023_b06c>
...
001 (308516.003.000) 2026-03-04 11:28:48 Job executing on host: <130.209.45.193:9619?addrs=130.209.45.193-9619&alias=deimos.astro.gla.ac.uk&noUDP&sock=startd_35_e64f>
	SlotName: slot1_3@deimos.astro.gla.ac.uk
	AvailableGPUs = { GPUs_GPU_34314e2d }
	CondorScratchDir = "/var/lib/condor/execute/dir_422941"
	Cpus = 1
	Disk = 2048
	GPUs = 1
	GPUs_GPU_34314e2d = [ Id = "GPU-34314e2d"; ClockMhz = 1695.0; Capability = 8.6; CoresPerCU = 128; DeviceName = "NVIDIA GeForce RTX 3090"; DeviceUuid = "34314e2d-1720-7fa1-dcf6-30072ca54ea3"; ECCEnabled = false; ComputeUnits = 82; NvidiaDriver = "580.82.07"; DriverVersion = 13.0; DevicePciBusId = "0000:AF:00.0"; GlobalMemoryMb = 24124; MaxSupportedVersion = 13000 ]
	Memory = 2048
...
006 (308516.003.000) 2026-03-04 11:28:57 Image size of job updated: 307668
	301  -  MemoryUsage of job (MB)
	307668  -  ResidentSetSize of job (KB)
...
006 (308516.003.000) 2026-03-04 11:33:57 Image size of job updated: 879076
	859  -  MemoryUsage of job (MB)
	879076  -  ResidentSetSize of job (KB)
...
006 (308516.003.000) 2026-03-04 11:38:58 Image size of job updated: 933568
	912  -  MemoryUsage of job (MB)
	933568  -  ResidentSetSize of job (KB)
...
006 (308516.003.000) 2026-03-04 11:43:58 Image size of job updated: 1059708
	1033  -  MemoryUsage of job (MB)
	1057124  -  ResidentSetSize of job (KB)
...
006 (308516.003.000) 2026-03-04 11:48:58 Image size of job updated: 1081384
	1057  -  MemoryUsage of job (MB)
	1081384  -  ResidentSetSize of job (KB)
...
006 (308516.003.000) 2026-03-04 11:51:03 Image size of job updated: 1143544
	1057  -  MemoryUsage of job (MB)
	1081384  -  ResidentSetSize of job (KB)
...
005 (308516.003.000) 2026-03-04 11:51:03 Job terminated.
	(1) Normal termination (return value 0)
		Usr 0 00:21:48, Sys 0 00:00:12  -  Run Remote Usage
		Usr 0 00:00:00, Sys 0 00:00:00  -  Run Local Usage
		Usr 0 00:21:48, Sys 0 00:00:12  -  Total Remote Usage
		Usr 0 00:00:00, Sys 0 00:00:00  -  Total Local Usage
	0  -  Run Bytes Sent By Job
	0  -  Run Bytes Received By Job
	0  -  Total Bytes Sent By Job
	0  -  Total Bytes Received By Job
	Partitionable Resources :    Usage  Request Allocated Assigned
	   Cpus                 :     1.01        1         1 
	   Disk (KB)            :     1        1024      2048 
	   GPUs                 :     0.13        1         1 "GPU-34314e2d"
	   GpusMemory (MB)      :   963                       
	   Memory (MB)          :  1057        2048      2048 
	   TimeExecute (s)      :  1335                       
	   TimeSlotBusy (s)     :  1335                       
...
