Using device: cuda
------------------------------
Starting training for l = 5 with delta = 0.1
Initial rho: -0.15597 + -1.92916i
Target rho: -0.18974 + -2.02458i
Initial distance from target: 0.10122
------------------------------
Epoch: 1 / 18000. Total scaled loss: 1.8916e+03, 
                    ODE(0) loss: 5.4562e-01, 
                    ODE(1) loss: 1.7319e+01, 
                    Non-trivial solution loss: 1.0508e+00,
                    Physics loss: 4.8930e+00,
                    Initial value of rho: -0.15597 + -1.92916i,
                    Current value of rho: -0.15597 + -1.92916i,
                    Target rho: -0.18974 + -2.02458
------------------------------
Epoch: 500 / 18000. Total scaled loss: 8.6635e-01, 
                    ODE(0) loss: 2.2863e-04, 
                    ODE(1) loss: 3.2070e-03, 
                    Non-trivial solution loss: 4.0866e-03,
                    Physics loss: 1.1413e+01,
                    Initial value of rho: -0.15597 + -1.92916i,
                    Current value of rho: -0.15597 + -1.92916i,
                    Target rho: -0.18974 + -2.02458
------------------------------
Epoch: 1000 / 18000. Total scaled loss: 1.4174e-01, 
                    ODE(0) loss: 3.3557e-06, 
                    ODE(1) loss: 1.0367e-04, 
                    Non-trivial solution loss: 5.1741e-05,
                    Physics loss: 1.2586e+01,
                    Initial value of rho: -0.15597 + -1.92916i,
                    Current value of rho: -0.15597 + -1.92916i,
                    Target rho: -0.18974 + -2.02458
------------------------------
Epoch: 1500 / 18000. Total scaled loss: 1.8619e-01, 
                    ODE(0) loss: 1.9201e-05, 
                    ODE(1) loss: 5.7801e-04, 
                    Non-trivial solution loss: 1.2937e-05,
                    Physics loss: 1.2518e+01,
                    Initial value of rho: -0.15597 + -1.92916i,
                    Current value of rho: -0.15597 + -1.92916i,
                    Target rho: -0.18974 + -2.02458
------------------------------
Epoch: 2000 / 18000. Total scaled loss: 1.5685e-01, 
                    ODE(0) loss: 1.8271e-05, 
                    ODE(1) loss: 3.1401e-04, 
                    Non-trivial solution loss: 6.6460e-06,
                    Physics loss: 1.2296e+01,
                    Initial value of rho: -0.15597 + -1.92916i,
                    Current value of rho: -0.15597 + -1.92916i,
                    Target rho: -0.18974 + -2.02458
------------------------------
Epoch: 2500 / 18000. Total scaled loss: 2.9627e-01, 
                    ODE(0) loss: 5.9896e-05, 
                    ODE(1) loss: 1.6692e-03, 
                    Non-trivial solution loss: 1.3629e-05,
                    Physics loss: 1.2200e+01,
                    Initial value of rho: -0.15597 + -1.92916i,
                    Current value of rho: -0.15597 + -1.92916i,
                    Target rho: -0.18974 + -2.02458
------------------------------
Epoch: 3000 / 18000. Total scaled loss: 1.2618e-01, 
                    ODE(0) loss: 2.5934e-06, 
                    ODE(1) loss: 6.1077e-05, 
                    Non-trivial solution loss: 1.3646e-05,
                    Physics loss: 1.1845e+01,
                    Initial value of rho: -0.15597 + -1.92916i,
                    Current value of rho: -0.15597 + -1.92916i,
                    Target rho: -0.18974 + -2.02458
------------------------------
Epoch: 3500 / 18000. Total scaled loss: 3.4960e-01, 
                    ODE(0) loss: 7.2068e-05, 
                    ODE(1) loss: 2.1868e-03, 
                    Non-trivial solution loss: 5.7511e-05,
                    Physics loss: 1.1796e+01,
                    Initial value of rho: -0.15597 + -1.92916i,
                    Current value of rho: -0.15597 + -1.92916i,
                    Target rho: -0.18974 + -2.02458
------------------------------
Epoch: 4000 / 18000. Total scaled loss: 1.5857e+00, 
                    ODE(0) loss: 4.0807e-05, 
                    ODE(1) loss: 1.2396e-04, 
                    Non-trivial solution loss: 2.8013e-04,
                    Physics loss: 1.0298e+01,
                    Initial value of rho: -0.15597 + -1.92916i,
                    Current value of rho: -0.15597 + -1.92916i,
                    Target rho: -0.18974 + -2.02458
------------------------------
Epoch: 4500 / 18000. Total scaled loss: 2.9583e+00, 
                    ODE(0) loss: 6.9576e-04, 
                    ODE(1) loss: 1.1872e-02, 
                    Non-trivial solution loss: 7.7041e-04,
                    Physics loss: 8.3551e+00,
                    Initial value of rho: -0.15597 + -1.92916i,
                    Current value of rho: -0.15597 + -1.92916i,
                    Target rho: -0.18974 + -2.02458
------------------------------
Epoch: 5000 / 18000. Total scaled loss: 2.0383e+00, 
                    ODE(0) loss: 8.0494e-07, 
                    ODE(1) loss: 6.0968e-06, 
                    Non-trivial solution loss: 6.7974e-04,
                    Physics loss: 7.2094e+00,
                    Initial value of rho: -0.15597 + -1.92916i,
                    Current value of rho: -0.15597 + -1.92916i,
                    Target rho: -0.18974 + -2.02458
------------------------------
Epoch: 5500 / 18000. Total scaled loss: 2.1625e+00, 
                    ODE(0) loss: 3.8358e-05, 
                    ODE(1) loss: 4.5993e-04, 
                    Non-trivial solution loss: 1.1762e-03,
                    Physics loss: 6.0313e+00,
                    Initial value of rho: -0.15597 + -1.92916i,
                    Current value of rho: -0.15597 + -1.92916i,
                    Target rho: -0.18974 + -2.02458
------------------------------
Epoch: 6000 / 18000. Total scaled loss: 2.0631e+00, 
                    ODE(0) loss: 7.0702e-06, 
                    ODE(1) loss: 3.0242e-05, 
                    Non-trivial solution loss: 9.8138e-04,
                    Physics loss: 4.9811e+00,
                    Initial value of rho: -0.15597 + -1.92916i,
                    Current value of rho: -0.15597 + -1.92916i,
                    Target rho: -0.18974 + -2.02458
------------------------------
Epoch: 6500 / 18000. Total scaled loss: 3.0698e+00, 
                    ODE(0) loss: 2.5550e-03, 
                    ODE(1) loss: 1.4300e-02, 
                    Non-trivial solution loss: 9.6825e-04,
                    Physics loss: 4.1813e+00,
                    Initial value of rho: -0.15597 + -1.92916i,
                    Current value of rho: -0.15597 + -1.92916i,
                    Target rho: -0.18974 + -2.02458
------------------------------
Epoch: 7000 / 18000. Total scaled loss: 2.0031e+00, 
                    ODE(0) loss: 3.8735e-05, 
                    ODE(1) loss: 2.9222e-04, 
                    Non-trivial solution loss: 1.3514e-03,
                    Physics loss: 3.6319e+00,
                    Initial value of rho: -0.15597 + -1.92916i,
                    Current value of rho: -0.15597 + -1.92916i,
                    Target rho: -0.18974 + -2.02458
------------------------------
Epoch: 7500 / 18000. Total scaled loss: 2.1546e+00, 
                    ODE(0) loss: 9.0549e-07, 
                    ODE(1) loss: 4.4649e-06, 
                    Non-trivial solution loss: 1.8150e-03,
                    Physics loss: 3.5094e+00,
                    Initial value of rho: -0.15597 + -1.92916i,
                    Current value of rho: -0.15597 + -1.92916i,
                    Target rho: -0.18974 + -2.02458
------------------------------
Epoch: 8000 / 18000. Total scaled loss: 2.2491e+00, 
                    ODE(0) loss: 8.9076e-07, 
                    ODE(1) loss: 9.6385e-06, 
                    Non-trivial solution loss: 2.6530e-03,
                    Physics loss: 3.2764e+00,
                    Initial value of rho: -0.15597 + -1.92916i,
                    Current value of rho: -0.15597 + -1.92916i,
                    Target rho: -0.18974 + -2.02458
------------------------------
Epoch: 8500 / 18000. Total scaled loss: 2.2633e+00, 
                    ODE(0) loss: 1.7618e-06, 
                    ODE(1) loss: 2.5090e-05, 
                    Non-trivial solution loss: 3.8561e-03,
                    Physics loss: 2.9658e+00,
                    Initial value of rho: -0.15597 + -1.92916i,
                    Current value of rho: -0.15597 + -1.92916i,
                    Target rho: -0.18974 + -2.02458
------------------------------
Epoch: 9000 / 18000. Total scaled loss: 2.1794e+00, 
                    ODE(0) loss: 3.2255e-05, 
                    ODE(1) loss: 1.1749e-05, 
                    Non-trivial solution loss: 5.6290e-03,
                    Physics loss: 2.5745e+00,
                    Initial value of rho: -0.15597 + -1.92916i,
                    Current value of rho: -0.15597 + -1.92916i,
                    Target rho: -0.18974 + -2.02458
------------------------------
Unfreezing rho...
Epoch: 9500 / 18000. Total scaled loss: 1.4059e+00, 
                    ODE(0) loss: 1.4693e-06, 
                    ODE(1) loss: 3.8545e-05, 
                    Non-trivial solution loss: 4.4864e-03,
                    Physics loss: 1.5370e+00,
                    Initial value of rho: -0.15597 + -1.92916i,
                    Current value of rho: -0.17392 + -1.95268i,
                    Target rho: -0.18974 + -2.02458
------------------------------
Epoch: 10000 / 18000. Total scaled loss: 9.2139e-01, 
                    ODE(0) loss: 6.9887e-06, 
                    ODE(1) loss: 6.5412e-06, 
                    Non-trivial solution loss: 4.1534e-03,
                    Physics loss: 9.3124e-01,
                    Initial value of rho: -0.15597 + -1.92916i,
                    Current value of rho: -0.18243 + -1.96557i,
                    Target rho: -0.18974 + -2.02458
------------------------------
Epoch: 10500 / 18000. Total scaled loss: 5.0972e-01, 
                    ODE(0) loss: 1.9244e-05, 
                    ODE(1) loss: 2.6156e-07, 
                    Non-trivial solution loss: 3.3915e-03,
                    Physics loss: 4.8087e-01,
                    Initial value of rho: -0.15597 + -1.92916i,
                    Current value of rho: -0.18818 + -1.97801i,
                    Target rho: -0.18974 + -2.02458
------------------------------
Epoch: 11000 / 18000. Total scaled loss: 4.1558e-01, 
                    ODE(0) loss: 1.1085e-03, 
                    ODE(1) loss: 1.4030e-02, 
                    Non-trivial solution loss: 2.5312e-03,
                    Physics loss: 2.3888e-01,
                    Initial value of rho: -0.15597 + -1.92916i,
                    Current value of rho: -0.19020 + -1.99117i,
                    Target rho: -0.18974 + -2.02458
------------------------------
Epoch: 11500 / 18000. Total scaled loss: 1.5411e-01, 
                    ODE(0) loss: 6.2833e-05, 
                    ODE(1) loss: 9.7051e-04, 
                    Non-trivial solution loss: 9.9747e-04,
                    Physics loss: 1.3380e-01,
                    Initial value of rho: -0.15597 + -1.92916i,
                    Current value of rho: -0.18943 + -2.00045i,
                    Target rho: -0.18974 + -2.02458
------------------------------
Epoch: 12000 / 18000. Total scaled loss: 7.9271e-02, 
                    ODE(0) loss: 2.2805e-05, 
                    ODE(1) loss: 2.0691e-04, 
                    Non-trivial solution loss: 3.3261e-04,
                    Physics loss: 7.3648e-02,
                    Initial value of rho: -0.15597 + -1.92916i,
                    Current value of rho: -0.18865 + -2.00683i,
                    Target rho: -0.18974 + -2.02458
------------------------------
Epoch: 12500 / 18000. Total scaled loss: 4.5819e-02, 
                    ODE(0) loss: 2.8120e-06, 
                    ODE(1) loss: 1.3244e-06, 
                    Non-trivial solution loss: 1.3664e-04,
                    Physics loss: 4.4411e-02,
                    Initial value of rho: -0.15597 + -1.92916i,
                    Current value of rho: -0.18816 + -2.01129i,
                    Target rho: -0.18974 + -2.02458
------------------------------
Epoch: 13000 / 18000. Total scaled loss: 5.8175e-02, 
                    ODE(0) loss: 4.2352e-04, 
                    ODE(1) loss: 2.5503e-03, 
                    Non-trivial solution loss: 6.0379e-05,
                    Physics loss: 2.7833e-02,
                    Initial value of rho: -0.15597 + -1.92916i,
                    Current value of rho: -0.18801 + -2.01457i,
                    Target rho: -0.18974 + -2.02458
------------------------------
Epoch: 13500 / 18000. Total scaled loss: 1.8259e-02, 
                    ODE(0) loss: 6.5746e-06, 
                    ODE(1) loss: 2.7832e-05, 
                    Non-trivial solution loss: 4.2915e-05,
                    Physics loss: 1.7485e-02,
                    Initial value of rho: -0.15597 + -1.92916i,
                    Current value of rho: -0.18799 + -2.01698i,
                    Target rho: -0.18974 + -2.02458
------------------------------
Epoch: 14000 / 18000. Total scaled loss: 1.1774e-02, 
                    ODE(0) loss: 3.7579e-07, 
                    ODE(1) loss: 3.9481e-07, 
                    Non-trivial solution loss: 2.6434e-05,
                    Physics loss: 1.1502e-02,
                    Initial value of rho: -0.15597 + -1.92916i,
                    Current value of rho: -0.18803 + -2.01877i,
                    Target rho: -0.18974 + -2.02458
------------------------------
Epoch: 14500 / 18000. Total scaled loss: 2.9598e-01, 
                    ODE(0) loss: 2.2430e-03, 
                    ODE(1) loss: 2.6386e-02, 
                    Non-trivial solution loss: 1.0828e-04,
                    Physics loss: 7.7546e-03,
                    Initial value of rho: -0.15597 + -1.92916i,
                    Current value of rho: -0.18816 + -2.02014i,
                    Target rho: -0.18974 + -2.02458
------------------------------
Epoch: 15000 / 18000. Total scaled loss: 2.2445e-02, 
                    ODE(0) loss: 1.0034e-04, 
                    ODE(1) loss: 9.8842e-04, 
                    Non-trivial solution loss: 7.9980e-05,
                    Physics loss: 6.4589e-03,
                    Initial value of rho: -0.15597 + -1.92916i,
                    Current value of rho: -0.18828 + -2.02143i,
                    Target rho: -0.18974 + -2.02458
------------------------------
Epoch: 15500 / 18000. Total scaled loss: 8.5868e-03, 
                    ODE(0) loss: 2.1332e-06, 
                    ODE(1) loss: 6.4938e-06, 
                    Non-trivial solution loss: 3.4886e-05,
                    Physics loss: 3.6701e-03,
                    Initial value of rho: -0.15597 + -1.92916i,
                    Current value of rho: -0.18857 + -2.02254i,
                    Target rho: -0.18974 + -2.02458
------------------------------
Epoch: 16000 / 18000. Total scaled loss: 4.2253e-02, 
                    ODE(0) loss: 2.6211e-04, 
                    ODE(1) loss: 2.6889e-03, 
                    Non-trivial solution loss: 5.9994e-05,
                    Physics loss: 4.3731e-03,
                    Initial value of rho: -0.15597 + -1.92916i,
                    Current value of rho: -0.18892 + -2.02332i,
                    Target rho: -0.18974 + -2.02458
------------------------------
Epoch: 16500 / 18000. Total scaled loss: 7.0572e-03, 
                    ODE(0) loss: 3.9522e-06, 
                    ODE(1) loss: 4.6700e-05, 
                    Non-trivial solution loss: 3.4835e-05,
                    Physics loss: 1.8613e-03,
                    Initial value of rho: -0.15597 + -1.92916i,
                    Current value of rho: -0.18921 + -2.02374i,
                    Target rho: -0.18974 + -2.02458
------------------------------
Epoch: 17000 / 18000. Total scaled loss: 2.3122e-02, 
                    ODE(0) loss: 1.9131e-04, 
                    ODE(1) loss: 1.3115e-03, 
                    Non-trivial solution loss: 2.3352e-05,
                    Physics loss: 2.0217e-03,
                    Initial value of rho: -0.15597 + -1.92916i,
                    Current value of rho: -0.18943 + -2.02396i,
                    Target rho: -0.18974 + -2.02458
------------------------------
Epoch: 17500 / 18000. Total scaled loss: 2.1413e-02, 
                    ODE(0) loss: 1.1360e-04, 
                    ODE(1) loss: 1.5627e-03, 
                    Non-trivial solution loss: 3.4359e-05,
                    Physics loss: 9.6901e-04,
                    Initial value of rho: -0.15597 + -1.92916i,
                    Current value of rho: -0.18963 + -2.02406i,
                    Target rho: -0.18974 + -2.02458
------------------------------
Epoch: 18000 / 18000. Total scaled loss: 5.0520e-01, 
                    ODE(0) loss: 2.3137e-03, 
                    ODE(1) loss: 4.3874e-02, 
                    Non-trivial solution loss: 7.4473e-05,
                    Physics loss: 8.5158e-03,
                    Initial value of rho: -0.15597 + -1.92916i,
                    Current value of rho: -0.18975 + -2.02412i,
                    Target rho: -0.18974 + -2.02458
------------------------------
Adam training complete. Switching to L-BFGS:
L-BFGS Epoch: 100 / 1000. Total scaled loss: 3.2554e-06, 
                    ODE(0) loss: 9.9148e-11, 
                    ODE(1) loss: 3.0286e-10, 
                    Non-trivial solution loss: 4.1284e-12,
                    Physics loss: 3.2514e-06,
                    Initial value of rho: -0.15597 + -1.92916i,
                    Current value of rho: -0.18969 + -2.02462i,
                    Target rho: -0.18974 + -2.02458
------------------------------
L-BFGS Epoch: 200 / 1000. Total scaled loss: 3.2895e-06, 
                    ODE(0) loss: 2.0606e-10, 
                    ODE(1) loss: 6.5484e-11, 
                    Non-trivial solution loss: 8.7665e-12,
                    Physics loss: 3.2867e-06,
                    Initial value of rho: -0.15597 + -1.92916i,
                    Current value of rho: -0.18969 + -2.02462i,
                    Target rho: -0.18974 + -2.02458
------------------------------
L-BFGS Epoch: 300 / 1000. Total scaled loss: 3.2487e-06, 
                    ODE(0) loss: 1.4366e-10, 
                    ODE(1) loss: 1.4552e-11, 
                    Non-trivial solution loss: 1.6259e-13,
                    Physics loss: 3.2471e-06,
                    Initial value of rho: -0.15597 + -1.92916i,
                    Current value of rho: -0.18969 + -2.02462i,
                    Target rho: -0.18974 + -2.02458
------------------------------
L-BFGS Epoch: 400 / 1000. Total scaled loss: 3.2326e-06, 
                    ODE(0) loss: 1.4366e-10, 
                    ODE(1) loss: 1.4552e-11, 
                    Non-trivial solution loss: 1.6259e-13,
                    Physics loss: 3.2310e-06,
                    Initial value of rho: -0.15597 + -1.92916i,
                    Current value of rho: -0.18969 + -2.02462i,
                    Target rho: -0.18974 + -2.02458
------------------------------
L-BFGS Epoch: 500 / 1000. Total scaled loss: 3.2780e-06, 
                    ODE(0) loss: 1.4366e-10, 
                    ODE(1) loss: 1.4552e-11, 
                    Non-trivial solution loss: 1.6259e-13,
                    Physics loss: 3.2764e-06,
                    Initial value of rho: -0.15597 + -1.92916i,
                    Current value of rho: -0.18969 + -2.02462i,
                    Target rho: -0.18974 + -2.02458
------------------------------
L-BFGS Epoch: 600 / 1000. Total scaled loss: 3.2033e-06, 
                    ODE(0) loss: 1.3198e-10, 
                    ODE(1) loss: 1.5461e-11, 
                    Non-trivial solution loss: 1.6988e-13,
                    Physics loss: 3.2018e-06,
                    Initial value of rho: -0.15597 + -1.92916i,
                    Current value of rho: -0.18969 + -2.02462i,
                    Target rho: -0.18974 + -2.02458
------------------------------
L-BFGS Epoch: 700 / 1000. Total scaled loss: 3.2016e-06, 
                    ODE(0) loss: 1.3198e-10, 
                    ODE(1) loss: 1.5461e-11, 
                    Non-trivial solution loss: 1.6988e-13,
                    Physics loss: 3.2001e-06,
                    Initial value of rho: -0.15597 + -1.92916i,
                    Current value of rho: -0.18969 + -2.02462i,
                    Target rho: -0.18974 + -2.02458
------------------------------
L-BFGS Epoch: 800 / 1000. Total scaled loss: 3.2948e-06, 
                    ODE(0) loss: 1.4289e-10, 
                    ODE(1) loss: 1.5461e-11, 
                    Non-trivial solution loss: 1.6988e-13,
                    Physics loss: 3.2932e-06,
                    Initial value of rho: -0.15597 + -1.92916i,
                    Current value of rho: -0.18969 + -2.02462i,
                    Target rho: -0.18974 + -2.02458
------------------------------
L-BFGS Epoch: 900 / 1000. Total scaled loss: 3.2627e-06, 
                    ODE(0) loss: 1.4289e-10, 
                    ODE(1) loss: 1.5461e-11, 
                    Non-trivial solution loss: 1.6988e-13,
                    Physics loss: 3.2611e-06,
                    Initial value of rho: -0.15597 + -1.92916i,
                    Current value of rho: -0.18969 + -2.02462i,
                    Target rho: -0.18974 + -2.02458
------------------------------
L-BFGS Epoch: 1000 / 1000. Total scaled loss: 3.2375e-06, 
                    ODE(0) loss: 1.3198e-10, 
                    ODE(1) loss: 1.5461e-11, 
                    Non-trivial solution loss: 1.6988e-13,
                    Physics loss: 3.2360e-06,
                    Initial value of rho: -0.15597 + -1.92916i,
                    Current value of rho: -0.18969 + -2.02462i,
                    Target rho: -0.18974 + -2.02458
------------------------------
Training complete for l = 5. Total scaled loss: 3.2375e-06, 
                    ODE(0) loss: 1.3198e-10, 
                    ODE(1) loss: 1.5461e-11, 
                    Non-trivial solution loss: 1.6988e-13,
                    Physics loss: 3.2360e-06,
                    Current value of rho: -0.18969 + -2.02462i
                    Target rho: -0.18974 + -2.02458
Training complete. Checkpoint saved to ./OutputQNM/l5/delta_0.1/pinn_checkpoint_qnm_l5_delta0.1.pth
l = 5 mode with delta = 0.1 completed successfully.
