000 (308516.012.000) 2026-03-04 11:28:47 Job submitted from host: <130.209.45.81:9618?addrs=130.209.45.81-9618&alias=wiay.astro.gla.ac.uk&noUDP&sock=schedd_8023_b06c>
...
001 (308516.012.000) 2026-03-04 11:52:56 Job executing on host: <130.209.45.193:9619?addrs=130.209.45.193-9619&alias=deimos.astro.gla.ac.uk&noUDP&sock=startd_35_e64f>
	SlotName: slot1_3@deimos.astro.gla.ac.uk
	AvailableGPUs = { GPUs_GPU_34314e2d }
	CondorScratchDir = "/var/lib/condor/execute/dir_423535"
	Cpus = 1
	Disk = 2048
	GPUs = 1
	GPUs_GPU_34314e2d = [ Id = "GPU-34314e2d"; ClockMhz = 1695.0; Capability = 8.6; CoresPerCU = 128; DeviceName = "NVIDIA GeForce RTX 3090"; DeviceUuid = "34314e2d-1720-7fa1-dcf6-30072ca54ea3"; ECCEnabled = false; ComputeUnits = 82; NvidiaDriver = "580.82.07"; DriverVersion = 13.0; DevicePciBusId = "0000:AF:00.0"; GlobalMemoryMb = 24124; MaxSupportedVersion = 13000 ]
	Memory = 2048
...
006 (308516.012.000) 2026-03-04 11:53:05 Image size of job updated: 221656
	217  -  MemoryUsage of job (MB)
	221656  -  ResidentSetSize of job (KB)
...
006 (308516.012.000) 2026-03-04 11:58:06 Image size of job updated: 877000
	857  -  MemoryUsage of job (MB)
	877000  -  ResidentSetSize of job (KB)
...
006 (308516.012.000) 2026-03-04 12:03:06 Image size of job updated: 912456
	892  -  MemoryUsage of job (MB)
	912456  -  ResidentSetSize of job (KB)
...
006 (308516.012.000) 2026-03-04 12:08:06 Image size of job updated: 1025112
	1002  -  MemoryUsage of job (MB)
	1025112  -  ResidentSetSize of job (KB)
...
006 (308516.012.000) 2026-03-04 12:13:07 Image size of job updated: 1096784
	1072  -  MemoryUsage of job (MB)
	1096784  -  ResidentSetSize of job (KB)
...
006 (308516.012.000) 2026-03-04 12:15:09 Image size of job updated: 1158844
	1072  -  MemoryUsage of job (MB)
	1096784  -  ResidentSetSize of job (KB)
...
005 (308516.012.000) 2026-03-04 12:15:09 Job terminated.
	(1) Normal termination (return value 0)
		Usr 0 00:21:38, Sys 0 00:00:13  -  Run Remote Usage
		Usr 0 00:00:00, Sys 0 00:00:00  -  Run Local Usage
		Usr 0 00:21:38, Sys 0 00:00:13  -  Total Remote Usage
		Usr 0 00:00:00, Sys 0 00:00:00  -  Total Local Usage
	0  -  Run Bytes Sent By Job
	0  -  Run Bytes Received By Job
	0  -  Total Bytes Sent By Job
	0  -  Total Bytes Received By Job
	Partitionable Resources :    Usage  Request Allocated Assigned
	   Cpus                 :     1.01        1         1 
	   Disk (KB)            :     1        1024      2048 
	   GPUs                 :     0.12        1         1 "GPU-34314e2d"
	   GpusMemory (MB)      :   963                       
	   Memory (MB)          :  1072        2048      2048 
	   TimeExecute (s)      :  1333                       
	   TimeSlotBusy (s)     :  1333                       
...
