Using device: cuda
------------------------------
Starting training for l = 2 with delta = 0.6
Initial rho: -0.02304 + -0.82751i
Target rho: -0.17792 + -0.74734i
Initial distance from target: 0.17440
------------------------------
Epoch: 1 / 18000. Total scaled loss: 1.4653e+02, 
                    ODE(0) loss: 3.6605e-01, 
                    ODE(1) loss: 2.4017e-01, 
                    Non-trivial solution loss: 8.5911e-01,
                    Physics loss: 1.4417e-01,
                    Initial value of rho: -0.02304 + -0.82751i,
                    Current value of rho: -0.02304 + -0.82751i,
                    Target rho: -0.17792 + -0.74734
------------------------------
Epoch: 500 / 18000. Total scaled loss: 8.3398e-02, 
                    ODE(0) loss: 5.1165e-04, 
                    ODE(1) loss: 1.1652e-04, 
                    Non-trivial solution loss: 8.9677e-06,
                    Physics loss: 1.9684e+00,
                    Initial value of rho: -0.02304 + -0.82751i,
                    Current value of rho: -0.02304 + -0.82751i,
                    Target rho: -0.17792 + -0.74734
------------------------------
Epoch: 1000 / 18000. Total scaled loss: 2.0039e-02, 
                    ODE(0) loss: 3.3664e-06, 
                    ODE(1) loss: 1.6216e-06, 
                    Non-trivial solution loss: 2.5249e-08,
                    Physics loss: 1.9538e+00,
                    Initial value of rho: -0.02304 + -0.82751i,
                    Current value of rho: -0.02304 + -0.82751i,
                    Target rho: -0.17792 + -0.74734
------------------------------
Epoch: 1500 / 18000. Total scaled loss: 8.6012e-02, 
                    ODE(0) loss: 3.3819e-04, 
                    ODE(1) loss: 3.2112e-04, 
                    Non-trivial solution loss: 4.7320e-06,
                    Physics loss: 1.9607e+00,
                    Initial value of rho: -0.02304 + -0.82751i,
                    Current value of rho: -0.02304 + -0.82751i,
                    Target rho: -0.17792 + -0.74734
------------------------------
Epoch: 2000 / 18000. Total scaled loss: 1.9537e-02, 
                    ODE(0) loss: 1.4684e-07, 
                    ODE(1) loss: 6.0813e-08, 
                    Non-trivial solution loss: 1.7286e-08,
                    Physics loss: 1.9514e+00,
                    Initial value of rho: -0.02304 + -0.82751i,
                    Current value of rho: -0.02304 + -0.82751i,
                    Target rho: -0.17792 + -0.74734
------------------------------
Epoch: 2500 / 18000. Total scaled loss: 3.7580e-02, 
                    ODE(0) loss: 1.0264e-04, 
                    ODE(1) loss: 7.2631e-05, 
                    Non-trivial solution loss: 2.8381e-06,
                    Physics loss: 1.9769e+00,
                    Initial value of rho: -0.02304 + -0.82751i,
                    Current value of rho: -0.02304 + -0.82751i,
                    Target rho: -0.17792 + -0.74734
------------------------------
Epoch: 3000 / 18000. Total scaled loss: 3.2334e-01, 
                    ODE(0) loss: 2.1121e-03, 
                    ODE(1) loss: 8.2215e-04, 
                    Non-trivial solution loss: 1.0998e-04,
                    Physics loss: 1.8921e+00,
                    Initial value of rho: -0.02304 + -0.82751i,
                    Current value of rho: -0.02304 + -0.82751i,
                    Target rho: -0.17792 + -0.74734
------------------------------
Epoch: 3500 / 18000. Total scaled loss: 1.9512e-02, 
                    ODE(0) loss: 1.3795e-06, 
                    ODE(1) loss: 5.9475e-07, 
                    Non-trivial solution loss: 1.3156e-07,
                    Physics loss: 1.9301e+00,
                    Initial value of rho: -0.02304 + -0.82751i,
                    Current value of rho: -0.02304 + -0.82751i,
                    Target rho: -0.17792 + -0.74734
------------------------------
Epoch: 4000 / 18000. Total scaled loss: 2.8655e-01, 
                    ODE(0) loss: 6.8994e-06, 
                    ODE(1) loss: 1.8550e-06, 
                    Non-trivial solution loss: 1.1656e-05,
                    Physics loss: 1.8990e+00,
                    Initial value of rho: -0.02304 + -0.82751i,
                    Current value of rho: -0.02304 + -0.82751i,
                    Target rho: -0.17792 + -0.74734
------------------------------
Epoch: 4500 / 18000. Total scaled loss: 4.1149e-01, 
                    ODE(0) loss: 9.5607e-06, 
                    ODE(1) loss: 2.9877e-06, 
                    Non-trivial solution loss: 1.8102e-05,
                    Physics loss: 1.9247e+00,
                    Initial value of rho: -0.02304 + -0.82751i,
                    Current value of rho: -0.02304 + -0.82751i,
                    Target rho: -0.17792 + -0.74734
------------------------------
Epoch: 5000 / 18000. Total scaled loss: 5.3382e-01, 
                    ODE(0) loss: 4.1231e-06, 
                    ODE(1) loss: 2.8214e-06, 
                    Non-trivial solution loss: 3.7177e-05,
                    Physics loss: 1.9288e+00,
                    Initial value of rho: -0.02304 + -0.82751i,
                    Current value of rho: -0.02304 + -0.82751i,
                    Target rho: -0.17792 + -0.74734
------------------------------
Epoch: 5500 / 18000. Total scaled loss: 6.3194e-01, 
                    ODE(0) loss: 5.2999e-06, 
                    ODE(1) loss: 2.6683e-06, 
                    Non-trivial solution loss: 6.7533e-05,
                    Physics loss: 1.8561e+00,
                    Initial value of rho: -0.02304 + -0.82751i,
                    Current value of rho: -0.02304 + -0.82751i,
                    Target rho: -0.17792 + -0.74734
------------------------------
Epoch: 6000 / 18000. Total scaled loss: 7.7160e-01, 
                    ODE(0) loss: 5.5455e-05, 
                    ODE(1) loss: 1.4191e-05, 
                    Non-trivial solution loss: 9.3596e-05,
                    Physics loss: 1.9010e+00,
                    Initial value of rho: -0.02304 + -0.82751i,
                    Current value of rho: -0.02304 + -0.82751i,
                    Target rho: -0.17792 + -0.74734
------------------------------
Epoch: 6500 / 18000. Total scaled loss: 9.2498e-01, 
                    ODE(0) loss: 8.2617e-04, 
                    ODE(1) loss: 1.7790e-04, 
                    Non-trivial solution loss: 9.8766e-05,
                    Physics loss: 1.8484e+00,
                    Initial value of rho: -0.02304 + -0.82751i,
                    Current value of rho: -0.02304 + -0.82751i,
                    Target rho: -0.17792 + -0.74734
------------------------------
Epoch: 7000 / 18000. Total scaled loss: 9.7206e-01, 
                    ODE(0) loss: 2.4730e-06, 
                    ODE(1) loss: 1.5190e-06, 
                    Non-trivial solution loss: 3.3604e-04,
                    Physics loss: 1.8147e+00,
                    Initial value of rho: -0.02304 + -0.82751i,
                    Current value of rho: -0.02304 + -0.82751i,
                    Target rho: -0.17792 + -0.74734
------------------------------
Epoch: 7500 / 18000. Total scaled loss: 1.0977e+00, 
                    ODE(0) loss: 4.1763e-05, 
                    ODE(1) loss: 2.3994e-05, 
                    Non-trivial solution loss: 4.2613e-04,
                    Physics loss: 1.8259e+00,
                    Initial value of rho: -0.02304 + -0.82751i,
                    Current value of rho: -0.02304 + -0.82751i,
                    Target rho: -0.17792 + -0.74734
------------------------------
Epoch: 8000 / 18000. Total scaled loss: 1.1992e+00, 
                    ODE(0) loss: 1.2109e-05, 
                    ODE(1) loss: 5.7449e-06, 
                    Non-trivial solution loss: 7.5202e-04,
                    Physics loss: 1.7919e+00,
                    Initial value of rho: -0.02304 + -0.82751i,
                    Current value of rho: -0.02304 + -0.82751i,
                    Target rho: -0.17792 + -0.74734
------------------------------
Epoch: 8500 / 18000. Total scaled loss: 1.3251e+00, 
                    ODE(0) loss: 4.7565e-04, 
                    ODE(1) loss: 4.0013e-04, 
                    Non-trivial solution loss: 1.2535e-03,
                    Physics loss: 1.7443e+00,
                    Initial value of rho: -0.02304 + -0.82751i,
                    Current value of rho: -0.02304 + -0.82751i,
                    Target rho: -0.17792 + -0.74734
------------------------------
Epoch: 9000 / 18000. Total scaled loss: 1.3847e+00, 
                    ODE(0) loss: 1.8717e-05, 
                    ODE(1) loss: 1.1215e-05, 
                    Non-trivial solution loss: 1.7605e-03,
                    Physics loss: 1.7118e+00,
                    Initial value of rho: -0.02304 + -0.82751i,
                    Current value of rho: -0.02304 + -0.82751i,
                    Target rho: -0.17792 + -0.74734
------------------------------
Unfreezing rho...
Epoch: 9500 / 18000. Total scaled loss: 7.3249e-01, 
                    ODE(0) loss: 9.4695e-06, 
                    ODE(1) loss: 4.4651e-05, 
                    Non-trivial solution loss: 8.1170e-04,
                    Physics loss: 8.4759e-01,
                    Initial value of rho: -0.02304 + -0.82751i,
                    Current value of rho: -0.06485 + -0.79059i,
                    Target rho: -0.17792 + -0.74734
------------------------------
Epoch: 10000 / 18000. Total scaled loss: 4.2829e-01, 
                    ODE(0) loss: 1.5830e-04, 
                    ODE(1) loss: 7.2199e-04, 
                    Non-trivial solution loss: 6.2350e-04,
                    Physics loss: 4.4250e-01,
                    Initial value of rho: -0.02304 + -0.82751i,
                    Current value of rho: -0.09568 + -0.77095i,
                    Target rho: -0.17792 + -0.74734
------------------------------
Epoch: 10500 / 18000. Total scaled loss: 1.9367e-01, 
                    ODE(0) loss: 1.0934e-05, 
                    ODE(1) loss: 1.2389e-04, 
                    Non-trivial solution loss: 2.8977e-04,
                    Physics loss: 1.9517e-01,
                    Initial value of rho: -0.02304 + -0.82751i,
                    Current value of rho: -0.12134 + -0.75969i,
                    Target rho: -0.17792 + -0.74734
------------------------------
Epoch: 11000 / 18000. Total scaled loss: 6.5501e-02, 
                    ODE(0) loss: 5.3884e-06, 
                    ODE(1) loss: 8.9126e-05, 
                    Non-trivial solution loss: 7.4159e-05,
                    Physics loss: 6.3814e-02,
                    Initial value of rho: -0.02304 + -0.82751i,
                    Current value of rho: -0.14376 + -0.75212i,
                    Target rho: -0.17792 + -0.74734
------------------------------
Epoch: 11500 / 18000. Total scaled loss: 1.9776e-02, 
                    ODE(0) loss: 1.8174e-07, 
                    ODE(1) loss: 4.5475e-06, 
                    Non-trivial solution loss: 1.0205e-05,
                    Physics loss: 1.9627e-02,
                    Initial value of rho: -0.02304 + -0.82751i,
                    Current value of rho: -0.15812 + -0.74923i,
                    Target rho: -0.17792 + -0.74734
------------------------------
Epoch: 12000 / 18000. Total scaled loss: 1.1537e-02, 
                    ODE(0) loss: 2.6463e-05, 
                    ODE(1) loss: 5.0910e-04, 
                    Non-trivial solution loss: 1.3900e-05,
                    Physics loss: 6.0420e-03,
                    Initial value of rho: -0.02304 + -0.82751i,
                    Current value of rho: -0.16640 + -0.74835i,
                    Target rho: -0.17792 + -0.74734
------------------------------
Epoch: 12500 / 18000. Total scaled loss: 2.5033e-03, 
                    ODE(0) loss: 2.8603e-07, 
                    ODE(1) loss: 2.1195e-06, 
                    Non-trivial solution loss: 6.3317e-07,
                    Physics loss: 2.4729e-03,
                    Initial value of rho: -0.02304 + -0.82751i,
                    Current value of rho: -0.17108 + -0.74816i,
                    Target rho: -0.17792 + -0.74734
------------------------------
Epoch: 13000 / 18000. Total scaled loss: 1.5958e-03, 
                    ODE(0) loss: 7.7688e-06, 
                    ODE(1) loss: 2.7997e-05, 
                    Non-trivial solution loss: 1.0549e-06,
                    Physics loss: 1.2276e-03,
                    Initial value of rho: -0.02304 + -0.82751i,
                    Current value of rho: -0.17377 + -0.74814i,
                    Target rho: -0.17792 + -0.74734
------------------------------
Epoch: 13500 / 18000. Total scaled loss: 8.2370e-04, 
                    ODE(0) loss: 1.4753e-07, 
                    ODE(1) loss: 5.6285e-07, 
                    Non-trivial solution loss: 1.3005e-07,
                    Physics loss: 8.1530e-04,
                    Initial value of rho: -0.02304 + -0.82751i,
                    Current value of rho: -0.17533 + -0.74814i,
                    Target rho: -0.17792 + -0.74734
------------------------------
Epoch: 14000 / 18000. Total scaled loss: 8.6033e-04, 
                    ODE(0) loss: 4.0812e-07, 
                    ODE(1) loss: 1.6300e-05, 
                    Non-trivial solution loss: 3.6025e-07,
                    Physics loss: 6.8964e-04,
                    Initial value of rho: -0.02304 + -0.82751i,
                    Current value of rho: -0.17630 + -0.74812i,
                    Target rho: -0.17792 + -0.74734
------------------------------
Epoch: 14500 / 18000. Total scaled loss: 7.1545e-04, 
                    ODE(0) loss: 2.5295e-07, 
                    ODE(1) loss: 2.1504e-06, 
                    Non-trivial solution loss: 3.8180e-08,
                    Physics loss: 6.2255e-04,
                    Initial value of rho: -0.02304 + -0.82751i,
                    Current value of rho: -0.17692 + -0.74808i,
                    Target rho: -0.17792 + -0.74734
------------------------------
Epoch: 15000 / 18000. Total scaled loss: 2.3323e-02, 
                    ODE(0) loss: 2.9895e-04, 
                    ODE(1) loss: 1.8336e-03, 
                    Non-trivial solution loss: 1.7913e-05,
                    Physics loss: 1.0918e-03,
                    Initial value of rho: -0.02304 + -0.82751i,
                    Current value of rho: -0.17750 + -0.74805i,
                    Target rho: -0.17792 + -0.74734
------------------------------
Epoch: 15500 / 18000. Total scaled loss: 1.1357e-03, 
                    ODE(0) loss: 1.9758e-07, 
                    ODE(1) loss: 3.4284e-07, 
                    Non-trivial solution loss: 1.1453e-07,
                    Physics loss: 5.0836e-04,
                    Initial value of rho: -0.02304 + -0.82751i,
                    Current value of rho: -0.17788 + -0.74807i,
                    Target rho: -0.17792 + -0.74734
------------------------------
Epoch: 16000 / 18000. Total scaled loss: 2.4967e-02, 
                    ODE(0) loss: 1.9779e-04, 
                    ODE(1) loss: 1.8810e-03, 
                    Non-trivial solution loss: 2.7421e-05,
                    Physics loss: 1.4061e-03,
                    Initial value of rho: -0.02304 + -0.82751i,
                    Current value of rho: -0.17810 + -0.74811i,
                    Target rho: -0.17792 + -0.74734
------------------------------
Epoch: 16500 / 18000. Total scaled loss: 1.3418e-03, 
                    ODE(0) loss: 1.8448e-07, 
                    ODE(1) loss: 5.3205e-07, 
                    Non-trivial solution loss: 1.9627e-07,
                    Physics loss: 3.9995e-04,
                    Initial value of rho: -0.02304 + -0.82751i,
                    Current value of rho: -0.17814 + -0.74816i,
                    Target rho: -0.17792 + -0.74734
------------------------------
Epoch: 17000 / 18000. Total scaled loss: 2.6541e-03, 
                    ODE(0) loss: 1.0947e-05, 
                    ODE(1) loss: 1.3192e-04, 
                    Non-trivial solution loss: 1.5733e-06,
                    Physics loss: 3.1115e-04,
                    Initial value of rho: -0.02304 + -0.82751i,
                    Current value of rho: -0.17817 + -0.74821i,
                    Target rho: -0.17792 + -0.74734
------------------------------
Epoch: 17500 / 18000. Total scaled loss: 1.3676e-03, 
                    ODE(0) loss: 1.1365e-07, 
                    ODE(1) loss: 3.0871e-06, 
                    Non-trivial solution loss: 2.4349e-07,
                    Physics loss: 3.0003e-04,
                    Initial value of rho: -0.02304 + -0.82751i,
                    Current value of rho: -0.17812 + -0.74823i,
                    Target rho: -0.17792 + -0.74734
------------------------------
Epoch: 18000 / 18000. Total scaled loss: 3.5130e-02, 
                    ODE(0) loss: 1.6611e-04, 
                    ODE(1) loss: 2.9979e-03, 
                    Non-trivial solution loss: 6.5721e-06,
                    Physics loss: 6.8492e-04,
                    Initial value of rho: -0.02304 + -0.82751i,
                    Current value of rho: -0.17809 + -0.74823i,
                    Target rho: -0.17792 + -0.74734
------------------------------
Adam training complete. Switching to L-BFGS:
L-BFGS Epoch: 100 / 1000. Total scaled loss: 3.1106e-06, 
                    ODE(0) loss: 5.9637e-11, 
                    ODE(1) loss: 5.5024e-10, 
                    Non-trivial solution loss: 7.6881e-12,
                    Physics loss: 3.1044e-06,
                    Initial value of rho: -0.02304 + -0.82751i,
                    Current value of rho: -0.17783 + -0.74733i,
                    Target rho: -0.17792 + -0.74734
------------------------------
L-BFGS Epoch: 200 / 1000. Total scaled loss: 1.6720e-06, 
                    ODE(0) loss: 1.9266e-10, 
                    ODE(1) loss: 9.6463e-11, 
                    Non-trivial solution loss: 5.7998e-13,
                    Physics loss: 1.6691e-06,
                    Initial value of rho: -0.02304 + -0.82751i,
                    Current value of rho: -0.17790 + -0.74735i,
                    Target rho: -0.17792 + -0.74734
------------------------------
L-BFGS Epoch: 300 / 1000. Total scaled loss: 1.6135e-06, 
                    ODE(0) loss: 1.6242e-10, 
                    ODE(1) loss: 9.5554e-11, 
                    Non-trivial solution loss: 3.2419e-13,
                    Physics loss: 1.6109e-06,
                    Initial value of rho: -0.02304 + -0.82751i,
                    Current value of rho: -0.17790 + -0.74735i,
                    Target rho: -0.17792 + -0.74734
------------------------------
L-BFGS Epoch: 400 / 1000. Total scaled loss: 1.6477e-06, 
                    ODE(0) loss: 1.6242e-10, 
                    ODE(1) loss: 1.0027e-10, 
                    Non-trivial solution loss: 3.2419e-13,
                    Physics loss: 1.6451e-06,
                    Initial value of rho: -0.02304 + -0.82751i,
                    Current value of rho: -0.17790 + -0.74735i,
                    Target rho: -0.17792 + -0.74734
------------------------------
L-BFGS Epoch: 500 / 1000. Total scaled loss: 1.6608e-06, 
                    ODE(0) loss: 1.6242e-10, 
                    ODE(1) loss: 9.5554e-11, 
                    Non-trivial solution loss: 3.2419e-13,
                    Physics loss: 1.6583e-06,
                    Initial value of rho: -0.02304 + -0.82751i,
                    Current value of rho: -0.17790 + -0.74735i,
                    Target rho: -0.17792 + -0.74734
------------------------------
L-BFGS Epoch: 600 / 1000. Total scaled loss: 1.6561e-06, 
                    ODE(0) loss: 1.6242e-10, 
                    ODE(1) loss: 9.5554e-11, 
                    Non-trivial solution loss: 3.2419e-13,
                    Physics loss: 1.6535e-06,
                    Initial value of rho: -0.02304 + -0.82751i,
                    Current value of rho: -0.17790 + -0.74735i,
                    Target rho: -0.17792 + -0.74734
------------------------------
L-BFGS Epoch: 700 / 1000. Total scaled loss: 1.6568e-06, 
                    ODE(0) loss: 1.6242e-10, 
                    ODE(1) loss: 9.5554e-11, 
                    Non-trivial solution loss: 3.2419e-13,
                    Physics loss: 1.6542e-06,
                    Initial value of rho: -0.02304 + -0.82751i,
                    Current value of rho: -0.17790 + -0.74735i,
                    Target rho: -0.17792 + -0.74734
------------------------------
L-BFGS Epoch: 800 / 1000. Total scaled loss: 1.6451e-06, 
                    ODE(0) loss: 1.6242e-10, 
                    ODE(1) loss: 9.5554e-11, 
                    Non-trivial solution loss: 3.2419e-13,
                    Physics loss: 1.6425e-06,
                    Initial value of rho: -0.02304 + -0.82751i,
                    Current value of rho: -0.17790 + -0.74735i,
                    Target rho: -0.17792 + -0.74734
------------------------------
L-BFGS Epoch: 900 / 1000. Total scaled loss: 1.6189e-06, 
                    ODE(0) loss: 1.6242e-10, 
                    ODE(1) loss: 1.0027e-10, 
                    Non-trivial solution loss: 3.2419e-13,
                    Physics loss: 1.6163e-06,
                    Initial value of rho: -0.02304 + -0.82751i,
                    Current value of rho: -0.17790 + -0.74735i,
                    Target rho: -0.17792 + -0.74734
------------------------------
L-BFGS Epoch: 1000 / 1000. Total scaled loss: 1.6432e-06, 
                    ODE(0) loss: 1.6242e-10, 
                    ODE(1) loss: 9.5554e-11, 
                    Non-trivial solution loss: 3.2419e-13,
                    Physics loss: 1.6406e-06,
                    Initial value of rho: -0.02304 + -0.82751i,
                    Current value of rho: -0.17790 + -0.74735i,
                    Target rho: -0.17792 + -0.74734
------------------------------
Training complete for l = 2. Total scaled loss: 1.6432e-06, 
                    ODE(0) loss: 1.6242e-10, 
                    ODE(1) loss: 9.5554e-11, 
                    Non-trivial solution loss: 3.2419e-13,
                    Physics loss: 1.6406e-06,
                    Current value of rho: -0.17790 + -0.74735i
                    Target rho: -0.17792 + -0.74734
