Using device: cuda
------------------------------
Starting training for l = 2 with delta = 0.7
Initial rho: -0.85404 + -0.18499i
Target rho: -0.17792 + -0.74734i
Initial distance from target: 0.87942
------------------------------
Epoch: 1 / 18000. Total scaled loss: 1.0696e+02, 
                    ODE(0) loss: 4.5842e-02, 
                    ODE(1) loss: 9.7941e-02, 
                    Non-trivial solution loss: 9.2582e-01,
                    Physics loss: 6.9443e-02,
                    Initial value of rho: -0.85404 + -0.18499i,
                    Current value of rho: -0.85404 + -0.18499i,
                    Target rho: -0.17792 + -0.74734
------------------------------
Epoch: 500 / 18000. Total scaled loss: 2.3241e+00, 
                    ODE(0) loss: 5.9801e-03, 
                    ODE(1) loss: 1.6382e-02, 
                    Non-trivial solution loss: 1.0783e-06,
                    Physics loss: 8.7766e+00,
                    Initial value of rho: -0.85404 + -0.18499i,
                    Current value of rho: -0.85404 + -0.18499i,
                    Target rho: -0.17792 + -0.74734
------------------------------
Epoch: 1000 / 18000. Total scaled loss: 1.0330e+00, 
                    ODE(0) loss: 1.4709e-03, 
                    ODE(1) loss: 6.3926e-03, 
                    Non-trivial solution loss: 1.6522e-03,
                    Physics loss: 8.1410e+00,
                    Initial value of rho: -0.85404 + -0.18499i,
                    Current value of rho: -0.85404 + -0.18499i,
                    Target rho: -0.17792 + -0.74734
------------------------------
Epoch: 1500 / 18000. Total scaled loss: 7.8203e+00, 
                    ODE(0) loss: 2.0483e-02, 
                    ODE(1) loss: 5.6901e-02, 
                    Non-trivial solution loss: 1.4658e-04,
                    Physics loss: 6.7240e+00,
                    Initial value of rho: -0.85404 + -0.18499i,
                    Current value of rho: -0.85404 + -0.18499i,
                    Target rho: -0.17792 + -0.74734
------------------------------
Epoch: 2000 / 18000. Total scaled loss: 6.9116e-02, 
                    ODE(0) loss: 3.6780e-08, 
                    ODE(1) loss: 1.4161e-10, 
                    Non-trivial solution loss: 3.3470e-07,
                    Physics loss: 6.9078e+00,
                    Initial value of rho: -0.85404 + -0.18499i,
                    Current value of rho: -0.85404 + -0.18499i,
                    Target rho: -0.17792 + -0.74734
------------------------------
Epoch: 2500 / 18000. Total scaled loss: 6.1376e-02, 
                    ODE(0) loss: 2.6860e-08, 
                    ODE(1) loss: 2.4943e-10, 
                    Non-trivial solution loss: 2.2058e-07,
                    Physics loss: 6.1351e+00,
                    Initial value of rho: -0.85404 + -0.18499i,
                    Current value of rho: -0.85404 + -0.18499i,
                    Target rho: -0.17792 + -0.74734
------------------------------
Epoch: 3000 / 18000. Total scaled loss: 1.3364e-01, 
                    ODE(0) loss: 2.2760e-04, 
                    ODE(1) loss: 5.4927e-04, 
                    Non-trivial solution loss: 5.7964e-07,
                    Physics loss: 5.5897e+00,
                    Initial value of rho: -0.85404 + -0.18499i,
                    Current value of rho: -0.85404 + -0.18499i,
                    Target rho: -0.17792 + -0.74734
------------------------------
Epoch: 3500 / 18000. Total scaled loss: 4.9469e-02, 
                    ODE(0) loss: 4.1382e-08, 
                    ODE(1) loss: 7.8757e-09, 
                    Non-trivial solution loss: 1.7439e-07,
                    Physics loss: 4.9447e+00,
                    Initial value of rho: -0.85404 + -0.18499i,
                    Current value of rho: -0.85404 + -0.18499i,
                    Target rho: -0.17792 + -0.74734
------------------------------
Epoch: 4000 / 18000. Total scaled loss: 4.6085e-01, 
                    ODE(0) loss: 9.8768e-06, 
                    ODE(1) loss: 4.3203e-06, 
                    Non-trivial solution loss: 1.9063e-05,
                    Physics loss: 3.0538e+00,
                    Initial value of rho: -0.85404 + -0.18499i,
                    Current value of rho: -0.85404 + -0.18499i,
                    Target rho: -0.17792 + -0.74734
------------------------------
Epoch: 4500 / 18000. Total scaled loss: 3.4222e-01, 
                    ODE(0) loss: 6.0701e-06, 
                    ODE(1) loss: 7.8111e-07, 
                    Non-trivial solution loss: 1.4226e-05,
                    Physics loss: 1.6026e+00,
                    Initial value of rho: -0.85404 + -0.18499i,
                    Current value of rho: -0.85404 + -0.18499i,
                    Target rho: -0.17792 + -0.74734
------------------------------
Epoch: 5000 / 18000. Total scaled loss: 1.8088e-01, 
                    ODE(0) loss: 4.7514e-06, 
                    ODE(1) loss: 6.3895e-07, 
                    Non-trivial solution loss: 7.4564e-06,
                    Physics loss: 6.5419e-01,
                    Initial value of rho: -0.85404 + -0.18499i,
                    Current value of rho: -0.85404 + -0.18499i,
                    Target rho: -0.17792 + -0.74734
------------------------------
Epoch: 5500 / 18000. Total scaled loss: 9.6118e-02, 
                    ODE(0) loss: 2.3590e-06, 
                    ODE(1) loss: 1.5602e-07, 
                    Non-trivial solution loss: 3.5093e-06,
                    Physics loss: 2.8354e-01,
                    Initial value of rho: -0.85404 + -0.18499i,
                    Current value of rho: -0.85404 + -0.18499i,
                    Target rho: -0.17792 + -0.74734
------------------------------
Epoch: 6000 / 18000. Total scaled loss: 9.0628e-02, 
                    ODE(0) loss: 1.5536e-06, 
                    ODE(1) loss: 4.2081e-08, 
                    Non-trivial solution loss: 2.8908e-06,
                    Physics loss: 2.2585e-01,
                    Initial value of rho: -0.85404 + -0.18499i,
                    Current value of rho: -0.85404 + -0.18499i,
                    Target rho: -0.17792 + -0.74734
------------------------------
Epoch: 6500 / 18000. Total scaled loss: 1.1318e-01, 
                    ODE(0) loss: 6.7073e-05, 
                    ODE(1) loss: 1.8795e-04, 
                    Non-trivial solution loss: 2.8362e-05,
                    Physics loss: 2.0570e-01,
                    Initial value of rho: -0.85404 + -0.18499i,
                    Current value of rho: -0.85404 + -0.18499i,
                    Target rho: -0.17792 + -0.74734
------------------------------
Epoch: 7000 / 18000. Total scaled loss: 1.0327e-01, 
                    ODE(0) loss: 1.7854e-06, 
                    ODE(1) loss: 3.9727e-06, 
                    Non-trivial solution loss: 5.7303e-06,
                    Physics loss: 1.9549e-01,
                    Initial value of rho: -0.85404 + -0.18499i,
                    Current value of rho: -0.85404 + -0.18499i,
                    Target rho: -0.17792 + -0.74734
------------------------------
Epoch: 7500 / 18000. Total scaled loss: 1.2970e-01, 
                    ODE(0) loss: 2.2301e-04, 
                    ODE(1) loss: 3.1458e-04, 
                    Non-trivial solution loss: 4.3310e-07,
                    Physics loss: 1.7386e-01,
                    Initial value of rho: -0.85404 + -0.18499i,
                    Current value of rho: -0.85404 + -0.18499i,
                    Target rho: -0.17792 + -0.74734
------------------------------
Epoch: 8000 / 18000. Total scaled loss: 1.0000e-01, 
                    ODE(0) loss: 6.7449e-06, 
                    ODE(1) loss: 8.2546e-07, 
                    Non-trivial solution loss: 4.9079e-06,
                    Physics loss: 1.5301e-01,
                    Initial value of rho: -0.85404 + -0.18499i,
                    Current value of rho: -0.85404 + -0.18499i,
                    Target rho: -0.17792 + -0.74734
------------------------------
Epoch: 8500 / 18000. Total scaled loss: 7.7830e-02, 
                    ODE(0) loss: 5.9408e-06, 
                    ODE(1) loss: 2.4664e-06, 
                    Non-trivial solution loss: 3.7734e-06,
                    Physics loss: 1.0859e-01,
                    Initial value of rho: -0.85404 + -0.18499i,
                    Current value of rho: -0.85404 + -0.18499i,
                    Target rho: -0.17792 + -0.74734
------------------------------
Epoch: 9000 / 18000. Total scaled loss: 5.3011e-02, 
                    ODE(0) loss: 3.3493e-05, 
                    ODE(1) loss: 5.3034e-05, 
                    Non-trivial solution loss: 2.1726e-06,
                    Physics loss: 6.4690e-02,
                    Initial value of rho: -0.85404 + -0.18499i,
                    Current value of rho: -0.85404 + -0.18499i,
                    Target rho: -0.17792 + -0.74734
------------------------------
Unfreezing rho...
Epoch: 9500 / 18000. Total scaled loss: 3.9545e-02, 
                    ODE(0) loss: 2.7281e-05, 
                    ODE(1) loss: 4.5873e-05, 
                    Non-trivial solution loss: 6.7547e-06,
                    Physics loss: 4.4719e-02,
                    Initial value of rho: -0.85404 + -0.18499i,
                    Current value of rho: -0.86071 + -0.18789i,
                    Target rho: -0.17792 + -0.74734
------------------------------
Epoch: 10000 / 18000. Total scaled loss: 3.2225e-02, 
                    ODE(0) loss: 1.1846e-05, 
                    ODE(1) loss: 2.0773e-06, 
                    Non-trivial solution loss: 3.2362e-06,
                    Physics loss: 3.5429e-02,
                    Initial value of rho: -0.85404 + -0.18499i,
                    Current value of rho: -0.86449 + -0.19329i,
                    Target rho: -0.17792 + -0.74734
------------------------------
Epoch: 10500 / 18000. Total scaled loss: 2.7661e-02, 
                    ODE(0) loss: 2.1234e-06, 
                    ODE(1) loss: 1.6536e-06, 
                    Non-trivial solution loss: 3.8232e-06,
                    Physics loss: 2.8633e-02,
                    Initial value of rho: -0.85404 + -0.18499i,
                    Current value of rho: -0.86848 + -0.20108i,
                    Target rho: -0.17792 + -0.74734
------------------------------
Epoch: 11000 / 18000. Total scaled loss: 2.2171e-02, 
                    ODE(0) loss: 2.6951e-04, 
                    ODE(1) loss: 3.5951e-05, 
                    Non-trivial solution loss: 1.0997e-05,
                    Physics loss: 1.9006e-02,
                    Initial value of rho: -0.85404 + -0.18499i,
                    Current value of rho: -0.87293 + -0.21061i,
                    Target rho: -0.17792 + -0.74734
------------------------------
Epoch: 11500 / 18000. Total scaled loss: 1.5141e-02, 
                    ODE(0) loss: 8.2310e-05, 
                    ODE(1) loss: 1.7866e-05, 
                    Non-trivial solution loss: 5.9334e-07,
                    Physics loss: 1.4133e-02,
                    Initial value of rho: -0.85404 + -0.18499i,
                    Current value of rho: -0.87637 + -0.21990i,
                    Target rho: -0.17792 + -0.74734
------------------------------
Epoch: 12000 / 18000. Total scaled loss: 1.1158e-02, 
                    ODE(0) loss: 4.1362e-05, 
                    ODE(1) loss: 1.6306e-04, 
                    Non-trivial solution loss: 2.8025e-07,
                    Physics loss: 9.1108e-03,
                    Initial value of rho: -0.85404 + -0.18499i,
                    Current value of rho: -0.87876 + -0.22682i,
                    Target rho: -0.17792 + -0.74734
------------------------------
Epoch: 12500 / 18000. Total scaled loss: 9.9672e-03, 
                    ODE(0) loss: 1.6446e-04, 
                    ODE(1) loss: 5.8339e-05, 
                    Non-trivial solution loss: 1.4597e-06,
                    Physics loss: 7.7246e-03,
                    Initial value of rho: -0.85404 + -0.18499i,
                    Current value of rho: -0.88069 + -0.23025i,
                    Target rho: -0.17792 + -0.74734
------------------------------
Epoch: 13000 / 18000. Total scaled loss: 1.4786e-02, 
                    ODE(0) loss: 6.1622e-04, 
                    ODE(1) loss: 4.0729e-05, 
                    Non-trivial solution loss: 2.1509e-07,
                    Physics loss: 8.2146e-03,
                    Initial value of rho: -0.85404 + -0.18499i,
                    Current value of rho: -0.88227 + -0.23139i,
                    Target rho: -0.17792 + -0.74734
------------------------------
Epoch: 13500 / 18000. Total scaled loss: 1.1520e-02, 
                    ODE(0) loss: 3.3288e-04, 
                    ODE(1) loss: 1.1759e-04, 
                    Non-trivial solution loss: 7.3444e-06,
                    Physics loss: 6.9415e-03,
                    Initial value of rho: -0.85404 + -0.18499i,
                    Current value of rho: -0.88377 + -0.23170i,
                    Target rho: -0.17792 + -0.74734
------------------------------
Epoch: 14000 / 18000. Total scaled loss: 6.2970e-03, 
                    ODE(0) loss: 6.4607e-05, 
                    ODE(1) loss: 3.9701e-06, 
                    Non-trivial solution loss: 1.1167e-06,
                    Physics loss: 5.6001e-03,
                    Initial value of rho: -0.85404 + -0.18499i,
                    Current value of rho: -0.88527 + -0.23175i,
                    Target rho: -0.17792 + -0.74734
------------------------------
Epoch: 14500 / 18000. Total scaled loss: 7.0148e-03, 
                    ODE(0) loss: 2.0158e-05, 
                    ODE(1) loss: 6.4147e-05, 
                    Non-trivial solution loss: 8.5708e-07,
                    Physics loss: 5.5524e-03,
                    Initial value of rho: -0.85404 + -0.18499i,
                    Current value of rho: -0.88659 + -0.23165i,
                    Target rho: -0.17792 + -0.74734
------------------------------
Epoch: 15000 / 18000. Total scaled loss: 1.2960e-02, 
                    ODE(0) loss: 2.7635e-04, 
                    ODE(1) loss: 1.0469e-04, 
                    Non-trivial solution loss: 4.7893e-07,
                    Physics loss: 5.4908e-03,
                    Initial value of rho: -0.85404 + -0.18499i,
                    Current value of rho: -0.88850 + -0.23143i,
                    Target rho: -0.17792 + -0.74734
------------------------------
Epoch: 15500 / 18000. Total scaled loss: 1.2446e-02, 
                    ODE(0) loss: 1.2620e-04, 
                    ODE(1) loss: 2.2281e-05, 
                    Non-trivial solution loss: 2.6299e-06,
                    Physics loss: 4.9231e-03,
                    Initial value of rho: -0.85404 + -0.18499i,
                    Current value of rho: -0.89108 + -0.23114i,
                    Target rho: -0.17792 + -0.74734
------------------------------
Epoch: 16000 / 18000. Total scaled loss: 1.2403e-02, 
                    ODE(0) loss: 3.0405e-05, 
                    ODE(1) loss: 3.8200e-05, 
                    Non-trivial solution loss: 9.2727e-06,
                    Physics loss: 4.1864e-03,
                    Initial value of rho: -0.85404 + -0.18499i,
                    Current value of rho: -0.89413 + -0.23078i,
                    Target rho: -0.17792 + -0.74734
------------------------------
Epoch: 16500 / 18000. Total scaled loss: 1.3351e-02, 
                    ODE(0) loss: 1.0413e-04, 
                    ODE(1) loss: 5.0368e-06, 
                    Non-trivial solution loss: 4.5709e-06,
                    Physics loss: 3.6654e-03,
                    Initial value of rho: -0.85404 + -0.18499i,
                    Current value of rho: -0.89754 + -0.23048i,
                    Target rho: -0.17792 + -0.74734
------------------------------
Epoch: 17000 / 18000. Total scaled loss: 1.0635e-01, 
                    ODE(0) loss: 7.6201e-03, 
                    ODE(1) loss: 1.7711e-03, 
                    Non-trivial solution loss: 3.4399e-05,
                    Physics loss: 3.1111e-03,
                    Initial value of rho: -0.85404 + -0.18499i,
                    Current value of rho: -0.90092 + -0.23022i,
                    Target rho: -0.17792 + -0.74734
------------------------------
Epoch: 17500 / 18000. Total scaled loss: 1.2641e-02, 
                    ODE(0) loss: 1.5791e-06, 
                    ODE(1) loss: 1.7981e-05, 
                    Non-trivial solution loss: 7.3400e-07,
                    Physics loss: 2.7992e-03,
                    Initial value of rho: -0.85404 + -0.18499i,
                    Current value of rho: -0.90427 + -0.23006i,
                    Target rho: -0.17792 + -0.74734
------------------------------
Epoch: 18000 / 18000. Total scaled loss: 1.6017e-02, 
                    ODE(0) loss: 2.3996e-04, 
                    ODE(1) loss: 7.3469e-05, 
                    Non-trivial solution loss: 3.9784e-07,
                    Physics loss: 2.5763e-03,
                    Initial value of rho: -0.85404 + -0.18499i,
                    Current value of rho: -0.90750 + -0.23005i,
                    Target rho: -0.17792 + -0.74734
------------------------------
Adam training complete. Switching to L-BFGS:
L-BFGS Epoch: 100 / 1000. Total scaled loss: 3.0151e-05, 
                    ODE(0) loss: 3.5608e-09, 
                    ODE(1) loss: 6.4952e-09, 
                    Non-trivial solution loss: 1.0324e-10,
                    Physics loss: 3.0049e-05,
                    Initial value of rho: -0.85404 + -0.18499i,
                    Current value of rho: -1.54001 + 0.03098i,
                    Target rho: -0.17792 + -0.74734
------------------------------
L-BFGS Epoch: 200 / 1000. Total scaled loss: 1.5274e-05, 
                    ODE(0) loss: 1.3978e-09, 
                    ODE(1) loss: 2.5077e-09, 
                    Non-trivial solution loss: 8.7630e-12,
                    Physics loss: 1.5235e-05,
                    Initial value of rho: -0.85404 + -0.18499i,
                    Current value of rho: -1.56092 + 0.03829i,
                    Target rho: -0.17792 + -0.74734
------------------------------
L-BFGS Epoch: 300 / 1000. Total scaled loss: 1.5020e-05, 
                    ODE(0) loss: 2.4302e-09, 
                    ODE(1) loss: 2.7628e-09, 
                    Non-trivial solution loss: 2.6259e-11,
                    Physics loss: 1.4968e-05,
                    Initial value of rho: -0.85404 + -0.18499i,
                    Current value of rho: -1.55621 + 0.03916i,
                    Target rho: -0.17792 + -0.74734
------------------------------
L-BFGS Epoch: 400 / 1000. Total scaled loss: 1.4901e-05, 
                    ODE(0) loss: 2.1206e-09, 
                    ODE(1) loss: 3.1189e-09, 
                    Non-trivial solution loss: 5.8569e-12,
                    Physics loss: 1.4849e-05,
                    Initial value of rho: -0.85404 + -0.18499i,
                    Current value of rho: -1.55954 + 0.04027i,
                    Target rho: -0.17792 + -0.74734
------------------------------
L-BFGS Epoch: 500 / 1000. Total scaled loss: 1.5031e-05, 
                    ODE(0) loss: 1.7398e-09, 
                    ODE(1) loss: 2.8895e-09, 
                    Non-trivial solution loss: 1.2399e-12,
                    Physics loss: 1.4985e-05,
                    Initial value of rho: -0.85404 + -0.18499i,
                    Current value of rho: -1.56142 + 0.04069i,
                    Target rho: -0.17792 + -0.74734
------------------------------
L-BFGS Epoch: 600 / 1000. Total scaled loss: 1.4958e-05, 
                    ODE(0) loss: 1.4670e-09, 
                    ODE(1) loss: 2.5029e-09, 
                    Non-trivial solution loss: 7.4039e-12,
                    Physics loss: 1.4918e-05,
                    Initial value of rho: -0.85404 + -0.18499i,
                    Current value of rho: -1.56156 + 0.04107i,
                    Target rho: -0.17792 + -0.74734
------------------------------
L-BFGS Epoch: 700 / 1000. Total scaled loss: 1.4944e-05, 
                    ODE(0) loss: 1.4519e-09, 
                    ODE(1) loss: 2.7462e-09, 
                    Non-trivial solution loss: 6.2441e-12,
                    Physics loss: 1.4902e-05,
                    Initial value of rho: -0.85404 + -0.18499i,
                    Current value of rho: -1.56164 + 0.04121i,
                    Target rho: -0.17792 + -0.74734
------------------------------
L-BFGS Epoch: 800 / 1000. Total scaled loss: 1.5184e-05, 
                    ODE(0) loss: 2.3142e-09, 
                    ODE(1) loss: 3.1377e-09, 
                    Non-trivial solution loss: 1.7668e-11,
                    Physics loss: 1.5130e-05,
                    Initial value of rho: -0.85404 + -0.18499i,
                    Current value of rho: -1.56062 + 0.04107i,
                    Target rho: -0.17792 + -0.74734
------------------------------
L-BFGS Epoch: 900 / 1000. Total scaled loss: 1.5357e-05, 
                    ODE(0) loss: 1.7159e-09, 
                    ODE(1) loss: 2.1223e-09, 
                    Non-trivial solution loss: 2.5820e-11,
                    Physics loss: 1.5318e-05,
                    Initial value of rho: -0.85404 + -0.18499i,
                    Current value of rho: -1.55953 + 0.04091i,
                    Target rho: -0.17792 + -0.74734
------------------------------
L-BFGS Epoch: 1000 / 1000. Total scaled loss: 1.4921e-05, 
                    ODE(0) loss: 1.7159e-09, 
                    ODE(1) loss: 2.1223e-09, 
                    Non-trivial solution loss: 2.5820e-11,
                    Physics loss: 1.4882e-05,
                    Initial value of rho: -0.85404 + -0.18499i,
                    Current value of rho: -1.55953 + 0.04091i,
                    Target rho: -0.17792 + -0.74734
------------------------------
Training complete for l = 2. Total scaled loss: 1.4921e-05, 
                    ODE(0) loss: 1.7159e-09, 
                    ODE(1) loss: 2.1223e-09, 
                    Non-trivial solution loss: 2.5820e-11,
                    Physics loss: 1.4882e-05,
                    Current value of rho: -1.55953 + 0.04091i
                    Target rho: -0.17792 + -0.74734
Training complete. Checkpoint saved to ./RepeatRunQNM/l2/delta0.7/14/pinn_checkpoint_qnm_l2_delta0.7_run14.pth
l = 2 mode with delta = 0.7 completed successfully.
