000 (308653.021.000) 2026-03-10 15:43:58 Job submitted from host: <130.209.45.81:9618?addrs=130.209.45.81-9618&alias=wiay.astro.gla.ac.uk&noUDP&sock=schedd_8023_b06c>
...
001 (308653.021.000) 2026-03-10 16:36:59 Job executing on host: <130.209.45.193:9619?addrs=130.209.45.193-9619&alias=deimos.astro.gla.ac.uk&noUDP&sock=startd_35_e64f>
	SlotName: slot1_1@deimos.astro.gla.ac.uk
	AvailableGPUs = { GPUs_GPU_9ed99095 }
	CondorScratchDir = "/var/lib/condor/execute/dir_474741"
	Cpus = 1
	Disk = 2048
	GPUs = 1
	GPUs_GPU_9ed99095 = [ Id = "GPU-9ed99095"; ClockMhz = 1695.0; Capability = 8.6; CoresPerCU = 128; DeviceName = "NVIDIA GeForce RTX 3090"; DeviceUuid = "9ed99095-ea7d-ae22-8aa3-a439270c7875"; ECCEnabled = false; ComputeUnits = 82; NvidiaDriver = "580.82.07"; DriverVersion = 13.0; DevicePciBusId = "0000:3B:00.0"; GlobalMemoryMb = 24124; MaxSupportedVersion = 13000 ]
	Memory = 2048
...
006 (308653.021.000) 2026-03-10 16:37:08 Image size of job updated: 539920
	528  -  MemoryUsage of job (MB)
	539920  -  ResidentSetSize of job (KB)
...
006 (308653.021.000) 2026-03-10 16:42:09 Image size of job updated: 875892
	856  -  MemoryUsage of job (MB)
	875892  -  ResidentSetSize of job (KB)
...
006 (308653.021.000) 2026-03-10 16:47:09 Image size of job updated: 878424
	858  -  MemoryUsage of job (MB)
	878424  -  ResidentSetSize of job (KB)
...
006 (308653.021.000) 2026-03-10 16:52:10 Image size of job updated: 978696
	956  -  MemoryUsage of job (MB)
	978696  -  ResidentSetSize of job (KB)
...
006 (308653.021.000) 2026-03-10 16:57:11 Image size of job updated: 1043808
	1020  -  MemoryUsage of job (MB)
	1043808  -  ResidentSetSize of job (KB)
...
006 (308653.021.000) 2026-03-10 17:02:12 Image size of job updated: 1179424
	1152  -  MemoryUsage of job (MB)
	1179424  -  ResidentSetSize of job (KB)
...
006 (308653.021.000) 2026-03-10 17:02:29 Image size of job updated: 1179524
	1152  -  MemoryUsage of job (MB)
	1179424  -  ResidentSetSize of job (KB)
...
005 (308653.021.000) 2026-03-10 17:02:29 Job terminated.
	(1) Normal termination (return value 0)
		Usr 0 00:25:02, Sys 0 00:00:13  -  Run Remote Usage
		Usr 0 00:00:00, Sys 0 00:00:00  -  Run Local Usage
		Usr 0 00:25:02, Sys 0 00:00:13  -  Total Remote Usage
		Usr 0 00:00:00, Sys 0 00:00:00  -  Total Local Usage
	0  -  Run Bytes Sent By Job
	0  -  Run Bytes Received By Job
	0  -  Total Bytes Sent By Job
	0  -  Total Bytes Received By Job
	Partitionable Resources :    Usage  Request Allocated Assigned
	   Cpus                 :     1.01        1         1 
	   Disk (KB)            :     1        1024      2048 
	   GPUs                 :     0.11        1         1 "GPU-9ed99095"
	   GpusMemory (MB)      :   963                       
	   Memory (MB)          :  1152        2048      2048 
	   TimeExecute (s)      :  1530                       
	   TimeSlotBusy (s)     :  1530                       
...
