Using device: cuda
------------------------------
Starting training for l = 2 with delta = 0.6
Initial rho: -0.31505 + -0.45445i
Target rho: -0.17792 + -0.74734i
Initial distance from target: 0.32341
------------------------------
Epoch: 1 / 18000. Total scaled loss: 2.1769e+02, 
                    ODE(0) loss: 4.6974e-02, 
                    ODE(1) loss: 1.0440e+00, 
                    Non-trivial solution loss: 1.0859e+00,
                    Physics loss: 4.2479e-01,
                    Initial value of rho: -0.31505 + -0.45445i,
                    Current value of rho: -0.31505 + -0.45445i,
                    Target rho: -0.17792 + -0.74734
------------------------------
Epoch: 500 / 18000. Total scaled loss: 3.3097e-02, 
                    ODE(0) loss: 1.3692e-08, 
                    ODE(1) loss: 1.9379e-07, 
                    Non-trivial solution loss: 1.4251e-07,
                    Physics loss: 3.3062e+00,
                    Initial value of rho: -0.31505 + -0.45445i,
                    Current value of rho: -0.31505 + -0.45445i,
                    Target rho: -0.17792 + -0.74734
------------------------------
Epoch: 1000 / 18000. Total scaled loss: 3.1365e-02, 
                    ODE(0) loss: 2.2833e-07, 
                    ODE(1) loss: 3.5042e-06, 
                    Non-trivial solution loss: 2.1343e-07,
                    Physics loss: 3.0970e+00,
                    Initial value of rho: -0.31505 + -0.45445i,
                    Current value of rho: -0.31505 + -0.45445i,
                    Target rho: -0.17792 + -0.74734
------------------------------
Epoch: 1500 / 18000. Total scaled loss: 3.0013e-02, 
                    ODE(0) loss: 6.5423e-08, 
                    ODE(1) loss: 5.4625e-06, 
                    Non-trivial solution loss: 8.4670e-08,
                    Physics loss: 2.9452e+00,
                    Initial value of rho: -0.31505 + -0.45445i,
                    Current value of rho: -0.31505 + -0.45445i,
                    Target rho: -0.17792 + -0.74734
------------------------------
Epoch: 2000 / 18000. Total scaled loss: 2.7760e-02, 
                    ODE(0) loss: 1.6280e-07, 
                    ODE(1) loss: 2.9623e-06, 
                    Non-trivial solution loss: 3.1976e-07,
                    Physics loss: 2.7416e+00,
                    Initial value of rho: -0.31505 + -0.45445i,
                    Current value of rho: -0.31505 + -0.45445i,
                    Target rho: -0.17792 + -0.74734
------------------------------
Epoch: 2500 / 18000. Total scaled loss: 2.5726e-02, 
                    ODE(0) loss: 2.5038e-08, 
                    ODE(1) loss: 8.0090e-09, 
                    Non-trivial solution loss: 1.0846e-07,
                    Physics loss: 2.5711e+00,
                    Initial value of rho: -0.31505 + -0.45445i,
                    Current value of rho: -0.31505 + -0.45445i,
                    Target rho: -0.17792 + -0.74734
------------------------------
Epoch: 3000 / 18000. Total scaled loss: 2.4323e-02, 
                    ODE(0) loss: 1.9099e-08, 
                    ODE(1) loss: 6.3524e-10, 
                    Non-trivial solution loss: 9.7149e-08,
                    Physics loss: 2.4311e+00,
                    Initial value of rho: -0.31505 + -0.45445i,
                    Current value of rho: -0.31505 + -0.45445i,
                    Target rho: -0.17792 + -0.74734
------------------------------
Epoch: 3500 / 18000. Total scaled loss: 2.5289e-02, 
                    ODE(0) loss: 1.5010e-06, 
                    ODE(1) loss: 2.1112e-05, 
                    Non-trivial solution loss: 1.8565e-07,
                    Physics loss: 2.3009e+00,
                    Initial value of rho: -0.31505 + -0.45445i,
                    Current value of rho: -0.31505 + -0.45445i,
                    Target rho: -0.17792 + -0.74734
------------------------------
Epoch: 4000 / 18000. Total scaled loss: 2.2727e-01, 
                    ODE(0) loss: 3.4481e-07, 
                    ODE(1) loss: 3.4038e-06, 
                    Non-trivial solution loss: 8.0460e-06,
                    Physics loss: 1.5089e+00,
                    Initial value of rho: -0.31505 + -0.45445i,
                    Current value of rho: -0.31505 + -0.45445i,
                    Target rho: -0.17792 + -0.74734
------------------------------
Epoch: 4500 / 18000. Total scaled loss: 2.5730e-01, 
                    ODE(0) loss: 1.3581e-06, 
                    ODE(1) loss: 5.5741e-08, 
                    Non-trivial solution loss: 1.0552e-05,
                    Physics loss: 1.2065e+00,
                    Initial value of rho: -0.31505 + -0.45445i,
                    Current value of rho: -0.31505 + -0.45445i,
                    Target rho: -0.17792 + -0.74734
------------------------------
Epoch: 5000 / 18000. Total scaled loss: 2.9360e-01, 
                    ODE(0) loss: 5.8218e-06, 
                    ODE(1) loss: 1.0901e-05, 
                    Non-trivial solution loss: 1.3685e-05,
                    Physics loss: 1.0590e+00,
                    Initial value of rho: -0.31505 + -0.45445i,
                    Current value of rho: -0.31505 + -0.45445i,
                    Target rho: -0.17792 + -0.74734
------------------------------
Epoch: 5500 / 18000. Total scaled loss: 3.1256e-01, 
                    ODE(0) loss: 5.0337e-06, 
                    ODE(1) loss: 1.6230e-06, 
                    Non-trivial solution loss: 1.8145e-05,
                    Physics loss: 9.2084e-01,
                    Initial value of rho: -0.31505 + -0.45445i,
                    Current value of rho: -0.31505 + -0.45445i,
                    Target rho: -0.17792 + -0.74734
------------------------------
Epoch: 6000 / 18000. Total scaled loss: 3.1982e-01, 
                    ODE(0) loss: 2.3471e-06, 
                    ODE(1) loss: 2.1892e-07, 
                    Non-trivial solution loss: 2.3582e-05,
                    Physics loss: 7.9522e-01,
                    Initial value of rho: -0.31505 + -0.45445i,
                    Current value of rho: -0.31505 + -0.45445i,
                    Target rho: -0.17792 + -0.74734
------------------------------
Epoch: 6500 / 18000. Total scaled loss: 3.2752e-01, 
                    ODE(0) loss: 1.1848e-06, 
                    ODE(1) loss: 3.2184e-07, 
                    Non-trivial solution loss: 3.1494e-05,
                    Physics loss: 7.0379e-01,
                    Initial value of rho: -0.31505 + -0.45445i,
                    Current value of rho: -0.31505 + -0.45445i,
                    Target rho: -0.17792 + -0.74734
------------------------------
Epoch: 7000 / 18000. Total scaled loss: 3.2650e-01, 
                    ODE(0) loss: 2.7963e-06, 
                    ODE(1) loss: 1.8944e-07, 
                    Non-trivial solution loss: 3.8385e-05,
                    Physics loss: 6.1753e-01,
                    Initial value of rho: -0.31505 + -0.45445i,
                    Current value of rho: -0.31505 + -0.45445i,
                    Target rho: -0.17792 + -0.74734
------------------------------
Epoch: 7500 / 18000. Total scaled loss: 3.5009e-01, 
                    ODE(0) loss: 9.4032e-06, 
                    ODE(1) loss: 4.3732e-06, 
                    Non-trivial solution loss: 5.1237e-05,
                    Physics loss: 5.9035e-01,
                    Initial value of rho: -0.31505 + -0.45445i,
                    Current value of rho: -0.31505 + -0.45445i,
                    Target rho: -0.17792 + -0.74734
------------------------------
Epoch: 8000 / 18000. Total scaled loss: 3.3331e-01, 
                    ODE(0) loss: 1.0028e-05, 
                    ODE(1) loss: 2.3231e-06, 
                    Non-trivial solution loss: 6.6236e-05,
                    Physics loss: 5.0744e-01,
                    Initial value of rho: -0.31505 + -0.45445i,
                    Current value of rho: -0.31505 + -0.45445i,
                    Target rho: -0.17792 + -0.74734
------------------------------
Epoch: 8500 / 18000. Total scaled loss: 3.6376e-01, 
                    ODE(0) loss: 1.8078e-05, 
                    ODE(1) loss: 1.1504e-06, 
                    Non-trivial solution loss: 9.3490e-05,
                    Physics loss: 5.0449e-01,
                    Initial value of rho: -0.31505 + -0.45445i,
                    Current value of rho: -0.31505 + -0.45445i,
                    Target rho: -0.17792 + -0.74734
------------------------------
Epoch: 9000 / 18000. Total scaled loss: 3.5517e-01, 
                    ODE(0) loss: 1.9200e-05, 
                    ODE(1) loss: 9.2270e-07, 
                    Non-trivial solution loss: 1.3594e-04,
                    Physics loss: 4.5181e-01,
                    Initial value of rho: -0.31505 + -0.45445i,
                    Current value of rho: -0.31505 + -0.45445i,
                    Target rho: -0.17792 + -0.74734
------------------------------
Unfreezing rho...
Epoch: 9500 / 18000. Total scaled loss: 2.8150e-01, 
                    ODE(0) loss: 2.6315e-06, 
                    ODE(1) loss: 1.4504e-06, 
                    Non-trivial solution loss: 1.2534e-04,
                    Physics loss: 3.3211e-01,
                    Initial value of rho: -0.31505 + -0.45445i,
                    Current value of rho: -0.32470 + -0.49088i,
                    Target rho: -0.17792 + -0.74734
------------------------------
Epoch: 10000 / 18000. Total scaled loss: 2.7369e-01, 
                    ODE(0) loss: 5.2462e-04, 
                    ODE(1) loss: 6.9761e-05, 
                    Non-trivial solution loss: 1.5768e-04,
                    Physics loss: 2.8742e-01,
                    Initial value of rho: -0.31505 + -0.45445i,
                    Current value of rho: -0.33296 + -0.51134i,
                    Target rho: -0.17792 + -0.74734
------------------------------
Epoch: 10500 / 18000. Total scaled loss: 2.2284e-01, 
                    ODE(0) loss: 5.6824e-06, 
                    ODE(1) loss: 2.4151e-06, 
                    Non-trivial solution loss: 2.7799e-04,
                    Physics loss: 2.2746e-01,
                    Initial value of rho: -0.31505 + -0.45445i,
                    Current value of rho: -0.34263 + -0.52670i,
                    Target rho: -0.17792 + -0.74734
------------------------------
Epoch: 11000 / 18000. Total scaled loss: 1.8268e-01, 
                    ODE(0) loss: 5.8953e-04, 
                    ODE(1) loss: 9.2946e-05, 
                    Non-trivial solution loss: 3.5753e-04,
                    Physics loss: 1.7228e-01,
                    Initial value of rho: -0.31505 + -0.45445i,
                    Current value of rho: -0.35406 + -0.54087i,
                    Target rho: -0.17792 + -0.74734
------------------------------
Epoch: 11500 / 18000. Total scaled loss: 1.5945e-01, 
                    ODE(0) loss: 2.3773e-04, 
                    ODE(1) loss: 2.9120e-05, 
                    Non-trivial solution loss: 2.3644e-04,
                    Physics loss: 1.5441e-01,
                    Initial value of rho: -0.31505 + -0.45445i,
                    Current value of rho: -0.36606 + -0.55002i,
                    Target rho: -0.17792 + -0.74734
------------------------------
Epoch: 12000 / 18000. Total scaled loss: 1.5357e-01, 
                    ODE(0) loss: 2.4263e-03, 
                    ODE(1) loss: 3.2048e-04, 
                    Non-trivial solution loss: 1.6226e-04,
                    Physics loss: 1.2448e-01,
                    Initial value of rho: -0.31505 + -0.45445i,
                    Current value of rho: -0.37835 + -0.55687i,
                    Target rho: -0.17792 + -0.74734
------------------------------
Epoch: 12500 / 18000. Total scaled loss: 9.7422e-02, 
                    ODE(0) loss: 2.2463e-05, 
                    ODE(1) loss: 1.3765e-05, 
                    Non-trivial solution loss: 1.2117e-04,
                    Physics loss: 9.5848e-02,
                    Initial value of rho: -0.31505 + -0.45445i,
                    Current value of rho: -0.39082 + -0.56224i,
                    Target rho: -0.17792 + -0.74734
------------------------------
Epoch: 13000 / 18000. Total scaled loss: 1.0034e-01, 
                    ODE(0) loss: 7.6122e-04, 
                    ODE(1) loss: 4.8278e-04, 
                    Non-trivial solution loss: 7.4541e-05,
                    Physics loss: 8.7154e-02,
                    Initial value of rho: -0.31505 + -0.45445i,
                    Current value of rho: -0.40313 + -0.56676i,
                    Target rho: -0.17792 + -0.74734
------------------------------
Epoch: 13500 / 18000. Total scaled loss: 8.0890e-02, 
                    ODE(0) loss: 3.0567e-04, 
                    ODE(1) loss: 1.5740e-05, 
                    Non-trivial solution loss: 6.3369e-05,
                    Physics loss: 7.7042e-02,
                    Initial value of rho: -0.31505 + -0.45445i,
                    Current value of rho: -0.41500 + -0.57048i,
                    Target rho: -0.17792 + -0.74734
------------------------------
Epoch: 14000 / 18000. Total scaled loss: 6.0111e-02, 
                    ODE(0) loss: 2.9278e-05, 
                    ODE(1) loss: 1.7174e-05, 
                    Non-trivial solution loss: 4.6683e-05,
                    Physics loss: 5.9180e-02,
                    Initial value of rho: -0.31505 + -0.45445i,
                    Current value of rho: -0.42629 + -0.57376i,
                    Target rho: -0.17792 + -0.74734
------------------------------
Epoch: 14500 / 18000. Total scaled loss: 5.8512e-02, 
                    ODE(0) loss: 7.2152e-05, 
                    ODE(1) loss: 1.0196e-05, 
                    Non-trivial solution loss: 4.3751e-05,
                    Physics loss: 5.1578e-02,
                    Initial value of rho: -0.31505 + -0.45445i,
                    Current value of rho: -0.43713 + -0.57657i,
                    Target rho: -0.17792 + -0.74734
------------------------------
Epoch: 15000 / 18000. Total scaled loss: 7.1068e-02, 
                    ODE(0) loss: 5.8131e-06, 
                    ODE(1) loss: 5.1155e-06, 
                    Non-trivial solution loss: 5.5873e-05,
                    Physics loss: 4.2268e-02,
                    Initial value of rho: -0.31505 + -0.45445i,
                    Current value of rho: -0.45050 + -0.57980i,
                    Target rho: -0.17792 + -0.74734
------------------------------
Epoch: 15500 / 18000. Total scaled loss: 7.4317e-02, 
                    ODE(0) loss: 9.2308e-05, 
                    ODE(1) loss: 2.6044e-05, 
                    Non-trivial solution loss: 7.1028e-05,
                    Physics loss: 3.2607e-02,
                    Initial value of rho: -0.31505 + -0.45445i,
                    Current value of rho: -0.46556 + -0.58325i,
                    Target rho: -0.17792 + -0.74734
------------------------------
Epoch: 16000 / 18000. Total scaled loss: 7.3090e-02, 
                    ODE(0) loss: 2.6567e-04, 
                    ODE(1) loss: 9.3133e-05, 
                    Non-trivial solution loss: 4.8264e-05,
                    Physics loss: 2.4857e-02,
                    Initial value of rho: -0.31505 + -0.45445i,
                    Current value of rho: -0.48066 + -0.58650i,
                    Target rho: -0.17792 + -0.74734
------------------------------
Epoch: 16500 / 18000. Total scaled loss: 7.5040e-02, 
                    ODE(0) loss: 3.9289e-04, 
                    ODE(1) loss: 1.1714e-04, 
                    Non-trivial solution loss: 6.9499e-05,
                    Physics loss: 2.0780e-02,
                    Initial value of rho: -0.31505 + -0.45445i,
                    Current value of rho: -0.49436 + -0.58950i,
                    Target rho: -0.17792 + -0.74734
------------------------------
Epoch: 17000 / 18000. Total scaled loss: 6.2712e-02, 
                    ODE(0) loss: 3.6287e-07, 
                    ODE(1) loss: 6.2633e-06, 
                    Non-trivial solution loss: 4.9894e-05,
                    Physics loss: 1.5985e-02,
                    Initial value of rho: -0.31505 + -0.45445i,
                    Current value of rho: -0.50669 + -0.59231i,
                    Target rho: -0.17792 + -0.74734
------------------------------
Epoch: 17500 / 18000. Total scaled loss: 6.4311e-02, 
                    ODE(0) loss: 4.7442e-04, 
                    ODE(1) loss: 3.8761e-05, 
                    Non-trivial solution loss: 6.9506e-05,
                    Physics loss: 1.3162e-02,
                    Initial value of rho: -0.31505 + -0.45445i,
                    Current value of rho: -0.51756 + -0.59497i,
                    Target rho: -0.17792 + -0.74734
------------------------------
Epoch: 18000 / 18000. Total scaled loss: 7.0524e-02, 
                    ODE(0) loss: 5.9958e-05, 
                    ODE(1) loss: 1.0829e-03, 
                    Non-trivial solution loss: 1.9575e-04,
                    Physics loss: 1.1430e-02,
                    Initial value of rho: -0.31505 + -0.45445i,
                    Current value of rho: -0.52738 + -0.59758i,
                    Target rho: -0.17792 + -0.74734
------------------------------
Adam training complete. Switching to L-BFGS:
L-BFGS Epoch: 100 / 1000. Total scaled loss: 1.0454e-05, 
                    ODE(0) loss: 1.0417e-10, 
                    ODE(1) loss: 3.7828e-09, 
                    Non-trivial solution loss: 2.1104e-11,
                    Physics loss: 1.0415e-05,
                    Initial value of rho: -0.31505 + -0.45445i,
                    Current value of rho: -1.33242 + -0.39493i,
                    Target rho: -0.17792 + -0.74734
------------------------------
L-BFGS Epoch: 200 / 1000. Total scaled loss: 1.0491e-05, 
                    ODE(0) loss: 1.4490e-10, 
                    ODE(1) loss: 2.0620e-09, 
                    Non-trivial solution loss: 4.8682e-11,
                    Physics loss: 1.0468e-05,
                    Initial value of rho: -0.31505 + -0.45445i,
                    Current value of rho: -1.33879 + -0.39190i,
                    Target rho: -0.17792 + -0.74734
------------------------------
L-BFGS Epoch: 300 / 1000. Total scaled loss: 1.0532e-05, 
                    ODE(0) loss: 1.4490e-10, 
                    ODE(1) loss: 2.0620e-09, 
                    Non-trivial solution loss: 4.8682e-11,
                    Physics loss: 1.0510e-05,
                    Initial value of rho: -0.31505 + -0.45445i,
                    Current value of rho: -1.33879 + -0.39190i,
                    Target rho: -0.17792 + -0.74734
------------------------------
L-BFGS Epoch: 400 / 1000. Total scaled loss: 1.0493e-05, 
                    ODE(0) loss: 1.6960e-10, 
                    ODE(1) loss: 2.3281e-09, 
                    Non-trivial solution loss: 3.8458e-11,
                    Physics loss: 1.0468e-05,
                    Initial value of rho: -0.31505 + -0.45445i,
                    Current value of rho: -1.33882 + -0.39191i,
                    Target rho: -0.17792 + -0.74734
------------------------------
L-BFGS Epoch: 500 / 1000. Total scaled loss: 1.0467e-05, 
                    ODE(0) loss: 1.6960e-10, 
                    ODE(1) loss: 2.3275e-09, 
                    Non-trivial solution loss: 3.8458e-11,
                    Physics loss: 1.0441e-05,
                    Initial value of rho: -0.31505 + -0.45445i,
                    Current value of rho: -1.33882 + -0.39191i,
                    Target rho: -0.17792 + -0.74734
------------------------------
L-BFGS Epoch: 600 / 1000. Total scaled loss: 1.0600e-05, 
                    ODE(0) loss: 1.6960e-10, 
                    ODE(1) loss: 2.3275e-09, 
                    Non-trivial solution loss: 3.8458e-11,
                    Physics loss: 1.0574e-05,
                    Initial value of rho: -0.31505 + -0.45445i,
                    Current value of rho: -1.33882 + -0.39191i,
                    Target rho: -0.17792 + -0.74734
------------------------------
L-BFGS Epoch: 700 / 1000. Total scaled loss: 1.0513e-05, 
                    ODE(0) loss: 1.6960e-10, 
                    ODE(1) loss: 2.3275e-09, 
                    Non-trivial solution loss: 3.8458e-11,
                    Physics loss: 1.0488e-05,
                    Initial value of rho: -0.31505 + -0.45445i,
                    Current value of rho: -1.33882 + -0.39191i,
                    Target rho: -0.17792 + -0.74734
------------------------------
L-BFGS Epoch: 800 / 1000. Total scaled loss: 1.0416e-05, 
                    ODE(0) loss: 1.6960e-10, 
                    ODE(1) loss: 2.3275e-09, 
                    Non-trivial solution loss: 3.8458e-11,
                    Physics loss: 1.0391e-05,
                    Initial value of rho: -0.31505 + -0.45445i,
                    Current value of rho: -1.33882 + -0.39191i,
                    Target rho: -0.17792 + -0.74734
------------------------------
L-BFGS Epoch: 900 / 1000. Total scaled loss: 1.0419e-05, 
                    ODE(0) loss: 1.6960e-10, 
                    ODE(1) loss: 2.3275e-09, 
                    Non-trivial solution loss: 3.8458e-11,
                    Physics loss: 1.0393e-05,
                    Initial value of rho: -0.31505 + -0.45445i,
                    Current value of rho: -1.33882 + -0.39191i,
                    Target rho: -0.17792 + -0.74734
------------------------------
L-BFGS Epoch: 1000 / 1000. Total scaled loss: 1.0394e-05, 
                    ODE(0) loss: 1.6960e-10, 
                    ODE(1) loss: 2.3275e-09, 
                    Non-trivial solution loss: 3.8458e-11,
                    Physics loss: 1.0368e-05,
                    Initial value of rho: -0.31505 + -0.45445i,
                    Current value of rho: -1.33882 + -0.39191i,
                    Target rho: -0.17792 + -0.74734
------------------------------
Training complete for l = 2. Total scaled loss: 1.0394e-05, 
                    ODE(0) loss: 1.6960e-10, 
                    ODE(1) loss: 2.3275e-09, 
                    Non-trivial solution loss: 3.8458e-11,
                    Physics loss: 1.0368e-05,
                    Current value of rho: -1.33882 + -0.39191i
                    Target rho: -0.17792 + -0.74734
Result saved to ./RepeatRunQNM/l2/delta0.6/35/result.txt
Training complete. Checkpoint saved to ./RepeatRunQNM/l2/delta0.6/35/pinn_checkpoint_qnm_l2_delta0.6_run35.pth
l = 2 mode with delta = 0.6 completed successfully.
