Using device: cuda
------------------------------
Starting training for l = 2 with delta = 0.7
Initial rho: -0.61877 + -0.41758i
Target rho: -0.17792 + -0.74734i
Initial distance from target: 0.55053
------------------------------
Epoch: 1 / 18000. Total scaled loss: 3.7504e+02, 
                    ODE(0) loss: 5.0616e-01, 
                    ODE(1) loss: 1.8413e+00, 
                    Non-trivial solution loss: 1.4028e+00,
                    Physics loss: 1.0791e+00,
                    Initial value of rho: -0.61877 + -0.41758i,
                    Current value of rho: -0.61877 + -0.41758i,
                    Target rho: -0.17792 + -0.74734
------------------------------
Epoch: 500 / 18000. Total scaled loss: 2.3626e-02, 
                    ODE(0) loss: 1.6635e-08, 
                    ODE(1) loss: 1.3353e-09, 
                    Non-trivial solution loss: 4.7682e-08,
                    Physics loss: 2.3619e+00,
                    Initial value of rho: -0.61877 + -0.41758i,
                    Current value of rho: -0.61877 + -0.41758i,
                    Target rho: -0.17792 + -0.74734
------------------------------
Epoch: 1000 / 18000. Total scaled loss: 9.1376e-01, 
                    ODE(0) loss: 1.7479e-03, 
                    ODE(1) loss: 7.1406e-03, 
                    Non-trivial solution loss: 3.4018e-05,
                    Physics loss: 2.1505e+00,
                    Initial value of rho: -0.61877 + -0.41758i,
                    Current value of rho: -0.61877 + -0.41758i,
                    Target rho: -0.17792 + -0.74734
------------------------------
Epoch: 1500 / 18000. Total scaled loss: 2.1719e-02, 
                    ODE(0) loss: 1.5246e-08, 
                    ODE(1) loss: 1.0189e-09, 
                    Non-trivial solution loss: 4.6158e-08,
                    Physics loss: 2.1713e+00,
                    Initial value of rho: -0.61877 + -0.41758i,
                    Current value of rho: -0.61877 + -0.41758i,
                    Target rho: -0.17792 + -0.74734
------------------------------
Epoch: 2000 / 18000. Total scaled loss: 2.1054e-02, 
                    ODE(0) loss: 1.5341e-08, 
                    ODE(1) loss: 2.4351e-09, 
                    Non-trivial solution loss: 4.3872e-08,
                    Physics loss: 2.1047e+00,
                    Initial value of rho: -0.61877 + -0.41758i,
                    Current value of rho: -0.61877 + -0.41758i,
                    Target rho: -0.17792 + -0.74734
------------------------------
Epoch: 2500 / 18000. Total scaled loss: 2.0965e-02, 
                    ODE(0) loss: 2.4916e-06, 
                    ODE(1) loss: 9.4611e-06, 
                    Non-trivial solution loss: 4.4617e-08,
                    Physics loss: 1.9765e+00,
                    Initial value of rho: -0.61877 + -0.41758i,
                    Current value of rho: -0.61877 + -0.41758i,
                    Target rho: -0.17792 + -0.74734
------------------------------
Epoch: 3000 / 18000. Total scaled loss: 1.8755e-02, 
                    ODE(0) loss: 1.1561e-08, 
                    ODE(1) loss: 5.4084e-10, 
                    Non-trivial solution loss: 3.9390e-08,
                    Physics loss: 1.8750e+00,
                    Initial value of rho: -0.61877 + -0.41758i,
                    Current value of rho: -0.61877 + -0.41758i,
                    Target rho: -0.17792 + -0.74734
------------------------------
Epoch: 3500 / 18000. Total scaled loss: 1.8189e-02, 
                    ODE(0) loss: 9.9549e-09, 
                    ODE(1) loss: 6.6513e-10, 
                    Non-trivial solution loss: 3.7944e-08,
                    Physics loss: 1.8184e+00,
                    Initial value of rho: -0.61877 + -0.41758i,
                    Current value of rho: -0.61877 + -0.41758i,
                    Target rho: -0.17792 + -0.74734
------------------------------
Epoch: 4000 / 18000. Total scaled loss: 2.0105e-01, 
                    ODE(0) loss: 2.0312e-06, 
                    ODE(1) loss: 2.2209e-06, 
                    Non-trivial solution loss: 6.0565e-06,
                    Physics loss: 1.3349e+00,
                    Initial value of rho: -0.61877 + -0.41758i,
                    Current value of rho: -0.61877 + -0.41758i,
                    Target rho: -0.17792 + -0.74734
------------------------------
Epoch: 4500 / 18000. Total scaled loss: 2.0445e-01, 
                    ODE(0) loss: 1.8355e-06, 
                    ODE(1) loss: 1.1100e-06, 
                    Non-trivial solution loss: 6.2220e-06,
                    Physics loss: 9.5886e-01,
                    Initial value of rho: -0.61877 + -0.41758i,
                    Current value of rho: -0.61877 + -0.41758i,
                    Target rho: -0.17792 + -0.74734
------------------------------
Epoch: 5000 / 18000. Total scaled loss: 1.4684e-01, 
                    ODE(0) loss: 9.4537e-06, 
                    ODE(1) loss: 2.9700e-05, 
                    Non-trivial solution loss: 4.7154e-06,
                    Physics loss: 5.2103e-01,
                    Initial value of rho: -0.61877 + -0.41758i,
                    Current value of rho: -0.61877 + -0.41758i,
                    Target rho: -0.17792 + -0.74734
------------------------------
Epoch: 5500 / 18000. Total scaled loss: 1.0204e-01, 
                    ODE(0) loss: 1.6458e-06, 
                    ODE(1) loss: 1.0459e-06, 
                    Non-trivial solution loss: 2.7276e-06,
                    Physics loss: 3.0122e-01,
                    Initial value of rho: -0.61877 + -0.41758i,
                    Current value of rho: -0.61877 + -0.41758i,
                    Target rho: -0.17792 + -0.74734
------------------------------
Epoch: 6000 / 18000. Total scaled loss: 8.5367e-02, 
                    ODE(0) loss: 2.0370e-06, 
                    ODE(1) loss: 6.3302e-06, 
                    Non-trivial solution loss: 2.3425e-06,
                    Physics loss: 2.1161e-01,
                    Initial value of rho: -0.61877 + -0.41758i,
                    Current value of rho: -0.61877 + -0.41758i,
                    Target rho: -0.17792 + -0.74734
------------------------------
Epoch: 6500 / 18000. Total scaled loss: 7.7414e-02, 
                    ODE(0) loss: 1.7297e-05, 
                    ODE(1) loss: 1.3154e-05, 
                    Non-trivial solution loss: 2.5387e-06,
                    Physics loss: 1.6288e-01,
                    Initial value of rho: -0.61877 + -0.41758i,
                    Current value of rho: -0.61877 + -0.41758i,
                    Target rho: -0.17792 + -0.74734
------------------------------
Epoch: 7000 / 18000. Total scaled loss: 7.3422e-02, 
                    ODE(0) loss: 2.5167e-06, 
                    ODE(1) loss: 4.3215e-07, 
                    Non-trivial solution loss: 2.4112e-06,
                    Physics loss: 1.3930e-01,
                    Initial value of rho: -0.61877 + -0.41758i,
                    Current value of rho: -0.61877 + -0.41758i,
                    Target rho: -0.17792 + -0.74734
------------------------------
Epoch: 7500 / 18000. Total scaled loss: 7.6298e-02, 
                    ODE(0) loss: 1.1446e-06, 
                    ODE(1) loss: 3.2625e-11, 
                    Non-trivial solution loss: 2.9796e-06,
                    Physics loss: 1.2954e-01,
                    Initial value of rho: -0.61877 + -0.41758i,
                    Current value of rho: -0.61877 + -0.41758i,
                    Target rho: -0.17792 + -0.74734
------------------------------
Epoch: 8000 / 18000. Total scaled loss: 8.5712e-02, 
                    ODE(0) loss: 3.6400e-05, 
                    ODE(1) loss: 6.1999e-05, 
                    Non-trivial solution loss: 7.5989e-06,
                    Physics loss: 1.2455e-01,
                    Initial value of rho: -0.61877 + -0.41758i,
                    Current value of rho: -0.61877 + -0.41758i,
                    Target rho: -0.17792 + -0.74734
------------------------------
Epoch: 8500 / 18000. Total scaled loss: 8.5165e-02, 
                    ODE(0) loss: 3.1902e-06, 
                    ODE(1) loss: 3.0948e-06, 
                    Non-trivial solution loss: 4.4066e-06,
                    Physics loss: 1.1897e-01,
                    Initial value of rho: -0.61877 + -0.41758i,
                    Current value of rho: -0.61877 + -0.41758i,
                    Target rho: -0.17792 + -0.74734
------------------------------
Epoch: 9000 / 18000. Total scaled loss: 8.3595e-02, 
                    ODE(0) loss: 2.2624e-06, 
                    ODE(1) loss: 1.3728e-05, 
                    Non-trivial solution loss: 5.6240e-06,
                    Physics loss: 1.0698e-01,
                    Initial value of rho: -0.61877 + -0.41758i,
                    Current value of rho: -0.61877 + -0.41758i,
                    Target rho: -0.17792 + -0.74734
------------------------------
Unfreezing rho...
Epoch: 9500 / 18000. Total scaled loss: 8.0302e-02, 
                    ODE(0) loss: 4.1229e-06, 
                    ODE(1) loss: 2.7822e-07, 
                    Non-trivial solution loss: 1.0437e-05,
                    Physics loss: 9.5432e-02,
                    Initial value of rho: -0.61877 + -0.41758i,
                    Current value of rho: -0.62448 + -0.42459i,
                    Target rho: -0.17792 + -0.74734
------------------------------
Epoch: 10000 / 18000. Total scaled loss: 6.8973e-02, 
                    ODE(0) loss: 7.5750e-06, 
                    ODE(1) loss: 2.5195e-06, 
                    Non-trivial solution loss: 1.1660e-05,
                    Physics loss: 7.6163e-02,
                    Initial value of rho: -0.61877 + -0.41758i,
                    Current value of rho: -0.62945 + -0.43049i,
                    Target rho: -0.17792 + -0.74734
------------------------------
Epoch: 10500 / 18000. Total scaled loss: 6.1425e-02, 
                    ODE(0) loss: 8.1733e-05, 
                    ODE(1) loss: 5.2644e-06, 
                    Non-trivial solution loss: 2.5084e-05,
                    Physics loss: 6.2223e-02,
                    Initial value of rho: -0.61877 + -0.41758i,
                    Current value of rho: -0.63508 + -0.43547i,
                    Target rho: -0.17792 + -0.74734
------------------------------
Epoch: 11000 / 18000. Total scaled loss: 4.5039e-02, 
                    ODE(0) loss: 5.3089e-05, 
                    ODE(1) loss: 1.1362e-05, 
                    Non-trivial solution loss: 2.4986e-05,
                    Physics loss: 4.4145e-02,
                    Initial value of rho: -0.61877 + -0.41758i,
                    Current value of rho: -0.64085 + -0.43812i,
                    Target rho: -0.17792 + -0.74734
------------------------------
Epoch: 11500 / 18000. Total scaled loss: 1.1055e-01, 
                    ODE(0) loss: 6.0198e-03, 
                    ODE(1) loss: 9.4164e-04, 
                    Non-trivial solution loss: 2.0189e-05,
                    Physics loss: 4.0737e-02,
                    Initial value of rho: -0.61877 + -0.41758i,
                    Current value of rho: -0.64503 + -0.43975i,
                    Target rho: -0.17792 + -0.74734
------------------------------
Epoch: 12000 / 18000. Total scaled loss: 3.1095e-02, 
                    ODE(0) loss: 2.0911e-05, 
                    ODE(1) loss: 1.6304e-05, 
                    Non-trivial solution loss: 8.8552e-06,
                    Physics loss: 3.0635e-02,
                    Initial value of rho: -0.61877 + -0.41758i,
                    Current value of rho: -0.64823 + -0.44208i,
                    Target rho: -0.17792 + -0.74734
------------------------------
Epoch: 12500 / 18000. Total scaled loss: 2.9700e-02, 
                    ODE(0) loss: 2.1715e-04, 
                    ODE(1) loss: 7.3897e-05, 
                    Non-trivial solution loss: 2.8964e-05,
                    Physics loss: 2.6500e-02,
                    Initial value of rho: -0.61877 + -0.41758i,
                    Current value of rho: -0.65097 + -0.44481i,
                    Target rho: -0.17792 + -0.74734
------------------------------
Epoch: 13000 / 18000. Total scaled loss: 2.6035e-02, 
                    ODE(0) loss: 1.0243e-04, 
                    ODE(1) loss: 9.3144e-05, 
                    Non-trivial solution loss: 5.1834e-06,
                    Physics loss: 2.4027e-02,
                    Initial value of rho: -0.61877 + -0.41758i,
                    Current value of rho: -0.65346 + -0.44794i,
                    Target rho: -0.17792 + -0.74734
------------------------------
Epoch: 13500 / 18000. Total scaled loss: 2.3130e-02, 
                    ODE(0) loss: 5.0916e-06, 
                    ODE(1) loss: 4.3790e-06, 
                    Non-trivial solution loss: 5.6579e-06,
                    Physics loss: 2.2979e-02,
                    Initial value of rho: -0.61877 + -0.41758i,
                    Current value of rho: -0.65579 + -0.45101i,
                    Target rho: -0.17792 + -0.74734
------------------------------
Epoch: 14000 / 18000. Total scaled loss: 2.2090e-02, 
                    ODE(0) loss: 2.2337e-05, 
                    ODE(1) loss: 7.9208e-06, 
                    Non-trivial solution loss: 4.7530e-06,
                    Physics loss: 2.1740e-02,
                    Initial value of rho: -0.61877 + -0.41758i,
                    Current value of rho: -0.65802 + -0.45365i,
                    Target rho: -0.17792 + -0.74734
------------------------------
Epoch: 14500 / 18000. Total scaled loss: 5.2557e-02, 
                    ODE(0) loss: 2.3037e-03, 
                    ODE(1) loss: 6.4911e-04, 
                    Non-trivial solution loss: 1.2545e-04,
                    Physics loss: 1.9617e-02,
                    Initial value of rho: -0.61877 + -0.41758i,
                    Current value of rho: -0.66017 + -0.45595i,
                    Target rho: -0.17792 + -0.74734
------------------------------
Epoch: 15000 / 18000. Total scaled loss: 3.2247e-02, 
                    ODE(0) loss: 1.4732e-04, 
                    ODE(1) loss: 1.7096e-05, 
                    Non-trivial solution loss: 2.2747e-05,
                    Physics loss: 1.8237e-02,
                    Initial value of rho: -0.61877 + -0.41758i,
                    Current value of rho: -0.66294 + -0.45897i,
                    Target rho: -0.17792 + -0.74734
------------------------------
Epoch: 15500 / 18000. Total scaled loss: 3.6191e-02, 
                    ODE(0) loss: 1.8019e-05, 
                    ODE(1) loss: 1.5522e-05, 
                    Non-trivial solution loss: 1.3108e-05,
                    Physics loss: 1.6084e-02,
                    Initial value of rho: -0.61877 + -0.41758i,
                    Current value of rho: -0.66650 + -0.46182i,
                    Target rho: -0.17792 + -0.74734
------------------------------
Epoch: 16000 / 18000. Total scaled loss: 4.8483e-02, 
                    ODE(0) loss: 1.0037e-03, 
                    ODE(1) loss: 3.7406e-05, 
                    Non-trivial solution loss: 3.4842e-05,
                    Physics loss: 1.3586e-02,
                    Initial value of rho: -0.61877 + -0.41758i,
                    Current value of rho: -0.67059 + -0.46398i,
                    Target rho: -0.17792 + -0.74734
------------------------------
Epoch: 16500 / 18000. Total scaled loss: 5.8296e-02, 
                    ODE(0) loss: 1.7672e-03, 
                    ODE(1) loss: 2.5467e-05, 
                    Non-trivial solution loss: 4.9433e-05,
                    Physics loss: 1.1966e-02,
                    Initial value of rho: -0.61877 + -0.41758i,
                    Current value of rho: -0.67500 + -0.46504i,
                    Target rho: -0.17792 + -0.74734
------------------------------
Epoch: 17000 / 18000. Total scaled loss: 3.6691e-02, 
                    ODE(0) loss: 1.5735e-05, 
                    ODE(1) loss: 3.8950e-06, 
                    Non-trivial solution loss: 1.9647e-05,
                    Physics loss: 9.3364e-03,
                    Initial value of rho: -0.61877 + -0.41758i,
                    Current value of rho: -0.67939 + -0.46553i,
                    Target rho: -0.17792 + -0.74734
------------------------------
Epoch: 17500 / 18000. Total scaled loss: 3.7663e-02, 
                    ODE(0) loss: 1.6800e-04, 
                    ODE(1) loss: 8.8177e-05, 
                    Non-trivial solution loss: 2.0909e-05,
                    Physics loss: 7.8528e-03,
                    Initial value of rho: -0.61877 + -0.41758i,
                    Current value of rho: -0.68357 + -0.46658i,
                    Target rho: -0.17792 + -0.74734
------------------------------
Epoch: 18000 / 18000. Total scaled loss: 6.5223e-02, 
                    ODE(0) loss: 2.0450e-03, 
                    ODE(1) loss: 5.4367e-04, 
                    Non-trivial solution loss: 1.1869e-04,
                    Physics loss: 7.6314e-03,
                    Initial value of rho: -0.61877 + -0.41758i,
                    Current value of rho: -0.68763 + -0.46815i,
                    Target rho: -0.17792 + -0.74734
------------------------------
Adam training complete. Switching to L-BFGS:
L-BFGS Epoch: 100 / 1000. Total scaled loss: 2.8385e-05, 
                    ODE(0) loss: 2.9478e-09, 
                    ODE(1) loss: 4.2815e-09, 
                    Non-trivial solution loss: 3.0520e-12,
                    Physics loss: 2.8312e-05,
                    Initial value of rho: -0.61877 + -0.41758i,
                    Current value of rho: -1.63041 + -0.03720i,
                    Target rho: -0.17792 + -0.74734
------------------------------
L-BFGS Epoch: 200 / 1000. Total scaled loss: 6.9689e-06, 
                    ODE(0) loss: 7.1765e-10, 
                    ODE(1) loss: 1.5858e-09, 
                    Non-trivial solution loss: 1.4299e-11,
                    Physics loss: 6.9457e-06,
                    Initial value of rho: -0.61877 + -0.41758i,
                    Current value of rho: -1.74645 + -0.06296i,
                    Target rho: -0.17792 + -0.74734
------------------------------
L-BFGS Epoch: 300 / 1000. Total scaled loss: 6.9377e-06, 
                    ODE(0) loss: 5.2985e-10, 
                    ODE(1) loss: 1.6038e-09, 
                    Non-trivial solution loss: 2.5975e-11,
                    Physics loss: 6.9161e-06,
                    Initial value of rho: -0.61877 + -0.41758i,
                    Current value of rho: -1.74661 + -0.06299i,
                    Target rho: -0.17792 + -0.74734
------------------------------
L-BFGS Epoch: 400 / 1000. Total scaled loss: 7.0727e-06, 
                    ODE(0) loss: 5.5129e-10, 
                    ODE(1) loss: 1.4059e-09, 
                    Non-trivial solution loss: 5.4433e-12,
                    Physics loss: 7.0531e-06,
                    Initial value of rho: -0.61877 + -0.41758i,
                    Current value of rho: -1.74632 + -0.06294i,
                    Target rho: -0.17792 + -0.74734
------------------------------
L-BFGS Epoch: 500 / 1000. Total scaled loss: 7.1535e-06, 
                    ODE(0) loss: 5.0120e-10, 
                    ODE(1) loss: 1.8592e-09, 
                    Non-trivial solution loss: 5.3465e-11,
                    Physics loss: 7.1293e-06,
                    Initial value of rho: -0.61877 + -0.41758i,
                    Current value of rho: -1.74633 + -0.06288i,
                    Target rho: -0.17792 + -0.74734
------------------------------
L-BFGS Epoch: 600 / 1000. Total scaled loss: 7.0554e-06, 
                    ODE(0) loss: 5.1303e-10, 
                    ODE(1) loss: 1.4541e-09, 
                    Non-trivial solution loss: 7.4276e-12,
                    Physics loss: 7.0357e-06,
                    Initial value of rho: -0.61877 + -0.41758i,
                    Current value of rho: -1.74701 + -0.06313i,
                    Target rho: -0.17792 + -0.74734
------------------------------
L-BFGS Epoch: 700 / 1000. Total scaled loss: 6.9828e-06, 
                    ODE(0) loss: 4.5237e-10, 
                    ODE(1) loss: 1.5459e-09, 
                    Non-trivial solution loss: 7.7549e-12,
                    Physics loss: 6.9627e-06,
                    Initial value of rho: -0.61877 + -0.41758i,
                    Current value of rho: -1.74701 + -0.06313i,
                    Target rho: -0.17792 + -0.74734
------------------------------
L-BFGS Epoch: 800 / 1000. Total scaled loss: 7.0948e-06, 
                    ODE(0) loss: 4.5237e-10, 
                    ODE(1) loss: 1.5451e-09, 
                    Non-trivial solution loss: 7.7549e-12,
                    Physics loss: 7.0748e-06,
                    Initial value of rho: -0.61877 + -0.41758i,
                    Current value of rho: -1.74701 + -0.06313i,
                    Target rho: -0.17792 + -0.74734
------------------------------
L-BFGS Epoch: 900 / 1000. Total scaled loss: 7.0068e-06, 
                    ODE(0) loss: 5.8447e-10, 
                    ODE(1) loss: 1.5451e-09, 
                    Non-trivial solution loss: 7.1185e-12,
                    Physics loss: 6.9854e-06,
                    Initial value of rho: -0.61877 + -0.41758i,
                    Current value of rho: -1.74701 + -0.06313i,
                    Target rho: -0.17792 + -0.74734
------------------------------
L-BFGS Epoch: 1000 / 1000. Total scaled loss: 7.0293e-06, 
                    ODE(0) loss: 5.8447e-10, 
                    ODE(1) loss: 1.5451e-09, 
                    Non-trivial solution loss: 7.1185e-12,
                    Physics loss: 7.0079e-06,
                    Initial value of rho: -0.61877 + -0.41758i,
                    Current value of rho: -1.74701 + -0.06313i,
                    Target rho: -0.17792 + -0.74734
------------------------------
Training complete for l = 2. Total scaled loss: 7.0293e-06, 
                    ODE(0) loss: 5.8447e-10, 
                    ODE(1) loss: 1.5451e-09, 
                    Non-trivial solution loss: 7.1185e-12,
                    Physics loss: 7.0079e-06,
                    Current value of rho: -1.74701 + -0.06313i
                    Target rho: -0.17792 + -0.74734
Result saved to ./RepeatRunQNM/l2/delta0.7/19/result.txt
Training complete. Checkpoint saved to ./RepeatRunQNM/l2/delta0.7/19/pinn_checkpoint_qnm_l2_delta0.7_run19.pth
l = 2 mode with delta = 0.7 completed successfully.
