000 (308657.023.000) 2026-03-11 11:51:19 Job submitted from host: <130.209.45.81:9618?addrs=130.209.45.81-9618&alias=wiay.astro.gla.ac.uk&noUDP&sock=schedd_8023_b06c>
...
001 (308657.023.000) 2026-03-11 12:38:24 Job executing on host: <130.209.45.193:9619?addrs=130.209.45.193-9619&alias=deimos.astro.gla.ac.uk&noUDP&sock=startd_35_e64f>
	SlotName: slot1_1@deimos.astro.gla.ac.uk
	AvailableGPUs = { GPUs_GPU_9ed99095 }
	CondorScratchDir = "/var/lib/condor/execute/dir_479244"
	Cpus = 1
	Disk = 2048
	GPUs = 1
	GPUs_GPU_9ed99095 = [ Id = "GPU-9ed99095"; ClockMhz = 1695.0; Capability = 8.6; CoresPerCU = 128; DeviceName = "NVIDIA GeForce RTX 3090"; DeviceUuid = "9ed99095-ea7d-ae22-8aa3-a439270c7875"; ECCEnabled = false; ComputeUnits = 82; NvidiaDriver = "580.82.07"; DriverVersion = 13.0; DevicePciBusId = "0000:3B:00.0"; GlobalMemoryMb = 24124; MaxSupportedVersion = 13000 ]
	Memory = 2048
...
006 (308657.023.000) 2026-03-11 12:38:33 Image size of job updated: 821936
	803  -  MemoryUsage of job (MB)
	821936  -  ResidentSetSize of job (KB)
...
006 (308657.023.000) 2026-03-11 12:43:34 Image size of job updated: 876816
	857  -  MemoryUsage of job (MB)
	876816  -  ResidentSetSize of job (KB)
...
006 (308657.023.000) 2026-03-11 12:48:35 Image size of job updated: 895932
	875  -  MemoryUsage of job (MB)
	895932  -  ResidentSetSize of job (KB)
...
006 (308657.023.000) 2026-03-11 12:53:35 Image size of job updated: 1000960
	978  -  MemoryUsage of job (MB)
	1000960  -  ResidentSetSize of job (KB)
...
006 (308657.023.000) 2026-03-11 12:58:36 Image size of job updated: 1060020
	1036  -  MemoryUsage of job (MB)
	1060020  -  ResidentSetSize of job (KB)
...
006 (308657.023.000) 2026-03-11 13:03:36 Image size of job updated: 1082764
	1058  -  MemoryUsage of job (MB)
	1082764  -  ResidentSetSize of job (KB)
...
006 (308657.023.000) 2026-03-11 13:07:22 Image size of job updated: 1198960
	1058  -  MemoryUsage of job (MB)
	1082764  -  ResidentSetSize of job (KB)
...
005 (308657.023.000) 2026-03-11 13:07:22 Job terminated.
	(1) Normal termination (return value 1)
		Usr 0 00:28:29, Sys 0 00:00:14  -  Run Remote Usage
		Usr 0 00:00:00, Sys 0 00:00:00  -  Run Local Usage
		Usr 0 00:28:29, Sys 0 00:00:14  -  Total Remote Usage
		Usr 0 00:00:00, Sys 0 00:00:00  -  Total Local Usage
	0  -  Run Bytes Sent By Job
	0  -  Run Bytes Received By Job
	0  -  Total Bytes Sent By Job
	0  -  Total Bytes Received By Job
	Partitionable Resources :    Usage  Request Allocated Assigned
	   Cpus                 :     1.00        1         1 
	   Disk (KB)            :     1        1024      2048 
	   GPUs                 :     0.11        1         1 "GPU-9ed99095"
	   GpusMemory (MB)      :   963                       
	   Memory (MB)          :  1058        2048      2048 
	   TimeExecute (s)      :  1738                       
	   TimeSlotBusy (s)     :  1738                       
...
