Using device: cuda
------------------------------
Starting training for l = 2 with delta = 0.7
Initial rho: -0.70955 + -1.38615i
Target rho: -0.17792 + -0.74734i
Initial distance from target: 0.83108
------------------------------
Epoch: 1 / 18000. Total scaled loss: 2.6595e+03, 
                    ODE(0) loss: 2.0441e+01, 
                    ODE(1) loss: 4.8472e+00, 
                    Non-trivial solution loss: 1.3059e+00,
                    Physics loss: 1.0479e+01,
                    Initial value of rho: -0.70955 + -1.38615i,
                    Current value of rho: -0.70955 + -1.38615i,
                    Target rho: -0.17792 + -0.74734
------------------------------
Epoch: 500 / 18000. Total scaled loss: 9.8640e+01, 
                    ODE(0) loss: 4.8079e-03, 
                    ODE(1) loss: 1.2764e-03, 
                    Non-trivial solution loss: 9.8032e-01,
                    Physics loss: 3.7784e-03,
                    Initial value of rho: -0.70955 + -1.38615i,
                    Current value of rho: -0.70955 + -1.38615i,
                    Target rho: -0.17792 + -0.74734
------------------------------
Epoch: 1000 / 18000. Total scaled loss: 4.1079e+01, 
                    ODE(0) loss: 2.4934e-04, 
                    ODE(1) loss: 1.7305e-03, 
                    Non-trivial solution loss: 4.0834e-01,
                    Physics loss: 4.7328e+00,
                    Initial value of rho: -0.70955 + -1.38615i,
                    Current value of rho: -0.70955 + -1.38615i,
                    Target rho: -0.17792 + -0.74734
------------------------------
Epoch: 1500 / 18000. Total scaled loss: 2.7166e-01, 
                    ODE(0) loss: 2.1878e-07, 
                    ODE(1) loss: 5.8843e-07, 
                    Non-trivial solution loss: 2.6506e-04,
                    Physics loss: 2.4507e+01,
                    Initial value of rho: -0.70955 + -1.38615i,
                    Current value of rho: -0.70955 + -1.38615i,
                    Target rho: -0.17792 + -0.74734
------------------------------
Epoch: 2000 / 18000. Total scaled loss: 2.4950e-01, 
                    ODE(0) loss: 1.9501e-08, 
                    ODE(1) loss: 1.0061e-08, 
                    Non-trivial solution loss: 5.5951e-06,
                    Physics loss: 2.4894e+01,
                    Initial value of rho: -0.70955 + -1.38615i,
                    Current value of rho: -0.70955 + -1.38615i,
                    Target rho: -0.17792 + -0.74734
------------------------------
Epoch: 2500 / 18000. Total scaled loss: 2.4218e-01, 
                    ODE(0) loss: 3.0683e-08, 
                    ODE(1) loss: 1.8312e-08, 
                    Non-trivial solution loss: 5.5647e-06,
                    Physics loss: 2.4162e+01,
                    Initial value of rho: -0.70955 + -1.38615i,
                    Current value of rho: -0.70955 + -1.38615i,
                    Target rho: -0.17792 + -0.74734
------------------------------
Epoch: 3000 / 18000. Total scaled loss: 2.3486e-01, 
                    ODE(0) loss: 2.0717e-08, 
                    ODE(1) loss: 7.2805e-09, 
                    Non-trivial solution loss: 5.6958e-06,
                    Physics loss: 2.3429e+01,
                    Initial value of rho: -0.70955 + -1.38615i,
                    Current value of rho: -0.70955 + -1.38615i,
                    Target rho: -0.17792 + -0.74734
------------------------------
Epoch: 3500 / 18000. Total scaled loss: 5.6117e+00, 
                    ODE(0) loss: 4.2114e-02, 
                    ODE(1) loss: 1.1411e-02, 
                    Non-trivial solution loss: 2.3644e-04,
                    Physics loss: 2.3558e+01,
                    Initial value of rho: -0.70955 + -1.38615i,
                    Current value of rho: -0.70955 + -1.38615i,
                    Target rho: -0.17792 + -0.74734
------------------------------
Epoch: 4000 / 18000. Total scaled loss: 3.0707e+00, 
                    ODE(0) loss: 6.6279e-06, 
                    ODE(1) loss: 4.5882e-06, 
                    Non-trivial solution loss: 9.8899e-04,
                    Physics loss: 1.9854e+01,
                    Initial value of rho: -0.70955 + -1.38615i,
                    Current value of rho: -0.70955 + -1.38615i,
                    Target rho: -0.17792 + -0.74734
------------------------------
Epoch: 4500 / 18000. Total scaled loss: 3.8376e+00, 
                    ODE(0) loss: 1.6363e-03, 
                    ODE(1) loss: 4.2554e-04, 
                    Non-trivial solution loss: 1.7986e-03,
                    Physics loss: 1.6457e+01,
                    Initial value of rho: -0.70955 + -1.38615i,
                    Current value of rho: -0.70955 + -1.38615i,
                    Target rho: -0.17792 + -0.74734
------------------------------
Epoch: 5000 / 18000. Total scaled loss: 3.3790e+00, 
                    ODE(0) loss: 2.8053e-05, 
                    ODE(1) loss: 1.8835e-05, 
                    Non-trivial solution loss: 1.8448e-03,
                    Physics loss: 1.1725e+01,
                    Initial value of rho: -0.70955 + -1.38615i,
                    Current value of rho: -0.70955 + -1.38615i,
                    Target rho: -0.17792 + -0.74734
------------------------------
Epoch: 5500 / 18000. Total scaled loss: 1.6695e+00, 
                    ODE(0) loss: 7.9396e-07, 
                    ODE(1) loss: 9.8358e-06, 
                    Non-trivial solution loss: 6.9114e-04,
                    Physics loss: 4.7900e+00,
                    Initial value of rho: -0.70955 + -1.38615i,
                    Current value of rho: -0.70955 + -1.38615i,
                    Target rho: -0.17792 + -0.74734
------------------------------
Epoch: 6000 / 18000. Total scaled loss: 1.0290e+00, 
                    ODE(0) loss: 5.8319e-06, 
                    ODE(1) loss: 3.7866e-06, 
                    Non-trivial solution loss: 2.5216e-04,
                    Physics loss: 2.5276e+00,
                    Initial value of rho: -0.70955 + -1.38615i,
                    Current value of rho: -0.70955 + -1.38615i,
                    Target rho: -0.17792 + -0.74734
------------------------------
Epoch: 6500 / 18000. Total scaled loss: 1.0585e+00, 
                    ODE(0) loss: 1.9441e-05, 
                    ODE(1) loss: 3.5300e-07, 
                    Non-trivial solution loss: 2.7940e-04,
                    Physics loss: 2.2481e+00,
                    Initial value of rho: -0.70955 + -1.38615i,
                    Current value of rho: -0.70955 + -1.38615i,
                    Target rho: -0.17792 + -0.74734
------------------------------
Epoch: 7000 / 18000. Total scaled loss: 1.0239e+00, 
                    ODE(0) loss: 3.2578e-05, 
                    ODE(1) loss: 6.2606e-06, 
                    Non-trivial solution loss: 3.3320e-04,
                    Physics loss: 1.9100e+00,
                    Initial value of rho: -0.70955 + -1.38615i,
                    Current value of rho: -0.70955 + -1.38615i,
                    Target rho: -0.17792 + -0.74734
------------------------------
Epoch: 7500 / 18000. Total scaled loss: 9.8365e-01, 
                    ODE(0) loss: 2.7456e-05, 
                    ODE(1) loss: 1.5021e-05, 
                    Non-trivial solution loss: 3.8881e-04,
                    Physics loss: 1.6370e+00,
                    Initial value of rho: -0.70955 + -1.38615i,
                    Current value of rho: -0.70955 + -1.38615i,
                    Target rho: -0.17792 + -0.74734
------------------------------
Epoch: 8000 / 18000. Total scaled loss: 9.5362e-01, 
                    ODE(0) loss: 6.2152e-05, 
                    ODE(1) loss: 2.1231e-05, 
                    Non-trivial solution loss: 4.7829e-04,
                    Physics loss: 1.4285e+00,
                    Initial value of rho: -0.70955 + -1.38615i,
                    Current value of rho: -0.70955 + -1.38615i,
                    Target rho: -0.17792 + -0.74734
------------------------------
Epoch: 8500 / 18000. Total scaled loss: 8.9201e-01, 
                    ODE(0) loss: 1.8330e-06, 
                    ODE(1) loss: 1.2640e-05, 
                    Non-trivial solution loss: 5.2491e-04,
                    Physics loss: 1.2228e+00,
                    Initial value of rho: -0.70955 + -1.38615i,
                    Current value of rho: -0.70955 + -1.38615i,
                    Target rho: -0.17792 + -0.74734
------------------------------
Epoch: 9000 / 18000. Total scaled loss: 7.9368e-01, 
                    ODE(0) loss: 3.6769e-04, 
                    ODE(1) loss: 1.6907e-05, 
                    Non-trivial solution loss: 5.9266e-04,
                    Physics loss: 9.8326e-01,
                    Initial value of rho: -0.70955 + -1.38615i,
                    Current value of rho: -0.70955 + -1.38615i,
                    Target rho: -0.17792 + -0.74734
------------------------------
Unfreezing rho...
Epoch: 9500 / 18000. Total scaled loss: 4.7286e-01, 
                    ODE(0) loss: 1.4190e-05, 
                    ODE(1) loss: 1.1773e-05, 
                    Non-trivial solution loss: 4.9105e-04,
                    Physics loss: 5.4847e-01,
                    Initial value of rho: -0.70955 + -1.38615i,
                    Current value of rho: -0.71782 + -1.37968i,
                    Target rho: -0.17792 + -0.74734
------------------------------
Epoch: 10000 / 18000. Total scaled loss: 1.4278e-01, 
                    ODE(0) loss: 1.6534e-05, 
                    ODE(1) loss: 9.1084e-06, 
                    Non-trivial solution loss: 9.5684e-05,
                    Physics loss: 1.5597e-01,
                    Initial value of rho: -0.70955 + -1.38615i,
                    Current value of rho: -0.72286 + -1.37642i,
                    Target rho: -0.17792 + -0.74734
------------------------------
Epoch: 10500 / 18000. Total scaled loss: 7.9257e-02, 
                    ODE(0) loss: 1.5108e-06, 
                    ODE(1) loss: 5.2024e-06, 
                    Non-trivial solution loss: 7.5912e-05,
                    Physics loss: 8.1174e-02,
                    Initial value of rho: -0.70955 + -1.38615i,
                    Current value of rho: -0.72612 + -1.37471i,
                    Target rho: -0.17792 + -0.74734
------------------------------
Epoch: 11000 / 18000. Total scaled loss: 4.7930e-02, 
                    ODE(0) loss: 7.6061e-07, 
                    ODE(1) loss: 1.0156e-06, 
                    Non-trivial solution loss: 6.5149e-05,
                    Physics loss: 4.7261e-02,
                    Initial value of rho: -0.70955 + -1.38615i,
                    Current value of rho: -0.72948 + -1.37323i,
                    Target rho: -0.17792 + -0.74734
------------------------------
Epoch: 11500 / 18000. Total scaled loss: 3.4682e-02, 
                    ODE(0) loss: 1.3151e-06, 
                    ODE(1) loss: 7.7810e-07, 
                    Non-trivial solution loss: 3.0166e-05,
                    Physics loss: 3.4359e-02,
                    Initial value of rho: -0.70955 + -1.38615i,
                    Current value of rho: -0.73226 + -1.37194i,
                    Target rho: -0.17792 + -0.74734
------------------------------
Epoch: 12000 / 18000. Total scaled loss: 3.0315e-02, 
                    ODE(0) loss: 2.3132e-04, 
                    ODE(1) loss: 4.5676e-06, 
                    Non-trivial solution loss: 3.3042e-05,
                    Physics loss: 2.7626e-02,
                    Initial value of rho: -0.70955 + -1.38615i,
                    Current value of rho: -0.73434 + -1.37083i,
                    Target rho: -0.17792 + -0.74734
------------------------------
Epoch: 12500 / 18000. Total scaled loss: 6.0604e-02, 
                    ODE(0) loss: 3.3921e-03, 
                    ODE(1) loss: 4.5397e-05, 
                    Non-trivial solution loss: 2.9977e-05,
                    Physics loss: 2.5929e-02,
                    Initial value of rho: -0.70955 + -1.38615i,
                    Current value of rho: -0.73575 + -1.36985i,
                    Target rho: -0.17792 + -0.74734
------------------------------
Epoch: 13000 / 18000. Total scaled loss: 2.2579e-02, 
                    ODE(0) loss: 6.6396e-07, 
                    ODE(1) loss: 6.1507e-07, 
                    Non-trivial solution loss: 9.8667e-06,
                    Physics loss: 2.2468e-02,
                    Initial value of rho: -0.70955 + -1.38615i,
                    Current value of rho: -0.73676 + -1.36884i,
                    Target rho: -0.17792 + -0.74734
------------------------------
Epoch: 13500 / 18000. Total scaled loss: 2.0676e-02, 
                    ODE(0) loss: 5.5785e-05, 
                    ODE(1) loss: 1.0462e-06, 
                    Non-trivial solution loss: 8.2364e-06,
                    Physics loss: 2.0026e-02,
                    Initial value of rho: -0.70955 + -1.38615i,
                    Current value of rho: -0.73762 + -1.36794i,
                    Target rho: -0.17792 + -0.74734
------------------------------
Epoch: 14000 / 18000. Total scaled loss: 2.4441e-02, 
                    ODE(0) loss: 5.5679e-04, 
                    ODE(1) loss: 5.5465e-06, 
                    Non-trivial solution loss: 5.0829e-06,
                    Physics loss: 1.8767e-02,
                    Initial value of rho: -0.70955 + -1.38615i,
                    Current value of rho: -0.73834 + -1.36705i,
                    Target rho: -0.17792 + -0.74734
------------------------------
Epoch: 14500 / 18000. Total scaled loss: 1.9339e-02, 
                    ODE(0) loss: 1.5274e-05, 
                    ODE(1) loss: 1.3725e-06, 
                    Non-trivial solution loss: 9.2588e-06,
                    Physics loss: 1.7189e-02,
                    Initial value of rho: -0.70955 + -1.38615i,
                    Current value of rho: -0.73898 + -1.36620i,
                    Target rho: -0.17792 + -0.74734
------------------------------
Epoch: 15000 / 18000. Total scaled loss: 3.4358e-02, 
                    ODE(0) loss: 6.0151e-04, 
                    ODE(1) loss: 1.6985e-04, 
                    Non-trivial solution loss: 1.2906e-04,
                    Physics loss: 1.5222e-02,
                    Initial value of rho: -0.70955 + -1.38615i,
                    Current value of rho: -0.73978 + -1.36519i,
                    Target rho: -0.17792 + -0.74734
------------------------------
Epoch: 15500 / 18000. Total scaled loss: 2.9473e-02, 
                    ODE(0) loss: 3.2076e-05, 
                    ODE(1) loss: 6.7721e-06, 
                    Non-trivial solution loss: 1.4984e-05,
                    Physics loss: 1.3027e-02,
                    Initial value of rho: -0.70955 + -1.38615i,
                    Current value of rho: -0.74085 + -1.36409i,
                    Target rho: -0.17792 + -0.74734
------------------------------
Epoch: 16000 / 18000. Total scaled loss: 6.3690e-02, 
                    ODE(0) loss: 3.1112e-03, 
                    ODE(1) loss: 4.2116e-05, 
                    Non-trivial solution loss: 3.6649e-05,
                    Physics loss: 1.1449e-02,
                    Initial value of rho: -0.70955 + -1.38615i,
                    Current value of rho: -0.74203 + -1.36287i,
                    Target rho: -0.17792 + -0.74734
------------------------------
Epoch: 16500 / 18000. Total scaled loss: 3.1524e-02, 
                    ODE(0) loss: 1.9291e-05, 
                    ODE(1) loss: 5.7910e-06, 
                    Non-trivial solution loss: 1.3724e-05,
                    Physics loss: 9.3438e-03,
                    Initial value of rho: -0.70955 + -1.38615i,
                    Current value of rho: -0.74326 + -1.36161i,
                    Target rho: -0.17792 + -0.74734
------------------------------
Epoch: 17000 / 18000. Total scaled loss: 3.0848e-02, 
                    ODE(0) loss: 2.9050e-05, 
                    ODE(1) loss: 6.4043e-05, 
                    Non-trivial solution loss: 1.6822e-05,
                    Physics loss: 7.6519e-03,
                    Initial value of rho: -0.70955 + -1.38615i,
                    Current value of rho: -0.74448 + -1.36034i,
                    Target rho: -0.17792 + -0.74734
------------------------------
Epoch: 17500 / 18000. Total scaled loss: 3.1599e-02, 
                    ODE(0) loss: 3.2157e-04, 
                    ODE(1) loss: 7.6564e-05, 
                    Non-trivial solution loss: 1.1686e-05,
                    Physics loss: 6.1893e-03,
                    Initial value of rho: -0.70955 + -1.38615i,
                    Current value of rho: -0.74567 + -1.35908i,
                    Target rho: -0.17792 + -0.74734
------------------------------
Epoch: 18000 / 18000. Total scaled loss: 3.1363e-02, 
                    ODE(0) loss: 6.0075e-04, 
                    ODE(1) loss: 4.2540e-05, 
                    Non-trivial solution loss: 6.1699e-06,
                    Physics loss: 4.9747e-03,
                    Initial value of rho: -0.70955 + -1.38615i,
                    Current value of rho: -0.74678 + -1.35790i,
                    Target rho: -0.17792 + -0.74734
------------------------------
Adam training complete. Switching to L-BFGS:
L-BFGS Epoch: 100 / 1000. Total scaled loss: 1.7813e-05, 
                    ODE(0) loss: 7.9641e-10, 
                    ODE(1) loss: 6.2302e-10, 
                    Non-trivial solution loss: 1.8668e-09,
                    Physics loss: 1.7780e-05,
                    Initial value of rho: -0.70955 + -1.38615i,
                    Current value of rho: -1.27592 + -0.79858i,
                    Target rho: -0.17792 + -0.74734
------------------------------
L-BFGS Epoch: 200 / 1000. Total scaled loss: 6.9729e-06, 
                    ODE(0) loss: 1.9184e-11, 
                    ODE(1) loss: 1.6602e-10, 
                    Non-trivial solution loss: 3.5160e-11,
                    Physics loss: 6.9707e-06,
                    Initial value of rho: -0.70955 + -1.38615i,
                    Current value of rho: -1.41732 + -0.71817i,
                    Target rho: -0.17792 + -0.74734
------------------------------
L-BFGS Epoch: 300 / 1000. Total scaled loss: 6.9528e-06, 
                    ODE(0) loss: 4.5903e-11, 
                    ODE(1) loss: 1.1153e-10, 
                    Non-trivial solution loss: 3.6952e-12,
                    Physics loss: 6.9512e-06,
                    Initial value of rho: -0.70955 + -1.38615i,
                    Current value of rho: -1.41880 + -0.71717i,
                    Target rho: -0.17792 + -0.74734
------------------------------
L-BFGS Epoch: 400 / 1000. Total scaled loss: 6.9583e-06, 
                    ODE(0) loss: 1.7658e-11, 
                    ODE(1) loss: 1.3284e-10, 
                    Non-trivial solution loss: 1.6008e-11,
                    Physics loss: 6.9566e-06,
                    Initial value of rho: -0.70955 + -1.38615i,
                    Current value of rho: -1.41901 + -0.71705i,
                    Target rho: -0.17792 + -0.74734
------------------------------
L-BFGS Epoch: 500 / 1000. Total scaled loss: 6.9721e-06, 
                    ODE(0) loss: 2.2927e-11, 
                    ODE(1) loss: 1.4357e-10, 
                    Non-trivial solution loss: 1.2964e-11,
                    Physics loss: 6.9703e-06,
                    Initial value of rho: -0.70955 + -1.38615i,
                    Current value of rho: -1.41904 + -0.71703i,
                    Target rho: -0.17792 + -0.74734
------------------------------
L-BFGS Epoch: 600 / 1000. Total scaled loss: 6.9838e-06, 
                    ODE(0) loss: 2.2927e-11, 
                    ODE(1) loss: 1.4357e-10, 
                    Non-trivial solution loss: 1.2964e-11,
                    Physics loss: 6.9820e-06,
                    Initial value of rho: -0.70955 + -1.38615i,
                    Current value of rho: -1.41904 + -0.71703i,
                    Target rho: -0.17792 + -0.74734
------------------------------
L-BFGS Epoch: 700 / 1000. Total scaled loss: 6.9458e-06, 
                    ODE(0) loss: 2.2927e-11, 
                    ODE(1) loss: 1.4357e-10, 
                    Non-trivial solution loss: 1.2964e-11,
                    Physics loss: 6.9440e-06,
                    Initial value of rho: -0.70955 + -1.38615i,
                    Current value of rho: -1.41904 + -0.71703i,
                    Target rho: -0.17792 + -0.74734
------------------------------
L-BFGS Epoch: 800 / 1000. Total scaled loss: 6.8891e-06, 
                    ODE(0) loss: 1.1678e-12, 
                    ODE(1) loss: 3.1022e-10, 
                    Non-trivial solution loss: 1.7727e-11,
                    Physics loss: 6.8858e-06,
                    Initial value of rho: -0.70955 + -1.38615i,
                    Current value of rho: -1.41904 + -0.71701i,
                    Target rho: -0.17792 + -0.74734
------------------------------
L-BFGS Epoch: 900 / 1000. Total scaled loss: 6.9003e-06, 
                    ODE(0) loss: 4.2684e-12, 
                    ODE(1) loss: 2.2771e-10, 
                    Non-trivial solution loss: 2.4919e-13,
                    Physics loss: 6.8979e-06,
                    Initial value of rho: -0.70955 + -1.38615i,
                    Current value of rho: -1.41907 + -0.71699i,
                    Target rho: -0.17792 + -0.74734
------------------------------
L-BFGS Epoch: 1000 / 1000. Total scaled loss: 7.0662e-06, 
                    ODE(0) loss: 1.4379e-11, 
                    ODE(1) loss: 2.3937e-10, 
                    Non-trivial solution loss: 1.3363e-11,
                    Physics loss: 7.0635e-06,
                    Initial value of rho: -0.70955 + -1.38615i,
                    Current value of rho: -1.41910 + -0.71697i,
                    Target rho: -0.17792 + -0.74734
------------------------------
Training complete for l = 2. Total scaled loss: 7.0662e-06, 
                    ODE(0) loss: 1.4379e-11, 
                    ODE(1) loss: 2.3937e-10, 
                    Non-trivial solution loss: 1.3363e-11,
                    Physics loss: 7.0635e-06,
                    Current value of rho: -1.41910 + -0.71697i
                    Target rho: -0.17792 + -0.74734
Training complete. Checkpoint saved to ./RepeatRunQNM/l2/delta0.7/20/pinn_checkpoint_qnm_l2_delta0.7_run20.pth
l = 2 mode with delta = 0.7 completed successfully.
