Using device: cuda
------------------------------
Starting training for l = 2 with delta = 0.7
Initial rho: -0.33381 + -0.50661i
Target rho: -0.17792 + -0.74734i
Initial distance from target: 0.28679
------------------------------
Epoch: 1 / 18000. Total scaled loss: 2.9295e+02, 
                    ODE(0) loss: 6.1196e-02, 
                    ODE(1) loss: 1.8262e+00, 
                    Non-trivial solution loss: 1.0420e+00,
                    Physics loss: 6.7689e-01,
                    Initial value of rho: -0.33381 + -0.50661i,
                    Current value of rho: -0.33381 + -0.50661i,
                    Target rho: -0.17792 + -0.74734
------------------------------
Epoch: 500 / 18000. Total scaled loss: 2.2931e-02, 
                    ODE(0) loss: 1.8192e-08, 
                    ODE(1) loss: 7.8693e-10, 
                    Non-trivial solution loss: 6.2921e-08,
                    Physics loss: 2.2923e+00,
                    Initial value of rho: -0.33381 + -0.50661i,
                    Current value of rho: -0.33381 + -0.50661i,
                    Target rho: -0.17792 + -0.74734
------------------------------
Epoch: 1000 / 18000. Total scaled loss: 2.8578e-01, 
                    ODE(0) loss: 7.8753e-05, 
                    ODE(1) loss: 2.5645e-03, 
                    Non-trivial solution loss: 4.7521e-06,
                    Physics loss: 2.0983e+00,
                    Initial value of rho: -0.33381 + -0.50661i,
                    Current value of rho: -0.33381 + -0.50661i,
                    Target rho: -0.17792 + -0.74734
------------------------------
Epoch: 1500 / 18000. Total scaled loss: 4.3249e-02, 
                    ODE(0) loss: 5.7979e-06, 
                    ODE(1) loss: 2.1974e-04, 
                    Non-trivial solution loss: 2.0247e-07,
                    Physics loss: 2.0676e+00,
                    Initial value of rho: -0.33381 + -0.50661i,
                    Current value of rho: -0.33381 + -0.50661i,
                    Target rho: -0.17792 + -0.74734
------------------------------
Epoch: 2000 / 18000. Total scaled loss: 6.9615e-02, 
                    ODE(0) loss: 1.4666e-05, 
                    ODE(1) loss: 4.8453e-04, 
                    Non-trivial solution loss: 4.7226e-07,
                    Physics loss: 1.9648e+00,
                    Initial value of rho: -0.33381 + -0.50661i,
                    Current value of rho: -0.33381 + -0.50661i,
                    Target rho: -0.17792 + -0.74734
------------------------------
Epoch: 2500 / 18000. Total scaled loss: 3.1272e-01, 
                    ODE(0) loss: 1.0887e-04, 
                    ODE(1) loss: 2.8338e-03, 
                    Non-trivial solution loss: 1.8310e-06,
                    Physics loss: 1.8269e+00,
                    Initial value of rho: -0.33381 + -0.50661i,
                    Current value of rho: -0.33381 + -0.50661i,
                    Target rho: -0.17792 + -0.74734
------------------------------
Epoch: 3000 / 18000. Total scaled loss: 2.5360e-02, 
                    ODE(0) loss: 2.6660e-06, 
                    ODE(1) loss: 7.9241e-05, 
                    Non-trivial solution loss: 3.4106e-07,
                    Physics loss: 1.7135e+00,
                    Initial value of rho: -0.33381 + -0.50661i,
                    Current value of rho: -0.33381 + -0.50661i,
                    Target rho: -0.17792 + -0.74734
------------------------------
Epoch: 3500 / 18000. Total scaled loss: 1.6375e-02, 
                    ODE(0) loss: 5.9242e-08, 
                    ODE(1) loss: 8.0273e-07, 
                    Non-trivial solution loss: 5.6620e-08,
                    Physics loss: 1.6284e+00,
                    Initial value of rho: -0.33381 + -0.50661i,
                    Current value of rho: -0.33381 + -0.50661i,
                    Target rho: -0.17792 + -0.74734
------------------------------
Epoch: 4000 / 18000. Total scaled loss: 2.1793e-01, 
                    ODE(0) loss: 5.2852e-05, 
                    ODE(1) loss: 4.7447e-04, 
                    Non-trivial solution loss: 4.9628e-06,
                    Physics loss: 1.1166e+00,
                    Initial value of rho: -0.33381 + -0.50661i,
                    Current value of rho: -0.33381 + -0.50661i,
                    Target rho: -0.17792 + -0.74734
------------------------------
Epoch: 4500 / 18000. Total scaled loss: 3.9554e-01, 
                    ODE(0) loss: 8.2067e-04, 
                    ODE(1) loss: 1.4659e-03, 
                    Non-trivial solution loss: 4.6426e-06,
                    Physics loss: 9.0483e-01,
                    Initial value of rho: -0.33381 + -0.50661i,
                    Current value of rho: -0.33381 + -0.50661i,
                    Target rho: -0.17792 + -0.74734
------------------------------
Epoch: 5000 / 18000. Total scaled loss: 2.1028e-01, 
                    ODE(0) loss: 9.8829e-07, 
                    ODE(1) loss: 2.8753e-08, 
                    Non-trivial solution loss: 8.9508e-06,
                    Physics loss: 7.6199e-01,
                    Initial value of rho: -0.33381 + -0.50661i,
                    Current value of rho: -0.33381 + -0.50661i,
                    Target rho: -0.17792 + -0.74734
------------------------------
Epoch: 5500 / 18000. Total scaled loss: 2.3134e-01, 
                    ODE(0) loss: 5.5089e-07, 
                    ODE(1) loss: 5.8132e-08, 
                    Non-trivial solution loss: 1.1419e-05,
                    Physics loss: 6.8299e-01,
                    Initial value of rho: -0.33381 + -0.50661i,
                    Current value of rho: -0.33381 + -0.50661i,
                    Target rho: -0.17792 + -0.74734
------------------------------
Epoch: 6000 / 18000. Total scaled loss: 5.0816e-01, 
                    ODE(0) loss: 2.4506e-03, 
                    ODE(1) loss: 1.3744e-03, 
                    Non-trivial solution loss: 7.9937e-06,
                    Physics loss: 5.9971e-01,
                    Initial value of rho: -0.33381 + -0.50661i,
                    Current value of rho: -0.33381 + -0.50661i,
                    Target rho: -0.17792 + -0.74734
------------------------------
Epoch: 6500 / 18000. Total scaled loss: 3.0833e-01, 
                    ODE(0) loss: 7.6065e-04, 
                    ODE(1) loss: 2.8662e-04, 
                    Non-trivial solution loss: 1.4329e-05,
                    Physics loss: 5.2045e-01,
                    Initial value of rho: -0.33381 + -0.50661i,
                    Current value of rho: -0.33381 + -0.50661i,
                    Target rho: -0.17792 + -0.74734
------------------------------
Epoch: 7000 / 18000. Total scaled loss: 2.3429e-01, 
                    ODE(0) loss: 1.1262e-06, 
                    ODE(1) loss: 1.5147e-07, 
                    Non-trivial solution loss: 2.0190e-05,
                    Physics loss: 4.4402e-01,
                    Initial value of rho: -0.33381 + -0.50661i,
                    Current value of rho: -0.33381 + -0.50661i,
                    Target rho: -0.17792 + -0.74734
------------------------------
Epoch: 7500 / 18000. Total scaled loss: 3.9527e-01, 
                    ODE(0) loss: 2.2191e-03, 
                    ODE(1) loss: 6.2007e-04, 
                    Non-trivial solution loss: 2.5833e-05,
                    Physics loss: 4.2290e-01,
                    Initial value of rho: -0.33381 + -0.50661i,
                    Current value of rho: -0.33381 + -0.50661i,
                    Target rho: -0.17792 + -0.74734
------------------------------
Epoch: 8000 / 18000. Total scaled loss: 2.6174e-01, 
                    ODE(0) loss: 2.4816e-06, 
                    ODE(1) loss: 4.4430e-07, 
                    Non-trivial solution loss: 3.6215e-05,
                    Physics loss: 4.0004e-01,
                    Initial value of rho: -0.33381 + -0.50661i,
                    Current value of rho: -0.33381 + -0.50661i,
                    Target rho: -0.17792 + -0.74734
------------------------------
Epoch: 8500 / 18000. Total scaled loss: 2.6058e-01, 
                    ODE(0) loss: 7.2777e-06, 
                    ODE(1) loss: 8.8719e-07, 
                    Non-trivial solution loss: 5.2833e-05,
                    Physics loss: 3.6247e-01,
                    Initial value of rho: -0.33381 + -0.50661i,
                    Current value of rho: -0.33381 + -0.50661i,
                    Target rho: -0.17792 + -0.74734
------------------------------
Epoch: 9000 / 18000. Total scaled loss: 3.5908e-01, 
                    ODE(0) loss: 2.2579e-03, 
                    ODE(1) loss: 5.3986e-04, 
                    Non-trivial solution loss: 6.9952e-05,
                    Physics loss: 3.4307e-01,
                    Initial value of rho: -0.33381 + -0.50661i,
                    Current value of rho: -0.33381 + -0.50661i,
                    Target rho: -0.17792 + -0.74734
------------------------------
Unfreezing rho...
Epoch: 9500 / 18000. Total scaled loss: 2.4286e-01, 
                    ODE(0) loss: 4.2729e-06, 
                    ODE(1) loss: 5.9340e-08, 
                    Non-trivial solution loss: 8.2466e-05,
                    Physics loss: 2.8730e-01,
                    Initial value of rho: -0.33381 + -0.50661i,
                    Current value of rho: -0.34186 + -0.52627i,
                    Target rho: -0.17792 + -0.74734
------------------------------
Epoch: 10000 / 18000. Total scaled loss: 2.1197e-01, 
                    ODE(0) loss: 3.3160e-06, 
                    ODE(1) loss: 1.3597e-06, 
                    Non-trivial solution loss: 1.1188e-04,
                    Physics loss: 2.3296e-01,
                    Initial value of rho: -0.33381 + -0.50661i,
                    Current value of rho: -0.35196 + -0.54480i,
                    Target rho: -0.17792 + -0.74734
------------------------------
Epoch: 10500 / 18000. Total scaled loss: 1.7475e-01, 
                    ODE(0) loss: 3.1769e-05, 
                    ODE(1) loss: 7.0991e-06, 
                    Non-trivial solution loss: 1.6814e-04,
                    Physics loss: 1.7862e-01,
                    Initial value of rho: -0.33381 + -0.50661i,
                    Current value of rho: -0.36457 + -0.56185i,
                    Target rho: -0.17792 + -0.74734
------------------------------
Epoch: 11000 / 18000. Total scaled loss: 1.4479e-01, 
                    ODE(0) loss: 3.2623e-05, 
                    ODE(1) loss: 1.9036e-05, 
                    Non-trivial solution loss: 2.1287e-04,
                    Physics loss: 1.4214e-01,
                    Initial value of rho: -0.33381 + -0.50661i,
                    Current value of rho: -0.37895 + -0.57787i,
                    Target rho: -0.17792 + -0.74734
------------------------------
Epoch: 11500 / 18000. Total scaled loss: 1.2889e-01, 
                    ODE(0) loss: 1.6391e-03, 
                    ODE(1) loss: 4.8082e-04, 
                    Non-trivial solution loss: 1.6201e-04,
                    Physics loss: 1.0607e-01,
                    Initial value of rho: -0.33381 + -0.50661i,
                    Current value of rho: -0.39406 + -0.58813i,
                    Target rho: -0.17792 + -0.74734
------------------------------
Epoch: 12000 / 18000. Total scaled loss: 1.7364e-01, 
                    ODE(0) loss: 6.9714e-03, 
                    ODE(1) loss: 1.4517e-03, 
                    Non-trivial solution loss: 8.5925e-05,
                    Physics loss: 8.8545e-02,
                    Initial value of rho: -0.33381 + -0.50661i,
                    Current value of rho: -0.40913 + -0.59525i,
                    Target rho: -0.17792 + -0.74734
------------------------------
Epoch: 12500 / 18000. Total scaled loss: 6.8971e-02, 
                    ODE(0) loss: 7.1161e-06, 
                    ODE(1) loss: 1.0613e-06, 
                    Non-trivial solution loss: 5.4569e-05,
                    Physics loss: 6.8344e-02,
                    Initial value of rho: -0.33381 + -0.50661i,
                    Current value of rho: -0.42311 + -0.60055i,
                    Target rho: -0.17792 + -0.74734
------------------------------
Epoch: 13000 / 18000. Total scaled loss: 5.3527e-02, 
                    ODE(0) loss: 2.7371e-05, 
                    ODE(1) loss: 7.8954e-06, 
                    Non-trivial solution loss: 4.2988e-05,
                    Physics loss: 5.2745e-02,
                    Initial value of rho: -0.33381 + -0.50661i,
                    Current value of rho: -0.43673 + -0.60441i,
                    Target rho: -0.17792 + -0.74734
------------------------------
Epoch: 13500 / 18000. Total scaled loss: 4.3361e-02, 
                    ODE(0) loss: 1.6003e-05, 
                    ODE(1) loss: 5.9001e-06, 
                    Non-trivial solution loss: 3.0147e-05,
                    Physics loss: 4.2841e-02,
                    Initial value of rho: -0.33381 + -0.50661i,
                    Current value of rho: -0.45005 + -0.60744i,
                    Target rho: -0.17792 + -0.74734
------------------------------
Epoch: 14000 / 18000. Total scaled loss: 3.4976e-02, 
                    ODE(0) loss: 1.4272e-05, 
                    ODE(1) loss: 1.6997e-05, 
                    Non-trivial solution loss: 1.4718e-05,
                    Physics loss: 3.4516e-02,
                    Initial value of rho: -0.33381 + -0.50661i,
                    Current value of rho: -0.46253 + -0.60992i,
                    Target rho: -0.17792 + -0.74734
------------------------------
Epoch: 14500 / 18000. Total scaled loss: 3.4404e-02, 
                    ODE(0) loss: 4.2240e-05, 
                    ODE(1) loss: 1.2630e-05, 
                    Non-trivial solution loss: 1.3013e-05,
                    Physics loss: 3.0383e-02,
                    Initial value of rho: -0.33381 + -0.50661i,
                    Current value of rho: -0.47376 + -0.61194i,
                    Target rho: -0.17792 + -0.74734
------------------------------
Epoch: 15000 / 18000. Total scaled loss: 3.8630e-02, 
                    ODE(0) loss: 2.7936e-05, 
                    ODE(1) loss: 4.4366e-05, 
                    Non-trivial solution loss: 1.8381e-05,
                    Physics loss: 2.2649e-02,
                    Initial value of rho: -0.33381 + -0.50661i,
                    Current value of rho: -0.48636 + -0.61417i,
                    Target rho: -0.17792 + -0.74734
------------------------------
Epoch: 15500 / 18000. Total scaled loss: 5.0437e-02, 
                    ODE(0) loss: 5.3024e-04, 
                    ODE(1) loss: 5.0938e-05, 
                    Non-trivial solution loss: 2.2814e-05,
                    Physics loss: 1.9989e-02,
                    Initial value of rho: -0.33381 + -0.50661i,
                    Current value of rho: -0.49940 + -0.61656i,
                    Target rho: -0.17792 + -0.74734
------------------------------
Epoch: 16000 / 18000. Total scaled loss: 6.0678e-02, 
                    ODE(0) loss: 1.3155e-03, 
                    ODE(1) loss: 3.9519e-04, 
                    Non-trivial solution loss: 1.2812e-05,
                    Physics loss: 1.5646e-02,
                    Initial value of rho: -0.33381 + -0.50661i,
                    Current value of rho: -0.51157 + -0.61904i,
                    Target rho: -0.17792 + -0.74734
------------------------------
Epoch: 16500 / 18000. Total scaled loss: 4.6643e-02, 
                    ODE(0) loss: 1.2811e-04, 
                    ODE(1) loss: 1.7669e-04, 
                    Non-trivial solution loss: 2.5179e-05,
                    Physics loss: 1.3007e-02,
                    Initial value of rho: -0.33381 + -0.50661i,
                    Current value of rho: -0.52241 + -0.62137i,
                    Target rho: -0.17792 + -0.74734
------------------------------
Epoch: 17000 / 18000. Total scaled loss: 9.3386e-02, 
                    ODE(0) loss: 4.7630e-03, 
                    ODE(1) loss: 4.6172e-04, 
                    Non-trivial solution loss: 8.0753e-06,
                    Physics loss: 1.0561e-02,
                    Initial value of rho: -0.33381 + -0.50661i,
                    Current value of rho: -0.53226 + -0.62366i,
                    Target rho: -0.17792 + -0.74734
------------------------------
Epoch: 17500 / 18000. Total scaled loss: 3.8243e-02, 
                    ODE(0) loss: 2.4458e-05, 
                    ODE(1) loss: 2.0873e-06, 
                    Non-trivial solution loss: 2.1198e-05,
                    Physics loss: 8.4994e-03,
                    Initial value of rho: -0.33381 + -0.50661i,
                    Current value of rho: -0.54114 + -0.62587i,
                    Target rho: -0.17792 + -0.74734
------------------------------
Epoch: 18000 / 18000. Total scaled loss: 3.7540e-02, 
                    ODE(0) loss: 2.2572e-05, 
                    ODE(1) loss: 1.7313e-07, 
                    Non-trivial solution loss: 1.3315e-05,
                    Physics loss: 7.4374e-03,
                    Initial value of rho: -0.33381 + -0.50661i,
                    Current value of rho: -0.54910 + -0.62797i,
                    Target rho: -0.17792 + -0.74734
------------------------------
Adam training complete. Switching to L-BFGS:
L-BFGS Epoch: 100 / 1000. Total scaled loss: 1.1572e-05, 
                    ODE(0) loss: 2.3980e-10, 
                    ODE(1) loss: 1.5706e-09, 
                    Non-trivial solution loss: 3.6648e-12,
                    Physics loss: 1.1554e-05,
                    Initial value of rho: -0.33381 + -0.50661i,
                    Current value of rho: -1.38686 + -0.56767i,
                    Target rho: -0.17792 + -0.74734
------------------------------
L-BFGS Epoch: 200 / 1000. Total scaled loss: 1.1499e-05, 
                    ODE(0) loss: 6.3472e-11, 
                    ODE(1) loss: 1.3980e-09, 
                    Non-trivial solution loss: 9.9210e-13,
                    Physics loss: 1.1484e-05,
                    Initial value of rho: -0.33381 + -0.50661i,
                    Current value of rho: -1.39080 + -0.56525i,
                    Target rho: -0.17792 + -0.74734
------------------------------
L-BFGS Epoch: 300 / 1000. Total scaled loss: 1.1487e-05, 
                    ODE(0) loss: 4.8370e-11, 
                    ODE(1) loss: 1.4548e-09, 
                    Non-trivial solution loss: 1.1287e-11,
                    Physics loss: 1.1471e-05,
                    Initial value of rho: -0.33381 + -0.50661i,
                    Current value of rho: -1.39098 + -0.56519i,
                    Target rho: -0.17792 + -0.74734
------------------------------
L-BFGS Epoch: 400 / 1000. Total scaled loss: 1.1613e-05, 
                    ODE(0) loss: 3.5601e-11, 
                    ODE(1) loss: 1.4285e-09, 
                    Non-trivial solution loss: 4.0963e-12,
                    Physics loss: 1.1599e-05,
                    Initial value of rho: -0.33381 + -0.50661i,
                    Current value of rho: -1.39097 + -0.56519i,
                    Target rho: -0.17792 + -0.74734
------------------------------
L-BFGS Epoch: 500 / 1000. Total scaled loss: 1.1654e-05, 
                    ODE(0) loss: 5.8911e-11, 
                    ODE(1) loss: 1.4021e-09, 
                    Non-trivial solution loss: 1.1229e-12,
                    Physics loss: 1.1639e-05,
                    Initial value of rho: -0.33381 + -0.50661i,
                    Current value of rho: -1.39096 + -0.56519i,
                    Target rho: -0.17792 + -0.74734
------------------------------
L-BFGS Epoch: 600 / 1000. Total scaled loss: 1.1470e-05, 
                    ODE(0) loss: 3.7372e-11, 
                    ODE(1) loss: 1.3342e-09, 
                    Non-trivial solution loss: 1.8956e-12,
                    Physics loss: 1.1457e-05,
                    Initial value of rho: -0.33381 + -0.50661i,
                    Current value of rho: -1.39097 + -0.56519i,
                    Target rho: -0.17792 + -0.74734
------------------------------
L-BFGS Epoch: 700 / 1000. Total scaled loss: 1.1594e-05, 
                    ODE(0) loss: 5.8853e-11, 
                    ODE(1) loss: 1.2880e-09, 
                    Non-trivial solution loss: 1.8157e-12,
                    Physics loss: 1.1580e-05,
                    Initial value of rho: -0.33381 + -0.50661i,
                    Current value of rho: -1.39097 + -0.56519i,
                    Target rho: -0.17792 + -0.74734
------------------------------
L-BFGS Epoch: 800 / 1000. Total scaled loss: 1.1417e-05, 
                    ODE(0) loss: 5.8853e-11, 
                    ODE(1) loss: 1.2865e-09, 
                    Non-trivial solution loss: 1.8157e-12,
                    Physics loss: 1.1404e-05,
                    Initial value of rho: -0.33381 + -0.50661i,
                    Current value of rho: -1.39097 + -0.56519i,
                    Target rho: -0.17792 + -0.74734
------------------------------
L-BFGS Epoch: 900 / 1000. Total scaled loss: 1.1549e-05, 
                    ODE(0) loss: 5.8853e-11, 
                    ODE(1) loss: 1.2844e-09, 
                    Non-trivial solution loss: 1.8157e-12,
                    Physics loss: 1.1536e-05,
                    Initial value of rho: -0.33381 + -0.50661i,
                    Current value of rho: -1.39097 + -0.56519i,
                    Target rho: -0.17792 + -0.74734
------------------------------
L-BFGS Epoch: 1000 / 1000. Total scaled loss: 1.1442e-05, 
                    ODE(0) loss: 5.8853e-11, 
                    ODE(1) loss: 1.2832e-09, 
                    Non-trivial solution loss: 1.8157e-12,
                    Physics loss: 1.1429e-05,
                    Initial value of rho: -0.33381 + -0.50661i,
                    Current value of rho: -1.39097 + -0.56519i,
                    Target rho: -0.17792 + -0.74734
------------------------------
Training complete for l = 2. Total scaled loss: 1.1442e-05, 
                    ODE(0) loss: 5.8853e-11, 
                    ODE(1) loss: 1.2832e-09, 
                    Non-trivial solution loss: 1.8157e-12,
                    Physics loss: 1.1429e-05,
                    Current value of rho: -1.39097 + -0.56519i
                    Target rho: -0.17792 + -0.74734
Training complete. Checkpoint saved to ./RepeatRunQNM/l2/delta0.7/49/pinn_checkpoint_qnm_l2_delta0.7_run49.pth
l = 2 mode with delta = 0.7 completed successfully.
