Using device: cuda
------------------------------
Starting training for l = 2 with delta = 0.7
Initial rho: 0.28252 + -1.11035i
Target rho: -0.17792 + -0.74734i
Initial distance from target: 0.58633
------------------------------
Epoch: 1 / 18000. Total scaled loss: 4.3811e+02, 
                    ODE(0) loss: 3.4321e+00, 
                    ODE(1) loss: 2.6299e-01, 
                    Non-trivial solution loss: 6.8586e-01,
                    Physics loss: 1.4197e+00,
                    Initial value of rho: 0.28252 + -1.11035i,
                    Current value of rho: 0.28252 + -1.11035i,
                    Target rho: -0.17792 + -0.74734
------------------------------
Epoch: 500 / 18000. Total scaled loss: 6.0420e-01, 
                    ODE(0) loss: 7.9821e-07, 
                    ODE(1) loss: 1.4330e-08, 
                    Non-trivial solution loss: 4.7196e-05,
                    Physics loss: 5.9940e+01,
                    Initial value of rho: 0.28252 + -1.11035i,
                    Current value of rho: 0.28252 + -1.11035i,
                    Target rho: -0.17792 + -0.74734
------------------------------
Epoch: 1000 / 18000. Total scaled loss: 5.9256e-01, 
                    ODE(0) loss: 7.7702e-08, 
                    ODE(1) loss: 4.4815e-08, 
                    Non-trivial solution loss: 3.1541e-05,
                    Physics loss: 5.8939e+01,
                    Initial value of rho: 0.28252 + -1.11035i,
                    Current value of rho: 0.28252 + -1.11035i,
                    Target rho: -0.17792 + -0.74734
------------------------------
Epoch: 1500 / 18000. Total scaled loss: 5.7984e-01, 
                    ODE(0) loss: 5.0827e-08, 
                    ODE(1) loss: 3.4865e-08, 
                    Non-trivial solution loss: 3.0962e-05,
                    Physics loss: 5.7674e+01,
                    Initial value of rho: 0.28252 + -1.11035i,
                    Current value of rho: 0.28252 + -1.11035i,
                    Target rho: -0.17792 + -0.74734
------------------------------
Epoch: 2000 / 18000. Total scaled loss: 5.6090e-01, 
                    ODE(0) loss: 7.4102e-08, 
                    ODE(1) loss: 3.9619e-08, 
                    Non-trivial solution loss: 3.0225e-05,
                    Physics loss: 5.5786e+01,
                    Initial value of rho: 0.28252 + -1.11035i,
                    Current value of rho: 0.28252 + -1.11035i,
                    Target rho: -0.17792 + -0.74734
------------------------------
Epoch: 2500 / 18000. Total scaled loss: 6.2546e-01, 
                    ODE(0) loss: 6.6013e-04, 
                    ODE(1) loss: 4.9189e-06, 
                    Non-trivial solution loss: 8.5299e-05,
                    Physics loss: 5.5043e+01,
                    Initial value of rho: 0.28252 + -1.11035i,
                    Current value of rho: 0.28252 + -1.11035i,
                    Target rho: -0.17792 + -0.74734
------------------------------
Epoch: 3000 / 18000. Total scaled loss: 5.4472e-01, 
                    ODE(0) loss: 1.2963e-07, 
                    ODE(1) loss: 1.4548e-08, 
                    Non-trivial solution loss: 2.8420e-05,
                    Physics loss: 5.4186e+01,
                    Initial value of rho: 0.28252 + -1.11035i,
                    Current value of rho: 0.28252 + -1.11035i,
                    Target rho: -0.17792 + -0.74734
------------------------------
Epoch: 3500 / 18000. Total scaled loss: 6.5171e-01, 
                    ODE(0) loss: 1.0701e-03, 
                    ODE(1) loss: 4.6054e-05, 
                    Non-trivial solution loss: 2.5251e-05,
                    Physics loss: 5.3757e+01,
                    Initial value of rho: 0.28252 + -1.11035i,
                    Current value of rho: 0.28252 + -1.11035i,
                    Target rho: -0.17792 + -0.74734
------------------------------
Epoch: 4000 / 18000. Total scaled loss: 6.7616e+00, 
                    ODE(0) loss: 6.3262e-03, 
                    ODE(1) loss: 2.7292e-05, 
                    Non-trivial solution loss: 5.8155e-03,
                    Physics loss: 3.7401e+01,
                    Initial value of rho: 0.28252 + -1.11035i,
                    Current value of rho: 0.28252 + -1.11035i,
                    Target rho: -0.17792 + -0.74734
------------------------------
Epoch: 4500 / 18000. Total scaled loss: 6.0655e+00, 
                    ODE(0) loss: 1.2150e-04, 
                    ODE(1) loss: 1.3144e-05, 
                    Non-trivial solution loss: 5.5837e-03,
                    Physics loss: 2.6170e+01,
                    Initial value of rho: 0.28252 + -1.11035i,
                    Current value of rho: 0.28252 + -1.11035i,
                    Target rho: -0.17792 + -0.74734
------------------------------
Epoch: 5000 / 18000. Total scaled loss: 6.0909e+00, 
                    ODE(0) loss: 1.8832e-06, 
                    ODE(1) loss: 1.5458e-06, 
                    Non-trivial solution loss: 6.4653e-03,
                    Physics loss: 2.0217e+01,
                    Initial value of rho: 0.28252 + -1.11035i,
                    Current value of rho: 0.28252 + -1.11035i,
                    Target rho: -0.17792 + -0.74734
------------------------------
Epoch: 5500 / 18000. Total scaled loss: 6.9519e+00, 
                    ODE(0) loss: 1.7209e-06, 
                    ODE(1) loss: 5.1836e-07, 
                    Non-trivial solution loss: 8.4912e-03,
                    Physics loss: 1.8686e+01,
                    Initial value of rho: 0.28252 + -1.11035i,
                    Current value of rho: 0.28252 + -1.11035i,
                    Target rho: -0.17792 + -0.74734
------------------------------
Epoch: 6000 / 18000. Total scaled loss: 7.8375e+00, 
                    ODE(0) loss: 1.2906e-03, 
                    ODE(1) loss: 1.1238e-05, 
                    Non-trivial solution loss: 1.2772e-02,
                    Physics loss: 1.7136e+01,
                    Initial value of rho: 0.28252 + -1.11035i,
                    Current value of rho: 0.28252 + -1.11035i,
                    Target rho: -0.17792 + -0.74734
------------------------------
Epoch: 6500 / 18000. Total scaled loss: 8.6693e+00, 
                    ODE(0) loss: 2.3255e-03, 
                    ODE(1) loss: 3.0917e-05, 
                    Non-trivial solution loss: 1.8554e-02,
                    Physics loss: 1.5866e+01,
                    Initial value of rho: 0.28252 + -1.11035i,
                    Current value of rho: 0.28252 + -1.11035i,
                    Target rho: -0.17792 + -0.74734
------------------------------
Epoch: 7000 / 18000. Total scaled loss: 9.3772e+00, 
                    ODE(0) loss: 7.7750e-06, 
                    ODE(1) loss: 9.6583e-06, 
                    Non-trivial solution loss: 2.7427e-02,
                    Physics loss: 1.4858e+01,
                    Initial value of rho: 0.28252 + -1.11035i,
                    Current value of rho: 0.28252 + -1.11035i,
                    Target rho: -0.17792 + -0.74734
------------------------------
Epoch: 7500 / 18000. Total scaled loss: 1.0136e+01, 
                    ODE(0) loss: 2.2030e-04, 
                    ODE(1) loss: 3.2386e-06, 
                    Non-trivial solution loss: 3.9245e-02,
                    Physics loss: 1.3813e+01,
                    Initial value of rho: 0.28252 + -1.11035i,
                    Current value of rho: 0.28252 + -1.11035i,
                    Target rho: -0.17792 + -0.74734
------------------------------
Epoch: 8000 / 18000. Total scaled loss: 1.0641e+01, 
                    ODE(0) loss: 2.2872e-04, 
                    ODE(1) loss: 1.8252e-05, 
                    Non-trivial solution loss: 5.5607e-02,
                    Physics loss: 1.2506e+01,
                    Initial value of rho: 0.28252 + -1.11035i,
                    Current value of rho: 0.28252 + -1.11035i,
                    Target rho: -0.17792 + -0.74734
------------------------------
Epoch: 8500 / 18000. Total scaled loss: 1.0724e+01, 
                    ODE(0) loss: 4.4566e-04, 
                    ODE(1) loss: 3.9084e-05, 
                    Non-trivial solution loss: 7.8532e-02,
                    Physics loss: 1.0755e+01,
                    Initial value of rho: 0.28252 + -1.11035i,
                    Current value of rho: 0.28252 + -1.11035i,
                    Target rho: -0.17792 + -0.74734
------------------------------
Epoch: 9000 / 18000. Total scaled loss: 1.0877e+01, 
                    ODE(0) loss: 1.4982e-04, 
                    ODE(1) loss: 1.5954e-06, 
                    Non-trivial solution loss: 1.1090e-01,
                    Physics loss: 9.3777e+00,
                    Initial value of rho: 0.28252 + -1.11035i,
                    Current value of rho: 0.28252 + -1.11035i,
                    Target rho: -0.17792 + -0.74734
------------------------------
Unfreezing rho...
Epoch: 9500 / 18000. Total scaled loss: 9.0438e+00, 
                    ODE(0) loss: 3.4003e-06, 
                    ODE(1) loss: 3.5086e-06, 
                    Non-trivial solution loss: 1.1605e-01,
                    Physics loss: 7.1603e+00,
                    Initial value of rho: 0.28252 + -1.11035i,
                    Current value of rho: 0.23379 + -1.06230i,
                    Target rho: -0.17792 + -0.74734
------------------------------
Epoch: 10000 / 18000. Total scaled loss: 7.1575e+00, 
                    ODE(0) loss: 1.6894e-07, 
                    ODE(1) loss: 1.1227e-05, 
                    Non-trivial solution loss: 1.2588e-01,
                    Physics loss: 5.1542e+00,
                    Initial value of rho: 0.28252 + -1.11035i,
                    Current value of rho: 0.18740 + -1.01648i,
                    Target rho: -0.17792 + -0.74734
------------------------------
Epoch: 10500 / 18000. Total scaled loss: 5.4257e+00, 
                    ODE(0) loss: 4.3470e-06, 
                    ODE(1) loss: 1.3058e-05, 
                    Non-trivial solution loss: 1.5176e-01,
                    Physics loss: 3.4673e+00,
                    Initial value of rho: 0.28252 + -1.11035i,
                    Current value of rho: 0.14448 + -0.97427i,
                    Target rho: -0.17792 + -0.74734
------------------------------
Epoch: 11000 / 18000. Total scaled loss: 4.0250e+00, 
                    ODE(0) loss: 2.0352e-05, 
                    ODE(1) loss: 4.3793e-05, 
                    Non-trivial solution loss: 1.6441e-01,
                    Physics loss: 2.3802e+00,
                    Initial value of rho: 0.28252 + -1.11035i,
                    Current value of rho: 0.10633 + -0.93739i,
                    Target rho: -0.17792 + -0.74734
------------------------------
Epoch: 11500 / 18000. Total scaled loss: 3.1316e+00, 
                    ODE(0) loss: 5.4648e-06, 
                    ODE(1) loss: 8.0586e-05, 
                    Non-trivial solution loss: 1.0079e-01,
                    Physics loss: 2.1228e+00,
                    Initial value of rho: 0.28252 + -1.11035i,
                    Current value of rho: 0.06353 + -0.89747i,
                    Target rho: -0.17792 + -0.74734
------------------------------
Epoch: 12000 / 18000. Total scaled loss: 2.1351e+00, 
                    ODE(0) loss: 1.2690e-05, 
                    ODE(1) loss: 8.7397e-05, 
                    Non-trivial solution loss: 4.6600e-02,
                    Physics loss: 1.6681e+00,
                    Initial value of rho: 0.28252 + -1.11035i,
                    Current value of rho: 0.01624 + -0.85495i,
                    Target rho: -0.17792 + -0.74734
------------------------------
Epoch: 12500 / 18000. Total scaled loss: 1.2156e+00, 
                    ODE(0) loss: 2.3412e-06, 
                    ODE(1) loss: 1.1890e-04, 
                    Non-trivial solution loss: 1.4948e-02,
                    Physics loss: 1.0649e+00,
                    Initial value of rho: 0.28252 + -1.11035i,
                    Current value of rho: -0.03053 + -0.81539i,
                    Target rho: -0.17792 + -0.74734
------------------------------
Epoch: 13000 / 18000. Total scaled loss: 5.7814e-01, 
                    ODE(0) loss: 4.7405e-06, 
                    ODE(1) loss: 2.0047e-05, 
                    Non-trivial solution loss: 3.7105e-03,
                    Physics loss: 5.4079e-01,
                    Initial value of rho: 0.28252 + -1.11035i,
                    Current value of rho: -0.07094 + -0.78543i,
                    Target rho: -0.17792 + -0.74734
------------------------------
Epoch: 13500 / 18000. Total scaled loss: 2.5732e-01, 
                    ODE(0) loss: 6.6639e-05, 
                    ODE(1) loss: 9.1098e-04, 
                    Non-trivial solution loss: 6.5759e-04,
                    Physics loss: 2.4097e-01,
                    Initial value of rho: 0.28252 + -1.11035i,
                    Current value of rho: -0.10210 + -0.76719i,
                    Target rho: -0.17792 + -0.74734
------------------------------
Epoch: 14000 / 18000. Total scaled loss: 1.0594e-01, 
                    ODE(0) loss: 3.0944e-06, 
                    ODE(1) loss: 3.9381e-05, 
                    Non-trivial solution loss: 1.4243e-04,
                    Physics loss: 1.0409e-01,
                    Initial value of rho: 0.28252 + -1.11035i,
                    Current value of rho: -0.12445 + -0.75752i,
                    Target rho: -0.17792 + -0.74734
------------------------------
Epoch: 14500 / 18000. Total scaled loss: 5.2271e-02, 
                    ODE(0) loss: 4.7778e-05, 
                    ODE(1) loss: 1.5799e-04, 
                    Non-trivial solution loss: 4.7404e-05,
                    Physics loss: 4.4810e-02,
                    Initial value of rho: 0.28252 + -1.11035i,
                    Current value of rho: -0.14029 + -0.75282i,
                    Target rho: -0.17792 + -0.74734
------------------------------
Epoch: 15000 / 18000. Total scaled loss: 2.7055e-02, 
                    ODE(0) loss: 3.3485e-06, 
                    ODE(1) loss: 8.6322e-06, 
                    Non-trivial solution loss: 1.6348e-05,
                    Physics loss: 1.6074e-02,
                    Initial value of rho: 0.28252 + -1.11035i,
                    Current value of rho: -0.15433 + -0.75012i,
                    Target rho: -0.17792 + -0.74734
------------------------------
Epoch: 15500 / 18000. Total scaled loss: 1.4482e-02, 
                    ODE(0) loss: 6.3847e-05, 
                    ODE(1) loss: 2.9869e-04, 
                    Non-trivial solution loss: 2.5309e-06,
                    Physics loss: 4.8763e-03,
                    Initial value of rho: 0.28252 + -1.11035i,
                    Current value of rho: -0.16503 + -0.74864i,
                    Target rho: -0.17792 + -0.74734
------------------------------
Epoch: 16000 / 18000. Total scaled loss: 5.5150e-03, 
                    ODE(0) loss: 1.4825e-05, 
                    ODE(1) loss: 6.3066e-05, 
                    Non-trivial solution loss: 6.4272e-07,
                    Physics loss: 1.7034e-03,
                    Initial value of rho: 0.28252 + -1.11035i,
                    Current value of rho: -0.17118 + -0.74809i,
                    Target rho: -0.17792 + -0.74734
------------------------------
Epoch: 16500 / 18000. Total scaled loss: 2.5715e-03, 
                    ODE(0) loss: 9.5632e-07, 
                    ODE(1) loss: 4.5882e-08, 
                    Non-trivial solution loss: 4.8750e-07,
                    Physics loss: 7.6723e-04,
                    Initial value of rho: 0.28252 + -1.11035i,
                    Current value of rho: -0.17411 + -0.74791i,
                    Target rho: -0.17792 + -0.74734
------------------------------
Epoch: 17000 / 18000. Total scaled loss: 9.2456e-03, 
                    ODE(0) loss: 8.7098e-05, 
                    ODE(1) loss: 5.2869e-04, 
                    Non-trivial solution loss: 5.1144e-06,
                    Physics loss: 7.8104e-04,
                    Initial value of rho: 0.28252 + -1.11035i,
                    Current value of rho: -0.17543 + -0.74778i,
                    Target rho: -0.17792 + -0.74734
------------------------------
Epoch: 17500 / 18000. Total scaled loss: 1.8047e-03, 
                    ODE(0) loss: 2.0039e-06, 
                    ODE(1) loss: 2.8445e-06, 
                    Non-trivial solution loss: 1.4910e-07,
                    Physics loss: 3.9490e-04,
                    Initial value of rho: 0.28252 + -1.11035i,
                    Current value of rho: -0.17605 + -0.74761i,
                    Target rho: -0.17792 + -0.74734
------------------------------
Epoch: 18000 / 18000. Total scaled loss: 1.5858e-03, 
                    ODE(0) loss: 6.0697e-08, 
                    ODE(1) loss: 2.4876e-06, 
                    Non-trivial solution loss: 1.1717e-07,
                    Physics loss: 3.1190e-04,
                    Initial value of rho: 0.28252 + -1.11035i,
                    Current value of rho: -0.17636 + -0.74745i,
                    Target rho: -0.17792 + -0.74734
------------------------------
Adam training complete. Switching to L-BFGS:
L-BFGS Epoch: 100 / 1000. Total scaled loss: 9.0224e-06, 
                    ODE(0) loss: 4.0055e-10, 
                    ODE(1) loss: 1.3526e-09, 
                    Non-trivial solution loss: 5.1264e-10,
                    Physics loss: 8.9997e-06,
                    Initial value of rho: 0.28252 + -1.11035i,
                    Current value of rho: -0.17807 + -0.74732i,
                    Target rho: -0.17792 + -0.74734
------------------------------
L-BFGS Epoch: 200 / 1000. Total scaled loss: 1.8693e-06, 
                    ODE(0) loss: 1.1133e-10, 
                    ODE(1) loss: 1.1416e-10, 
                    Non-trivial solution loss: 2.2763e-14,
                    Physics loss: 1.8671e-06,
                    Initial value of rho: 0.28252 + -1.11035i,
                    Current value of rho: -0.17800 + -0.74734i,
                    Target rho: -0.17792 + -0.74734
------------------------------
L-BFGS Epoch: 300 / 1000. Total scaled loss: 1.8996e-06, 
                    ODE(0) loss: 1.2942e-10, 
                    ODE(1) loss: 1.2450e-10, 
                    Non-trivial solution loss: 4.0718e-12,
                    Physics loss: 1.8970e-06,
                    Initial value of rho: 0.28252 + -1.11035i,
                    Current value of rho: -0.17800 + -0.74734i,
                    Target rho: -0.17792 + -0.74734
------------------------------
L-BFGS Epoch: 400 / 1000. Total scaled loss: 1.8390e-06, 
                    ODE(0) loss: 9.4273e-11, 
                    ODE(1) loss: 1.6236e-10, 
                    Non-trivial solution loss: 2.5982e-13,
                    Physics loss: 1.8365e-06,
                    Initial value of rho: 0.28252 + -1.11035i,
                    Current value of rho: -0.17800 + -0.74734i,
                    Target rho: -0.17792 + -0.74734
------------------------------
L-BFGS Epoch: 500 / 1000. Total scaled loss: 1.8966e-06, 
                    ODE(0) loss: 8.9806e-11, 
                    ODE(1) loss: 1.3188e-10, 
                    Non-trivial solution loss: 2.9582e-13,
                    Physics loss: 1.8944e-06,
                    Initial value of rho: 0.28252 + -1.11035i,
                    Current value of rho: -0.17800 + -0.74734i,
                    Target rho: -0.17792 + -0.74734
------------------------------
L-BFGS Epoch: 600 / 1000. Total scaled loss: 1.8434e-06, 
                    ODE(0) loss: 8.9806e-11, 
                    ODE(1) loss: 1.3188e-10, 
                    Non-trivial solution loss: 2.9582e-13,
                    Physics loss: 1.8412e-06,
                    Initial value of rho: 0.28252 + -1.11035i,
                    Current value of rho: -0.17800 + -0.74734i,
                    Target rho: -0.17792 + -0.74734
------------------------------
L-BFGS Epoch: 700 / 1000. Total scaled loss: 1.8924e-06, 
                    ODE(0) loss: 8.8788e-11, 
                    ODE(1) loss: 1.3188e-10, 
                    Non-trivial solution loss: 2.9582e-13,
                    Physics loss: 1.8902e-06,
                    Initial value of rho: 0.28252 + -1.11035i,
                    Current value of rho: -0.17800 + -0.74734i,
                    Target rho: -0.17792 + -0.74734
------------------------------
L-BFGS Epoch: 800 / 1000. Total scaled loss: 1.8844e-06, 
                    ODE(0) loss: 8.8788e-11, 
                    ODE(1) loss: 1.3188e-10, 
                    Non-trivial solution loss: 2.9582e-13,
                    Physics loss: 1.8822e-06,
                    Initial value of rho: 0.28252 + -1.11035i,
                    Current value of rho: -0.17800 + -0.74734i,
                    Target rho: -0.17792 + -0.74734
------------------------------
L-BFGS Epoch: 900 / 1000. Total scaled loss: 1.8566e-06, 
                    ODE(0) loss: 8.8788e-11, 
                    ODE(1) loss: 1.3188e-10, 
                    Non-trivial solution loss: 2.9582e-13,
                    Physics loss: 1.8544e-06,
                    Initial value of rho: 0.28252 + -1.11035i,
                    Current value of rho: -0.17800 + -0.74734i,
                    Target rho: -0.17792 + -0.74734
------------------------------
L-BFGS Epoch: 1000 / 1000. Total scaled loss: 1.8564e-06, 
                    ODE(0) loss: 8.8788e-11, 
                    ODE(1) loss: 1.3188e-10, 
                    Non-trivial solution loss: 2.9582e-13,
                    Physics loss: 1.8542e-06,
                    Initial value of rho: 0.28252 + -1.11035i,
                    Current value of rho: -0.17800 + -0.74734i,
                    Target rho: -0.17792 + -0.74734
------------------------------
Training complete for l = 2. Total scaled loss: 1.8564e-06, 
                    ODE(0) loss: 8.8788e-11, 
                    ODE(1) loss: 1.3188e-10, 
                    Non-trivial solution loss: 2.9582e-13,
                    Physics loss: 1.8542e-06,
                    Current value of rho: -0.17800 + -0.74734i
                    Target rho: -0.17792 + -0.74734
Training complete. Checkpoint saved to ./RepeatRunQNM/l2/delta0.7/2/pinn_checkpoint_qnm_l2_delta0.7_run2.pth
l = 2 mode with delta = 0.7 completed successfully.
