Using device: cuda
------------------------------
Starting training for l = 2 with delta = 0.7
Initial rho: -0.52707 + -0.25550i
Target rho: -0.17792 + -0.74734i
Initial distance from target: 0.60317
------------------------------
Epoch: 1 / 18000. Total scaled loss: 2.9692e+02, 
                    ODE(0) loss: 4.4877e-01, 
                    ODE(1) loss: 1.8522e+00, 
                    Non-trivial solution loss: 6.6808e-01,
                    Physics loss: 1.1234e+00,
                    Initial value of rho: -0.52707 + -0.25550i,
                    Current value of rho: -0.52707 + -0.25550i,
                    Target rho: -0.17792 + -0.74734
------------------------------
Epoch: 500 / 18000. Total scaled loss: 1.3951e-01, 
                    ODE(0) loss: 3.0530e-07, 
                    ODE(1) loss: 8.4971e-08, 
                    Non-trivial solution loss: 1.6472e-06,
                    Physics loss: 1.3930e+01,
                    Initial value of rho: -0.52707 + -0.25550i,
                    Current value of rho: -0.52707 + -0.25550i,
                    Target rho: -0.17792 + -0.74734
------------------------------
Epoch: 1000 / 18000. Total scaled loss: 1.2917e-01, 
                    ODE(0) loss: 4.3580e-07, 
                    ODE(1) loss: 4.7544e-07, 
                    Non-trivial solution loss: 1.5627e-06,
                    Physics loss: 1.2892e+01,
                    Initial value of rho: -0.52707 + -0.25550i,
                    Current value of rho: -0.52707 + -0.25550i,
                    Target rho: -0.17792 + -0.74734
------------------------------
Epoch: 1500 / 18000. Total scaled loss: 1.1817e-01, 
                    ODE(0) loss: 1.9816e-07, 
                    ODE(1) loss: 3.3378e-09, 
                    Non-trivial solution loss: 1.4290e-06,
                    Physics loss: 1.1801e+01,
                    Initial value of rho: -0.52707 + -0.25550i,
                    Current value of rho: -0.52707 + -0.25550i,
                    Target rho: -0.17792 + -0.74734
------------------------------
Epoch: 2000 / 18000. Total scaled loss: 1.0815e-01, 
                    ODE(0) loss: 1.2718e-07, 
                    ODE(1) loss: 3.7518e-09, 
                    Non-trivial solution loss: 1.0924e-06,
                    Physics loss: 1.0803e+01,
                    Initial value of rho: -0.52707 + -0.25550i,
                    Current value of rho: -0.52707 + -0.25550i,
                    Target rho: -0.17792 + -0.74734
------------------------------
Epoch: 2500 / 18000. Total scaled loss: 9.9056e-02, 
                    ODE(0) loss: 1.4463e-07, 
                    ODE(1) loss: 4.1048e-09, 
                    Non-trivial solution loss: 1.0482e-06,
                    Physics loss: 9.8936e+00,
                    Initial value of rho: -0.52707 + -0.25550i,
                    Current value of rho: -0.52707 + -0.25550i,
                    Target rho: -0.17792 + -0.74734
------------------------------
Epoch: 3000 / 18000. Total scaled loss: 8.8030e-02, 
                    ODE(0) loss: 8.9459e-07, 
                    ODE(1) loss: 4.1753e-06, 
                    Non-trivial solution loss: 5.6731e-07,
                    Physics loss: 8.7466e+00,
                    Initial value of rho: -0.52707 + -0.25550i,
                    Current value of rho: -0.52707 + -0.25550i,
                    Target rho: -0.17792 + -0.74734
------------------------------
Epoch: 3500 / 18000. Total scaled loss: 7.8136e-02, 
                    ODE(0) loss: 4.2603e-08, 
                    ODE(1) loss: 4.8565e-08, 
                    Non-trivial solution loss: 7.2237e-07,
                    Physics loss: 7.8055e+00,
                    Initial value of rho: -0.52707 + -0.25550i,
                    Current value of rho: -0.52707 + -0.25550i,
                    Target rho: -0.17792 + -0.74734
------------------------------
Epoch: 4000 / 18000. Total scaled loss: 5.1519e-01, 
                    ODE(0) loss: 5.6021e-06, 
                    ODE(1) loss: 3.1212e-05, 
                    Non-trivial solution loss: 3.8347e-05,
                    Physics loss: 3.3898e+00,
                    Initial value of rho: -0.52707 + -0.25550i,
                    Current value of rho: -0.52707 + -0.25550i,
                    Target rho: -0.17792 + -0.74734
------------------------------
Epoch: 4500 / 18000. Total scaled loss: 2.6389e-01, 
                    ODE(0) loss: 2.1085e-04, 
                    ODE(1) loss: 2.3395e-04, 
                    Non-trivial solution loss: 2.0768e-05,
                    Physics loss: 1.0480e+00,
                    Initial value of rho: -0.52707 + -0.25550i,
                    Current value of rho: -0.52707 + -0.25550i,
                    Target rho: -0.17792 + -0.74734
------------------------------
Epoch: 5000 / 18000. Total scaled loss: 2.0675e-01, 
                    ODE(0) loss: 2.4401e-06, 
                    ODE(1) loss: 1.9802e-08, 
                    Non-trivial solution loss: 1.0723e-05,
                    Physics loss: 7.4822e-01,
                    Initial value of rho: -0.52707 + -0.25550i,
                    Current value of rho: -0.52707 + -0.25550i,
                    Target rho: -0.17792 + -0.74734
------------------------------
Epoch: 5500 / 18000. Total scaled loss: 2.3780e-01, 
                    ODE(0) loss: 1.4991e-06, 
                    ODE(1) loss: 1.2026e-07, 
                    Non-trivial solution loss: 1.1527e-05,
                    Physics loss: 7.0188e-01,
                    Initial value of rho: -0.52707 + -0.25550i,
                    Current value of rho: -0.52707 + -0.25550i,
                    Target rho: -0.17792 + -0.74734
------------------------------
Epoch: 6000 / 18000. Total scaled loss: 2.5175e-01, 
                    ODE(0) loss: 3.0036e-06, 
                    ODE(1) loss: 2.0055e-08, 
                    Non-trivial solution loss: 1.6198e-05,
                    Physics loss: 6.2622e-01,
                    Initial value of rho: -0.52707 + -0.25550i,
                    Current value of rho: -0.52707 + -0.25550i,
                    Target rho: -0.17792 + -0.74734
------------------------------
Epoch: 6500 / 18000. Total scaled loss: 2.6277e-01, 
                    ODE(0) loss: 6.2799e-06, 
                    ODE(1) loss: 2.4670e-07, 
                    Non-trivial solution loss: 2.1875e-05,
                    Physics loss: 5.6438e-01,
                    Initial value of rho: -0.52707 + -0.25550i,
                    Current value of rho: -0.52707 + -0.25550i,
                    Target rho: -0.17792 + -0.74734
------------------------------
Epoch: 7000 / 18000. Total scaled loss: 2.7422e-01, 
                    ODE(0) loss: 6.0773e-05, 
                    ODE(1) loss: 3.0130e-06, 
                    Non-trivial solution loss: 3.1345e-05,
                    Physics loss: 5.1202e-01,
                    Initial value of rho: -0.52707 + -0.25550i,
                    Current value of rho: -0.52707 + -0.25550i,
                    Target rho: -0.17792 + -0.74734
------------------------------
Epoch: 7500 / 18000. Total scaled loss: 2.6937e-01, 
                    ODE(0) loss: 5.9480e-06, 
                    ODE(1) loss: 2.8313e-06, 
                    Non-trivial solution loss: 3.1522e-05,
                    Physics loss: 4.5509e-01,
                    Initial value of rho: -0.52707 + -0.25550i,
                    Current value of rho: -0.52707 + -0.25550i,
                    Target rho: -0.17792 + -0.74734
------------------------------
Epoch: 8000 / 18000. Total scaled loss: 2.5761e-01, 
                    ODE(0) loss: 2.8860e-06, 
                    ODE(1) loss: 3.9524e-07, 
                    Non-trivial solution loss: 3.8352e-05,
                    Physics loss: 3.9352e-01,
                    Initial value of rho: -0.52707 + -0.25550i,
                    Current value of rho: -0.52707 + -0.25550i,
                    Target rho: -0.17792 + -0.74734
------------------------------
Epoch: 8500 / 18000. Total scaled loss: 2.6492e-01, 
                    ODE(0) loss: 1.6730e-05, 
                    ODE(1) loss: 7.0700e-08, 
                    Non-trivial solution loss: 5.3351e-05,
                    Physics loss: 3.6807e-01,
                    Initial value of rho: -0.52707 + -0.25550i,
                    Current value of rho: -0.52707 + -0.25550i,
                    Target rho: -0.17792 + -0.74734
------------------------------
Epoch: 9000 / 18000. Total scaled loss: 2.4680e-01, 
                    ODE(0) loss: 2.2525e-04, 
                    ODE(1) loss: 2.9562e-05, 
                    Non-trivial solution loss: 7.7439e-05,
                    Physics loss: 3.0456e-01,
                    Initial value of rho: -0.52707 + -0.25550i,
                    Current value of rho: -0.52707 + -0.25550i,
                    Target rho: -0.17792 + -0.74734
------------------------------
Unfreezing rho...
Epoch: 9500 / 18000. Total scaled loss: 2.2852e-01, 
                    ODE(0) loss: 4.6189e-05, 
                    ODE(1) loss: 6.2290e-07, 
                    Non-trivial solution loss: 7.4186e-05,
                    Physics loss: 2.6911e-01,
                    Initial value of rho: -0.52707 + -0.25550i,
                    Current value of rho: -0.53423 + -0.26088i,
                    Target rho: -0.17792 + -0.74734
------------------------------
Epoch: 10000 / 18000. Total scaled loss: 2.1233e-01, 
                    ODE(0) loss: 1.1766e-03, 
                    ODE(1) loss: 9.1493e-05, 
                    Non-trivial solution loss: 2.0051e-04,
                    Physics loss: 2.0330e-01,
                    Initial value of rho: -0.52707 + -0.25550i,
                    Current value of rho: -0.54013 + -0.26489i,
                    Target rho: -0.17792 + -0.74734
------------------------------
Epoch: 10500 / 18000. Total scaled loss: 1.4629e-01, 
                    ODE(0) loss: 5.2858e-05, 
                    ODE(1) loss: 1.5249e-06, 
                    Non-trivial solution loss: 1.3279e-04,
                    Physics loss: 1.4933e-01,
                    Initial value of rho: -0.52707 + -0.25550i,
                    Current value of rho: -0.54633 + -0.26894i,
                    Target rho: -0.17792 + -0.74734
------------------------------
Epoch: 11000 / 18000. Total scaled loss: 1.2874e-01, 
                    ODE(0) loss: 1.3113e-03, 
                    ODE(1) loss: 6.7314e-05, 
                    Non-trivial solution loss: 1.1249e-04,
                    Physics loss: 1.1383e-01,
                    Initial value of rho: -0.52707 + -0.25550i,
                    Current value of rho: -0.55313 + -0.27284i,
                    Target rho: -0.17792 + -0.74734
------------------------------
Epoch: 11500 / 18000. Total scaled loss: 1.2171e-01, 
                    ODE(0) loss: 1.1485e-03, 
                    ODE(1) loss: 6.0809e-05, 
                    Non-trivial solution loss: 7.4160e-05,
                    Physics loss: 1.0887e-01,
                    Initial value of rho: -0.52707 + -0.25550i,
                    Current value of rho: -0.55962 + -0.27608i,
                    Target rho: -0.17792 + -0.74734
------------------------------
Epoch: 12000 / 18000. Total scaled loss: 1.1191e-01, 
                    ODE(0) loss: 1.9644e-03, 
                    ODE(1) loss: 7.0389e-05, 
                    Non-trivial solution loss: 4.7635e-04,
                    Physics loss: 8.6803e-02,
                    Initial value of rho: -0.52707 + -0.25550i,
                    Current value of rho: -0.56515 + -0.27930i,
                    Target rho: -0.17792 + -0.74734
------------------------------
Epoch: 12500 / 18000. Total scaled loss: 1.1524e-01, 
                    ODE(0) loss: 2.4685e-03, 
                    ODE(1) loss: 2.1820e-04, 
                    Non-trivial solution loss: 1.0941e-04,
                    Physics loss: 8.7274e-02,
                    Initial value of rho: -0.52707 + -0.25550i,
                    Current value of rho: -0.57006 + -0.28237i,
                    Target rho: -0.17792 + -0.74734
------------------------------
Epoch: 13000 / 18000. Total scaled loss: 6.7587e-02, 
                    ODE(0) loss: 1.0439e-04, 
                    ODE(1) loss: 1.9071e-05, 
                    Non-trivial solution loss: 2.3246e-05,
                    Physics loss: 6.6120e-02,
                    Initial value of rho: -0.52707 + -0.25550i,
                    Current value of rho: -0.57444 + -0.28559i,
                    Target rho: -0.17792 + -0.74734
------------------------------
Epoch: 13500 / 18000. Total scaled loss: 5.8829e-02, 
                    ODE(0) loss: 2.1049e-04, 
                    ODE(1) loss: 2.5118e-06, 
                    Non-trivial solution loss: 4.7634e-05,
                    Physics loss: 5.6223e-02,
                    Initial value of rho: -0.52707 + -0.25550i,
                    Current value of rho: -0.57847 + -0.28884i,
                    Target rho: -0.17792 + -0.74734
------------------------------
Epoch: 14000 / 18000. Total scaled loss: 5.6857e-02, 
                    ODE(0) loss: 1.9664e-05, 
                    ODE(1) loss: 3.1579e-06, 
                    Non-trivial solution loss: 1.8929e-05,
                    Physics loss: 5.6440e-02,
                    Initial value of rho: -0.52707 + -0.25550i,
                    Current value of rho: -0.58223 + -0.29210i,
                    Target rho: -0.17792 + -0.74734
------------------------------
Epoch: 14500 / 18000. Total scaled loss: 7.3354e-02, 
                    ODE(0) loss: 2.5129e-04, 
                    ODE(1) loss: 2.2018e-04, 
                    Non-trivial solution loss: 1.1099e-03,
                    Physics loss: 5.1838e-02,
                    Initial value of rho: -0.52707 + -0.25550i,
                    Current value of rho: -0.58576 + -0.29555i,
                    Target rho: -0.17792 + -0.74734
------------------------------
Epoch: 15000 / 18000. Total scaled loss: 7.5382e-02, 
                    ODE(0) loss: 2.3409e-04, 
                    ODE(1) loss: 2.5938e-05, 
                    Non-trivial solution loss: 1.4915e-04,
                    Physics loss: 4.2803e-02,
                    Initial value of rho: -0.52707 + -0.25550i,
                    Current value of rho: -0.59003 + -0.30072i,
                    Target rho: -0.17792 + -0.74734
------------------------------
Epoch: 15500 / 18000. Total scaled loss: 8.5973e-02, 
                    ODE(0) loss: 2.4350e-04, 
                    ODE(1) loss: 4.9117e-05, 
                    Non-trivial solution loss: 3.0744e-05,
                    Physics loss: 3.7251e-02,
                    Initial value of rho: -0.52707 + -0.25550i,
                    Current value of rho: -0.59513 + -0.30729i,
                    Target rho: -0.17792 + -0.74734
------------------------------
Epoch: 16000 / 18000. Total scaled loss: 9.0027e-02, 
                    ODE(0) loss: 9.2374e-04, 
                    ODE(1) loss: 2.2339e-05, 
                    Non-trivial solution loss: 1.0141e-04,
                    Physics loss: 2.8650e-02,
                    Initial value of rho: -0.52707 + -0.25550i,
                    Current value of rho: -0.60062 + -0.31440i,
                    Target rho: -0.17792 + -0.74734
------------------------------
Epoch: 16500 / 18000. Total scaled loss: 1.0078e-01, 
                    ODE(0) loss: 4.4693e-04, 
                    ODE(1) loss: 7.2753e-04, 
                    Non-trivial solution loss: 1.3497e-04,
                    Physics loss: 2.6315e-02,
                    Initial value of rho: -0.52707 + -0.25550i,
                    Current value of rho: -0.60628 + -0.32056i,
                    Target rho: -0.17792 + -0.74734
------------------------------
Epoch: 17000 / 18000. Total scaled loss: 8.4339e-02, 
                    ODE(0) loss: 9.8843e-04, 
                    ODE(1) loss: 1.0876e-05, 
                    Non-trivial solution loss: 6.7716e-05,
                    Physics loss: 1.8949e-02,
                    Initial value of rho: -0.52707 + -0.25550i,
                    Current value of rho: -0.61193 + -0.32589i,
                    Target rho: -0.17792 + -0.74734
------------------------------
Epoch: 17500 / 18000. Total scaled loss: 1.2697e-01, 
                    ODE(0) loss: 4.5908e-03, 
                    ODE(1) loss: 3.5190e-04, 
                    Non-trivial solution loss: 2.5071e-05,
                    Physics loss: 1.7395e-02,
                    Initial value of rho: -0.52707 + -0.25550i,
                    Current value of rho: -0.61750 + -0.33024i,
                    Target rho: -0.17792 + -0.74734
------------------------------
Epoch: 18000 / 18000. Total scaled loss: 9.2899e-02, 
                    ODE(0) loss: 2.7318e-03, 
                    ODE(1) loss: 9.3374e-05, 
                    Non-trivial solution loss: 5.7155e-05,
                    Physics loss: 1.2818e-02,
                    Initial value of rho: -0.52707 + -0.25550i,
                    Current value of rho: -0.62298 + -0.33397i,
                    Target rho: -0.17792 + -0.74734
------------------------------
Adam training complete. Switching to L-BFGS:
L-BFGS Epoch: 100 / 1000. Total scaled loss: 4.2535e-05, 
                    ODE(0) loss: 3.3538e-09, 
                    ODE(1) loss: 1.1022e-08, 
                    Non-trivial solution loss: 2.6535e-12,
                    Physics loss: 4.2391e-05,
                    Initial value of rho: -0.52707 + -0.25550i,
                    Current value of rho: -1.17544 + -0.02600i,
                    Target rho: -0.17792 + -0.74734
------------------------------
L-BFGS Epoch: 200 / 1000. Total scaled loss: 2.9727e-05, 
                    ODE(0) loss: 1.3067e-09, 
                    ODE(1) loss: 5.1101e-09, 
                    Non-trivial solution loss: 1.4460e-11,
                    Physics loss: 2.9663e-05,
                    Initial value of rho: -0.52707 + -0.25550i,
                    Current value of rho: -1.20613 + 0.00396i,
                    Target rho: -0.17792 + -0.74734
------------------------------
L-BFGS Epoch: 300 / 1000. Total scaled loss: 2.9691e-05, 
                    ODE(0) loss: 8.1246e-10, 
                    ODE(1) loss: 4.4997e-09, 
                    Non-trivial solution loss: 3.5849e-12,
                    Physics loss: 2.9638e-05,
                    Initial value of rho: -0.52707 + -0.25550i,
                    Current value of rho: -1.21385 + 0.00404i,
                    Target rho: -0.17792 + -0.74734
------------------------------
L-BFGS Epoch: 400 / 1000. Total scaled loss: 2.9744e-05, 
                    ODE(0) loss: 5.2863e-10, 
                    ODE(1) loss: 4.1374e-09, 
                    Non-trivial solution loss: 4.2327e-11,
                    Physics loss: 2.9697e-05,
                    Initial value of rho: -0.52707 + -0.25550i,
                    Current value of rho: -1.21562 + 0.00353i,
                    Target rho: -0.17792 + -0.74734
------------------------------
L-BFGS Epoch: 500 / 1000. Total scaled loss: 2.9670e-05, 
                    ODE(0) loss: 5.3270e-10, 
                    ODE(1) loss: 4.5912e-09, 
                    Non-trivial solution loss: 7.5184e-12,
                    Physics loss: 2.9619e-05,
                    Initial value of rho: -0.52707 + -0.25550i,
                    Current value of rho: -1.21680 + 0.00369i,
                    Target rho: -0.17792 + -0.74734
------------------------------
L-BFGS Epoch: 600 / 1000. Total scaled loss: 2.9573e-05, 
                    ODE(0) loss: 6.6597e-10, 
                    ODE(1) loss: 4.4382e-09, 
                    Non-trivial solution loss: 2.6619e-12,
                    Physics loss: 2.9522e-05,
                    Initial value of rho: -0.52707 + -0.25550i,
                    Current value of rho: -1.21637 + 0.00354i,
                    Target rho: -0.17792 + -0.74734
------------------------------
L-BFGS Epoch: 700 / 1000. Total scaled loss: 2.9457e-05, 
                    ODE(0) loss: 6.7003e-10, 
                    ODE(1) loss: 4.4666e-09, 
                    Non-trivial solution loss: 7.0113e-12,
                    Physics loss: 2.9406e-05,
                    Initial value of rho: -0.52707 + -0.25550i,
                    Current value of rho: -1.21638 + 0.00354i,
                    Target rho: -0.17792 + -0.74734
------------------------------
L-BFGS Epoch: 800 / 1000. Total scaled loss: 2.9443e-05, 
                    ODE(0) loss: 6.7057e-10, 
                    ODE(1) loss: 4.3673e-09, 
                    Non-trivial solution loss: 6.4114e-12,
                    Physics loss: 2.9392e-05,
                    Initial value of rho: -0.52707 + -0.25550i,
                    Current value of rho: -1.21638 + 0.00354i,
                    Target rho: -0.17792 + -0.74734
------------------------------
L-BFGS Epoch: 900 / 1000. Total scaled loss: 2.9892e-05, 
                    ODE(0) loss: 6.7046e-10, 
                    ODE(1) loss: 4.3675e-09, 
                    Non-trivial solution loss: 6.4114e-12,
                    Physics loss: 2.9842e-05,
                    Initial value of rho: -0.52707 + -0.25550i,
                    Current value of rho: -1.21638 + 0.00354i,
                    Target rho: -0.17792 + -0.74734
------------------------------
L-BFGS Epoch: 1000 / 1000. Total scaled loss: 2.9636e-05, 
                    ODE(0) loss: 6.7135e-10, 
                    ODE(1) loss: 4.3672e-09, 
                    Non-trivial solution loss: 6.4229e-12,
                    Physics loss: 2.9585e-05,
                    Initial value of rho: -0.52707 + -0.25550i,
                    Current value of rho: -1.21638 + 0.00354i,
                    Target rho: -0.17792 + -0.74734
------------------------------
Training complete for l = 2. Total scaled loss: 2.9636e-05, 
                    ODE(0) loss: 6.7135e-10, 
                    ODE(1) loss: 4.3672e-09, 
                    Non-trivial solution loss: 6.4229e-12,
                    Physics loss: 2.9585e-05,
                    Current value of rho: -1.21638 + 0.00354i
                    Target rho: -0.17792 + -0.74734
Result saved to ./RepeatRunQNM/l2/delta0.7/31/result.txt
Training complete. Checkpoint saved to ./RepeatRunQNM/l2/delta0.7/31/pinn_checkpoint_qnm_l2_delta0.7_run31.pth
l = 2 mode with delta = 0.7 completed successfully.
