000 (308655.001.000) 2026-03-10 18:05:58 Job submitted from host: <130.209.45.81:9618?addrs=130.209.45.81-9618&alias=wiay.astro.gla.ac.uk&noUDP&sock=schedd_8023_b06c>
...
001 (308655.001.000) 2026-03-10 18:05:59 Job executing on host: <130.209.45.193:9619?addrs=130.209.45.193-9619&alias=deimos.astro.gla.ac.uk&noUDP&sock=startd_35_e64f>
	SlotName: slot1_1@deimos.astro.gla.ac.uk
	AvailableGPUs = { GPUs_GPU_9ed99095 }
	CondorScratchDir = "/var/lib/condor/execute/dir_475293"
	Cpus = 1
	Disk = 2048
	GPUs = 1
	GPUs_GPU_9ed99095 = [ Id = "GPU-9ed99095"; ClockMhz = 1695.0; Capability = 8.6; CoresPerCU = 128; DeviceName = "NVIDIA GeForce RTX 3090"; DeviceUuid = "9ed99095-ea7d-ae22-8aa3-a439270c7875"; ECCEnabled = false; ComputeUnits = 82; NvidiaDriver = "580.82.07"; DriverVersion = 13.0; DevicePciBusId = "0000:3B:00.0"; GlobalMemoryMb = 24124; MaxSupportedVersion = 13000 ]
	Memory = 2048
...
006 (308655.001.000) 2026-03-10 18:06:07 Image size of job updated: 287388
	281  -  MemoryUsage of job (MB)
	287388  -  ResidentSetSize of job (KB)
...
006 (308655.001.000) 2026-03-10 18:11:08 Image size of job updated: 873316
	853  -  MemoryUsage of job (MB)
	873316  -  ResidentSetSize of job (KB)
...
006 (308655.001.000) 2026-03-10 18:16:09 Image size of job updated: 888204
	868  -  MemoryUsage of job (MB)
	888204  -  ResidentSetSize of job (KB)
...
006 (308655.001.000) 2026-03-10 18:21:10 Image size of job updated: 1038952
	1015  -  MemoryUsage of job (MB)
	1038952  -  ResidentSetSize of job (KB)
...
006 (308655.001.000) 2026-03-10 18:26:10 Image size of job updated: 1102152
	1077  -  MemoryUsage of job (MB)
	1102152  -  ResidentSetSize of job (KB)
...
006 (308655.001.000) 2026-03-10 18:31:10 Image size of job updated: 1110152
	1085  -  MemoryUsage of job (MB)
	1110152  -  ResidentSetSize of job (KB)
...
006 (308655.001.000) 2026-03-10 18:34:59 Image size of job updated: 1190468
	1085  -  MemoryUsage of job (MB)
	1110152  -  ResidentSetSize of job (KB)
...
005 (308655.001.000) 2026-03-10 18:34:59 Job terminated.
	(1) Normal termination (return value 0)
		Usr 0 00:28:21, Sys 0 00:00:14  -  Run Remote Usage
		Usr 0 00:00:00, Sys 0 00:00:00  -  Run Local Usage
		Usr 0 00:28:21, Sys 0 00:00:14  -  Total Remote Usage
		Usr 0 00:00:00, Sys 0 00:00:00  -  Total Local Usage
	0  -  Run Bytes Sent By Job
	0  -  Run Bytes Received By Job
	0  -  Total Bytes Sent By Job
	0  -  Total Bytes Received By Job
	Partitionable Resources :    Usage  Request Allocated Assigned
	   Cpus                 :     1.00        1         1 
	   Disk (KB)            :     1        1024      2048 
	   GPUs                 :     0.12        1         1 "GPU-9ed99095"
	   GpusMemory (MB)      :   963                       
	   Memory (MB)          :  1085        2048      2048 
	   TimeExecute (s)      :  1740                       
	   TimeSlotBusy (s)     :  1741                       
...
