Using device: cuda
------------------------------
Starting training for l = 2 with delta = 0.7
Initial rho: -0.21435 + -1.06451i
Target rho: -0.17792 + -0.74734i
Initial distance from target: 0.31926
------------------------------
Epoch: 1 / 18000. Total scaled loss: 1.4865e+02, 
                    ODE(0) loss: 3.3962e-01, 
                    ODE(1) loss: 4.3373e-02, 
                    Non-trivial solution loss: 1.1035e+00,
                    Physics loss: 1.0122e-01,
                    Initial value of rho: -0.21435 + -1.06451i,
                    Current value of rho: -0.21435 + -1.06451i,
                    Target rho: -0.17792 + -0.74734
------------------------------
Epoch: 500 / 18000. Total scaled loss: 1.7346e-01, 
                    ODE(0) loss: 2.9005e-05, 
                    ODE(1) loss: 1.8854e-05, 
                    Non-trivial solution loss: 8.6022e-06,
                    Physics loss: 1.6781e+01,
                    Initial value of rho: -0.21435 + -1.06451i,
                    Current value of rho: -0.21435 + -1.06451i,
                    Target rho: -0.17792 + -0.74734
------------------------------
Epoch: 1000 / 18000. Total scaled loss: 2.0328e-01, 
                    ODE(0) loss: 3.1578e-04, 
                    ODE(1) loss: 8.0839e-05, 
                    Non-trivial solution loss: 6.9428e-06,
                    Physics loss: 1.6292e+01,
                    Initial value of rho: -0.21435 + -1.06451i,
                    Current value of rho: -0.21435 + -1.06451i,
                    Target rho: -0.17792 + -0.74734
------------------------------
Epoch: 1500 / 18000. Total scaled loss: 1.7342e-01, 
                    ODE(0) loss: 1.5316e-04, 
                    ODE(1) loss: 1.2489e-05, 
                    Non-trivial solution loss: 7.6921e-06,
                    Physics loss: 1.5609e+01,
                    Initial value of rho: -0.21435 + -1.06451i,
                    Current value of rho: -0.21435 + -1.06451i,
                    Target rho: -0.17792 + -0.74734
------------------------------
Epoch: 2000 / 18000. Total scaled loss: 2.7024e-01, 
                    ODE(0) loss: 7.7045e-04, 
                    ODE(1) loss: 4.1358e-04, 
                    Non-trivial solution loss: 4.4098e-05,
                    Physics loss: 1.4743e+01,
                    Initial value of rho: -0.21435 + -1.06451i,
                    Current value of rho: -0.21435 + -1.06451i,
                    Target rho: -0.17792 + -0.74734
------------------------------
Epoch: 2500 / 18000. Total scaled loss: 1.4110e-01, 
                    ODE(0) loss: 7.8941e-08, 
                    ODE(1) loss: 2.9944e-08, 
                    Non-trivial solution loss: 1.9982e-06,
                    Physics loss: 1.4089e+01,
                    Initial value of rho: -0.21435 + -1.06451i,
                    Current value of rho: -0.21435 + -1.06451i,
                    Target rho: -0.17792 + -0.74734
------------------------------
Epoch: 3000 / 18000. Total scaled loss: 3.2741e-01, 
                    ODE(0) loss: 1.7554e-03, 
                    ODE(1) loss: 1.1350e-04, 
                    Non-trivial solution loss: 4.5981e-05,
                    Physics loss: 1.3592e+01,
                    Initial value of rho: -0.21435 + -1.06451i,
                    Current value of rho: -0.21435 + -1.06451i,
                    Target rho: -0.17792 + -0.74734
------------------------------
Epoch: 3500 / 18000. Total scaled loss: 2.1028e-01, 
                    ODE(0) loss: 5.4783e-04, 
                    ODE(1) loss: 1.9838e-04, 
                    Non-trivial solution loss: 5.3176e-05,
                    Physics loss: 1.3035e+01,
                    Initial value of rho: -0.21435 + -1.06451i,
                    Current value of rho: -0.21435 + -1.06451i,
                    Target rho: -0.17792 + -0.74734
------------------------------
Epoch: 4000 / 18000. Total scaled loss: 1.4613e+00, 
                    ODE(0) loss: 1.9671e-06, 
                    ODE(1) loss: 2.5270e-06, 
                    Non-trivial solution loss: 2.0607e-04,
                    Physics loss: 9.6167e+00,
                    Initial value of rho: -0.21435 + -1.06451i,
                    Current value of rho: -0.21435 + -1.06451i,
                    Target rho: -0.17792 + -0.74734
------------------------------
Epoch: 4500 / 18000. Total scaled loss: 1.2191e+00, 
                    ODE(0) loss: 8.3521e-05, 
                    ODE(1) loss: 2.9396e-06, 
                    Non-trivial solution loss: 1.6123e-04,
                    Physics loss: 5.6366e+00,
                    Initial value of rho: -0.21435 + -1.06451i,
                    Current value of rho: -0.21435 + -1.06451i,
                    Target rho: -0.17792 + -0.74734
------------------------------
Epoch: 5000 / 18000. Total scaled loss: 1.0289e+00, 
                    ODE(0) loss: 2.6046e-07, 
                    ODE(1) loss: 5.5822e-07, 
                    Non-trivial solution loss: 1.5600e-04,
                    Physics loss: 3.6961e+00,
                    Initial value of rho: -0.21435 + -1.06451i,
                    Current value of rho: -0.21435 + -1.06451i,
                    Target rho: -0.17792 + -0.74734
------------------------------
Epoch: 5500 / 18000. Total scaled loss: 9.7878e-01, 
                    ODE(0) loss: 2.0813e-07, 
                    ODE(1) loss: 9.1317e-07, 
                    Non-trivial solution loss: 1.6220e-04,
                    Physics loss: 2.8642e+00,
                    Initial value of rho: -0.21435 + -1.06451i,
                    Current value of rho: -0.21435 + -1.06451i,
                    Target rho: -0.17792 + -0.74734
------------------------------
Epoch: 6000 / 18000. Total scaled loss: 8.7664e-01, 
                    ODE(0) loss: 2.4593e-08, 
                    ODE(1) loss: 3.9150e-07, 
                    Non-trivial solution loss: 1.6252e-04,
                    Physics loss: 2.1638e+00,
                    Initial value of rho: -0.21435 + -1.06451i,
                    Current value of rho: -0.21435 + -1.06451i,
                    Target rho: -0.17792 + -0.74734
------------------------------
Epoch: 6500 / 18000. Total scaled loss: 7.9510e-01, 
                    ODE(0) loss: 3.6262e-05, 
                    ODE(1) loss: 3.5480e-06, 
                    Non-trivial solution loss: 1.6500e-04,
                    Physics loss: 1.6913e+00,
                    Initial value of rho: -0.21435 + -1.06451i,
                    Current value of rho: -0.21435 + -1.06451i,
                    Target rho: -0.17792 + -0.74734
------------------------------
Epoch: 7000 / 18000. Total scaled loss: 7.3241e-01, 
                    ODE(0) loss: 3.3945e-06, 
                    ODE(1) loss: 2.3969e-07, 
                    Non-trivial solution loss: 1.8036e-04,
                    Physics loss: 1.3752e+00,
                    Initial value of rho: -0.21435 + -1.06451i,
                    Current value of rho: -0.21435 + -1.06451i,
                    Target rho: -0.17792 + -0.74734
------------------------------
Epoch: 7500 / 18000. Total scaled loss: 6.3987e-01, 
                    ODE(0) loss: 2.4047e-05, 
                    ODE(1) loss: 3.8350e-07, 
                    Non-trivial solution loss: 1.6813e-04,
                    Physics loss: 1.0726e+00,
                    Initial value of rho: -0.21435 + -1.06451i,
                    Current value of rho: -0.21435 + -1.06451i,
                    Target rho: -0.17792 + -0.74734
------------------------------
Epoch: 8000 / 18000. Total scaled loss: 6.1665e-01, 
                    ODE(0) loss: 7.0822e-08, 
                    ODE(1) loss: 1.7971e-09, 
                    Non-trivial solution loss: 2.1304e-04,
                    Physics loss: 9.3411e-01,
                    Initial value of rho: -0.21435 + -1.06451i,
                    Current value of rho: -0.21435 + -1.06451i,
                    Target rho: -0.17792 + -0.74734
------------------------------
Epoch: 8500 / 18000. Total scaled loss: 5.9846e-01, 
                    ODE(0) loss: 7.1936e-07, 
                    ODE(1) loss: 7.9594e-07, 
                    Non-trivial solution loss: 2.8667e-04,
                    Physics loss: 8.2441e-01,
                    Initial value of rho: -0.21435 + -1.06451i,
                    Current value of rho: -0.21435 + -1.06451i,
                    Target rho: -0.17792 + -0.74734
------------------------------
Epoch: 9000 / 18000. Total scaled loss: 5.7340e-01, 
                    ODE(0) loss: 1.2440e-06, 
                    ODE(1) loss: 4.2402e-06, 
                    Non-trivial solution loss: 3.5966e-04,
                    Physics loss: 7.2467e-01,
                    Initial value of rho: -0.21435 + -1.06451i,
                    Current value of rho: -0.21435 + -1.06451i,
                    Target rho: -0.17792 + -0.74734
------------------------------
Unfreezing rho...
Epoch: 9500 / 18000. Total scaled loss: 2.6717e-01, 
                    ODE(0) loss: 1.8773e-07, 
                    ODE(1) loss: 4.0000e-06, 
                    Non-trivial solution loss: 1.1366e-04,
                    Physics loss: 3.1536e-01,
                    Initial value of rho: -0.21435 + -1.06451i,
                    Current value of rho: -0.25696 + -1.02503i,
                    Target rho: -0.17792 + -0.74734
------------------------------
Epoch: 10000 / 18000. Total scaled loss: 1.3134e-01, 
                    ODE(0) loss: 6.5525e-08, 
                    ODE(1) loss: 2.1403e-06, 
                    Non-trivial solution loss: 5.2594e-05,
                    Physics loss: 1.4473e-01,
                    Initial value of rho: -0.21435 + -1.06451i,
                    Current value of rho: -0.28795 + -0.99550i,
                    Target rho: -0.17792 + -0.74734
------------------------------
Epoch: 10500 / 18000. Total scaled loss: 5.7226e-02, 
                    ODE(0) loss: 1.7908e-07, 
                    ODE(1) loss: 4.4750e-07, 
                    Non-trivial solution loss: 2.6584e-05,
                    Physics loss: 5.9074e-02,
                    Initial value of rho: -0.21435 + -1.06451i,
                    Current value of rho: -0.31051 + -0.97523i,
                    Target rho: -0.17792 + -0.74734
------------------------------
Epoch: 11000 / 18000. Total scaled loss: 2.9464e-02, 
                    ODE(0) loss: 9.7710e-07, 
                    ODE(1) loss: 4.2402e-07, 
                    Non-trivial solution loss: 1.1206e-05,
                    Physics loss: 2.9338e-02,
                    Initial value of rho: -0.21435 + -1.06451i,
                    Current value of rho: -0.32608 + -0.96100i,
                    Target rho: -0.17792 + -0.74734
------------------------------
Epoch: 11500 / 18000. Total scaled loss: 2.0491e-02, 
                    ODE(0) loss: 9.9004e-08, 
                    ODE(1) loss: 2.2203e-06, 
                    Non-trivial solution loss: 4.2674e-06,
                    Physics loss: 2.0425e-02,
                    Initial value of rho: -0.21435 + -1.06451i,
                    Current value of rho: -0.33669 + -0.95045i,
                    Target rho: -0.17792 + -0.74734
------------------------------
Epoch: 12000 / 18000. Total scaled loss: 1.4792e-02, 
                    ODE(0) loss: 1.4913e-05, 
                    ODE(1) loss: 7.4774e-06, 
                    Non-trivial solution loss: 2.6014e-06,
                    Physics loss: 1.4542e-02,
                    Initial value of rho: -0.21435 + -1.06451i,
                    Current value of rho: -0.34539 + -0.94131i,
                    Target rho: -0.17792 + -0.74734
------------------------------
Epoch: 12500 / 18000. Total scaled loss: 1.2153e-02, 
                    ODE(0) loss: 7.0114e-06, 
                    ODE(1) loss: 2.8254e-06, 
                    Non-trivial solution loss: 1.2244e-06,
                    Physics loss: 1.2042e-02,
                    Initial value of rho: -0.21435 + -1.06451i,
                    Current value of rho: -0.35038 + -0.93756i,
                    Target rho: -0.17792 + -0.74734
------------------------------
Epoch: 13000 / 18000. Total scaled loss: 9.9165e-03, 
                    ODE(0) loss: 2.5244e-05, 
                    ODE(1) loss: 6.5090e-06, 
                    Non-trivial solution loss: 4.5943e-07,
                    Physics loss: 9.5944e-03,
                    Initial value of rho: -0.21435 + -1.06451i,
                    Current value of rho: -0.35298 + -0.93577i,
                    Target rho: -0.17792 + -0.74734
------------------------------
Epoch: 13500 / 18000. Total scaled loss: 1.2965e-02, 
                    ODE(0) loss: 5.4925e-04, 
                    ODE(1) loss: 7.7061e-05, 
                    Non-trivial solution loss: 5.3753e-06,
                    Physics loss: 6.6482e-03,
                    Initial value of rho: -0.21435 + -1.06451i,
                    Current value of rho: -0.35498 + -0.93439i,
                    Target rho: -0.17792 + -0.74734
------------------------------
Epoch: 14000 / 18000. Total scaled loss: 2.1940e-02, 
                    ODE(0) loss: 1.2644e-03, 
                    ODE(1) loss: 5.0438e-04, 
                    Non-trivial solution loss: 1.8217e-05,
                    Physics loss: 4.0708e-03,
                    Initial value of rho: -0.21435 + -1.06451i,
                    Current value of rho: -0.35597 + -0.93355i,
                    Target rho: -0.17792 + -0.74734
------------------------------
Epoch: 14500 / 18000. Total scaled loss: 3.1476e-03, 
                    ODE(0) loss: 7.1668e-06, 
                    ODE(1) loss: 2.1207e-06, 
                    Non-trivial solution loss: 6.4653e-07,
                    Physics loss: 2.7462e-03,
                    Initial value of rho: -0.21435 + -1.06451i,
                    Current value of rho: -0.35691 + -0.93278i,
                    Target rho: -0.17792 + -0.74734
------------------------------
Epoch: 15000 / 18000. Total scaled loss: 4.7549e-03, 
                    ODE(0) loss: 4.2163e-05, 
                    ODE(1) loss: 3.3112e-05, 
                    Non-trivial solution loss: 1.0830e-06,
                    Physics loss: 2.3964e-03,
                    Initial value of rho: -0.21435 + -1.06451i,
                    Current value of rho: -0.35824 + -0.93185i,
                    Target rho: -0.17792 + -0.74734
------------------------------
Epoch: 15500 / 18000. Total scaled loss: 5.0653e-03, 
                    ODE(0) loss: 5.3081e-05, 
                    ODE(1) loss: 3.4707e-05, 
                    Non-trivial solution loss: 2.2933e-07,
                    Physics loss: 1.8843e-03,
                    Initial value of rho: -0.21435 + -1.06451i,
                    Current value of rho: -0.35990 + -0.93076i,
                    Target rho: -0.17792 + -0.74734
------------------------------
Epoch: 16000 / 18000. Total scaled loss: 4.2947e-03, 
                    ODE(0) loss: 6.1681e-07, 
                    ODE(1) loss: 6.8909e-07, 
                    Non-trivial solution loss: 2.4232e-07,
                    Physics loss: 1.5411e-03,
                    Initial value of rho: -0.21435 + -1.06451i,
                    Current value of rho: -0.36160 + -0.92969i,
                    Target rho: -0.17792 + -0.74734
------------------------------
Epoch: 16500 / 18000. Total scaled loss: 6.9531e-03, 
                    ODE(0) loss: 2.0943e-04, 
                    ODE(1) loss: 3.3600e-05, 
                    Non-trivial solution loss: 1.8866e-06,
                    Physics loss: 1.3516e-03,
                    Initial value of rho: -0.21435 + -1.06451i,
                    Current value of rho: -0.36321 + -0.92866i,
                    Target rho: -0.17792 + -0.74734
------------------------------
Epoch: 17000 / 18000. Total scaled loss: 5.7869e-03, 
                    ODE(0) loss: 8.8159e-05, 
                    ODE(1) loss: 3.1277e-05, 
                    Non-trivial solution loss: 2.3523e-06,
                    Physics loss: 1.1752e-03,
                    Initial value of rho: -0.21435 + -1.06451i,
                    Current value of rho: -0.36462 + -0.92767i,
                    Target rho: -0.17792 + -0.74734
------------------------------
Epoch: 17500 / 18000. Total scaled loss: 4.8846e-03, 
                    ODE(0) loss: 6.4757e-05, 
                    ODE(1) loss: 3.1459e-06, 
                    Non-trivial solution loss: 3.8799e-07,
                    Physics loss: 9.4561e-04,
                    Initial value of rho: -0.21435 + -1.06451i,
                    Current value of rho: -0.36576 + -0.92677i,
                    Target rho: -0.17792 + -0.74734
------------------------------
Epoch: 18000 / 18000. Total scaled loss: 3.8903e-02, 
                    ODE(0) loss: 2.9731e-03, 
                    ODE(1) loss: 1.2650e-04, 
                    Non-trivial solution loss: 4.5647e-05,
                    Physics loss: 1.4904e-03,
                    Initial value of rho: -0.21435 + -1.06451i,
                    Current value of rho: -0.36670 + -0.92607i,
                    Target rho: -0.17792 + -0.74734
------------------------------
Adam training complete. Switching to L-BFGS:
L-BFGS Epoch: 100 / 1000. Total scaled loss: 4.1369e-06, 
                    ODE(0) loss: 6.6093e-11, 
                    ODE(1) loss: 2.7359e-10, 
                    Non-trivial solution loss: 1.8529e-11,
                    Physics loss: 4.1333e-06,
                    Initial value of rho: -0.21435 + -1.06451i,
                    Current value of rho: -0.47352 + -0.83826i,
                    Target rho: -0.17792 + -0.74734
------------------------------
L-BFGS Epoch: 200 / 1000. Total scaled loss: 4.1482e-06, 
                    ODE(0) loss: 8.1602e-11, 
                    ODE(1) loss: 2.0464e-10, 
                    Non-trivial solution loss: 3.6004e-12,
                    Physics loss: 4.1453e-06,
                    Initial value of rho: -0.21435 + -1.06451i,
                    Current value of rho: -0.47450 + -0.83598i,
                    Target rho: -0.17792 + -0.74734
------------------------------
L-BFGS Epoch: 300 / 1000. Total scaled loss: 4.0422e-06, 
                    ODE(0) loss: 1.0690e-10, 
                    ODE(1) loss: 2.0111e-10, 
                    Non-trivial solution loss: 1.1727e-12,
                    Physics loss: 4.0391e-06,
                    Initial value of rho: -0.21435 + -1.06451i,
                    Current value of rho: -0.47450 + -0.83596i,
                    Target rho: -0.17792 + -0.74734
------------------------------
L-BFGS Epoch: 400 / 1000. Total scaled loss: 4.1102e-06, 
                    ODE(0) loss: 8.9161e-11, 
                    ODE(1) loss: 1.8031e-10, 
                    Non-trivial solution loss: 1.0331e-12,
                    Physics loss: 4.1075e-06,
                    Initial value of rho: -0.21435 + -1.06451i,
                    Current value of rho: -0.47450 + -0.83596i,
                    Target rho: -0.17792 + -0.74734
------------------------------
L-BFGS Epoch: 500 / 1000. Total scaled loss: 4.1117e-06, 
                    ODE(0) loss: 8.9161e-11, 
                    ODE(1) loss: 1.8031e-10, 
                    Non-trivial solution loss: 1.0331e-12,
                    Physics loss: 4.1090e-06,
                    Initial value of rho: -0.21435 + -1.06451i,
                    Current value of rho: -0.47450 + -0.83596i,
                    Target rho: -0.17792 + -0.74734
------------------------------
L-BFGS Epoch: 600 / 1000. Total scaled loss: 4.2148e-06, 
                    ODE(0) loss: 8.9161e-11, 
                    ODE(1) loss: 1.9213e-10, 
                    Non-trivial solution loss: 1.0331e-12,
                    Physics loss: 4.2119e-06,
                    Initial value of rho: -0.21435 + -1.06451i,
                    Current value of rho: -0.47450 + -0.83596i,
                    Target rho: -0.17792 + -0.74734
------------------------------
L-BFGS Epoch: 700 / 1000. Total scaled loss: 4.0987e-06, 
                    ODE(0) loss: 8.9161e-11, 
                    ODE(1) loss: 1.8031e-10, 
                    Non-trivial solution loss: 1.0331e-12,
                    Physics loss: 4.0960e-06,
                    Initial value of rho: -0.21435 + -1.06451i,
                    Current value of rho: -0.47450 + -0.83596i,
                    Target rho: -0.17792 + -0.74734
------------------------------
L-BFGS Epoch: 800 / 1000. Total scaled loss: 4.1180e-06, 
                    ODE(0) loss: 8.9161e-11, 
                    ODE(1) loss: 1.8031e-10, 
                    Non-trivial solution loss: 1.0331e-12,
                    Physics loss: 4.1153e-06,
                    Initial value of rho: -0.21435 + -1.06451i,
                    Current value of rho: -0.47450 + -0.83596i,
                    Target rho: -0.17792 + -0.74734
------------------------------
L-BFGS Epoch: 900 / 1000. Total scaled loss: 4.1123e-06, 
                    ODE(0) loss: 8.9161e-11, 
                    ODE(1) loss: 1.9213e-10, 
                    Non-trivial solution loss: 1.0331e-12,
                    Physics loss: 4.1095e-06,
                    Initial value of rho: -0.21435 + -1.06451i,
                    Current value of rho: -0.47450 + -0.83596i,
                    Target rho: -0.17792 + -0.74734
------------------------------
L-BFGS Epoch: 1000 / 1000. Total scaled loss: 4.0771e-06, 
                    ODE(0) loss: 8.7857e-11, 
                    ODE(1) loss: 2.2266e-10, 
                    Non-trivial solution loss: 3.4822e-13,
                    Physics loss: 4.0740e-06,
                    Initial value of rho: -0.21435 + -1.06451i,
                    Current value of rho: -0.47450 + -0.83596i,
                    Target rho: -0.17792 + -0.74734
------------------------------
Training complete for l = 2. Total scaled loss: 4.0771e-06, 
                    ODE(0) loss: 8.7857e-11, 
                    ODE(1) loss: 2.2266e-10, 
                    Non-trivial solution loss: 3.4822e-13,
                    Physics loss: 4.0740e-06,
                    Current value of rho: -0.47450 + -0.83596i
                    Target rho: -0.17792 + -0.74734
Result saved to ./RepeatRunQNM/l2/delta0.7/30/result.txt
Training complete. Checkpoint saved to ./RepeatRunQNM/l2/delta0.7/30/pinn_checkpoint_qnm_l2_delta0.7_run30.pth
l = 2 mode with delta = 0.7 completed successfully.
