Using device: cuda
------------------------------
Starting training for l = 2 with delta = 0.6
Initial rho: -0.03155 + -0.88763i
Target rho: -0.17792 + -0.74734i
Initial distance from target: 0.20275
------------------------------
Epoch: 1 / 18000. Total scaled loss: 3.0999e+02, 
                    ODE(0) loss: 1.5670e+00, 
                    ODE(1) loss: 7.6378e-01, 
                    Non-trivial solution loss: 7.6913e-01,
                    Physics loss: 5.5499e-01,
                    Initial value of rho: -0.03155 + -0.88763i,
                    Current value of rho: -0.03155 + -0.88763i,
                    Target rho: -0.17792 + -0.74734
------------------------------
Epoch: 500 / 18000. Total scaled loss: 1.0747e-01, 
                    ODE(0) loss: 5.1255e-04, 
                    ODE(1) loss: 2.4454e-04, 
                    Non-trivial solution loss: 3.5706e-06,
                    Physics loss: 3.1407e+00,
                    Initial value of rho: -0.03155 + -0.88763i,
                    Current value of rho: -0.03155 + -0.88763i,
                    Target rho: -0.17792 + -0.74734
------------------------------
Epoch: 1000 / 18000. Total scaled loss: 1.2828e-01, 
                    ODE(0) loss: 7.5819e-04, 
                    ODE(1) loss: 2.0399e-04, 
                    Non-trivial solution loss: 4.2993e-06,
                    Physics loss: 3.1631e+00,
                    Initial value of rho: -0.03155 + -0.88763i,
                    Current value of rho: -0.03155 + -0.88763i,
                    Target rho: -0.17792 + -0.74734
------------------------------
Epoch: 1500 / 18000. Total scaled loss: 3.2271e-02, 
                    ODE(0) loss: 6.4442e-06, 
                    ODE(1) loss: 1.5323e-06, 
                    Non-trivial solution loss: 2.2819e-08,
                    Physics loss: 3.1471e+00,
                    Initial value of rho: -0.03155 + -0.88763i,
                    Current value of rho: -0.03155 + -0.88763i,
                    Target rho: -0.17792 + -0.74734
------------------------------
Epoch: 2000 / 18000. Total scaled loss: 3.1120e-02, 
                    ODE(0) loss: 6.2647e-09, 
                    ODE(1) loss: 3.0961e-09, 
                    Non-trivial solution loss: 9.5953e-08,
                    Physics loss: 3.1110e+00,
                    Initial value of rho: -0.03155 + -0.88763i,
                    Current value of rho: -0.03155 + -0.88763i,
                    Target rho: -0.17792 + -0.74734
------------------------------
Epoch: 2500 / 18000. Total scaled loss: 7.9070e-02, 
                    ODE(0) loss: 3.7955e-04, 
                    ODE(1) loss: 9.6693e-05, 
                    Non-trivial solution loss: 1.6808e-06,
                    Physics loss: 3.1278e+00,
                    Initial value of rho: -0.03155 + -0.88763i,
                    Current value of rho: -0.03155 + -0.88763i,
                    Target rho: -0.17792 + -0.74734
------------------------------
Epoch: 3000 / 18000. Total scaled loss: 3.1070e-02, 
                    ODE(0) loss: 1.3374e-06, 
                    ODE(1) loss: 3.4850e-07, 
                    Non-trivial solution loss: 1.7733e-07,
                    Physics loss: 3.0884e+00,
                    Initial value of rho: -0.03155 + -0.88763i,
                    Current value of rho: -0.03155 + -0.88763i,
                    Target rho: -0.17792 + -0.74734
------------------------------
Epoch: 3500 / 18000. Total scaled loss: 8.6761e-02, 
                    ODE(0) loss: 3.2446e-04, 
                    ODE(1) loss: 2.2952e-04, 
                    Non-trivial solution loss: 4.7707e-06,
                    Physics loss: 3.0887e+00,
                    Initial value of rho: -0.03155 + -0.88763i,
                    Current value of rho: -0.03155 + -0.88763i,
                    Target rho: -0.17792 + -0.74734
------------------------------
Epoch: 4000 / 18000. Total scaled loss: 4.5261e-01, 
                    ODE(0) loss: 3.6455e-06, 
                    ODE(1) loss: 4.8175e-06, 
                    Non-trivial solution loss: 2.2301e-05,
                    Physics loss: 3.0004e+00,
                    Initial value of rho: -0.03155 + -0.88763i,
                    Current value of rho: -0.03155 + -0.88763i,
                    Target rho: -0.17792 + -0.74734
------------------------------
Epoch: 4500 / 18000. Total scaled loss: 6.1652e-01, 
                    ODE(0) loss: 4.7585e-05, 
                    ODE(1) loss: 1.8606e-05, 
                    Non-trivial solution loss: 3.9862e-05,
                    Physics loss: 2.8586e+00,
                    Initial value of rho: -0.03155 + -0.88763i,
                    Current value of rho: -0.03155 + -0.88763i,
                    Target rho: -0.17792 + -0.74734
------------------------------
Epoch: 5000 / 18000. Total scaled loss: 8.0171e-01, 
                    ODE(0) loss: 5.6533e-04, 
                    ODE(1) loss: 9.6515e-05, 
                    Non-trivial solution loss: 1.8210e-04,
                    Physics loss: 2.6633e+00,
                    Initial value of rho: -0.03155 + -0.88763i,
                    Current value of rho: -0.03155 + -0.88763i,
                    Target rho: -0.17792 + -0.74734
------------------------------
Epoch: 5500 / 18000. Total scaled loss: 9.0528e-01, 
                    ODE(0) loss: 2.1873e-06, 
                    ODE(1) loss: 7.0376e-07, 
                    Non-trivial solution loss: 1.3768e-04,
                    Physics loss: 2.6515e+00,
                    Initial value of rho: -0.03155 + -0.88763i,
                    Current value of rho: -0.03155 + -0.88763i,
                    Target rho: -0.17792 + -0.74734
------------------------------
Epoch: 6000 / 18000. Total scaled loss: 1.0227e+00, 
                    ODE(0) loss: 8.5161e-05, 
                    ODE(1) loss: 1.7420e-05, 
                    Non-trivial solution loss: 2.4110e-04,
                    Physics loss: 2.4975e+00,
                    Initial value of rho: -0.03155 + -0.88763i,
                    Current value of rho: -0.03155 + -0.88763i,
                    Target rho: -0.17792 + -0.74734
------------------------------
Epoch: 6500 / 18000. Total scaled loss: 1.1562e+00, 
                    ODE(0) loss: 4.6095e-06, 
                    ODE(1) loss: 1.0286e-06, 
                    Non-trivial solution loss: 3.3845e-04,
                    Physics loss: 2.4530e+00,
                    Initial value of rho: -0.03155 + -0.88763i,
                    Current value of rho: -0.03155 + -0.88763i,
                    Target rho: -0.17792 + -0.74734
------------------------------
Epoch: 7000 / 18000. Total scaled loss: 1.2902e+00, 
                    ODE(0) loss: 4.6865e-07, 
                    ODE(1) loss: 2.8929e-06, 
                    Non-trivial solution loss: 4.9556e-04,
                    Physics loss: 2.4035e+00,
                    Initial value of rho: -0.03155 + -0.88763i,
                    Current value of rho: -0.03155 + -0.88763i,
                    Target rho: -0.17792 + -0.74734
------------------------------
Epoch: 7500 / 18000. Total scaled loss: 1.3978e+00, 
                    ODE(0) loss: 3.9755e-05, 
                    ODE(1) loss: 2.5373e-05, 
                    Non-trivial solution loss: 7.7290e-04,
                    Physics loss: 2.3067e+00,
                    Initial value of rho: -0.03155 + -0.88763i,
                    Current value of rho: -0.03155 + -0.88763i,
                    Target rho: -0.17792 + -0.74734
------------------------------
Epoch: 8000 / 18000. Total scaled loss: 1.4936e+00, 
                    ODE(0) loss: 8.2808e-04, 
                    ODE(1) loss: 1.1810e-04, 
                    Non-trivial solution loss: 1.2739e-03,
                    Physics loss: 2.1445e+00,
                    Initial value of rho: -0.03155 + -0.88763i,
                    Current value of rho: -0.03155 + -0.88763i,
                    Target rho: -0.17792 + -0.74734
------------------------------
Epoch: 8500 / 18000. Total scaled loss: 1.4084e+00, 
                    ODE(0) loss: 1.5148e-05, 
                    ODE(1) loss: 1.5096e-05, 
                    Non-trivial solution loss: 1.4873e-03,
                    Physics loss: 1.8945e+00,
                    Initial value of rho: -0.03155 + -0.88763i,
                    Current value of rho: -0.03155 + -0.88763i,
                    Target rho: -0.17792 + -0.74734
------------------------------
Epoch: 9000 / 18000. Total scaled loss: 1.4382e+00, 
                    ODE(0) loss: 3.0788e-06, 
                    ODE(1) loss: 3.4404e-06, 
                    Non-trivial solution loss: 2.0696e-03,
                    Physics loss: 1.7690e+00,
                    Initial value of rho: -0.03155 + -0.88763i,
                    Current value of rho: -0.03155 + -0.88763i,
                    Target rho: -0.17792 + -0.74734
------------------------------
Unfreezing rho...
Epoch: 9500 / 18000. Total scaled loss: 6.1188e-01, 
                    ODE(0) loss: 5.2268e-06, 
                    ODE(1) loss: 6.8662e-06, 
                    Non-trivial solution loss: 5.7815e-04,
                    Physics loss: 7.1220e-01,
                    Initial value of rho: -0.03155 + -0.88763i,
                    Current value of rho: -0.07506 + -0.84633i,
                    Target rho: -0.17792 + -0.74734
------------------------------
Epoch: 10000 / 18000. Total scaled loss: 2.4127e-01, 
                    ODE(0) loss: 2.6096e-05, 
                    ODE(1) loss: 9.6216e-05, 
                    Non-trivial solution loss: 1.6549e-04,
                    Physics loss: 2.6172e-01,
                    Initial value of rho: -0.03155 + -0.88763i,
                    Current value of rho: -0.10815 + -0.81483i,
                    Target rho: -0.17792 + -0.74734
------------------------------
Epoch: 10500 / 18000. Total scaled loss: 1.0104e-01, 
                    ODE(0) loss: 1.5553e-06, 
                    ODE(1) loss: 2.4755e-05, 
                    Non-trivial solution loss: 6.3611e-05,
                    Physics loss: 1.0370e-01,
                    Initial value of rho: -0.03155 + -0.88763i,
                    Current value of rho: -0.13022 + -0.79107i,
                    Target rho: -0.17792 + -0.74734
------------------------------
Epoch: 11000 / 18000. Total scaled loss: 4.4130e-02, 
                    ODE(0) loss: 6.1238e-06, 
                    ODE(1) loss: 9.5188e-05, 
                    Non-trivial solution loss: 2.4731e-05,
                    Physics loss: 4.2869e-02,
                    Initial value of rho: -0.03155 + -0.88763i,
                    Current value of rho: -0.14451 + -0.77409i,
                    Target rho: -0.17792 + -0.74734
------------------------------
Epoch: 11500 / 18000. Total scaled loss: 3.6736e-02, 
                    ODE(0) loss: 1.1726e-04, 
                    ODE(1) loss: 1.6666e-03, 
                    Non-trivial solution loss: 2.4652e-05,
                    Physics loss: 1.8652e-02,
                    Initial value of rho: -0.03155 + -0.88763i,
                    Current value of rho: -0.15294 + -0.76443i,
                    Target rho: -0.17792 + -0.74734
------------------------------
Epoch: 12000 / 18000. Total scaled loss: 1.0421e-02, 
                    ODE(0) loss: 1.0339e-06, 
                    ODE(1) loss: 6.1757e-06, 
                    Non-trivial solution loss: 3.0086e-06,
                    Physics loss: 1.0319e-02,
                    Initial value of rho: -0.03155 + -0.88763i,
                    Current value of rho: -0.15841 + -0.75975i,
                    Target rho: -0.17792 + -0.74734
------------------------------
Epoch: 12500 / 18000. Total scaled loss: 6.5282e-03, 
                    ODE(0) loss: 1.9994e-06, 
                    ODE(1) loss: 3.4533e-05, 
                    Non-trivial solution loss: 2.1811e-06,
                    Physics loss: 6.1411e-03,
                    Initial value of rho: -0.03155 + -0.88763i,
                    Current value of rho: -0.16243 + -0.75708i,
                    Target rho: -0.17792 + -0.74734
------------------------------
Epoch: 13000 / 18000. Total scaled loss: 4.0149e-03, 
                    ODE(0) loss: 1.8456e-07, 
                    ODE(1) loss: 9.7600e-07, 
                    Non-trivial solution loss: 7.0164e-07,
                    Physics loss: 3.9963e-03,
                    Initial value of rho: -0.03155 + -0.88763i,
                    Current value of rho: -0.16548 + -0.75544i,
                    Target rho: -0.17792 + -0.74734
------------------------------
Epoch: 13500 / 18000. Total scaled loss: 3.6546e-03, 
                    ODE(0) loss: 6.4623e-06, 
                    ODE(1) loss: 1.0448e-04, 
                    Non-trivial solution loss: 1.5348e-06,
                    Physics loss: 2.5298e-03,
                    Initial value of rho: -0.03155 + -0.88763i,
                    Current value of rho: -0.16786 + -0.75423i,
                    Target rho: -0.17792 + -0.74734
------------------------------
Epoch: 14000 / 18000. Total scaled loss: 1.8241e-03, 
                    ODE(0) loss: 9.8709e-08, 
                    ODE(1) loss: 9.2507e-08, 
                    Non-trivial solution loss: 3.3856e-07,
                    Physics loss: 1.8188e-03,
                    Initial value of rho: -0.03155 + -0.88763i,
                    Current value of rho: -0.16970 + -0.75336i,
                    Target rho: -0.17792 + -0.74734
------------------------------
Epoch: 14500 / 18000. Total scaled loss: 1.5498e-03, 
                    ODE(0) loss: 1.4691e-07, 
                    ODE(1) loss: 1.4555e-07, 
                    Non-trivial solution loss: 3.0309e-07,
                    Physics loss: 1.3909e-03,
                    Initial value of rho: -0.03155 + -0.88763i,
                    Current value of rho: -0.17119 + -0.75266i,
                    Target rho: -0.17792 + -0.74734
------------------------------
Epoch: 15000 / 18000. Total scaled loss: 1.5642e-03, 
                    ODE(0) loss: 1.6734e-07, 
                    ODE(1) loss: 3.8327e-06, 
                    Non-trivial solution loss: 4.3090e-07,
                    Physics loss: 9.1252e-04,
                    Initial value of rho: -0.03155 + -0.88763i,
                    Current value of rho: -0.17277 + -0.75186i,
                    Target rho: -0.17792 + -0.74734
------------------------------
Epoch: 15500 / 18000. Total scaled loss: 1.1708e-03, 
                    ODE(0) loss: 1.1146e-07, 
                    ODE(1) loss: 3.1882e-06, 
                    Non-trivial solution loss: 4.2760e-07,
                    Physics loss: 5.1034e-04,
                    Initial value of rho: -0.03155 + -0.88763i,
                    Current value of rho: -0.17433 + -0.75101i,
                    Target rho: -0.17792 + -0.74734
------------------------------
Epoch: 16000 / 18000. Total scaled loss: 8.5277e-04, 
                    ODE(0) loss: 1.2970e-07, 
                    ODE(1) loss: 4.0756e-06, 
                    Non-trivial solution loss: 2.9427e-07,
                    Physics loss: 2.9092e-04,
                    Initial value of rho: -0.03155 + -0.88763i,
                    Current value of rho: -0.17563 + -0.75026i,
                    Target rho: -0.17792 + -0.74734
------------------------------
Epoch: 16500 / 18000. Total scaled loss: 5.4870e-03, 
                    ODE(0) loss: 3.4205e-05, 
                    ODE(1) loss: 3.6342e-04, 
                    Non-trivial solution loss: 1.9130e-06,
                    Physics loss: 4.4762e-04,
                    Initial value of rho: -0.03155 + -0.88763i,
                    Current value of rho: -0.17659 + -0.74963i,
                    Target rho: -0.17792 + -0.74734
------------------------------
Epoch: 17000 / 18000. Total scaled loss: 7.0189e-04, 
                    ODE(0) loss: 1.1530e-06, 
                    ODE(1) loss: 4.3076e-06, 
                    Non-trivial solution loss: 3.9087e-07,
                    Physics loss: 1.6549e-04,
                    Initial value of rho: -0.03155 + -0.88763i,
                    Current value of rho: -0.17722 + -0.74916i,
                    Target rho: -0.17792 + -0.74734
------------------------------
Epoch: 17500 / 18000. Total scaled loss: 5.1742e-04, 
                    ODE(0) loss: 5.0560e-07, 
                    ODE(1) loss: 7.7736e-06, 
                    Non-trivial solution loss: 1.9445e-07,
                    Physics loss: 9.7378e-05,
                    Initial value of rho: -0.03155 + -0.88763i,
                    Current value of rho: -0.17756 + -0.74882i,
                    Target rho: -0.17792 + -0.74734
------------------------------
Epoch: 18000 / 18000. Total scaled loss: 5.5861e-04, 
                    ODE(0) loss: 5.7455e-07, 
                    ODE(1) loss: 1.5557e-05, 
                    Non-trivial solution loss: 2.7348e-07,
                    Physics loss: 7.8929e-05,
                    Initial value of rho: -0.03155 + -0.88763i,
                    Current value of rho: -0.17778 + -0.74860i,
                    Target rho: -0.17792 + -0.74734
------------------------------
Adam training complete. Switching to L-BFGS:
L-BFGS Epoch: 100 / 1000. Total scaled loss: 4.0229e-06, 
                    ODE(0) loss: 6.5884e-10, 
                    ODE(1) loss: 1.4030e-10, 
                    Non-trivial solution loss: 1.5945e-11,
                    Physics loss: 4.0148e-06,
                    Initial value of rho: -0.03155 + -0.88763i,
                    Current value of rho: -0.17815 + -0.74728i,
                    Target rho: -0.17792 + -0.74734
------------------------------
L-BFGS Epoch: 200 / 1000. Total scaled loss: 2.4543e-06, 
                    ODE(0) loss: 1.4893e-10, 
                    ODE(1) loss: 1.6598e-11, 
                    Non-trivial solution loss: 7.0868e-12,
                    Physics loss: 2.4525e-06,
                    Initial value of rho: -0.03155 + -0.88763i,
                    Current value of rho: -0.17804 + -0.74741i,
                    Target rho: -0.17792 + -0.74734
------------------------------
L-BFGS Epoch: 300 / 1000. Total scaled loss: 2.4530e-06, 
                    ODE(0) loss: 1.9726e-10, 
                    ODE(1) loss: 5.0250e-11, 
                    Non-trivial solution loss: 1.5460e-13,
                    Physics loss: 2.4505e-06,
                    Initial value of rho: -0.03155 + -0.88763i,
                    Current value of rho: -0.17804 + -0.74742i,
                    Target rho: -0.17792 + -0.74734
------------------------------
L-BFGS Epoch: 400 / 1000. Total scaled loss: 2.4764e-06, 
                    ODE(0) loss: 1.8767e-10, 
                    ODE(1) loss: 2.8933e-11, 
                    Non-trivial solution loss: 1.2840e-13,
                    Physics loss: 2.4742e-06,
                    Initial value of rho: -0.03155 + -0.88763i,
                    Current value of rho: -0.17804 + -0.74742i,
                    Target rho: -0.17792 + -0.74734
------------------------------
L-BFGS Epoch: 500 / 1000. Total scaled loss: 2.4467e-06, 
                    ODE(0) loss: 1.8015e-10, 
                    ODE(1) loss: 1.4339e-11, 
                    Non-trivial solution loss: 7.2886e-14,
                    Physics loss: 2.4448e-06,
                    Initial value of rho: -0.03155 + -0.88763i,
                    Current value of rho: -0.17804 + -0.74742i,
                    Target rho: -0.17792 + -0.74734
------------------------------
L-BFGS Epoch: 600 / 1000. Total scaled loss: 2.4694e-06, 
                    ODE(0) loss: 1.8015e-10, 
                    ODE(1) loss: 1.4339e-11, 
                    Non-trivial solution loss: 7.2886e-14,
                    Physics loss: 2.4675e-06,
                    Initial value of rho: -0.03155 + -0.88763i,
                    Current value of rho: -0.17804 + -0.74742i,
                    Target rho: -0.17792 + -0.74734
------------------------------
L-BFGS Epoch: 700 / 1000. Total scaled loss: 2.4309e-06, 
                    ODE(0) loss: 1.8015e-10, 
                    ODE(1) loss: 1.4339e-11, 
                    Non-trivial solution loss: 7.2886e-14,
                    Physics loss: 2.4289e-06,
                    Initial value of rho: -0.03155 + -0.88763i,
                    Current value of rho: -0.17804 + -0.74742i,
                    Target rho: -0.17792 + -0.74734
------------------------------
L-BFGS Epoch: 800 / 1000. Total scaled loss: 2.4570e-06, 
                    ODE(0) loss: 1.8015e-10, 
                    ODE(1) loss: 1.4339e-11, 
                    Non-trivial solution loss: 7.2886e-14,
                    Physics loss: 2.4550e-06,
                    Initial value of rho: -0.03155 + -0.88763i,
                    Current value of rho: -0.17804 + -0.74742i,
                    Target rho: -0.17792 + -0.74734
------------------------------
L-BFGS Epoch: 900 / 1000. Total scaled loss: 2.4845e-06, 
                    ODE(0) loss: 1.8015e-10, 
                    ODE(1) loss: 1.4339e-11, 
                    Non-trivial solution loss: 7.2886e-14,
                    Physics loss: 2.4826e-06,
                    Initial value of rho: -0.03155 + -0.88763i,
                    Current value of rho: -0.17804 + -0.74742i,
                    Target rho: -0.17792 + -0.74734
------------------------------
L-BFGS Epoch: 1000 / 1000. Total scaled loss: 2.4659e-06, 
                    ODE(0) loss: 1.8015e-10, 
                    ODE(1) loss: 1.4339e-11, 
                    Non-trivial solution loss: 7.2886e-14,
                    Physics loss: 2.4640e-06,
                    Initial value of rho: -0.03155 + -0.88763i,
                    Current value of rho: -0.17804 + -0.74742i,
                    Target rho: -0.17792 + -0.74734
------------------------------
Training complete for l = 2. Total scaled loss: 2.4659e-06, 
                    ODE(0) loss: 1.8015e-10, 
                    ODE(1) loss: 1.4339e-11, 
                    Non-trivial solution loss: 7.2886e-14,
                    Physics loss: 2.4640e-06,
                    Current value of rho: -0.17804 + -0.74742i
                    Target rho: -0.17792 + -0.74734
Result saved to ./RepeatRunQNM/l2/delta0.6/13/result.txt
Training complete. Checkpoint saved to ./RepeatRunQNM/l2/delta0.6/13/pinn_checkpoint_qnm_l2_delta0.6_run13.pth
l = 2 mode with delta = 0.6 completed successfully.
