Using device: cuda
------------------------------
Starting training for l = 2 with delta = 0.6
Initial rho: -0.41242 + -0.71829i
Target rho: -0.17792 + -0.74734i
Initial distance from target: 0.23630
------------------------------
Epoch: 1 / 18000. Total scaled loss: 1.3954e+02, 
                    ODE(0) loss: 3.3537e-02, 
                    ODE(1) loss: 1.8935e-01, 
                    Non-trivial solution loss: 1.1725e+00,
                    Physics loss: 7.7417e-02,
                    Initial value of rho: -0.41242 + -0.71829i,
                    Current value of rho: -0.41242 + -0.71829i,
                    Target rho: -0.17792 + -0.74734
------------------------------
Epoch: 500 / 18000. Total scaled loss: 1.2799e-02, 
                    ODE(0) loss: 2.1146e-08, 
                    ODE(1) loss: 5.0081e-08, 
                    Non-trivial solution loss: 2.0744e-08,
                    Physics loss: 1.2790e+00,
                    Initial value of rho: -0.41242 + -0.71829i,
                    Current value of rho: -0.41242 + -0.71829i,
                    Target rho: -0.17792 + -0.74734
------------------------------
Epoch: 1000 / 18000. Total scaled loss: 1.4759e-02, 
                    ODE(0) loss: 3.8223e-06, 
                    ODE(1) loss: 1.7090e-05, 
                    Non-trivial solution loss: 2.8373e-07,
                    Physics loss: 1.2639e+00,
                    Initial value of rho: -0.41242 + -0.71829i,
                    Current value of rho: -0.41242 + -0.71829i,
                    Target rho: -0.17792 + -0.74734
------------------------------
Epoch: 1500 / 18000. Total scaled loss: 1.8406e-01, 
                    ODE(0) loss: 3.9101e-04, 
                    ODE(1) loss: 1.3148e-03, 
                    Non-trivial solution loss: 4.8482e-06,
                    Physics loss: 1.2989e+00,
                    Initial value of rho: -0.41242 + -0.71829i,
                    Current value of rho: -0.41242 + -0.71829i,
                    Target rho: -0.17792 + -0.74734
------------------------------
Epoch: 2000 / 18000. Total scaled loss: 1.2431e-02, 
                    ODE(0) loss: 5.3616e-08, 
                    ODE(1) loss: 1.7069e-07, 
                    Non-trivial solution loss: 2.5605e-08,
                    Physics loss: 1.2406e+00,
                    Initial value of rho: -0.41242 + -0.71829i,
                    Current value of rho: -0.41242 + -0.71829i,
                    Target rho: -0.17792 + -0.74734
------------------------------
Epoch: 2500 / 18000. Total scaled loss: 3.2693e-02, 
                    ODE(0) loss: 3.6959e-05, 
                    ODE(1) loss: 1.6593e-04, 
                    Non-trivial solution loss: 1.6332e-06,
                    Physics loss: 1.2241e+00,
                    Initial value of rho: -0.41242 + -0.71829i,
                    Current value of rho: -0.41242 + -0.71829i,
                    Target rho: -0.17792 + -0.74734
------------------------------
Epoch: 3000 / 18000. Total scaled loss: 1.1795e-02, 
                    ODE(0) loss: 9.4127e-09, 
                    ODE(1) loss: 5.5848e-08, 
                    Non-trivial solution loss: 7.1018e-09,
                    Physics loss: 1.1788e+00,
                    Initial value of rho: -0.41242 + -0.71829i,
                    Current value of rho: -0.41242 + -0.71829i,
                    Target rho: -0.17792 + -0.74734
------------------------------
Epoch: 3500 / 18000. Total scaled loss: 1.2456e-01, 
                    ODE(0) loss: 2.8324e-04, 
                    ODE(1) loss: 8.4153e-04, 
                    Non-trivial solution loss: 5.3362e-07,
                    Physics loss: 1.2030e+00,
                    Initial value of rho: -0.41242 + -0.71829i,
                    Current value of rho: -0.41242 + -0.71829i,
                    Target rho: -0.17792 + -0.74734
------------------------------
Epoch: 4000 / 18000. Total scaled loss: 1.6451e-01, 
                    ODE(0) loss: 3.6170e-07, 
                    ODE(1) loss: 7.7655e-07, 
                    Non-trivial solution loss: 2.4597e-06,
                    Physics loss: 1.0953e+00,
                    Initial value of rho: -0.41242 + -0.71829i,
                    Current value of rho: -0.41242 + -0.71829i,
                    Target rho: -0.17792 + -0.74734
------------------------------
Epoch: 4500 / 18000. Total scaled loss: 1.9898e-01, 
                    ODE(0) loss: 1.9610e-06, 
                    ODE(1) loss: 1.5403e-06, 
                    Non-trivial solution loss: 4.4557e-06,
                    Physics loss: 9.3362e-01,
                    Initial value of rho: -0.41242 + -0.71829i,
                    Current value of rho: -0.41242 + -0.71829i,
                    Target rho: -0.17792 + -0.74734
------------------------------
Epoch: 5000 / 18000. Total scaled loss: 1.9212e-01, 
                    ODE(0) loss: 5.3692e-07, 
                    ODE(1) loss: 6.9953e-07, 
                    Non-trivial solution loss: 5.7375e-06,
                    Physics loss: 6.9684e-01,
                    Initial value of rho: -0.41242 + -0.71829i,
                    Current value of rho: -0.41242 + -0.71829i,
                    Target rho: -0.17792 + -0.74734
------------------------------
Epoch: 5500 / 18000. Total scaled loss: 1.2782e-01, 
                    ODE(0) loss: 1.0237e-06, 
                    ODE(1) loss: 1.1779e-06, 
                    Non-trivial solution loss: 3.7886e-06,
                    Physics loss: 3.7751e-01,
                    Initial value of rho: -0.41242 + -0.71829i,
                    Current value of rho: -0.41242 + -0.71829i,
                    Target rho: -0.17792 + -0.74734
------------------------------
Epoch: 6000 / 18000. Total scaled loss: 9.0298e-02, 
                    ODE(0) loss: 7.1876e-07, 
                    ODE(1) loss: 6.2464e-07, 
                    Non-trivial solution loss: 2.4427e-06,
                    Physics loss: 2.2515e-01,
                    Initial value of rho: -0.41242 + -0.71829i,
                    Current value of rho: -0.41242 + -0.71829i,
                    Target rho: -0.17792 + -0.74734
------------------------------
Epoch: 6500 / 18000. Total scaled loss: 1.1827e-01, 
                    ODE(0) loss: 1.1464e-04, 
                    ODE(1) loss: 2.1266e-04, 
                    Non-trivial solution loss: 2.4202e-06,
                    Physics loss: 2.1032e-01,
                    Initial value of rho: -0.41242 + -0.71829i,
                    Current value of rho: -0.41242 + -0.71829i,
                    Target rho: -0.17792 + -0.74734
------------------------------
Epoch: 7000 / 18000. Total scaled loss: 1.0342e-01, 
                    ODE(0) loss: 1.5006e-06, 
                    ODE(1) loss: 1.3147e-06, 
                    Non-trivial solution loss: 3.9631e-06,
                    Physics loss: 1.9629e-01,
                    Initial value of rho: -0.41242 + -0.71829i,
                    Current value of rho: -0.41242 + -0.71829i,
                    Target rho: -0.17792 + -0.74734
------------------------------
Epoch: 7500 / 18000. Total scaled loss: 1.0895e-01, 
                    ODE(0) loss: 3.3239e-07, 
                    ODE(1) loss: 3.4639e-07, 
                    Non-trivial solution loss: 5.3580e-06,
                    Physics loss: 1.8497e-01,
                    Initial value of rho: -0.41242 + -0.71829i,
                    Current value of rho: -0.41242 + -0.71829i,
                    Target rho: -0.17792 + -0.74734
------------------------------
Epoch: 8000 / 18000. Total scaled loss: 1.1338e-01, 
                    ODE(0) loss: 1.5961e-06, 
                    ODE(1) loss: 6.5399e-07, 
                    Non-trivial solution loss: 7.8142e-06,
                    Physics loss: 1.7377e-01,
                    Initial value of rho: -0.41242 + -0.71829i,
                    Current value of rho: -0.41242 + -0.71829i,
                    Target rho: -0.17792 + -0.74734
------------------------------
Epoch: 8500 / 18000. Total scaled loss: 1.9607e-01, 
                    ODE(0) loss: 6.8757e-04, 
                    ODE(1) loss: 1.2843e-03, 
                    Non-trivial solution loss: 1.0431e-05,
                    Physics loss: 1.6738e-01,
                    Initial value of rho: -0.41242 + -0.71829i,
                    Current value of rho: -0.41242 + -0.71829i,
                    Target rho: -0.17792 + -0.74734
------------------------------
Epoch: 9000 / 18000. Total scaled loss: 1.1717e-01, 
                    ODE(0) loss: 5.1736e-05, 
                    ODE(1) loss: 6.1809e-05, 
                    Non-trivial solution loss: 1.7778e-05,
                    Physics loss: 1.4570e-01,
                    Initial value of rho: -0.41242 + -0.71829i,
                    Current value of rho: -0.41242 + -0.71829i,
                    Target rho: -0.17792 + -0.74734
------------------------------
Unfreezing rho...
Epoch: 9500 / 18000. Total scaled loss: 9.3526e-02, 
                    ODE(0) loss: 1.4746e-06, 
                    ODE(1) loss: 1.1370e-06, 
                    Non-trivial solution loss: 1.6659e-05,
                    Physics loss: 1.1109e-01,
                    Initial value of rho: -0.41242 + -0.71829i,
                    Current value of rho: -0.42273 + -0.72670i,
                    Target rho: -0.17792 + -0.74734
------------------------------
Epoch: 10000 / 18000. Total scaled loss: 8.3462e-02, 
                    ODE(0) loss: 3.0203e-06, 
                    ODE(1) loss: 5.6051e-06, 
                    Non-trivial solution loss: 2.0910e-05,
                    Physics loss: 9.2092e-02,
                    Initial value of rho: -0.41242 + -0.71829i,
                    Current value of rho: -0.42770 + -0.73065i,
                    Target rho: -0.17792 + -0.74734
------------------------------
Epoch: 10500 / 18000. Total scaled loss: 7.8407e-02, 
                    ODE(0) loss: 6.0034e-06, 
                    ODE(1) loss: 6.1890e-06, 
                    Non-trivial solution loss: 3.5643e-05,
                    Physics loss: 8.0788e-02,
                    Initial value of rho: -0.41242 + -0.71829i,
                    Current value of rho: -0.43268 + -0.73202i,
                    Target rho: -0.17792 + -0.74734
------------------------------
Epoch: 11000 / 18000. Total scaled loss: 7.1359e-02, 
                    ODE(0) loss: 1.9118e-04, 
                    ODE(1) loss: 3.1079e-05, 
                    Non-trivial solution loss: 5.7993e-05,
                    Physics loss: 6.8557e-02,
                    Initial value of rho: -0.41242 + -0.71829i,
                    Current value of rho: -0.43809 + -0.73153i,
                    Target rho: -0.17792 + -0.74734
------------------------------
Epoch: 11500 / 18000. Total scaled loss: 7.1783e-02, 
                    ODE(0) loss: 1.0328e-03, 
                    ODE(1) loss: 1.7184e-04, 
                    Non-trivial solution loss: 6.3359e-05,
                    Physics loss: 5.9103e-02,
                    Initial value of rho: -0.41242 + -0.71829i,
                    Current value of rho: -0.44306 + -0.73065i,
                    Target rho: -0.17792 + -0.74734
------------------------------
Epoch: 12000 / 18000. Total scaled loss: 5.2295e-02, 
                    ODE(0) loss: 5.2788e-05, 
                    ODE(1) loss: 1.0385e-06, 
                    Non-trivial solution loss: 3.2384e-05,
                    Physics loss: 5.1433e-02,
                    Initial value of rho: -0.41242 + -0.71829i,
                    Current value of rho: -0.44752 + -0.73001i,
                    Target rho: -0.17792 + -0.74734
------------------------------
Epoch: 12500 / 18000. Total scaled loss: 4.9393e-02, 
                    ODE(0) loss: 1.6419e-04, 
                    ODE(1) loss: 4.8304e-05, 
                    Non-trivial solution loss: 3.5146e-05,
                    Physics loss: 4.6917e-02,
                    Initial value of rho: -0.41242 + -0.71829i,
                    Current value of rho: -0.45201 + -0.72974i,
                    Target rho: -0.17792 + -0.74734
------------------------------
Epoch: 13000 / 18000. Total scaled loss: 1.7999e-01, 
                    ODE(0) loss: 1.2475e-02, 
                    ODE(1) loss: 1.1501e-03, 
                    Non-trivial solution loss: 1.4427e-05,
                    Physics loss: 4.3596e-02,
                    Initial value of rho: -0.41242 + -0.71829i,
                    Current value of rho: -0.45650 + -0.72997i,
                    Target rho: -0.17792 + -0.74734
------------------------------
Epoch: 13500 / 18000. Total scaled loss: 3.5214e-02, 
                    ODE(0) loss: 1.9242e-06, 
                    ODE(1) loss: 1.9432e-06, 
                    Non-trivial solution loss: 1.5263e-05,
                    Physics loss: 3.5023e-02,
                    Initial value of rho: -0.41242 + -0.71829i,
                    Current value of rho: -0.46073 + -0.73097i,
                    Target rho: -0.17792 + -0.74734
------------------------------
Epoch: 14000 / 18000. Total scaled loss: 4.1053e-02, 
                    ODE(0) loss: 1.0322e-03, 
                    ODE(1) loss: 2.3784e-04, 
                    Non-trivial solution loss: 2.5519e-06,
                    Physics loss: 2.8327e-02,
                    Initial value of rho: -0.41242 + -0.71829i,
                    Current value of rho: -0.46460 + -0.73261i,
                    Target rho: -0.17792 + -0.74734
------------------------------
Epoch: 14500 / 18000. Total scaled loss: 2.8727e-02, 
                    ODE(0) loss: 8.2287e-05, 
                    ODE(1) loss: 2.1757e-05, 
                    Non-trivial solution loss: 7.7968e-06,
                    Physics loss: 2.4873e-02,
                    Initial value of rho: -0.41242 + -0.71829i,
                    Current value of rho: -0.46807 + -0.73441i,
                    Target rho: -0.17792 + -0.74734
------------------------------
Epoch: 15000 / 18000. Total scaled loss: 3.4747e-02, 
                    ODE(0) loss: 1.5985e-05, 
                    ODE(1) loss: 4.9962e-07, 
                    Non-trivial solution loss: 1.3438e-05,
                    Physics loss: 2.0683e-02,
                    Initial value of rho: -0.41242 + -0.71829i,
                    Current value of rho: -0.47252 + -0.73662i,
                    Target rho: -0.17792 + -0.74734
------------------------------
Epoch: 15500 / 18000. Total scaled loss: 4.9145e-02, 
                    ODE(0) loss: 8.6462e-04, 
                    ODE(1) loss: 1.2526e-05, 
                    Non-trivial solution loss: 1.8757e-05,
                    Physics loss: 1.8093e-02,
                    Initial value of rho: -0.41242 + -0.71829i,
                    Current value of rho: -0.47815 + -0.73932i,
                    Target rho: -0.17792 + -0.74734
------------------------------
Epoch: 16000 / 18000. Total scaled loss: 4.1708e-02, 
                    ODE(0) loss: 1.4796e-06, 
                    ODE(1) loss: 6.8729e-05, 
                    Non-trivial solution loss: 2.1461e-05,
                    Physics loss: 1.4691e-02,
                    Initial value of rho: -0.41242 + -0.71829i,
                    Current value of rho: -0.48458 + -0.74237i,
                    Target rho: -0.17792 + -0.74734
------------------------------
Epoch: 16500 / 18000. Total scaled loss: 5.0450e-02, 
                    ODE(0) loss: 2.8062e-04, 
                    ODE(1) loss: 5.5039e-04, 
                    Non-trivial solution loss: 3.3809e-05,
                    Physics loss: 1.2545e-02,
                    Initial value of rho: -0.41242 + -0.71829i,
                    Current value of rho: -0.49113 + -0.74578i,
                    Target rho: -0.17792 + -0.74734
------------------------------
Epoch: 17000 / 18000. Total scaled loss: 4.2874e-02, 
                    ODE(0) loss: 7.3891e-04, 
                    ODE(1) loss: 1.0435e-04, 
                    Non-trivial solution loss: 7.7288e-06,
                    Physics loss: 8.8391e-03,
                    Initial value of rho: -0.41242 + -0.71829i,
                    Current value of rho: -0.49719 + -0.74951i,
                    Target rho: -0.17792 + -0.74734
------------------------------
Epoch: 17500 / 18000. Total scaled loss: 5.8056e-02, 
                    ODE(0) loss: 7.9590e-04, 
                    ODE(1) loss: 1.1792e-03, 
                    Non-trivial solution loss: 3.4949e-05,
                    Physics loss: 8.5421e-03,
                    Initial value of rho: -0.41242 + -0.71829i,
                    Current value of rho: -0.50245 + -0.75342i,
                    Target rho: -0.17792 + -0.74734
------------------------------
Epoch: 18000 / 18000. Total scaled loss: 3.0205e-02, 
                    ODE(0) loss: 7.1912e-05, 
                    ODE(1) loss: 6.4430e-06, 
                    Non-trivial solution loss: 1.2483e-05,
                    Physics loss: 5.8606e-03,
                    Initial value of rho: -0.41242 + -0.71829i,
                    Current value of rho: -0.50663 + -0.75725i,
                    Target rho: -0.17792 + -0.74734
------------------------------
Adam training complete. Switching to L-BFGS:
L-BFGS Epoch: 100 / 1000. Total scaled loss: 9.4327e-06, 
                    ODE(0) loss: 1.6697e-10, 
                    ODE(1) loss: 1.3292e-10, 
                    Non-trivial solution loss: 4.6067e-12,
                    Physics loss: 9.4296e-06,
                    Initial value of rho: -0.41242 + -0.71829i,
                    Current value of rho: -1.37554 + -0.50466i,
                    Target rho: -0.17792 + -0.74734
------------------------------
L-BFGS Epoch: 200 / 1000. Total scaled loss: 9.2908e-06, 
                    ODE(0) loss: 1.6767e-10, 
                    ODE(1) loss: 3.5259e-10, 
                    Non-trivial solution loss: 1.2624e-11,
                    Physics loss: 9.2854e-06,
                    Initial value of rho: -0.41242 + -0.71829i,
                    Current value of rho: -1.38269 + -0.50959i,
                    Target rho: -0.17792 + -0.74734
------------------------------
L-BFGS Epoch: 300 / 1000. Total scaled loss: 9.3092e-06, 
                    ODE(0) loss: 1.6318e-10, 
                    ODE(1) loss: 3.1687e-10, 
                    Non-trivial solution loss: 1.1316e-11,
                    Physics loss: 9.3043e-06,
                    Initial value of rho: -0.41242 + -0.71829i,
                    Current value of rho: -1.38272 + -0.50955i,
                    Target rho: -0.17792 + -0.74734
------------------------------
L-BFGS Epoch: 400 / 1000. Total scaled loss: 9.3687e-06, 
                    ODE(0) loss: 1.6318e-10, 
                    ODE(1) loss: 3.1704e-10, 
                    Non-trivial solution loss: 1.1316e-11,
                    Physics loss: 9.3637e-06,
                    Initial value of rho: -0.41242 + -0.71829i,
                    Current value of rho: -1.38272 + -0.50955i,
                    Target rho: -0.17792 + -0.74734
------------------------------
L-BFGS Epoch: 500 / 1000. Total scaled loss: 9.5108e-06, 
                    ODE(0) loss: 1.2084e-10, 
                    ODE(1) loss: 3.6905e-10, 
                    Non-trivial solution loss: 1.5515e-11,
                    Physics loss: 9.5058e-06,
                    Initial value of rho: -0.41242 + -0.71829i,
                    Current value of rho: -1.38266 + -0.50955i,
                    Target rho: -0.17792 + -0.74734
------------------------------
L-BFGS Epoch: 600 / 1000. Total scaled loss: 9.5354e-06, 
                    ODE(0) loss: 1.2084e-10, 
                    ODE(1) loss: 3.6857e-10, 
                    Non-trivial solution loss: 1.5515e-11,
                    Physics loss: 9.5304e-06,
                    Initial value of rho: -0.41242 + -0.71829i,
                    Current value of rho: -1.38266 + -0.50955i,
                    Target rho: -0.17792 + -0.74734
------------------------------
L-BFGS Epoch: 700 / 1000. Total scaled loss: 9.4411e-06, 
                    ODE(0) loss: 1.2084e-10, 
                    ODE(1) loss: 3.6857e-10, 
                    Non-trivial solution loss: 1.5515e-11,
                    Physics loss: 9.4361e-06,
                    Initial value of rho: -0.41242 + -0.71829i,
                    Current value of rho: -1.38266 + -0.50955i,
                    Target rho: -0.17792 + -0.74734
------------------------------
L-BFGS Epoch: 800 / 1000. Total scaled loss: 9.3903e-06, 
                    ODE(0) loss: 1.2084e-10, 
                    ODE(1) loss: 3.6850e-10, 
                    Non-trivial solution loss: 1.5515e-11,
                    Physics loss: 9.3852e-06,
                    Initial value of rho: -0.41242 + -0.71829i,
                    Current value of rho: -1.38266 + -0.50955i,
                    Target rho: -0.17792 + -0.74734
------------------------------
L-BFGS Epoch: 900 / 1000. Total scaled loss: 9.3506e-06, 
                    ODE(0) loss: 1.2084e-10, 
                    ODE(1) loss: 3.6850e-10, 
                    Non-trivial solution loss: 1.5515e-11,
                    Physics loss: 9.3455e-06,
                    Initial value of rho: -0.41242 + -0.71829i,
                    Current value of rho: -1.38266 + -0.50955i,
                    Target rho: -0.17792 + -0.74734
------------------------------
L-BFGS Epoch: 1000 / 1000. Total scaled loss: 9.3455e-06, 
                    ODE(0) loss: 1.2084e-10, 
                    ODE(1) loss: 3.6850e-10, 
                    Non-trivial solution loss: 1.5515e-11,
                    Physics loss: 9.3404e-06,
                    Initial value of rho: -0.41242 + -0.71829i,
                    Current value of rho: -1.38266 + -0.50955i,
                    Target rho: -0.17792 + -0.74734
------------------------------
Training complete for l = 2. Total scaled loss: 9.3455e-06, 
                    ODE(0) loss: 1.2084e-10, 
                    ODE(1) loss: 3.6850e-10, 
                    Non-trivial solution loss: 1.5515e-11,
                    Physics loss: 9.3404e-06,
                    Current value of rho: -1.38266 + -0.50955i
                    Target rho: -0.17792 + -0.74734
Result saved to ./RepeatRunQNM/l2/delta0.6/26/result.txt
Training complete. Checkpoint saved to ./RepeatRunQNM/l2/delta0.6/26/pinn_checkpoint_qnm_l2_delta0.6_run26.pth
l = 2 mode with delta = 0.6 completed successfully.
