000 (308657.043.000) 2026-03-11 11:51:19 Job submitted from host: <130.209.45.81:9618?addrs=130.209.45.81-9618&alias=wiay.astro.gla.ac.uk&noUDP&sock=schedd_8023_b06c>
...
001 (308657.043.000) 2026-03-11 13:07:31 Job executing on host: <130.209.45.193:9619?addrs=130.209.45.193-9619&alias=deimos.astro.gla.ac.uk&noUDP&sock=startd_35_e64f>
	SlotName: slot1_1@deimos.astro.gla.ac.uk
	AvailableGPUs = { GPUs_GPU_9ed99095 }
	CondorScratchDir = "/var/lib/condor/execute/dir_479404"
	Cpus = 1
	Disk = 2048
	GPUs = 1
	GPUs_GPU_9ed99095 = [ Id = "GPU-9ed99095"; ClockMhz = 1695.0; Capability = 8.6; CoresPerCU = 128; DeviceName = "NVIDIA GeForce RTX 3090"; DeviceUuid = "9ed99095-ea7d-ae22-8aa3-a439270c7875"; ECCEnabled = false; ComputeUnits = 82; NvidiaDriver = "580.82.07"; DriverVersion = 13.0; DevicePciBusId = "0000:3B:00.0"; GlobalMemoryMb = 24124; MaxSupportedVersion = 13000 ]
	Memory = 2048
...
006 (308657.043.000) 2026-03-11 13:07:39 Image size of job updated: 465740
	455  -  MemoryUsage of job (MB)
	465740  -  ResidentSetSize of job (KB)
...
006 (308657.043.000) 2026-03-11 13:12:39 Image size of job updated: 878096
	858  -  MemoryUsage of job (MB)
	878096  -  ResidentSetSize of job (KB)
...
006 (308657.043.000) 2026-03-11 13:17:39 Image size of job updated: 907656
	887  -  MemoryUsage of job (MB)
	907656  -  ResidentSetSize of job (KB)
...
006 (308657.043.000) 2026-03-11 13:22:40 Image size of job updated: 1016148
	993  -  MemoryUsage of job (MB)
	1016148  -  ResidentSetSize of job (KB)
...
006 (308657.043.000) 2026-03-11 13:27:40 Image size of job updated: 1114496
	1089  -  MemoryUsage of job (MB)
	1114496  -  ResidentSetSize of job (KB)
...
006 (308657.043.000) 2026-03-11 13:32:37 Image size of job updated: 1221072
	1089  -  MemoryUsage of job (MB)
	1114496  -  ResidentSetSize of job (KB)
...
005 (308657.043.000) 2026-03-11 13:32:37 Job terminated.
	(1) Normal termination (return value 1)
		Usr 0 00:24:38, Sys 0 00:00:13  -  Run Remote Usage
		Usr 0 00:00:00, Sys 0 00:00:00  -  Run Local Usage
		Usr 0 00:24:38, Sys 0 00:00:13  -  Total Remote Usage
		Usr 0 00:00:00, Sys 0 00:00:00  -  Total Local Usage
	0  -  Run Bytes Sent By Job
	0  -  Run Bytes Received By Job
	0  -  Total Bytes Sent By Job
	0  -  Total Bytes Received By Job
	Partitionable Resources :    Usage  Request Allocated Assigned
	   Cpus                 :     1.00        1         1 
	   Disk (KB)            :     1        1024      2048 
	   GPUs                 :     0.11        1         1 "GPU-9ed99095"
	   GpusMemory (MB)      :   963                       
	   Memory (MB)          :  1089        2048      2048 
	   TimeExecute (s)      :  1506                       
	   TimeSlotBusy (s)     :  1507                       
...
