000 (308655.034.000) 2026-03-10 18:05:58 Job submitted from host: <130.209.45.81:9618?addrs=130.209.45.81-9618&alias=wiay.astro.gla.ac.uk&noUDP&sock=schedd_8023_b06c>
...
001 (308655.034.000) 2026-03-10 19:18:59 Job executing on host: <130.209.45.193:9619?addrs=130.209.45.193-9619&alias=deimos.astro.gla.ac.uk&noUDP&sock=startd_35_e64f>
	SlotName: slot1_1@deimos.astro.gla.ac.uk
	AvailableGPUs = { GPUs_GPU_9ed99095 }
	CondorScratchDir = "/var/lib/condor/execute/dir_475719"
	Cpus = 1
	Disk = 2048
	GPUs = 1
	GPUs_GPU_9ed99095 = [ Id = "GPU-9ed99095"; ClockMhz = 1695.0; Capability = 8.6; CoresPerCU = 128; DeviceName = "NVIDIA GeForce RTX 3090"; DeviceUuid = "9ed99095-ea7d-ae22-8aa3-a439270c7875"; ECCEnabled = false; ComputeUnits = 82; NvidiaDriver = "580.82.07"; DriverVersion = 13.0; DevicePciBusId = "0000:3B:00.0"; GlobalMemoryMb = 24124; MaxSupportedVersion = 13000 ]
	Memory = 2048
...
006 (308655.034.000) 2026-03-10 19:19:08 Image size of job updated: 478964
	468  -  MemoryUsage of job (MB)
	478964  -  ResidentSetSize of job (KB)
...
006 (308655.034.000) 2026-03-10 19:24:08 Image size of job updated: 878800
	859  -  MemoryUsage of job (MB)
	878800  -  ResidentSetSize of job (KB)
...
006 (308655.034.000) 2026-03-10 19:29:08 Image size of job updated: 908712
	888  -  MemoryUsage of job (MB)
	908712  -  ResidentSetSize of job (KB)
...
006 (308655.034.000) 2026-03-10 19:34:09 Image size of job updated: 1028892
	1005  -  MemoryUsage of job (MB)
	1028892  -  ResidentSetSize of job (KB)
...
006 (308655.034.000) 2026-03-10 19:39:09 Image size of job updated: 1103184
	1078  -  MemoryUsage of job (MB)
	1103184  -  ResidentSetSize of job (KB)
...
006 (308655.034.000) 2026-03-10 19:44:09 Image size of job updated: 1114252
	1089  -  MemoryUsage of job (MB)
	1114252  -  ResidentSetSize of job (KB)
...
006 (308655.034.000) 2026-03-10 19:49:10 Image size of job updated: 1212164
	1184  -  MemoryUsage of job (MB)
	1212164  -  ResidentSetSize of job (KB)
...
005 (308655.034.000) 2026-03-10 19:49:31 Job terminated.
	(1) Normal termination (return value 0)
		Usr 0 00:30:00, Sys 0 00:00:16  -  Run Remote Usage
		Usr 0 00:00:00, Sys 0 00:00:00  -  Run Local Usage
		Usr 0 00:30:00, Sys 0 00:00:16  -  Total Remote Usage
		Usr 0 00:00:00, Sys 0 00:00:00  -  Total Local Usage
	0  -  Run Bytes Sent By Job
	0  -  Run Bytes Received By Job
	0  -  Total Bytes Sent By Job
	0  -  Total Bytes Received By Job
	Partitionable Resources :    Usage  Request Allocated Assigned
	   Cpus                 :     1.00        1         1 
	   Disk (KB)            :     1        1024      2048 
	   GPUs                 :     0.10        1         1 "GPU-9ed99095"
	   GpusMemory (MB)      :   963                       
	   Memory (MB)          :  1184        2048      2048 
	   TimeExecute (s)      :  1832                       
	   TimeSlotBusy (s)     :  1832                       
...
