Using device: cuda
------------------------------
Starting training for l = 2 with delta = 0.6
Initial rho: -0.02264 + -1.26148i
Target rho: -0.17792 + -0.74734i
Initial distance from target: 0.53708
------------------------------
Epoch: 1 / 18000. Total scaled loss: 7.3439e+02, 
                    ODE(0) loss: 6.4201e+00, 
                    ODE(1) loss: 3.0852e-02, 
                    Non-trivial solution loss: 8.9275e-01,
                    Physics loss: 2.2566e+00,
                    Initial value of rho: -0.02264 + -1.26148i,
                    Current value of rho: -0.02264 + -1.26148i,
                    Target rho: -0.17792 + -0.74734
------------------------------
Epoch: 500 / 18000. Total scaled loss: 4.1113e-01, 
                    ODE(0) loss: 1.5623e-05, 
                    ODE(1) loss: 3.9771e-07, 
                    Non-trivial solution loss: 1.4554e-05,
                    Physics loss: 4.0807e+01,
                    Initial value of rho: -0.02264 + -1.26148i,
                    Current value of rho: -0.02264 + -1.26148i,
                    Target rho: -0.17792 + -0.74734
------------------------------
Epoch: 1000 / 18000. Total scaled loss: 4.0834e-01, 
                    ODE(0) loss: 2.2403e-05, 
                    ODE(1) loss: 2.0210e-07, 
                    Non-trivial solution loss: 1.7828e-05,
                    Physics loss: 4.0430e+01,
                    Initial value of rho: -0.02264 + -1.26148i,
                    Current value of rho: -0.02264 + -1.26148i,
                    Target rho: -0.17792 + -0.74734
------------------------------
Epoch: 1500 / 18000. Total scaled loss: 4.9045e-01, 
                    ODE(0) loss: 9.4320e-04, 
                    ODE(1) loss: 3.3518e-07, 
                    Non-trivial solution loss: 2.7804e-05,
                    Physics loss: 3.9332e+01,
                    Initial value of rho: -0.02264 + -1.26148i,
                    Current value of rho: -0.02264 + -1.26148i,
                    Target rho: -0.17792 + -0.74734
------------------------------
Epoch: 2000 / 18000. Total scaled loss: 3.8225e-01, 
                    ODE(0) loss: 1.3157e-07, 
                    ODE(1) loss: 1.6493e-07, 
                    Non-trivial solution loss: 1.1253e-05,
                    Physics loss: 3.8109e+01,
                    Initial value of rho: -0.02264 + -1.26148i,
                    Current value of rho: -0.02264 + -1.26148i,
                    Target rho: -0.17792 + -0.74734
------------------------------
Epoch: 2500 / 18000. Total scaled loss: 3.8097e-01, 
                    ODE(0) loss: 2.5840e-06, 
                    ODE(1) loss: 2.3227e-07, 
                    Non-trivial solution loss: 9.4301e-06,
                    Physics loss: 3.7974e+01,
                    Initial value of rho: -0.02264 + -1.26148i,
                    Current value of rho: -0.02264 + -1.26148i,
                    Target rho: -0.17792 + -0.74734
------------------------------
Epoch: 3000 / 18000. Total scaled loss: 4.4479e-01, 
                    ODE(0) loss: 6.5065e-04, 
                    ODE(1) loss: 1.2972e-06, 
                    Non-trivial solution loss: 6.4143e-05,
                    Physics loss: 3.7318e+01,
                    Initial value of rho: -0.02264 + -1.26148i,
                    Current value of rho: -0.02264 + -1.26148i,
                    Target rho: -0.17792 + -0.74734
------------------------------
Epoch: 3500 / 18000. Total scaled loss: 3.7054e-01, 
                    ODE(0) loss: 3.9999e-05, 
                    ODE(1) loss: 7.5168e-08, 
                    Non-trivial solution loss: 8.8469e-06,
                    Physics loss: 3.6565e+01,
                    Initial value of rho: -0.02264 + -1.26148i,
                    Current value of rho: -0.02264 + -1.26148i,
                    Target rho: -0.17792 + -0.74734
------------------------------
Epoch: 4000 / 18000. Total scaled loss: 4.1167e+00, 
                    ODE(0) loss: 1.3352e-05, 
                    ODE(1) loss: 4.3718e-05, 
                    Non-trivial solution loss: 1.6612e-03,
                    Physics loss: 2.6378e+01,
                    Initial value of rho: -0.02264 + -1.26148i,
                    Current value of rho: -0.02264 + -1.26148i,
                    Target rho: -0.17792 + -0.74734
------------------------------
Epoch: 4500 / 18000. Total scaled loss: 7.6483e+00, 
                    ODE(0) loss: 5.4223e-02, 
                    ODE(1) loss: 1.0874e-04, 
                    Non-trivial solution loss: 8.9453e-04,
                    Physics loss: 1.2931e+01,
                    Initial value of rho: -0.02264 + -1.26148i,
                    Current value of rho: -0.02264 + -1.26148i,
                    Target rho: -0.17792 + -0.74734
------------------------------
Epoch: 5000 / 18000. Total scaled loss: 3.2154e+00, 
                    ODE(0) loss: 5.2283e-07, 
                    ODE(1) loss: 4.1041e-06, 
                    Non-trivial solution loss: 1.5513e-03,
                    Physics loss: 1.1231e+01,
                    Initial value of rho: -0.02264 + -1.26148i,
                    Current value of rho: -0.02264 + -1.26148i,
                    Target rho: -0.17792 + -0.74734
------------------------------
Epoch: 5500 / 18000. Total scaled loss: 3.7711e+00, 
                    ODE(0) loss: 3.0422e-07, 
                    ODE(1) loss: 4.7783e-06, 
                    Non-trivial solution loss: 2.4675e-03,
                    Physics loss: 1.0619e+01,
                    Initial value of rho: -0.02264 + -1.26148i,
                    Current value of rho: -0.02264 + -1.26148i,
                    Target rho: -0.17792 + -0.74734
------------------------------
Epoch: 6000 / 18000. Total scaled loss: 4.2457e+00, 
                    ODE(0) loss: 5.8865e-07, 
                    ODE(1) loss: 4.4355e-06, 
                    Non-trivial solution loss: 3.7158e-03,
                    Physics loss: 9.9662e+00,
                    Initial value of rho: -0.02264 + -1.26148i,
                    Current value of rho: -0.02264 + -1.26148i,
                    Target rho: -0.17792 + -0.74734
------------------------------
Epoch: 6500 / 18000. Total scaled loss: 4.6633e+00, 
                    ODE(0) loss: 2.4466e-04, 
                    ODE(1) loss: 4.8539e-06, 
                    Non-trivial solution loss: 5.3633e-03,
                    Physics loss: 9.3114e+00,
                    Initial value of rho: -0.02264 + -1.26148i,
                    Current value of rho: -0.02264 + -1.26148i,
                    Target rho: -0.17792 + -0.74734
------------------------------
Epoch: 7000 / 18000. Total scaled loss: 4.8646e+00, 
                    ODE(0) loss: 1.5263e-04, 
                    ODE(1) loss: 7.3574e-06, 
                    Non-trivial solution loss: 7.3593e-03,
                    Physics loss: 8.4442e+00,
                    Initial value of rho: -0.02264 + -1.26148i,
                    Current value of rho: -0.02264 + -1.26148i,
                    Target rho: -0.17792 + -0.74734
------------------------------
Epoch: 7500 / 18000. Total scaled loss: 5.4758e+00, 
                    ODE(0) loss: 7.5867e-03, 
                    ODE(1) loss: 3.9737e-06, 
                    Non-trivial solution loss: 1.0569e-02,
                    Physics loss: 7.7376e+00,
                    Initial value of rho: -0.02264 + -1.26148i,
                    Current value of rho: -0.02264 + -1.26148i,
                    Target rho: -0.17792 + -0.74734
------------------------------
Epoch: 8000 / 18000. Total scaled loss: 5.2446e+00, 
                    ODE(0) loss: 2.8023e-05, 
                    ODE(1) loss: 1.2886e-05, 
                    Non-trivial solution loss: 1.4092e-02,
                    Physics loss: 7.0913e+00,
                    Initial value of rho: -0.02264 + -1.26148i,
                    Current value of rho: -0.02264 + -1.26148i,
                    Target rho: -0.17792 + -0.74734
------------------------------
Epoch: 8500 / 18000. Total scaled loss: 5.4488e+00, 
                    ODE(0) loss: 2.8787e-03, 
                    ODE(1) loss: 2.0789e-05, 
                    Non-trivial solution loss: 2.1205e-02,
                    Physics loss: 6.3371e+00,
                    Initial value of rho: -0.02264 + -1.26148i,
                    Current value of rho: -0.02264 + -1.26148i,
                    Target rho: -0.17792 + -0.74734
------------------------------
Epoch: 9000 / 18000. Total scaled loss: 5.3493e+00, 
                    ODE(0) loss: 1.4149e-03, 
                    ODE(1) loss: 2.9070e-05, 
                    Non-trivial solution loss: 2.7922e-02,
                    Physics loss: 5.6712e+00,
                    Initial value of rho: -0.02264 + -1.26148i,
                    Current value of rho: -0.02264 + -1.26148i,
                    Target rho: -0.17792 + -0.74734
------------------------------
Unfreezing rho...
Epoch: 9500 / 18000. Total scaled loss: 3.8501e+00, 
                    ODE(0) loss: 4.5957e-05, 
                    ODE(1) loss: 8.2655e-06, 
                    Non-trivial solution loss: 2.3117e-02,
                    Physics loss: 3.8711e+00,
                    Initial value of rho: -0.02264 + -1.26148i,
                    Current value of rho: -0.07003 + -1.22334i,
                    Target rho: -0.17792 + -0.74734
------------------------------
Epoch: 10000 / 18000. Total scaled loss: 2.6720e+00, 
                    ODE(0) loss: 2.3566e-06, 
                    ODE(1) loss: 3.6843e-05, 
                    Non-trivial solution loss: 1.9135e-02,
                    Physics loss: 2.5429e+00,
                    Initial value of rho: -0.02264 + -1.26148i,
                    Current value of rho: -0.11301 + -1.19063i,
                    Target rho: -0.17792 + -0.74734
------------------------------
Epoch: 10500 / 18000. Total scaled loss: 1.7591e+00, 
                    ODE(0) loss: 1.2623e-05, 
                    ODE(1) loss: 4.5144e-05, 
                    Non-trivial solution loss: 1.7654e-02,
                    Physics loss: 1.5745e+00,
                    Initial value of rho: -0.02264 + -1.26148i,
                    Current value of rho: -0.15171 + -1.16206i,
                    Target rho: -0.17792 + -0.74734
------------------------------
Epoch: 11000 / 18000. Total scaled loss: 9.2762e-01, 
                    ODE(0) loss: 5.7873e-06, 
                    ODE(1) loss: 1.2799e-05, 
                    Non-trivial solution loss: 1.1013e-02,
                    Physics loss: 8.1731e-01,
                    Initial value of rho: -0.02264 + -1.26148i,
                    Current value of rho: -0.18604 + -1.13741i,
                    Target rho: -0.17792 + -0.74734
------------------------------
Epoch: 11500 / 18000. Total scaled loss: 4.1552e-01, 
                    ODE(0) loss: 1.5451e-03, 
                    ODE(1) loss: 2.2464e-04, 
                    Non-trivial solution loss: 1.5887e-03,
                    Physics loss: 3.8194e-01,
                    Initial value of rho: -0.02264 + -1.26148i,
                    Current value of rho: -0.21373 + -1.11987i,
                    Target rho: -0.17792 + -0.74734
------------------------------
Epoch: 12000 / 18000. Total scaled loss: 2.1783e-01, 
                    ODE(0) loss: 7.1991e-05, 
                    ODE(1) loss: 1.6484e-06, 
                    Non-trivial solution loss: 4.9831e-04,
                    Physics loss: 2.1211e-01,
                    Initial value of rho: -0.02264 + -1.26148i,
                    Current value of rho: -0.23404 + -1.10730i,
                    Target rho: -0.17792 + -0.74734
------------------------------
Epoch: 12500 / 18000. Total scaled loss: 1.4222e-01, 
                    ODE(0) loss: 1.8357e-04, 
                    ODE(1) loss: 8.7569e-05, 
                    Non-trivial solution loss: 2.2343e-04,
                    Physics loss: 1.3727e-01,
                    Initial value of rho: -0.02264 + -1.26148i,
                    Current value of rho: -0.25008 + -1.09803i,
                    Target rho: -0.17792 + -0.74734
------------------------------
Epoch: 13000 / 18000. Total scaled loss: 9.2237e-02, 
                    ODE(0) loss: 1.7118e-05, 
                    ODE(1) loss: 1.0851e-05, 
                    Non-trivial solution loss: 8.2573e-05,
                    Physics loss: 9.1131e-02,
                    Initial value of rho: -0.02264 + -1.26148i,
                    Current value of rho: -0.26336 + -1.09116i,
                    Target rho: -0.17792 + -0.74734
------------------------------
Epoch: 13500 / 18000. Total scaled loss: 6.5302e-02, 
                    ODE(0) loss: 2.6093e-04, 
                    ODE(1) loss: 1.0183e-04, 
                    Non-trivial solution loss: 3.3023e-05,
                    Physics loss: 6.1344e-02,
                    Initial value of rho: -0.02264 + -1.26148i,
                    Current value of rho: -0.27442 + -1.08614i,
                    Target rho: -0.17792 + -0.74734
------------------------------
Epoch: 14000 / 18000. Total scaled loss: 4.4580e-02, 
                    ODE(0) loss: 4.1813e-05, 
                    ODE(1) loss: 3.1204e-04, 
                    Non-trivial solution loss: 1.9809e-05,
                    Physics loss: 4.0843e-02,
                    Initial value of rho: -0.02264 + -1.26148i,
                    Current value of rho: -0.28365 + -1.08246i,
                    Target rho: -0.17792 + -0.74734
------------------------------
Epoch: 14500 / 18000. Total scaled loss: 4.1215e-02, 
                    ODE(0) loss: 3.7428e-04, 
                    ODE(1) loss: 1.9874e-04, 
                    Non-trivial solution loss: 2.1660e-05,
                    Physics loss: 3.1774e-02,
                    Initial value of rho: -0.02264 + -1.26148i,
                    Current value of rho: -0.29136 + -1.07960i,
                    Target rho: -0.17792 + -0.74734
------------------------------
Epoch: 15000 / 18000. Total scaled loss: 3.7685e-02, 
                    ODE(0) loss: 3.0911e-05, 
                    ODE(1) loss: 3.9109e-06, 
                    Non-trivial solution loss: 1.3825e-05,
                    Physics loss: 2.2334e-02,
                    Initial value of rho: -0.02264 + -1.26148i,
                    Current value of rho: -0.29971 + -1.07659i,
                    Target rho: -0.17792 + -0.74734
------------------------------
Epoch: 15500 / 18000. Total scaled loss: 3.6554e-02, 
                    ODE(0) loss: 2.3343e-05, 
                    ODE(1) loss: 1.2091e-06, 
                    Non-trivial solution loss: 1.2562e-05,
                    Physics loss: 1.6291e-02,
                    Initial value of rho: -0.02264 + -1.26148i,
                    Current value of rho: -0.30854 + -1.07339i,
                    Target rho: -0.17792 + -0.74734
------------------------------
Epoch: 16000 / 18000. Total scaled loss: 3.4787e-02, 
                    ODE(0) loss: 2.0082e-04, 
                    ODE(1) loss: 8.7259e-07, 
                    Non-trivial solution loss: 4.8065e-06,
                    Physics loss: 1.1785e-02,
                    Initial value of rho: -0.02264 + -1.26148i,
                    Current value of rho: -0.31714 + -1.07023i,
                    Target rho: -0.17792 + -0.74734
------------------------------
Epoch: 16500 / 18000. Total scaled loss: 5.5807e-02, 
                    ODE(0) loss: 2.1523e-03, 
                    ODE(1) loss: 3.9257e-04, 
                    Non-trivial solution loss: 7.5807e-07,
                    Physics loss: 9.1082e-03,
                    Initial value of rho: -0.02264 + -1.26148i,
                    Current value of rho: -0.32521 + -1.06732i,
                    Target rho: -0.17792 + -0.74734
------------------------------
Epoch: 17000 / 18000. Total scaled loss: 2.9321e-02, 
                    ODE(0) loss: 2.8998e-04, 
                    ODE(1) loss: 7.5931e-05, 
                    Non-trivial solution loss: 5.4803e-06,
                    Physics loss: 6.5864e-03,
                    Initial value of rho: -0.02264 + -1.26148i,
                    Current value of rho: -0.33247 + -1.06460i,
                    Target rho: -0.17792 + -0.74734
------------------------------
Epoch: 17500 / 18000. Total scaled loss: 2.3862e-02, 
                    ODE(0) loss: 2.7813e-05, 
                    ODE(1) loss: 1.3171e-04, 
                    Non-trivial solution loss: 4.2212e-06,
                    Physics loss: 5.0018e-03,
                    Initial value of rho: -0.02264 + -1.26148i,
                    Current value of rho: -0.33909 + -1.06209i,
                    Target rho: -0.17792 + -0.74734
------------------------------
Epoch: 18000 / 18000. Total scaled loss: 2.1656e-02, 
                    ODE(0) loss: 2.4028e-06, 
                    ODE(1) loss: 8.7228e-05, 
                    Non-trivial solution loss: 3.3853e-06,
                    Physics loss: 4.1460e-03,
                    Initial value of rho: -0.02264 + -1.26148i,
                    Current value of rho: -0.34508 + -1.05981i,
                    Target rho: -0.17792 + -0.74734
------------------------------
Adam training complete. Switching to L-BFGS:
L-BFGS Epoch: 100 / 1000. Total scaled loss: 1.1448e-05, 
                    ODE(0) loss: 1.5642e-10, 
                    ODE(1) loss: 6.8326e-10, 
                    Non-trivial solution loss: 2.8641e-11,
                    Physics loss: 1.1439e-05,
                    Initial value of rho: -0.02264 + -1.26148i,
                    Current value of rho: -0.53085 + -0.91629i,
                    Target rho: -0.17792 + -0.74734
------------------------------
L-BFGS Epoch: 200 / 1000. Total scaled loss: 7.9982e-06, 
                    ODE(0) loss: 5.4657e-11, 
                    ODE(1) loss: 3.1696e-10, 
                    Non-trivial solution loss: 2.5232e-11,
                    Physics loss: 7.9943e-06,
                    Initial value of rho: -0.02264 + -1.26148i,
                    Current value of rho: -0.53747 + -0.90219i,
                    Target rho: -0.17792 + -0.74734
------------------------------
L-BFGS Epoch: 300 / 1000. Total scaled loss: 8.1048e-06, 
                    ODE(0) loss: 7.2838e-11, 
                    ODE(1) loss: 3.5072e-10, 
                    Non-trivial solution loss: 4.8389e-12,
                    Physics loss: 8.1005e-06,
                    Initial value of rho: -0.02264 + -1.26148i,
                    Current value of rho: -0.53745 + -0.90215i,
                    Target rho: -0.17792 + -0.74734
------------------------------
L-BFGS Epoch: 400 / 1000. Total scaled loss: 8.0697e-06, 
                    ODE(0) loss: 2.2586e-11, 
                    ODE(1) loss: 3.8227e-10, 
                    Non-trivial solution loss: 3.6181e-11,
                    Physics loss: 8.0653e-06,
                    Initial value of rho: -0.02264 + -1.26148i,
                    Current value of rho: -0.53748 + -0.90210i,
                    Target rho: -0.17792 + -0.74734
------------------------------
L-BFGS Epoch: 500 / 1000. Total scaled loss: 8.2488e-06, 
                    ODE(0) loss: 3.0416e-11, 
                    ODE(1) loss: 3.7750e-10, 
                    Non-trivial solution loss: 1.1213e-13,
                    Physics loss: 8.2447e-06,
                    Initial value of rho: -0.02264 + -1.26148i,
                    Current value of rho: -0.53745 + -0.90213i,
                    Target rho: -0.17792 + -0.74734
------------------------------
L-BFGS Epoch: 600 / 1000. Total scaled loss: 8.3090e-06, 
                    ODE(0) loss: 3.0416e-11, 
                    ODE(1) loss: 3.7750e-10, 
                    Non-trivial solution loss: 1.1213e-13,
                    Physics loss: 8.3050e-06,
                    Initial value of rho: -0.02264 + -1.26148i,
                    Current value of rho: -0.53745 + -0.90213i,
                    Target rho: -0.17792 + -0.74734
------------------------------
L-BFGS Epoch: 700 / 1000. Total scaled loss: 8.0960e-06, 
                    ODE(0) loss: 2.5743e-11, 
                    ODE(1) loss: 3.7750e-10, 
                    Non-trivial solution loss: 1.1213e-13,
                    Physics loss: 8.0920e-06,
                    Initial value of rho: -0.02264 + -1.26148i,
                    Current value of rho: -0.53745 + -0.90213i,
                    Target rho: -0.17792 + -0.74734
------------------------------
L-BFGS Epoch: 800 / 1000. Total scaled loss: 8.1141e-06, 
                    ODE(0) loss: 2.5743e-11, 
                    ODE(1) loss: 3.7750e-10, 
                    Non-trivial solution loss: 1.1213e-13,
                    Physics loss: 8.1100e-06,
                    Initial value of rho: -0.02264 + -1.26148i,
                    Current value of rho: -0.53745 + -0.90213i,
                    Target rho: -0.17792 + -0.74734
------------------------------
L-BFGS Epoch: 900 / 1000. Total scaled loss: 8.0859e-06, 
                    ODE(0) loss: 3.0416e-11, 
                    ODE(1) loss: 3.7750e-10, 
                    Non-trivial solution loss: 1.1213e-13,
                    Physics loss: 8.0818e-06,
                    Initial value of rho: -0.02264 + -1.26148i,
                    Current value of rho: -0.53745 + -0.90213i,
                    Target rho: -0.17792 + -0.74734
------------------------------
L-BFGS Epoch: 1000 / 1000. Total scaled loss: 8.0229e-06, 
                    ODE(0) loss: 2.5743e-11, 
                    ODE(1) loss: 3.7750e-10, 
                    Non-trivial solution loss: 1.1213e-13,
                    Physics loss: 8.0189e-06,
                    Initial value of rho: -0.02264 + -1.26148i,
                    Current value of rho: -0.53745 + -0.90213i,
                    Target rho: -0.17792 + -0.74734
------------------------------
Training complete for l = 2. Total scaled loss: 8.0229e-06, 
                    ODE(0) loss: 2.5743e-11, 
                    ODE(1) loss: 3.7750e-10, 
                    Non-trivial solution loss: 1.1213e-13,
                    Physics loss: 8.0189e-06,
                    Current value of rho: -0.53745 + -0.90213i
                    Target rho: -0.17792 + -0.74734
