Using device: cuda
------------------------------
Starting training for l = 2 with delta = 0.6
Initial rho: 0.05892 + -1.04029i
Target rho: -0.17792 + -0.74734i
Initial distance from target: 0.37672
------------------------------
Epoch: 1 / 18000. Total scaled loss: 3.1952e+02, 
                    ODE(0) loss: 1.8916e+00, 
                    ODE(1) loss: 8.5290e-02, 
                    Non-trivial solution loss: 1.2182e+00,
                    Physics loss: 6.6271e-01,
                    Initial value of rho: 0.05892 + -1.04029i,
                    Current value of rho: 0.05892 + -1.04029i,
                    Target rho: -0.17792 + -0.74734
------------------------------
Epoch: 500 / 18000. Total scaled loss: 1.8151e-01, 
                    ODE(0) loss: 7.7362e-09, 
                    ODE(1) loss: 7.4872e-09, 
                    Non-trivial solution loss: 2.7462e-06,
                    Physics loss: 1.8123e+01,
                    Initial value of rho: 0.05892 + -1.04029i,
                    Current value of rho: 0.05892 + -1.04029i,
                    Target rho: -0.17792 + -0.74734
------------------------------
Epoch: 1000 / 18000. Total scaled loss: 2.0116e-01, 
                    ODE(0) loss: 2.2444e-04, 
                    ODE(1) loss: 4.6405e-06, 
                    Non-trivial solution loss: 1.0848e-05,
                    Physics loss: 1.7717e+01,
                    Initial value of rho: 0.05892 + -1.04029i,
                    Current value of rho: 0.05892 + -1.04029i,
                    Target rho: -0.17792 + -0.74734
------------------------------
Epoch: 1500 / 18000. Total scaled loss: 1.7324e-01, 
                    ODE(0) loss: 1.2754e-08, 
                    ODE(1) loss: 4.7081e-09, 
                    Non-trivial solution loss: 2.7185e-06,
                    Physics loss: 1.7296e+01,
                    Initial value of rho: 0.05892 + -1.04029i,
                    Current value of rho: 0.05892 + -1.04029i,
                    Target rho: -0.17792 + -0.74734
------------------------------
Epoch: 2000 / 18000. Total scaled loss: 2.5765e-01, 
                    ODE(0) loss: 8.5068e-04, 
                    ODE(1) loss: 1.7709e-05, 
                    Non-trivial solution loss: 9.5582e-06,
                    Physics loss: 1.6986e+01,
                    Initial value of rho: 0.05892 + -1.04029i,
                    Current value of rho: 0.05892 + -1.04029i,
                    Target rho: -0.17792 + -0.74734
------------------------------
Epoch: 2500 / 18000. Total scaled loss: 1.9998e-01, 
                    ODE(0) loss: 2.9771e-04, 
                    ODE(1) loss: 2.5969e-05, 
                    Non-trivial solution loss: 6.7298e-06,
                    Physics loss: 1.6694e+01,
                    Initial value of rho: 0.05892 + -1.04029i,
                    Current value of rho: 0.05892 + -1.04029i,
                    Target rho: -0.17792 + -0.74734
------------------------------
Epoch: 3000 / 18000. Total scaled loss: 1.6630e-01, 
                    ODE(0) loss: 2.0665e-06, 
                    ODE(1) loss: 1.6549e-07, 
                    Non-trivial solution loss: 2.8420e-06,
                    Physics loss: 1.6580e+01,
                    Initial value of rho: 0.05892 + -1.04029i,
                    Current value of rho: 0.05892 + -1.04029i,
                    Target rho: -0.17792 + -0.74734
------------------------------
Epoch: 3500 / 18000. Total scaled loss: 1.6876e-01, 
                    ODE(0) loss: 6.5073e-05, 
                    ODE(1) loss: 5.0234e-06, 
                    Non-trivial solution loss: 4.1794e-06,
                    Physics loss: 1.6133e+01,
                    Initial value of rho: 0.05892 + -1.04029i,
                    Current value of rho: 0.05892 + -1.04029i,
                    Target rho: -0.17792 + -0.74734
------------------------------
Epoch: 4000 / 18000. Total scaled loss: 3.0874e+00, 
                    ODE(0) loss: 1.2366e-02, 
                    ODE(1) loss: 1.8650e-04, 
                    Non-trivial solution loss: 8.3753e-04,
                    Physics loss: 1.2111e+01,
                    Initial value of rho: 0.05892 + -1.04029i,
                    Current value of rho: 0.05892 + -1.04029i,
                    Target rho: -0.17792 + -0.74734
------------------------------
Epoch: 4500 / 18000. Total scaled loss: 2.0510e+00, 
                    ODE(0) loss: 1.2641e-04, 
                    ODE(1) loss: 9.9743e-06, 
                    Non-trivial solution loss: 5.5420e-04,
                    Physics loss: 9.3686e+00,
                    Initial value of rho: 0.05892 + -1.04029i,
                    Current value of rho: 0.05892 + -1.04029i,
                    Target rho: -0.17792 + -0.74734
------------------------------
Epoch: 5000 / 18000. Total scaled loss: 2.2696e+00, 
                    ODE(0) loss: 4.5713e-06, 
                    ODE(1) loss: 1.6119e-06, 
                    Non-trivial solution loss: 8.2138e-04,
                    Physics loss: 8.0084e+00,
                    Initial value of rho: 0.05892 + -1.04029i,
                    Current value of rho: 0.05892 + -1.04029i,
                    Target rho: -0.17792 + -0.74734
------------------------------
Epoch: 5500 / 18000. Total scaled loss: 2.6808e+00, 
                    ODE(0) loss: 1.8260e-05, 
                    ODE(1) loss: 5.2246e-06, 
                    Non-trivial solution loss: 1.2127e-03,
                    Physics loss: 7.6665e+00,
                    Initial value of rho: 0.05892 + -1.04029i,
                    Current value of rho: 0.05892 + -1.04029i,
                    Target rho: -0.17792 + -0.74734
------------------------------
Epoch: 6000 / 18000. Total scaled loss: 3.0653e+00, 
                    ODE(0) loss: 1.2886e-04, 
                    ODE(1) loss: 6.0911e-07, 
                    Non-trivial solution loss: 1.9236e-03,
                    Physics loss: 7.3062e+00,
                    Initial value of rho: 0.05892 + -1.04029i,
                    Current value of rho: 0.05892 + -1.04029i,
                    Target rho: -0.17792 + -0.74734
------------------------------
Epoch: 6500 / 18000. Total scaled loss: 3.4048e+00, 
                    ODE(0) loss: 2.8336e-04, 
                    ODE(1) loss: 2.4985e-06, 
                    Non-trivial solution loss: 2.9010e-03,
                    Physics loss: 6.9242e+00,
                    Initial value of rho: 0.05892 + -1.04029i,
                    Current value of rho: 0.05892 + -1.04029i,
                    Target rho: -0.17792 + -0.74734
------------------------------
Epoch: 7000 / 18000. Total scaled loss: 3.6798e+00, 
                    ODE(0) loss: 1.2499e-04, 
                    ODE(1) loss: 1.3548e-06, 
                    Non-trivial solution loss: 4.1351e-03,
                    Physics loss: 6.5439e+00,
                    Initial value of rho: 0.05892 + -1.04029i,
                    Current value of rho: 0.05892 + -1.04029i,
                    Target rho: -0.17792 + -0.74734
------------------------------
Epoch: 7500 / 18000. Total scaled loss: 3.9369e+00, 
                    ODE(0) loss: 2.6434e-05, 
                    ODE(1) loss: 6.6229e-06, 
                    Non-trivial solution loss: 5.8674e-03,
                    Physics loss: 6.1875e+00,
                    Initial value of rho: 0.05892 + -1.04029i,
                    Current value of rho: 0.05892 + -1.04029i,
                    Target rho: -0.17792 + -0.74734
------------------------------
Epoch: 8000 / 18000. Total scaled loss: 4.0648e+00, 
                    ODE(0) loss: 4.7867e-04, 
                    ODE(1) loss: 1.2329e-05, 
                    Non-trivial solution loss: 8.3191e-03,
                    Physics loss: 5.6445e+00,
                    Initial value of rho: 0.05892 + -1.04029i,
                    Current value of rho: 0.05892 + -1.04029i,
                    Target rho: -0.17792 + -0.74734
------------------------------
Epoch: 8500 / 18000. Total scaled loss: 4.3267e+00, 
                    ODE(0) loss: 2.4812e-05, 
                    ODE(1) loss: 5.7324e-06, 
                    Non-trivial solution loss: 1.2465e-02,
                    Physics loss: 5.3937e+00,
                    Initial value of rho: 0.05892 + -1.04029i,
                    Current value of rho: 0.05892 + -1.04029i,
                    Target rho: -0.17792 + -0.74734
------------------------------
Epoch: 9000 / 18000. Total scaled loss: 4.5326e+00, 
                    ODE(0) loss: 2.3979e-05, 
                    ODE(1) loss: 5.3114e-06, 
                    Non-trivial solution loss: 1.9142e-02,
                    Physics loss: 5.0451e+00,
                    Initial value of rho: 0.05892 + -1.04029i,
                    Current value of rho: 0.05892 + -1.04029i,
                    Target rho: -0.17792 + -0.74734
------------------------------
Unfreezing rho...
Epoch: 9500 / 18000. Total scaled loss: 3.0909e+00, 
                    ODE(0) loss: 5.0912e-06, 
                    ODE(1) loss: 2.3966e-06, 
                    Non-trivial solution loss: 1.4206e-02,
                    Physics loss: 3.2454e+00,
                    Initial value of rho: 0.05892 + -1.04029i,
                    Current value of rho: 0.01081 + -0.99235i,
                    Target rho: -0.17792 + -0.74734
------------------------------
Epoch: 10000 / 18000. Total scaled loss: 1.9533e+00, 
                    ODE(0) loss: 1.3422e-07, 
                    ODE(1) loss: 6.7249e-07, 
                    Non-trivial solution loss: 9.9771e-03,
                    Physics loss: 1.9487e+00,
                    Initial value of rho: 0.05892 + -1.04029i,
                    Current value of rho: -0.03365 + -0.94769i,
                    Target rho: -0.17792 + -0.74734
------------------------------
Epoch: 10500 / 18000. Total scaled loss: 1.1147e+00, 
                    ODE(0) loss: 6.5167e-06, 
                    ODE(1) loss: 2.5391e-06, 
                    Non-trivial solution loss: 6.7087e-03,
                    Physics loss: 1.0622e+00,
                    Initial value of rho: 0.05892 + -1.04029i,
                    Current value of rho: -0.07303 + -0.90633i,
                    Target rho: -0.17792 + -0.74734
------------------------------
Epoch: 11000 / 18000. Total scaled loss: 5.6009e-01, 
                    ODE(0) loss: 1.8720e-06, 
                    ODE(1) loss: 4.7209e-06, 
                    Non-trivial solution loss: 3.2395e-03,
                    Physics loss: 5.2763e-01,
                    Initial value of rho: 0.05892 + -1.04029i,
                    Current value of rho: -0.10533 + -0.86907i,
                    Target rho: -0.17792 + -0.74734
------------------------------
Epoch: 11500 / 18000. Total scaled loss: 2.6140e-01, 
                    ODE(0) loss: 1.8087e-06, 
                    ODE(1) loss: 7.4152e-06, 
                    Non-trivial solution loss: 6.9388e-04,
                    Physics loss: 2.5437e-01,
                    Initial value of rho: 0.05892 + -1.04029i,
                    Current value of rho: -0.12959 + -0.83757i,
                    Target rho: -0.17792 + -0.74734
------------------------------
Epoch: 12000 / 18000. Total scaled loss: 1.2362e-01, 
                    ODE(0) loss: 8.5324e-07, 
                    ODE(1) loss: 2.8157e-05, 
                    Non-trivial solution loss: 1.7307e-04,
                    Physics loss: 1.2160e-01,
                    Initial value of rho: 0.05892 + -1.04029i,
                    Current value of rho: -0.14582 + -0.81339i,
                    Target rho: -0.17792 + -0.74734
------------------------------
Epoch: 12500 / 18000. Total scaled loss: 6.4861e-02, 
                    ODE(0) loss: 7.1762e-07, 
                    ODE(1) loss: 3.8971e-07, 
                    Non-trivial solution loss: 5.6572e-05,
                    Physics loss: 6.4285e-02,
                    Initial value of rho: 0.05892 + -1.04029i,
                    Current value of rho: -0.15588 + -0.79552i,
                    Target rho: -0.17792 + -0.74734
------------------------------
Epoch: 13000 / 18000. Total scaled loss: 3.6417e-02, 
                    ODE(0) loss: 7.6455e-07, 
                    ODE(1) loss: 3.0864e-06, 
                    Non-trivial solution loss: 1.8443e-05,
                    Physics loss: 3.6194e-02,
                    Initial value of rho: 0.05892 + -1.04029i,
                    Current value of rho: -0.16182 + -0.78249i,
                    Target rho: -0.17792 + -0.74734
------------------------------
Epoch: 13500 / 18000. Total scaled loss: 2.3584e-02, 
                    ODE(0) loss: 2.1105e-05, 
                    ODE(1) loss: 1.4678e-04, 
                    Non-trivial solution loss: 9.4462e-06,
                    Physics loss: 2.1811e-02,
                    Initial value of rho: 0.05892 + -1.04029i,
                    Current value of rho: -0.16534 + -0.77315i,
                    Target rho: -0.17792 + -0.74734
------------------------------
Epoch: 14000 / 18000. Total scaled loss: 9.5738e-02, 
                    ODE(0) loss: 1.9067e-03, 
                    ODE(1) loss: 5.7685e-03, 
                    Non-trivial solution loss: 6.1801e-06,
                    Physics loss: 1.8924e-02,
                    Initial value of rho: 0.05892 + -1.04029i,
                    Current value of rho: -0.16755 + -0.76649i,
                    Target rho: -0.17792 + -0.74734
------------------------------
Epoch: 14500 / 18000. Total scaled loss: 1.2528e-02, 
                    ODE(0) loss: 3.3501e-05, 
                    ODE(1) loss: 2.3199e-04, 
                    Non-trivial solution loss: 4.9521e-06,
                    Physics loss: 8.8496e-03,
                    Initial value of rho: 0.05892 + -1.04029i,
                    Current value of rho: -0.16908 + -0.76166i,
                    Target rho: -0.17792 + -0.74734
------------------------------
Epoch: 15000 / 18000. Total scaled loss: 1.3406e-02, 
                    ODE(0) loss: 5.5200e-05, 
                    ODE(1) loss: 2.9678e-04, 
                    Non-trivial solution loss: 2.1661e-06,
                    Physics loss: 5.9225e-03,
                    Initial value of rho: 0.05892 + -1.04029i,
                    Current value of rho: -0.17062 + -0.75698i,
                    Target rho: -0.17792 + -0.74734
------------------------------
Epoch: 15500 / 18000. Total scaled loss: 1.1981e-02, 
                    ODE(0) loss: 1.3060e-04, 
                    ODE(1) loss: 3.1134e-04, 
                    Non-trivial solution loss: 1.9730e-07,
                    Physics loss: 3.4036e-03,
                    Initial value of rho: 0.05892 + -1.04029i,
                    Current value of rho: -0.17227 + -0.75279i,
                    Target rho: -0.17792 + -0.74734
------------------------------
Epoch: 16000 / 18000. Total scaled loss: 8.7384e-03, 
                    ODE(0) loss: 1.0638e-04, 
                    ODE(1) loss: 3.7606e-04, 
                    Non-trivial solution loss: 4.3708e-06,
                    Physics loss: 1.3938e-03,
                    Initial value of rho: 0.05892 + -1.04029i,
                    Current value of rho: -0.17386 + -0.74990i,
                    Target rho: -0.17792 + -0.74734
------------------------------
Epoch: 16500 / 18000. Total scaled loss: 2.3654e-03, 
                    ODE(0) loss: 6.6916e-06, 
                    ODE(1) loss: 1.1685e-05, 
                    Non-trivial solution loss: 7.7324e-07,
                    Physics loss: 6.5239e-04,
                    Initial value of rho: 0.05892 + -1.04029i,
                    Current value of rho: -0.17527 + -0.74816i,
                    Target rho: -0.17792 + -0.74734
------------------------------
Epoch: 17000 / 18000. Total scaled loss: 6.6113e-03, 
                    ODE(0) loss: 1.3564e-04, 
                    ODE(1) loss: 3.2748e-04, 
                    Non-trivial solution loss: 7.0664e-07,
                    Physics loss: 5.0752e-04,
                    Initial value of rho: 0.05892 + -1.04029i,
                    Current value of rho: -0.17635 + -0.74728i,
                    Target rho: -0.17792 + -0.74734
------------------------------
Epoch: 17500 / 18000. Total scaled loss: 1.8579e-03, 
                    ODE(0) loss: 1.1778e-05, 
                    ODE(1) loss: 4.9725e-05, 
                    Non-trivial solution loss: 1.2283e-07,
                    Physics loss: 2.7943e-04,
                    Initial value of rho: 0.05892 + -1.04029i,
                    Current value of rho: -0.17710 + -0.74691i,
                    Target rho: -0.17792 + -0.74734
------------------------------
Epoch: 18000 / 18000. Total scaled loss: 1.2995e-02, 
                    ODE(0) loss: 1.5721e-04, 
                    ODE(1) loss: 9.8518e-04, 
                    Non-trivial solution loss: 5.6461e-06,
                    Physics loss: 3.0301e-04,
                    Initial value of rho: 0.05892 + -1.04029i,
                    Current value of rho: -0.17758 + -0.74681i,
                    Target rho: -0.17792 + -0.74734
------------------------------
Adam training complete. Switching to L-BFGS:
L-BFGS Epoch: 100 / 1000. Total scaled loss: 2.9436e-06, 
                    ODE(0) loss: 6.7129e-11, 
                    ODE(1) loss: 1.3316e-11, 
                    Non-trivial solution loss: 1.5860e-13,
                    Physics loss: 2.9428e-06,
                    Initial value of rho: 0.05892 + -1.04029i,
                    Current value of rho: -0.17773 + -0.74742i,
                    Target rho: -0.17792 + -0.74734
------------------------------
L-BFGS Epoch: 200 / 1000. Total scaled loss: 2.9474e-06, 
                    ODE(0) loss: 7.0838e-11, 
                    ODE(1) loss: 6.4233e-12, 
                    Non-trivial solution loss: 1.5477e-13,
                    Physics loss: 2.9467e-06,
                    Initial value of rho: 0.05892 + -1.04029i,
                    Current value of rho: -0.17773 + -0.74742i,
                    Target rho: -0.17792 + -0.74734
------------------------------
L-BFGS Epoch: 300 / 1000. Total scaled loss: 2.9842e-06, 
                    ODE(0) loss: 6.1426e-11, 
                    ODE(1) loss: 1.0971e-11, 
                    Non-trivial solution loss: 1.1448e-13,
                    Physics loss: 2.9835e-06,
                    Initial value of rho: 0.05892 + -1.04029i,
                    Current value of rho: -0.17773 + -0.74742i,
                    Target rho: -0.17792 + -0.74734
------------------------------
L-BFGS Epoch: 400 / 1000. Total scaled loss: 2.9544e-06, 
                    ODE(0) loss: 6.1426e-11, 
                    ODE(1) loss: 1.0971e-11, 
                    Non-trivial solution loss: 1.1448e-13,
                    Physics loss: 2.9536e-06,
                    Initial value of rho: 0.05892 + -1.04029i,
                    Current value of rho: -0.17773 + -0.74742i,
                    Target rho: -0.17792 + -0.74734
------------------------------
L-BFGS Epoch: 500 / 1000. Total scaled loss: 2.9396e-06, 
                    ODE(0) loss: 5.9604e-11, 
                    ODE(1) loss: 1.0232e-11, 
                    Non-trivial solution loss: 1.0680e-13,
                    Physics loss: 2.9389e-06,
                    Initial value of rho: 0.05892 + -1.04029i,
                    Current value of rho: -0.17773 + -0.74742i,
                    Target rho: -0.17792 + -0.74734
------------------------------
L-BFGS Epoch: 600 / 1000. Total scaled loss: 2.9508e-06, 
                    ODE(0) loss: 5.9308e-11, 
                    ODE(1) loss: 9.6065e-12, 
                    Non-trivial solution loss: 1.0782e-13,
                    Physics loss: 2.9501e-06,
                    Initial value of rho: 0.05892 + -1.04029i,
                    Current value of rho: -0.17773 + -0.74742i,
                    Target rho: -0.17792 + -0.74734
------------------------------
L-BFGS Epoch: 700 / 1000. Total scaled loss: 2.9758e-06, 
                    ODE(0) loss: 5.9613e-11, 
                    ODE(1) loss: 9.6065e-12, 
                    Non-trivial solution loss: 1.0782e-13,
                    Physics loss: 2.9751e-06,
                    Initial value of rho: 0.05892 + -1.04029i,
                    Current value of rho: -0.17773 + -0.74742i,
                    Target rho: -0.17792 + -0.74734
------------------------------
L-BFGS Epoch: 800 / 1000. Total scaled loss: 2.9530e-06, 
                    ODE(0) loss: 5.9926e-11, 
                    ODE(1) loss: 9.6065e-12, 
                    Non-trivial solution loss: 1.0782e-13,
                    Physics loss: 2.9523e-06,
                    Initial value of rho: 0.05892 + -1.04029i,
                    Current value of rho: -0.17773 + -0.74742i,
                    Target rho: -0.17792 + -0.74734
------------------------------
L-BFGS Epoch: 900 / 1000. Total scaled loss: 2.9218e-06, 
                    ODE(0) loss: 5.9926e-11, 
                    ODE(1) loss: 9.6065e-12, 
                    Non-trivial solution loss: 1.0782e-13,
                    Physics loss: 2.9211e-06,
                    Initial value of rho: 0.05892 + -1.04029i,
                    Current value of rho: -0.17773 + -0.74742i,
                    Target rho: -0.17792 + -0.74734
------------------------------
L-BFGS Epoch: 1000 / 1000. Total scaled loss: 2.9593e-06, 
                    ODE(0) loss: 6.4098e-11, 
                    ODE(1) loss: 9.6065e-12, 
                    Non-trivial solution loss: 5.0973e-14,
                    Physics loss: 2.9586e-06,
                    Initial value of rho: 0.05892 + -1.04029i,
                    Current value of rho: -0.17773 + -0.74742i,
                    Target rho: -0.17792 + -0.74734
------------------------------
Training complete for l = 2. Total scaled loss: 2.9593e-06, 
                    ODE(0) loss: 6.4098e-11, 
                    ODE(1) loss: 9.6065e-12, 
                    Non-trivial solution loss: 5.0973e-14,
                    Physics loss: 2.9586e-06,
                    Current value of rho: -0.17773 + -0.74742i
                    Target rho: -0.17792 + -0.74734
