000 (308657.001.000) 2026-03-11 11:51:19 Job submitted from host: <130.209.45.81:9618?addrs=130.209.45.81-9618&alias=wiay.astro.gla.ac.uk&noUDP&sock=schedd_8023_b06c>
...
001 (308657.001.000) 2026-03-11 11:51:25 Job executing on host: <130.209.45.193:9619?addrs=130.209.45.193-9619&alias=deimos.astro.gla.ac.uk&noUDP&sock=startd_35_e64f>
	SlotName: slot1_1@deimos.astro.gla.ac.uk
	AvailableGPUs = { GPUs_GPU_9ed99095 }
	CondorScratchDir = "/var/lib/condor/execute/dir_478801"
	Cpus = 1
	Disk = 2048
	GPUs = 1
	GPUs_GPU_9ed99095 = [ Id = "GPU-9ed99095"; ClockMhz = 1695.0; Capability = 8.6; CoresPerCU = 128; DeviceName = "NVIDIA GeForce RTX 3090"; DeviceUuid = "9ed99095-ea7d-ae22-8aa3-a439270c7875"; ECCEnabled = false; ComputeUnits = 82; NvidiaDriver = "580.82.07"; DriverVersion = 13.0; DevicePciBusId = "0000:3B:00.0"; GlobalMemoryMb = 24124; MaxSupportedVersion = 13000 ]
	Memory = 2048
...
006 (308657.001.000) 2026-03-11 11:51:35 Image size of job updated: 287372
	281  -  MemoryUsage of job (MB)
	287372  -  ResidentSetSize of job (KB)
...
006 (308657.001.000) 2026-03-11 11:56:35 Image size of job updated: 871284
	851  -  MemoryUsage of job (MB)
	871284  -  ResidentSetSize of job (KB)
...
006 (308657.001.000) 2026-03-11 12:01:36 Image size of job updated: 917980
	897  -  MemoryUsage of job (MB)
	917980  -  ResidentSetSize of job (KB)
...
006 (308657.001.000) 2026-03-11 12:06:37 Image size of job updated: 1030220
	1005  -  MemoryUsage of job (MB)
	1028648  -  ResidentSetSize of job (KB)
...
006 (308657.001.000) 2026-03-11 12:10:52 Image size of job updated: 1198892
	1005  -  MemoryUsage of job (MB)
	1028648  -  ResidentSetSize of job (KB)
...
005 (308657.001.000) 2026-03-11 12:10:52 Job terminated.
	(1) Normal termination (return value 1)
		Usr 0 00:18:52, Sys 0 00:00:12  -  Run Remote Usage
		Usr 0 00:00:00, Sys 0 00:00:00  -  Run Local Usage
		Usr 0 00:18:52, Sys 0 00:00:12  -  Total Remote Usage
		Usr 0 00:00:00, Sys 0 00:00:00  -  Total Local Usage
	0  -  Run Bytes Sent By Job
	0  -  Run Bytes Received By Job
	0  -  Total Bytes Sent By Job
	0  -  Total Bytes Received By Job
	Partitionable Resources :    Usage  Request Allocated Assigned
	   Cpus                 :     1.01        1         1 
	   Disk (KB)            :     1        1024      2048 
	   GPUs                 :     0.13        1         1 "GPU-9ed99095"
	   GpusMemory (MB)      :   963                       
	   Memory (MB)          :  1005        2048      2048 
	   TimeExecute (s)      :  1167                       
	   TimeSlotBusy (s)     :  1168                       
...
