Using device: cuda
------------------------------
Starting training for l = 2 with delta = 0.6
Initial rho: 0.22163 + -0.89354i
Target rho: -0.17792 + -0.74734i
Initial distance from target: 0.42546
------------------------------
Epoch: 1 / 18000. Total scaled loss: 4.1137e+02, 
                    ODE(0) loss: 2.5243e+00, 
                    ODE(1) loss: 4.6904e-01, 
                    Non-trivial solution loss: 1.1203e+00,
                    Physics loss: 9.2478e-01,
                    Initial value of rho: 0.22163 + -0.89354i,
                    Current value of rho: 0.22163 + -0.89354i,
                    Target rho: -0.17792 + -0.74734
------------------------------
Epoch: 500 / 18000. Total scaled loss: 2.3200e-01, 
                    ODE(0) loss: 8.0740e-05, 
                    ODE(1) loss: 1.1888e-06, 
                    Non-trivial solution loss: 1.6641e-06,
                    Physics loss: 2.2364e+01,
                    Initial value of rho: 0.22163 + -0.89354i,
                    Current value of rho: 0.22163 + -0.89354i,
                    Target rho: -0.17792 + -0.74734
------------------------------
Epoch: 1000 / 18000. Total scaled loss: 5.5807e-01, 
                    ODE(0) loss: 2.5557e-03, 
                    ODE(1) loss: 8.1809e-04, 
                    Non-trivial solution loss: 3.9520e-05,
                    Physics loss: 2.1674e+01,
                    Initial value of rho: 0.22163 + -0.89354i,
                    Current value of rho: 0.22163 + -0.89354i,
                    Target rho: -0.17792 + -0.74734
------------------------------
Epoch: 1500 / 18000. Total scaled loss: 2.4921e-01, 
                    ODE(0) loss: 2.8744e-04, 
                    ODE(1) loss: 9.8591e-06, 
                    Non-trivial solution loss: 4.8003e-05,
                    Physics loss: 2.1468e+01,
                    Initial value of rho: 0.22163 + -0.89354i,
                    Current value of rho: 0.22163 + -0.89354i,
                    Target rho: -0.17792 + -0.74734
------------------------------
Epoch: 2000 / 18000. Total scaled loss: 2.2868e-01, 
                    ODE(0) loss: 1.3720e-04, 
                    ODE(1) loss: 5.0889e-06, 
                    Non-trivial solution loss: 3.9388e-05,
                    Physics loss: 2.1051e+01,
                    Initial value of rho: 0.22163 + -0.89354i,
                    Current value of rho: 0.22163 + -0.89354i,
                    Target rho: -0.17792 + -0.74734
------------------------------
Epoch: 2500 / 18000. Total scaled loss: 2.2137e-01, 
                    ODE(0) loss: 1.2345e-04, 
                    ODE(1) loss: 2.8590e-06, 
                    Non-trivial solution loss: 1.6147e-05,
                    Physics loss: 2.0712e+01,
                    Initial value of rho: 0.22163 + -0.89354i,
                    Current value of rho: 0.22163 + -0.89354i,
                    Target rho: -0.17792 + -0.74734
------------------------------
Epoch: 3000 / 18000. Total scaled loss: 2.0680e-01, 
                    ODE(0) loss: 6.5553e-08, 
                    ODE(1) loss: 1.2326e-08, 
                    Non-trivial solution loss: 4.3444e-06,
                    Physics loss: 2.0636e+01,
                    Initial value of rho: 0.22163 + -0.89354i,
                    Current value of rho: 0.22163 + -0.89354i,
                    Target rho: -0.17792 + -0.74734
------------------------------
Epoch: 3500 / 18000. Total scaled loss: 1.7932e+00, 
                    ODE(0) loss: 1.3732e-02, 
                    ODE(1) loss: 2.0064e-03, 
                    Non-trivial solution loss: 1.5544e-04,
                    Physics loss: 2.0382e+01,
                    Initial value of rho: 0.22163 + -0.89354i,
                    Current value of rho: 0.22163 + -0.89354i,
                    Target rho: -0.17792 + -0.74734
------------------------------
Epoch: 4000 / 18000. Total scaled loss: 2.6023e+00, 
                    ODE(0) loss: 1.3290e-06, 
                    ODE(1) loss: 9.8885e-07, 
                    Non-trivial solution loss: 7.7204e-04,
                    Physics loss: 1.6872e+01,
                    Initial value of rho: 0.22163 + -0.89354i,
                    Current value of rho: 0.22163 + -0.89354i,
                    Target rho: -0.17792 + -0.74734
------------------------------
Epoch: 4500 / 18000. Total scaled loss: 2.8883e+00, 
                    ODE(0) loss: 2.3983e-05, 
                    ODE(1) loss: 3.5796e-06, 
                    Non-trivial solution loss: 1.1645e-03,
                    Physics loss: 1.3102e+01,
                    Initial value of rho: 0.22163 + -0.89354i,
                    Current value of rho: 0.22163 + -0.89354i,
                    Target rho: -0.17792 + -0.74734
------------------------------
Epoch: 5000 / 18000. Total scaled loss: 4.8316e+00, 
                    ODE(0) loss: 1.9526e-02, 
                    ODE(1) loss: 3.3306e-04, 
                    Non-trivial solution loss: 2.5893e-03,
                    Physics loss: 1.0839e+01,
                    Initial value of rho: 0.22163 + -0.89354i,
                    Current value of rho: 0.22163 + -0.89354i,
                    Target rho: -0.17792 + -0.74734
------------------------------
Epoch: 5500 / 18000. Total scaled loss: 3.7658e+00, 
                    ODE(0) loss: 6.7628e-05, 
                    ODE(1) loss: 2.7266e-06, 
                    Non-trivial solution loss: 2.4207e-03,
                    Physics loss: 1.0599e+01,
                    Initial value of rho: 0.22163 + -0.89354i,
                    Current value of rho: 0.22163 + -0.89354i,
                    Target rho: -0.17792 + -0.74734
------------------------------
Epoch: 6000 / 18000. Total scaled loss: 4.3680e+00, 
                    ODE(0) loss: 1.6650e-05, 
                    ODE(1) loss: 8.7642e-07, 
                    Non-trivial solution loss: 3.8419e-03,
                    Physics loss: 1.0248e+01,
                    Initial value of rho: 0.22163 + -0.89354i,
                    Current value of rho: 0.22163 + -0.89354i,
                    Target rho: -0.17792 + -0.74734
------------------------------
Epoch: 6500 / 18000. Total scaled loss: 4.9092e+00, 
                    ODE(0) loss: 4.5056e-04, 
                    ODE(1) loss: 9.7368e-06, 
                    Non-trivial solution loss: 5.7604e-03,
                    Physics loss: 9.7594e+00,
                    Initial value of rho: 0.22163 + -0.89354i,
                    Current value of rho: 0.22163 + -0.89354i,
                    Target rho: -0.17792 + -0.74734
------------------------------
Epoch: 7000 / 18000. Total scaled loss: 5.3872e+00, 
                    ODE(0) loss: 6.8099e-07, 
                    ODE(1) loss: 1.0833e-06, 
                    Non-trivial solution loss: 8.9290e-03,
                    Physics loss: 9.2851e+00,
                    Initial value of rho: 0.22163 + -0.89354i,
                    Current value of rho: 0.22163 + -0.89354i,
                    Target rho: -0.17792 + -0.74734
------------------------------
Epoch: 7500 / 18000. Total scaled loss: 5.9173e+00, 
                    ODE(0) loss: 7.5095e-05, 
                    ODE(1) loss: 1.0761e-06, 
                    Non-trivial solution loss: 1.3336e-02,
                    Physics loss: 8.9037e+00,
                    Initial value of rho: 0.22163 + -0.89354i,
                    Current value of rho: 0.22163 + -0.89354i,
                    Target rho: -0.17792 + -0.74734
------------------------------
Epoch: 8000 / 18000. Total scaled loss: 6.3243e+00, 
                    ODE(0) loss: 1.9174e-05, 
                    ODE(1) loss: 1.0725e-06, 
                    Non-trivial solution loss: 1.9833e-02,
                    Physics loss: 8.3565e+00,
                    Initial value of rho: 0.22163 + -0.89354i,
                    Current value of rho: 0.22163 + -0.89354i,
                    Target rho: -0.17792 + -0.74734
------------------------------
Epoch: 8500 / 18000. Total scaled loss: 6.7541e+00, 
                    ODE(0) loss: 2.2267e-05, 
                    ODE(1) loss: 5.4931e-06, 
                    Non-trivial solution loss: 2.9428e-02,
                    Physics loss: 7.8784e+00,
                    Initial value of rho: 0.22163 + -0.89354i,
                    Current value of rho: 0.22163 + -0.89354i,
                    Target rho: -0.17792 + -0.74734
------------------------------
Epoch: 9000 / 18000. Total scaled loss: 6.8376e+00, 
                    ODE(0) loss: 7.1248e-06, 
                    ODE(1) loss: 4.7473e-06, 
                    Non-trivial solution loss: 4.4800e-02,
                    Physics loss: 6.9439e+00,
                    Initial value of rho: 0.22163 + -0.89354i,
                    Current value of rho: 0.22163 + -0.89354i,
                    Target rho: -0.17792 + -0.74734
------------------------------
Unfreezing rho...
Epoch: 9500 / 18000. Total scaled loss: 5.3452e+00, 
                    ODE(0) loss: 1.2215e-05, 
                    ODE(1) loss: 4.7291e-06, 
                    Non-trivial solution loss: 4.1646e-02,
                    Physics loss: 5.0766e+00,
                    Initial value of rho: 0.22163 + -0.89354i,
                    Current value of rho: 0.17297 + -0.84791i,
                    Target rho: -0.17792 + -0.74734
------------------------------
Epoch: 10000 / 18000. Total scaled loss: 4.0894e+00, 
                    ODE(0) loss: 4.8165e-06, 
                    ODE(1) loss: 5.8800e-06, 
                    Non-trivial solution loss: 4.0168e-02,
                    Physics loss: 3.6509e+00,
                    Initial value of rho: 0.22163 + -0.89354i,
                    Current value of rho: 0.12588 + -0.80731i,
                    Target rho: -0.17792 + -0.74734
------------------------------
Epoch: 10500 / 18000. Total scaled loss: 2.9610e+00, 
                    ODE(0) loss: 5.9827e-06, 
                    ODE(1) loss: 1.2938e-05, 
                    Non-trivial solution loss: 4.5058e-02,
                    Physics loss: 2.4321e+00,
                    Initial value of rho: 0.22163 + -0.89354i,
                    Current value of rho: 0.08142 + -0.77470i,
                    Target rho: -0.17792 + -0.74734
------------------------------
Epoch: 11000 / 18000. Total scaled loss: 2.0513e+00, 
                    ODE(0) loss: 4.9376e-06, 
                    ODE(1) loss: 3.0309e-05, 
                    Non-trivial solution loss: 4.3584e-02,
                    Physics loss: 1.6151e+00,
                    Initial value of rho: 0.22163 + -0.89354i,
                    Current value of rho: 0.04050 + -0.75227i,
                    Target rho: -0.17792 + -0.74734
------------------------------
Epoch: 11500 / 18000. Total scaled loss: 1.4092e+00, 
                    ODE(0) loss: 2.6086e-06, 
                    ODE(1) loss: 1.1101e-04, 
                    Non-trivial solution loss: 2.0039e-02,
                    Physics loss: 1.2076e+00,
                    Initial value of rho: 0.22163 + -0.89354i,
                    Current value of rho: -0.00121 + -0.73941i,
                    Target rho: -0.17792 + -0.74734
------------------------------
Epoch: 12000 / 18000. Total scaled loss: 8.3420e-01, 
                    ODE(0) loss: 3.1974e-06, 
                    ODE(1) loss: 2.7848e-04, 
                    Non-trivial solution loss: 7.3265e-03,
                    Physics loss: 7.5812e-01,
                    Initial value of rho: 0.22163 + -0.89354i,
                    Current value of rho: -0.04181 + -0.73694i,
                    Target rho: -0.17792 + -0.74734
------------------------------
Epoch: 12500 / 18000. Total scaled loss: 4.1265e-01, 
                    ODE(0) loss: 4.2288e-06, 
                    ODE(1) loss: 4.0092e-05, 
                    Non-trivial solution loss: 1.8273e-03,
                    Physics loss: 3.9393e-01,
                    Initial value of rho: 0.22163 + -0.89354i,
                    Current value of rho: -0.07765 + -0.74070i,
                    Target rho: -0.17792 + -0.74734
------------------------------
Epoch: 13000 / 18000. Total scaled loss: 1.7406e-01, 
                    ODE(0) loss: 1.3560e-06, 
                    ODE(1) loss: 3.0123e-05, 
                    Non-trivial solution loss: 3.5646e-04,
                    Physics loss: 1.7018e-01,
                    Initial value of rho: 0.22163 + -0.89354i,
                    Current value of rho: -0.10625 + -0.74435i,
                    Target rho: -0.17792 + -0.74734
------------------------------
Epoch: 13500 / 18000. Total scaled loss: 1.0305e-01, 
                    ODE(0) loss: 4.1944e-04, 
                    ODE(1) loss: 2.4647e-03, 
                    Non-trivial solution loss: 1.0743e-04,
                    Physics loss: 7.3137e-02,
                    Initial value of rho: 0.22163 + -0.89354i,
                    Current value of rho: -0.12698 + -0.74618i,
                    Target rho: -0.17792 + -0.74734
------------------------------
Epoch: 14000 / 18000. Total scaled loss: 3.4289e-02, 
                    ODE(0) loss: 2.5485e-07, 
                    ODE(1) loss: 2.1015e-06, 
                    Non-trivial solution loss: 1.4959e-05,
                    Physics loss: 3.4116e-02,
                    Initial value of rho: 0.22163 + -0.89354i,
                    Current value of rho: -0.14128 + -0.74679i,
                    Target rho: -0.17792 + -0.74734
------------------------------
Epoch: 14500 / 18000. Total scaled loss: 1.9706e-02, 
                    ODE(0) loss: 1.1134e-06, 
                    ODE(1) loss: 1.3456e-05, 
                    Non-trivial solution loss: 4.5742e-06,
                    Physics loss: 1.7581e-02,
                    Initial value of rho: 0.22163 + -0.89354i,
                    Current value of rho: -0.15104 + -0.74698i,
                    Target rho: -0.17792 + -0.74734
------------------------------
Epoch: 15000 / 18000. Total scaled loss: 1.3974e-02, 
                    ODE(0) loss: 5.8656e-07, 
                    ODE(1) loss: 4.3057e-06, 
                    Non-trivial solution loss: 4.9637e-06,
                    Physics loss: 8.3310e-03,
                    Initial value of rho: 0.22163 + -0.89354i,
                    Current value of rho: -0.15942 + -0.74692i,
                    Target rho: -0.17792 + -0.74734
------------------------------
Epoch: 15500 / 18000. Total scaled loss: 3.2817e-02, 
                    ODE(0) loss: 2.1516e-04, 
                    ODE(1) loss: 1.9334e-03, 
                    Non-trivial solution loss: 4.4423e-06,
                    Physics loss: 5.0820e-03,
                    Initial value of rho: 0.22163 + -0.89354i,
                    Current value of rho: -0.16604 + -0.74669i,
                    Target rho: -0.17792 + -0.74734
------------------------------
Epoch: 16000 / 18000. Total scaled loss: 5.7434e-03, 
                    ODE(0) loss: 5.4634e-06, 
                    ODE(1) loss: 5.4329e-05, 
                    Non-trivial solution loss: 3.7899e-06,
                    Physics loss: 1.8394e-03,
                    Initial value of rho: 0.22163 + -0.89354i,
                    Current value of rho: -0.17067 + -0.74646i,
                    Target rho: -0.17792 + -0.74734
------------------------------
Epoch: 16500 / 18000. Total scaled loss: 3.0086e-03, 
                    ODE(0) loss: 8.1705e-07, 
                    ODE(1) loss: 8.4919e-06, 
                    Non-trivial solution loss: 2.4261e-06,
                    Physics loss: 8.6767e-04,
                    Initial value of rho: 0.22163 + -0.89354i,
                    Current value of rho: -0.17362 + -0.74632i,
                    Target rho: -0.17792 + -0.74734
------------------------------
Epoch: 17000 / 18000. Total scaled loss: 2.2906e-03, 
                    ODE(0) loss: 1.8353e-06, 
                    ODE(1) loss: 3.7571e-05, 
                    Non-trivial solution loss: 6.6029e-07,
                    Physics loss: 4.8612e-04,
                    Initial value of rho: 0.22163 + -0.89354i,
                    Current value of rho: -0.17557 + -0.74634i,
                    Target rho: -0.17792 + -0.74734
------------------------------
Epoch: 17500 / 18000. Total scaled loss: 2.9922e-02, 
                    ODE(0) loss: 6.2016e-04, 
                    ODE(1) loss: 2.0938e-03, 
                    Non-trivial solution loss: 2.1862e-05,
                    Physics loss: 5.7696e-04,
                    Initial value of rho: 0.22163 + -0.89354i,
                    Current value of rho: -0.17670 + -0.74644i,
                    Target rho: -0.17792 + -0.74734
------------------------------
Epoch: 18000 / 18000. Total scaled loss: 6.8734e-02, 
                    ODE(0) loss: 4.5674e-04, 
                    ODE(1) loss: 5.7930e-03, 
                    Non-trivial solution loss: 2.0997e-05,
                    Physics loss: 1.2056e-03,
                    Initial value of rho: 0.22163 + -0.89354i,
                    Current value of rho: -0.17739 + -0.74663i,
                    Target rho: -0.17792 + -0.74734
------------------------------
Adam training complete. Switching to L-BFGS:
L-BFGS Epoch: 100 / 1000. Total scaled loss: 1.6970e-06, 
                    ODE(0) loss: 8.8656e-11, 
                    ODE(1) loss: 6.0396e-12, 
                    Non-trivial solution loss: 2.3770e-12,
                    Physics loss: 1.6961e-06,
                    Initial value of rho: 0.22163 + -0.89354i,
                    Current value of rho: -0.17794 + -0.74732i,
                    Target rho: -0.17792 + -0.74734
------------------------------
L-BFGS Epoch: 200 / 1000. Total scaled loss: 1.7022e-06, 
                    ODE(0) loss: 9.0512e-11, 
                    ODE(1) loss: 7.7449e-12, 
                    Non-trivial solution loss: 6.0063e-13,
                    Physics loss: 1.7012e-06,
                    Initial value of rho: 0.22163 + -0.89354i,
                    Current value of rho: -0.17794 + -0.74732i,
                    Target rho: -0.17792 + -0.74734
------------------------------
L-BFGS Epoch: 300 / 1000. Total scaled loss: 1.7028e-06, 
                    ODE(0) loss: 6.5355e-11, 
                    ODE(1) loss: 1.0971e-11, 
                    Non-trivial solution loss: 5.3735e-13,
                    Physics loss: 1.7020e-06,
                    Initial value of rho: 0.22163 + -0.89354i,
                    Current value of rho: -0.17794 + -0.74732i,
                    Target rho: -0.17792 + -0.74734
------------------------------
L-BFGS Epoch: 400 / 1000. Total scaled loss: 1.7143e-06, 
                    ODE(0) loss: 8.9408e-11, 
                    ODE(1) loss: 2.1501e-11, 
                    Non-trivial solution loss: 1.7608e-13,
                    Physics loss: 1.7131e-06,
                    Initial value of rho: 0.22163 + -0.89354i,
                    Current value of rho: -0.17794 + -0.74732i,
                    Target rho: -0.17792 + -0.74734
------------------------------
L-BFGS Epoch: 500 / 1000. Total scaled loss: 1.7101e-06, 
                    ODE(0) loss: 9.4188e-11, 
                    ODE(1) loss: 1.1156e-11, 
                    Non-trivial solution loss: 6.4171e-14,
                    Physics loss: 1.7091e-06,
                    Initial value of rho: 0.22163 + -0.89354i,
                    Current value of rho: -0.17794 + -0.74732i,
                    Target rho: -0.17792 + -0.74734
------------------------------
L-BFGS Epoch: 600 / 1000. Total scaled loss: 1.6996e-06, 
                    ODE(0) loss: 9.2455e-11, 
                    ODE(1) loss: 1.1951e-11, 
                    Non-trivial solution loss: 6.4171e-14,
                    Physics loss: 1.6986e-06,
                    Initial value of rho: 0.22163 + -0.89354i,
                    Current value of rho: -0.17794 + -0.74732i,
                    Target rho: -0.17792 + -0.74734
------------------------------
L-BFGS Epoch: 700 / 1000. Total scaled loss: 1.7039e-06, 
                    ODE(0) loss: 9.2455e-11, 
                    ODE(1) loss: 1.1951e-11, 
                    Non-trivial solution loss: 6.4171e-14,
                    Physics loss: 1.7028e-06,
                    Initial value of rho: 0.22163 + -0.89354i,
                    Current value of rho: -0.17794 + -0.74732i,
                    Target rho: -0.17792 + -0.74734
------------------------------
L-BFGS Epoch: 800 / 1000. Total scaled loss: 1.7102e-06, 
                    ODE(0) loss: 9.2455e-11, 
                    ODE(1) loss: 1.1951e-11, 
                    Non-trivial solution loss: 6.4171e-14,
                    Physics loss: 1.7091e-06,
                    Initial value of rho: 0.22163 + -0.89354i,
                    Current value of rho: -0.17794 + -0.74732i,
                    Target rho: -0.17792 + -0.74734
------------------------------
L-BFGS Epoch: 900 / 1000. Total scaled loss: 1.7127e-06, 
                    ODE(0) loss: 9.2455e-11, 
                    ODE(1) loss: 1.1951e-11, 
                    Non-trivial solution loss: 6.4171e-14,
                    Physics loss: 1.7117e-06,
                    Initial value of rho: 0.22163 + -0.89354i,
                    Current value of rho: -0.17794 + -0.74732i,
                    Target rho: -0.17792 + -0.74734
------------------------------
L-BFGS Epoch: 1000 / 1000. Total scaled loss: 1.7152e-06, 
                    ODE(0) loss: 7.9701e-11, 
                    ODE(1) loss: 2.3434e-11, 
                    Non-trivial solution loss: 4.6385e-13,
                    Physics loss: 1.7141e-06,
                    Initial value of rho: 0.22163 + -0.89354i,
                    Current value of rho: -0.17794 + -0.74732i,
                    Target rho: -0.17792 + -0.74734
------------------------------
Training complete for l = 2. Total scaled loss: 1.7152e-06, 
                    ODE(0) loss: 7.9701e-11, 
                    ODE(1) loss: 2.3434e-11, 
                    Non-trivial solution loss: 4.6385e-13,
                    Physics loss: 1.7141e-06,
                    Current value of rho: -0.17794 + -0.74732i
                    Target rho: -0.17792 + -0.74734
Result saved to ./RepeatRunQNM/l2/delta0.6/6/result.txt
Training complete. Checkpoint saved to ./RepeatRunQNM/l2/delta0.6/6/pinn_checkpoint_qnm_l2_delta0.6_run6.pth
l = 2 mode with delta = 0.6 completed successfully.
