Using device: cuda
------------------------------
Starting training for l = 2 with delta = 0.7
Initial rho: -0.10527 + -0.48275i
Target rho: -0.17792 + -0.74734i
Initial distance from target: 0.27439
------------------------------
Epoch: 1 / 18000. Total scaled loss: 3.7629e+02, 
                    ODE(0) loss: 1.2945e-01, 
                    ODE(1) loss: 2.5187e+00, 
                    Non-trivial solution loss: 1.1147e+00,
                    Physics loss: 1.0232e+00,
                    Initial value of rho: -0.10527 + -0.48275i,
                    Current value of rho: -0.10527 + -0.48275i,
                    Target rho: -0.17792 + -0.74734
------------------------------
Epoch: 500 / 18000. Total scaled loss: 5.3846e-02, 
                    ODE(0) loss: 1.6284e-08, 
                    ODE(1) loss: 6.3595e-09, 
                    Non-trivial solution loss: 2.5188e-07,
                    Physics loss: 5.3818e+00,
                    Initial value of rho: -0.10527 + -0.48275i,
                    Current value of rho: -0.10527 + -0.48275i,
                    Target rho: -0.17792 + -0.74734
------------------------------
Epoch: 1000 / 18000. Total scaled loss: 5.1517e-02, 
                    ODE(0) loss: 1.4965e-08, 
                    ODE(1) loss: 1.8986e-08, 
                    Non-trivial solution loss: 2.5169e-07,
                    Physics loss: 5.1488e+00,
                    Initial value of rho: -0.10527 + -0.48275i,
                    Current value of rho: -0.10527 + -0.48275i,
                    Target rho: -0.17792 + -0.74734
------------------------------
Epoch: 1500 / 18000. Total scaled loss: 9.0222e-01, 
                    ODE(0) loss: 1.1408e-05, 
                    ODE(1) loss: 8.4758e-03, 
                    Non-trivial solution loss: 9.7871e-06,
                    Physics loss: 5.2523e+00,
                    Initial value of rho: -0.10527 + -0.48275i,
                    Current value of rho: -0.10527 + -0.48275i,
                    Target rho: -0.17792 + -0.74734
------------------------------
Epoch: 2000 / 18000. Total scaled loss: 1.2808e-01, 
                    ODE(0) loss: 3.7337e-06, 
                    ODE(1) loss: 7.7715e-04, 
                    Non-trivial solution loss: 1.4966e-05,
                    Physics loss: 4.8493e+00,
                    Initial value of rho: -0.10527 + -0.48275i,
                    Current value of rho: -0.10527 + -0.48275i,
                    Target rho: -0.17792 + -0.74734
------------------------------
Epoch: 2500 / 18000. Total scaled loss: 2.2276e-01, 
                    ODE(0) loss: 6.2006e-06, 
                    ODE(1) loss: 1.7238e-03, 
                    Non-trivial solution loss: 2.4205e-05,
                    Physics loss: 4.7340e+00,
                    Initial value of rho: -0.10527 + -0.48275i,
                    Current value of rho: -0.10527 + -0.48275i,
                    Target rho: -0.17792 + -0.74734
------------------------------
Epoch: 3000 / 18000. Total scaled loss: 6.5842e-02, 
                    ODE(0) loss: 4.7532e-07, 
                    ODE(1) loss: 1.9528e-04, 
                    Non-trivial solution loss: 7.8343e-08,
                    Physics loss: 4.6259e+00,
                    Initial value of rho: -0.10527 + -0.48275i,
                    Current value of rho: -0.10527 + -0.48275i,
                    Target rho: -0.17792 + -0.74734
------------------------------
Epoch: 3500 / 18000. Total scaled loss: 4.4474e-01, 
                    ODE(0) loss: 2.5855e-05, 
                    ODE(1) loss: 3.9748e-03, 
                    Non-trivial solution loss: 1.6409e-05,
                    Physics loss: 4.3031e+00,
                    Initial value of rho: -0.10527 + -0.48275i,
                    Current value of rho: -0.10527 + -0.48275i,
                    Target rho: -0.17792 + -0.74734
------------------------------
Epoch: 4000 / 18000. Total scaled loss: 4.8976e-01, 
                    ODE(0) loss: 1.3795e-04, 
                    ODE(1) loss: 2.1339e-04, 
                    Non-trivial solution loss: 1.5537e-05,
                    Physics loss: 3.0352e+00,
                    Initial value of rho: -0.10527 + -0.48275i,
                    Current value of rho: -0.10527 + -0.48275i,
                    Target rho: -0.17792 + -0.74734
------------------------------
Epoch: 4500 / 18000. Total scaled loss: 5.3252e-01, 
                    ODE(0) loss: 7.0373e-07, 
                    ODE(1) loss: 1.4500e-07, 
                    Non-trivial solution loss: 4.4733e-05,
                    Physics loss: 2.4884e+00,
                    Initial value of rho: -0.10527 + -0.48275i,
                    Current value of rho: -0.10527 + -0.48275i,
                    Target rho: -0.17792 + -0.74734
------------------------------
Epoch: 5000 / 18000. Total scaled loss: 6.1714e-01, 
                    ODE(0) loss: 1.8033e-06, 
                    ODE(1) loss: 3.1051e-07, 
                    Non-trivial solution loss: 7.0386e-05,
                    Physics loss: 2.2234e+00,
                    Initial value of rho: -0.10527 + -0.48275i,
                    Current value of rho: -0.10527 + -0.48275i,
                    Target rho: -0.17792 + -0.74734
------------------------------
Epoch: 5500 / 18000. Total scaled loss: 7.4935e-01, 
                    ODE(0) loss: 2.6664e-05, 
                    ODE(1) loss: 2.5233e-05, 
                    Non-trivial solution loss: 1.0594e-04,
                    Physics loss: 2.1854e+00,
                    Initial value of rho: -0.10527 + -0.48275i,
                    Current value of rho: -0.10527 + -0.48275i,
                    Target rho: -0.17792 + -0.74734
------------------------------
Epoch: 6000 / 18000. Total scaled loss: 8.9679e-01, 
                    ODE(0) loss: 2.0264e-05, 
                    ODE(1) loss: 4.9452e-04, 
                    Non-trivial solution loss: 7.6517e-05,
                    Physics loss: 2.1391e+00,
                    Initial value of rho: -0.10527 + -0.48275i,
                    Current value of rho: -0.10527 + -0.48275i,
                    Target rho: -0.17792 + -0.74734
------------------------------
Epoch: 6500 / 18000. Total scaled loss: 9.3428e-01, 
                    ODE(0) loss: 8.0508e-07, 
                    ODE(1) loss: 1.3586e-06, 
                    Non-trivial solution loss: 2.3968e-04,
                    Physics loss: 1.9873e+00,
                    Initial value of rho: -0.10527 + -0.48275i,
                    Current value of rho: -0.10527 + -0.48275i,
                    Target rho: -0.17792 + -0.74734
------------------------------
Epoch: 7000 / 18000. Total scaled loss: 9.4646e-01, 
                    ODE(0) loss: 3.4694e-06, 
                    ODE(1) loss: 3.4232e-06, 
                    Non-trivial solution loss: 3.2455e-04,
                    Physics loss: 1.7669e+00,
                    Initial value of rho: -0.10527 + -0.48275i,
                    Current value of rho: -0.10527 + -0.48275i,
                    Target rho: -0.17792 + -0.74734
------------------------------
Epoch: 7500 / 18000. Total scaled loss: 1.0161e+00, 
                    ODE(0) loss: 1.7586e-06, 
                    ODE(1) loss: 1.3719e-06, 
                    Non-trivial solution loss: 4.1307e-04,
                    Physics loss: 1.6936e+00,
                    Initial value of rho: -0.10527 + -0.48275i,
                    Current value of rho: -0.10527 + -0.48275i,
                    Target rho: -0.17792 + -0.74734
------------------------------
Epoch: 8000 / 18000. Total scaled loss: 1.0737e+00, 
                    ODE(0) loss: 7.3199e-06, 
                    ODE(1) loss: 2.9523e-06, 
                    Non-trivial solution loss: 6.2090e-04,
                    Physics loss: 1.6085e+00,
                    Initial value of rho: -0.10527 + -0.48275i,
                    Current value of rho: -0.10527 + -0.48275i,
                    Target rho: -0.17792 + -0.74734
------------------------------
Epoch: 8500 / 18000. Total scaled loss: 1.1407e+00, 
                    ODE(0) loss: 2.0519e-07, 
                    ODE(1) loss: 2.5629e-06, 
                    Non-trivial solution loss: 9.1203e-04,
                    Physics loss: 1.5515e+00,
                    Initial value of rho: -0.10527 + -0.48275i,
                    Current value of rho: -0.10527 + -0.48275i,
                    Target rho: -0.17792 + -0.74734
------------------------------
Epoch: 9000 / 18000. Total scaled loss: 1.1748e+00, 
                    ODE(0) loss: 1.8086e-06, 
                    ODE(1) loss: 1.4529e-05, 
                    Non-trivial solution loss: 1.4385e-03,
                    Physics loss: 1.4551e+00,
                    Initial value of rho: -0.10527 + -0.48275i,
                    Current value of rho: -0.10527 + -0.48275i,
                    Target rho: -0.17792 + -0.74734
------------------------------
Unfreezing rho...
Epoch: 9500 / 18000. Total scaled loss: 9.0955e-01, 
                    ODE(0) loss: 4.2988e-06, 
                    ODE(1) loss: 2.2336e-06, 
                    Non-trivial solution loss: 1.2255e-03,
                    Physics loss: 1.0476e+00,
                    Initial value of rho: -0.10527 + -0.48275i,
                    Current value of rho: -0.12944 + -0.52523i,
                    Target rho: -0.17792 + -0.74734
------------------------------
Epoch: 10000 / 18000. Total scaled loss: 7.1646e-01, 
                    ODE(0) loss: 1.5822e-05, 
                    ODE(1) loss: 1.6626e-05, 
                    Non-trivial solution loss: 1.2748e-03,
                    Physics loss: 7.6710e-01,
                    Initial value of rho: -0.10527 + -0.48275i,
                    Current value of rho: -0.15017 + -0.56272i,
                    Target rho: -0.17792 + -0.74734
------------------------------
Epoch: 10500 / 18000. Total scaled loss: 5.3010e-01, 
                    ODE(0) loss: 2.1016e-05, 
                    ODE(1) loss: 3.3139e-05, 
                    Non-trivial solution loss: 1.6916e-03,
                    Physics loss: 5.2586e-01,
                    Initial value of rho: -0.10527 + -0.48275i,
                    Current value of rho: -0.16947 + -0.59845i,
                    Target rho: -0.17792 + -0.74734
------------------------------
Epoch: 11000 / 18000. Total scaled loss: 3.9646e-01, 
                    ODE(0) loss: 2.4044e-05, 
                    ODE(1) loss: 2.0899e-04, 
                    Non-trivial solution loss: 1.9597e-03,
                    Physics loss: 3.7453e-01,
                    Initial value of rho: -0.10527 + -0.48275i,
                    Current value of rho: -0.18392 + -0.63332i,
                    Target rho: -0.17792 + -0.74734
------------------------------
Epoch: 11500 / 18000. Total scaled loss: 2.8555e-01, 
                    ODE(0) loss: 1.3903e-03, 
                    ODE(1) loss: 3.0525e-03, 
                    Non-trivial solution loss: 1.2793e-03,
                    Physics loss: 2.2832e-01,
                    Initial value of rho: -0.10527 + -0.48275i,
                    Current value of rho: -0.18918 + -0.66511i,
                    Target rho: -0.17792 + -0.74734
------------------------------
Epoch: 12000 / 18000. Total scaled loss: 1.2395e-01, 
                    ODE(0) loss: 1.5486e-06, 
                    ODE(1) loss: 8.2456e-06, 
                    Non-trivial solution loss: 2.4736e-04,
                    Physics loss: 1.2137e-01,
                    Initial value of rho: -0.10527 + -0.48275i,
                    Current value of rho: -0.18835 + -0.68638i,
                    Target rho: -0.17792 + -0.74734
------------------------------
Epoch: 12500 / 18000. Total scaled loss: 7.4953e-02, 
                    ODE(0) loss: 2.0081e-05, 
                    ODE(1) loss: 4.1529e-04, 
                    Non-trivial solution loss: 8.7672e-05,
                    Physics loss: 6.9722e-02,
                    Initial value of rho: -0.10527 + -0.48275i,
                    Current value of rho: -0.18757 + -0.70036i,
                    Target rho: -0.17792 + -0.74734
------------------------------
Epoch: 13000 / 18000. Total scaled loss: 4.6238e-02, 
                    ODE(0) loss: 7.3298e-06, 
                    ODE(1) loss: 9.8922e-05, 
                    Non-trivial solution loss: 4.0791e-05,
                    Physics loss: 4.4768e-02,
                    Initial value of rho: -0.10527 + -0.48275i,
                    Current value of rho: -0.18689 + -0.71098i,
                    Target rho: -0.17792 + -0.74734
------------------------------
Epoch: 13500 / 18000. Total scaled loss: 4.0626e-02, 
                    ODE(0) loss: 5.7080e-04, 
                    ODE(1) loss: 5.6355e-04, 
                    Non-trivial solution loss: 4.7067e-05,
                    Physics loss: 2.8812e-02,
                    Initial value of rho: -0.10527 + -0.48275i,
                    Current value of rho: -0.18583 + -0.71928i,
                    Target rho: -0.17792 + -0.74734
------------------------------
Epoch: 14000 / 18000. Total scaled loss: 4.3177e-02, 
                    ODE(0) loss: 4.8313e-04, 
                    ODE(1) loss: 1.8234e-03, 
                    Non-trivial solution loss: 6.8754e-07,
                    Physics loss: 2.0105e-02,
                    Initial value of rho: -0.10527 + -0.48275i,
                    Current value of rho: -0.18452 + -0.72581i,
                    Target rho: -0.17792 + -0.74734
------------------------------
Epoch: 14500 / 18000. Total scaled loss: 1.4132e-02, 
                    ODE(0) loss: 2.4882e-05, 
                    ODE(1) loss: 1.0848e-04, 
                    Non-trivial solution loss: 5.8049e-06,
                    Physics loss: 1.1477e-02,
                    Initial value of rho: -0.10527 + -0.48275i,
                    Current value of rho: -0.18325 + -0.73107i,
                    Target rho: -0.17792 + -0.74734
------------------------------
Epoch: 15000 / 18000. Total scaled loss: 1.1157e-02, 
                    ODE(0) loss: 4.0091e-05, 
                    ODE(1) loss: 4.6812e-05, 
                    Non-trivial solution loss: 2.0695e-06,
                    Physics loss: 6.1646e-03,
                    Initial value of rho: -0.10527 + -0.48275i,
                    Current value of rho: -0.18178 + -0.73641i,
                    Target rho: -0.17792 + -0.74734
------------------------------
Epoch: 15500 / 18000. Total scaled loss: 6.0117e-03, 
                    ODE(0) loss: 1.8301e-07, 
                    ODE(1) loss: 2.1075e-06, 
                    Non-trivial solution loss: 1.9019e-06,
                    Physics loss: 2.6878e-03,
                    Initial value of rho: -0.10527 + -0.48275i,
                    Current value of rho: -0.18031 + -0.74127i,
                    Target rho: -0.17792 + -0.74734
------------------------------
Epoch: 16000 / 18000. Total scaled loss: 7.4859e-03, 
                    ODE(0) loss: 4.6300e-05, 
                    ODE(1) loss: 4.1964e-04, 
                    Non-trivial solution loss: 3.9447e-06,
                    Physics loss: 1.0038e-03,
                    Initial value of rho: -0.10527 + -0.48275i,
                    Current value of rho: -0.17924 + -0.74468i,
                    Target rho: -0.17792 + -0.74734
------------------------------
Epoch: 16500 / 18000. Total scaled loss: 1.9844e-03, 
                    ODE(0) loss: 1.1372e-07, 
                    ODE(1) loss: 4.3188e-07, 
                    Non-trivial solution loss: 4.0323e-07,
                    Physics loss: 5.9268e-04,
                    Initial value of rho: -0.10527 + -0.48275i,
                    Current value of rho: -0.17857 + -0.74673i,
                    Target rho: -0.17792 + -0.74734
------------------------------
Epoch: 17000 / 18000. Total scaled loss: 1.6494e-03, 
                    ODE(0) loss: 4.2769e-07, 
                    ODE(1) loss: 2.5589e-07, 
                    Non-trivial solution loss: 3.3695e-07,
                    Physics loss: 4.2162e-04,
                    Initial value of rho: -0.10527 + -0.48275i,
                    Current value of rho: -0.17825 + -0.74774i,
                    Target rho: -0.17792 + -0.74734
------------------------------
Epoch: 17500 / 18000. Total scaled loss: 7.1984e-03, 
                    ODE(0) loss: 6.8960e-05, 
                    ODE(1) loss: 5.0930e-04, 
                    Non-trivial solution loss: 3.3096e-06,
                    Physics loss: 3.1117e-04,
                    Initial value of rho: -0.10527 + -0.48275i,
                    Current value of rho: -0.17815 + -0.74812i,
                    Target rho: -0.17792 + -0.74734
------------------------------
Epoch: 18000 / 18000. Total scaled loss: 1.5251e-03, 
                    ODE(0) loss: 1.4020e-06, 
                    ODE(1) loss: 3.7087e-06, 
                    Non-trivial solution loss: 7.3438e-08,
                    Physics loss: 2.9472e-04,
                    Initial value of rho: -0.10527 + -0.48275i,
                    Current value of rho: -0.17805 + -0.74827i,
                    Target rho: -0.17792 + -0.74734
------------------------------
Adam training complete. Switching to L-BFGS:
L-BFGS Epoch: 100 / 1000. Total scaled loss: 2.1439e-06, 
                    ODE(0) loss: 6.2749e-11, 
                    ODE(1) loss: 1.7394e-10, 
                    Non-trivial solution loss: 1.6485e-12,
                    Physics loss: 2.1415e-06,
                    Initial value of rho: -0.10527 + -0.48275i,
                    Current value of rho: -0.17797 + -0.74730i,
                    Target rho: -0.17792 + -0.74734
------------------------------
L-BFGS Epoch: 200 / 1000. Total scaled loss: 2.1280e-06, 
                    ODE(0) loss: 9.6600e-11, 
                    ODE(1) loss: 1.7295e-11, 
                    Non-trivial solution loss: 7.6179e-12,
                    Physics loss: 2.1268e-06,
                    Initial value of rho: -0.10527 + -0.48275i,
                    Current value of rho: -0.17797 + -0.74730i,
                    Target rho: -0.17792 + -0.74734
------------------------------
L-BFGS Epoch: 300 / 1000. Total scaled loss: 2.1303e-06, 
                    ODE(0) loss: 6.1394e-11, 
                    ODE(1) loss: 4.2348e-11, 
                    Non-trivial solution loss: 4.3594e-12,
                    Physics loss: 2.1293e-06,
                    Initial value of rho: -0.10527 + -0.48275i,
                    Current value of rho: -0.17797 + -0.74730i,
                    Target rho: -0.17792 + -0.74734
------------------------------
L-BFGS Epoch: 400 / 1000. Total scaled loss: 2.1131e-06, 
                    ODE(0) loss: 1.4349e-10, 
                    ODE(1) loss: 2.9914e-11, 
                    Non-trivial solution loss: 6.4431e-12,
                    Physics loss: 2.1113e-06,
                    Initial value of rho: -0.10527 + -0.48275i,
                    Current value of rho: -0.17797 + -0.74730i,
                    Target rho: -0.17792 + -0.74734
------------------------------
L-BFGS Epoch: 500 / 1000. Total scaled loss: 2.0951e-06, 
                    ODE(0) loss: 6.0008e-11, 
                    ODE(1) loss: 2.8422e-11, 
                    Non-trivial solution loss: 2.5424e-13,
                    Physics loss: 2.0942e-06,
                    Initial value of rho: -0.10527 + -0.48275i,
                    Current value of rho: -0.17797 + -0.74730i,
                    Target rho: -0.17792 + -0.74734
------------------------------
L-BFGS Epoch: 600 / 1000. Total scaled loss: 2.0933e-06, 
                    ODE(0) loss: 6.0008e-11, 
                    ODE(1) loss: 2.8422e-11, 
                    Non-trivial solution loss: 2.5424e-13,
                    Physics loss: 2.0924e-06,
                    Initial value of rho: -0.10527 + -0.48275i,
                    Current value of rho: -0.17797 + -0.74730i,
                    Target rho: -0.17792 + -0.74734
------------------------------
L-BFGS Epoch: 700 / 1000. Total scaled loss: 2.1426e-06, 
                    ODE(0) loss: 6.0008e-11, 
                    ODE(1) loss: 2.8422e-11, 
                    Non-trivial solution loss: 2.5424e-13,
                    Physics loss: 2.1417e-06,
                    Initial value of rho: -0.10527 + -0.48275i,
                    Current value of rho: -0.17797 + -0.74730i,
                    Target rho: -0.17792 + -0.74734
------------------------------
L-BFGS Epoch: 800 / 1000. Total scaled loss: 2.1472e-06, 
                    ODE(0) loss: 6.2053e-11, 
                    ODE(1) loss: 4.1965e-11, 
                    Non-trivial solution loss: 1.3700e-13,
                    Physics loss: 2.1462e-06,
                    Initial value of rho: -0.10527 + -0.48275i,
                    Current value of rho: -0.17797 + -0.74730i,
                    Target rho: -0.17792 + -0.74734
------------------------------
L-BFGS Epoch: 900 / 1000. Total scaled loss: 2.1348e-06, 
                    ODE(0) loss: 6.2053e-11, 
                    ODE(1) loss: 4.1965e-11, 
                    Non-trivial solution loss: 1.3700e-13,
                    Physics loss: 2.1338e-06,
                    Initial value of rho: -0.10527 + -0.48275i,
                    Current value of rho: -0.17797 + -0.74730i,
                    Target rho: -0.17792 + -0.74734
------------------------------
L-BFGS Epoch: 1000 / 1000. Total scaled loss: 2.1195e-06, 
                    ODE(0) loss: 6.2053e-11, 
                    ODE(1) loss: 4.1965e-11, 
                    Non-trivial solution loss: 1.3700e-13,
                    Physics loss: 2.1185e-06,
                    Initial value of rho: -0.10527 + -0.48275i,
                    Current value of rho: -0.17797 + -0.74730i,
                    Target rho: -0.17792 + -0.74734
------------------------------
Training complete for l = 2. Total scaled loss: 2.1195e-06, 
                    ODE(0) loss: 6.2053e-11, 
                    ODE(1) loss: 4.1965e-11, 
                    Non-trivial solution loss: 1.3700e-13,
                    Physics loss: 2.1185e-06,
                    Current value of rho: -0.17797 + -0.74730i
                    Target rho: -0.17792 + -0.74734
Training complete. Checkpoint saved to ./RepeatRunQNM/l2/delta0.7/11/pinn_checkpoint_qnm_l2_delta0.7_run11.pth
l = 2 mode with delta = 0.7 completed successfully.
