Using device: cuda
------------------------------
Starting training for l = 2 with delta = 0.6
Initial rho: 0.27715 + -1.34432i
Target rho: -0.17792 + -0.74734i
Initial distance from target: 0.75065
------------------------------
Epoch: 1 / 18000. Total scaled loss: 1.8534e+02, 
                    ODE(0) loss: 3.9038e-01, 
                    ODE(1) loss: 3.7487e-01, 
                    Non-trivial solution loss: 1.0882e+00,
                    Physics loss: 3.5336e-01,
                    Initial value of rho: 0.27715 + -1.34432i,
                    Current value of rho: 0.27715 + -1.34432i,
                    Target rho: -0.17792 + -0.74734
------------------------------
Epoch: 500 / 18000. Total scaled loss: 1.6409e+00, 
                    ODE(0) loss: 3.3824e-03, 
                    ODE(1) loss: 2.3633e-05, 
                    Non-trivial solution loss: 5.5663e-04,
                    Physics loss: 1.2447e+02,
                    Initial value of rho: 0.27715 + -1.34432i,
                    Current value of rho: 0.27715 + -1.34432i,
                    Target rho: -0.17792 + -0.74734
------------------------------
Epoch: 1000 / 18000. Total scaled loss: 1.2447e+00, 
                    ODE(0) loss: 2.6695e-07, 
                    ODE(1) loss: 2.0789e-07, 
                    Non-trivial solution loss: 1.3797e-04,
                    Physics loss: 1.2309e+02,
                    Initial value of rho: 0.27715 + -1.34432i,
                    Current value of rho: 0.27715 + -1.34432i,
                    Target rho: -0.17792 + -0.74734
------------------------------
Epoch: 1500 / 18000. Total scaled loss: 1.1952e+00, 
                    ODE(0) loss: 3.1252e-07, 
                    ODE(1) loss: 1.7973e-07, 
                    Non-trivial solution loss: 1.2901e-04,
                    Physics loss: 1.1823e+02,
                    Initial value of rho: 0.27715 + -1.34432i,
                    Current value of rho: 0.27715 + -1.34432i,
                    Target rho: -0.17792 + -0.74734
------------------------------
Epoch: 2000 / 18000. Total scaled loss: 6.8911e+00, 
                    ODE(0) loss: 5.7118e-02, 
                    ODE(1) loss: 9.5543e-06, 
                    Non-trivial solution loss: 1.3781e-04,
                    Physics loss: 1.1646e+02,
                    Initial value of rho: 0.27715 + -1.34432i,
                    Current value of rho: 0.27715 + -1.34432i,
                    Target rho: -0.17792 + -0.74734
------------------------------
Epoch: 2500 / 18000. Total scaled loss: 1.1127e+00, 
                    ODE(0) loss: 1.5815e-05, 
                    ODE(1) loss: 2.2171e-07, 
                    Non-trivial solution loss: 2.8514e-04,
                    Physics loss: 1.0826e+02,
                    Initial value of rho: 0.27715 + -1.34432i,
                    Current value of rho: 0.27715 + -1.34432i,
                    Target rho: -0.17792 + -0.74734
------------------------------
Epoch: 3000 / 18000. Total scaled loss: 1.1224e+00, 
                    ODE(0) loss: 4.6745e-04, 
                    ODE(1) loss: 9.9932e-06, 
                    Non-trivial solution loss: 4.5847e-04,
                    Physics loss: 1.0288e+02,
                    Initial value of rho: 0.27715 + -1.34432i,
                    Current value of rho: 0.27715 + -1.34432i,
                    Target rho: -0.17792 + -0.74734
------------------------------
Epoch: 3500 / 18000. Total scaled loss: 1.1062e+00, 
                    ODE(0) loss: 4.1460e-04, 
                    ODE(1) loss: 9.2919e-06, 
                    Non-trivial solution loss: 6.0405e-04,
                    Physics loss: 1.0034e+02,
                    Initial value of rho: 0.27715 + -1.34432i,
                    Current value of rho: 0.27715 + -1.34432i,
                    Target rho: -0.17792 + -0.74734
------------------------------
Epoch: 4000 / 18000. Total scaled loss: 1.0276e+01, 
                    ODE(0) loss: 1.0606e-02, 
                    ODE(1) loss: 4.3160e-05, 
                    Non-trivial solution loss: 1.5452e-02,
                    Physics loss: 5.2015e+01,
                    Initial value of rho: 0.27715 + -1.34432i,
                    Current value of rho: 0.27715 + -1.34432i,
                    Target rho: -0.17792 + -0.74734
------------------------------
Epoch: 4500 / 18000. Total scaled loss: 7.7567e+00, 
                    ODE(0) loss: 1.5120e-03, 
                    ODE(1) loss: 5.3008e-05, 
                    Non-trivial solution loss: 1.1695e-02,
                    Physics loss: 3.0982e+01,
                    Initial value of rho: 0.27715 + -1.34432i,
                    Current value of rho: 0.27715 + -1.34432i,
                    Target rho: -0.17792 + -0.74734
------------------------------
Epoch: 5000 / 18000. Total scaled loss: 8.6934e+00, 
                    ODE(0) loss: 6.3690e-05, 
                    ODE(1) loss: 3.0095e-06, 
                    Non-trivial solution loss: 1.1271e-02,
                    Physics loss: 2.8223e+01,
                    Initial value of rho: 0.27715 + -1.34432i,
                    Current value of rho: 0.27715 + -1.34432i,
                    Target rho: -0.17792 + -0.74734
------------------------------
Epoch: 5500 / 18000. Total scaled loss: 9.7839e+00, 
                    ODE(0) loss: 3.2115e-05, 
                    ODE(1) loss: 1.8611e-06, 
                    Non-trivial solution loss: 1.7011e-02,
                    Physics loss: 2.5147e+01,
                    Initial value of rho: 0.27715 + -1.34432i,
                    Current value of rho: 0.27715 + -1.34432i,
                    Target rho: -0.17792 + -0.74734
------------------------------
Epoch: 6000 / 18000. Total scaled loss: 1.1132e+01, 
                    ODE(0) loss: 9.6530e-05, 
                    ODE(1) loss: 3.1847e-06, 
                    Non-trivial solution loss: 2.5692e-02,
                    Physics loss: 2.3323e+01,
                    Initial value of rho: 0.27715 + -1.34432i,
                    Current value of rho: 0.27715 + -1.34432i,
                    Target rho: -0.17792 + -0.74734
------------------------------
Epoch: 6500 / 18000. Total scaled loss: 1.2651e+01, 
                    ODE(0) loss: 9.8052e-03, 
                    ODE(1) loss: 8.1169e-05, 
                    Non-trivial solution loss: 3.7781e-02,
                    Physics loss: 2.0787e+01,
                    Initial value of rho: 0.27715 + -1.34432i,
                    Current value of rho: 0.27715 + -1.34432i,
                    Target rho: -0.17792 + -0.74734
------------------------------
Epoch: 7000 / 18000. Total scaled loss: 1.2808e+01, 
                    ODE(0) loss: 2.6622e-04, 
                    ODE(1) loss: 3.7699e-06, 
                    Non-trivial solution loss: 5.1310e-02,
                    Physics loss: 1.8751e+01,
                    Initial value of rho: 0.27715 + -1.34432i,
                    Current value of rho: 0.27715 + -1.34432i,
                    Target rho: -0.17792 + -0.74734
------------------------------
Epoch: 7500 / 18000. Total scaled loss: 1.3671e+01, 
                    ODE(0) loss: 2.5234e-04, 
                    ODE(1) loss: 4.6310e-07, 
                    Non-trivial solution loss: 7.0208e-02,
                    Physics loss: 1.7126e+01,
                    Initial value of rho: 0.27715 + -1.34432i,
                    Current value of rho: 0.27715 + -1.34432i,
                    Target rho: -0.17792 + -0.74734
------------------------------
Epoch: 8000 / 18000. Total scaled loss: 1.3829e+01, 
                    ODE(0) loss: 8.2936e-05, 
                    ODE(1) loss: 2.2713e-06, 
                    Non-trivial solution loss: 9.5503e-02,
                    Physics loss: 1.4658e+01,
                    Initial value of rho: 0.27715 + -1.34432i,
                    Current value of rho: 0.27715 + -1.34432i,
                    Target rho: -0.17792 + -0.74734
------------------------------
Epoch: 8500 / 18000. Total scaled loss: 1.3962e+01, 
                    ODE(0) loss: 5.8794e-05, 
                    ODE(1) loss: 6.3440e-06, 
                    Non-trivial solution loss: 1.3039e-01,
                    Physics loss: 1.2501e+01,
                    Initial value of rho: 0.27715 + -1.34432i,
                    Current value of rho: 0.27715 + -1.34432i,
                    Target rho: -0.17792 + -0.74734
------------------------------
Epoch: 9000 / 18000. Total scaled loss: 1.3650e+01, 
                    ODE(0) loss: 1.3613e-05, 
                    ODE(1) loss: 4.4038e-06, 
                    Non-trivial solution loss: 1.7648e-01,
                    Physics loss: 1.0210e+01,
                    Initial value of rho: 0.27715 + -1.34432i,
                    Current value of rho: 0.27715 + -1.34432i,
                    Target rho: -0.17792 + -0.74734
------------------------------
Unfreezing rho...
Epoch: 9500 / 18000. Total scaled loss: 1.1601e+01, 
                    ODE(0) loss: 3.2095e-06, 
                    ODE(1) loss: 1.2684e-05, 
                    Non-trivial solution loss: 1.9364e-01,
                    Physics loss: 7.7800e+00,
                    Initial value of rho: 0.27715 + -1.34432i,
                    Current value of rho: 0.22977 + -1.30069i,
                    Target rho: -0.17792 + -0.74734
------------------------------
Epoch: 10000 / 18000. Total scaled loss: 9.4203e+00, 
                    ODE(0) loss: 5.7843e-07, 
                    ODE(1) loss: 1.9115e-05, 
                    Non-trivial solution loss: 2.1867e-01,
                    Physics loss: 5.6050e+00,
                    Initial value of rho: 0.27715 + -1.34432i,
                    Current value of rho: 0.18494 + -1.25688i,
                    Target rho: -0.17792 + -0.74734
------------------------------
Epoch: 10500 / 18000. Total scaled loss: 7.1659e+00, 
                    ODE(0) loss: 4.4734e-05, 
                    ODE(1) loss: 1.6602e-05, 
                    Non-trivial solution loss: 2.6988e-01,
                    Physics loss: 3.5857e+00,
                    Initial value of rho: 0.27715 + -1.34432i,
                    Current value of rho: 0.14476 + -1.21728i,
                    Target rho: -0.17792 + -0.74734
------------------------------
Epoch: 11000 / 18000. Total scaled loss: 5.6126e+00, 
                    ODE(0) loss: 2.1618e-05, 
                    ODE(1) loss: 2.3799e-05, 
                    Non-trivial solution loss: 3.1691e-01,
                    Physics loss: 2.4431e+00,
                    Initial value of rho: 0.27715 + -1.34432i,
                    Current value of rho: 0.11158 + -1.18466i,
                    Target rho: -0.17792 + -0.74734
------------------------------
Epoch: 11500 / 18000. Total scaled loss: 4.9219e+00, 
                    ODE(0) loss: 2.9469e-05, 
                    ODE(1) loss: 1.8063e-05, 
                    Non-trivial solution loss: 2.4798e-01,
                    Physics loss: 2.4416e+00,
                    Initial value of rho: 0.27715 + -1.34432i,
                    Current value of rho: 0.07352 + -1.14688i,
                    Target rho: -0.17792 + -0.74734
------------------------------
Epoch: 12000 / 18000. Total scaled loss: 3.9576e+00, 
                    ODE(0) loss: 1.6151e-05, 
                    ODE(1) loss: 1.7519e-05, 
                    Non-trivial solution loss: 1.6287e-01,
                    Physics loss: 2.3286e+00,
                    Initial value of rho: 0.27715 + -1.34432i,
                    Current value of rho: 0.02654 + -1.10074i,
                    Target rho: -0.17792 + -0.74734
------------------------------
Epoch: 12500 / 18000. Total scaled loss: 2.8769e+00, 
                    ODE(0) loss: 3.4538e-05, 
                    ODE(1) loss: 2.2189e-05, 
                    Non-trivial solution loss: 8.5950e-02,
                    Physics loss: 2.0169e+00,
                    Initial value of rho: 0.27715 + -1.34432i,
                    Current value of rho: -0.02510 + -1.04869i,
                    Target rho: -0.17792 + -0.74734
------------------------------
Epoch: 13000 / 18000. Total scaled loss: 1.7460e+00, 
                    ODE(0) loss: 8.1686e-05, 
                    ODE(1) loss: 1.6331e-05, 
                    Non-trivial solution loss: 3.0792e-02,
                    Physics loss: 1.4371e+00,
                    Initial value of rho: 0.27715 + -1.34432i,
                    Current value of rho: -0.07504 + -0.99672i,
                    Target rho: -0.17792 + -0.74734
------------------------------
Epoch: 13500 / 18000. Total scaled loss: 8.3172e-01, 
                    ODE(0) loss: 3.3664e-04, 
                    ODE(1) loss: 2.0622e-05, 
                    Non-trivial solution loss: 6.8367e-03,
                    Physics loss: 7.5978e-01,
                    Initial value of rho: 0.27715 + -1.34432i,
                    Current value of rho: -0.11705 + -0.95280i,
                    Target rho: -0.17792 + -0.74734
------------------------------
Epoch: 14000 / 18000. Total scaled loss: 4.0153e-01, 
                    ODE(0) loss: 2.5615e-04, 
                    ODE(1) loss: 2.9266e-06, 
                    Non-trivial solution loss: 1.6187e-03,
                    Physics loss: 3.8276e-01,
                    Initial value of rho: 0.27715 + -1.34432i,
                    Current value of rho: -0.14741 + -0.91921i,
                    Target rho: -0.17792 + -0.74734
------------------------------
Epoch: 14500 / 18000. Total scaled loss: 2.2662e-01, 
                    ODE(0) loss: 1.4451e-05, 
                    ODE(1) loss: 1.3297e-05, 
                    Non-trivial solution loss: 5.5771e-04,
                    Physics loss: 1.9889e-01,
                    Initial value of rho: 0.27715 + -1.34432i,
                    Current value of rho: -0.16854 + -0.89302i,
                    Target rho: -0.17792 + -0.74734
------------------------------
Epoch: 15000 / 18000. Total scaled loss: 1.5543e-01, 
                    ODE(0) loss: 1.4292e-05, 
                    ODE(1) loss: 1.5710e-04, 
                    Non-trivial solution loss: 2.8497e-04,
                    Physics loss: 9.0581e-02,
                    Initial value of rho: 0.27715 + -1.34432i,
                    Current value of rho: -0.18687 + -0.86654i,
                    Target rho: -0.17792 + -0.74734
------------------------------
Epoch: 15500 / 18000. Total scaled loss: 9.5181e-02, 
                    ODE(0) loss: 2.0005e-05, 
                    ODE(1) loss: 4.3651e-04, 
                    Non-trivial solution loss: 1.0199e-04,
                    Physics loss: 4.0338e-02,
                    Initial value of rho: 0.27715 + -1.34432i,
                    Current value of rho: -0.20037 + -0.84270i,
                    Target rho: -0.17792 + -0.74734
------------------------------
Epoch: 16000 / 18000. Total scaled loss: 6.9386e-02, 
                    ODE(0) loss: 4.3957e-06, 
                    ODE(1) loss: 5.5265e-04, 
                    Non-trivial solution loss: 5.5037e-05,
                    Physics loss: 2.2784e-02,
                    Initial value of rho: 0.27715 + -1.34432i,
                    Current value of rho: -0.20812 + -0.82446i,
                    Target rho: -0.17792 + -0.74734
------------------------------
Epoch: 16500 / 18000. Total scaled loss: 4.7560e-02, 
                    ODE(0) loss: 6.5389e-07, 
                    ODE(1) loss: 4.2361e-05, 
                    Non-trivial solution loss: 3.0529e-05,
                    Physics loss: 1.4052e-02,
                    Initial value of rho: 0.27715 + -1.34432i,
                    Current value of rho: -0.21236 + -0.81041i,
                    Target rho: -0.17792 + -0.74734
------------------------------
Epoch: 17000 / 18000. Total scaled loss: 1.0982e-01, 
                    ODE(0) loss: 1.9921e-04, 
                    ODE(1) loss: 6.5439e-03, 
                    Non-trivial solution loss: 2.5251e-05,
                    Physics loss: 1.0837e-02,
                    Initial value of rho: 0.27715 + -1.34432i,
                    Current value of rho: -0.21423 + -0.79968i,
                    Target rho: -0.17792 + -0.74734
------------------------------
Epoch: 17500 / 18000. Total scaled loss: 3.4410e-02, 
                    ODE(0) loss: 3.5352e-05, 
                    ODE(1) loss: 5.6659e-04, 
                    Non-trivial solution loss: 1.7663e-05,
                    Physics loss: 6.3496e-03,
                    Initial value of rho: 0.27715 + -1.34432i,
                    Current value of rho: -0.21477 + -0.79163i,
                    Target rho: -0.17792 + -0.74734
------------------------------
Epoch: 18000 / 18000. Total scaled loss: 2.6856e-02, 
                    ODE(0) loss: 9.5091e-06, 
                    ODE(1) loss: 8.3775e-05, 
                    Non-trivial solution loss: 1.1782e-05,
                    Physics loss: 5.1623e-03,
                    Initial value of rho: 0.27715 + -1.34432i,
                    Current value of rho: -0.21482 + -0.78549i,
                    Target rho: -0.17792 + -0.74734
------------------------------
Adam training complete. Switching to L-BFGS:
L-BFGS Epoch: 100 / 1000. Total scaled loss: 3.1443e-06, 
                    ODE(0) loss: 1.8868e-10, 
                    ODE(1) loss: 2.7569e-11, 
                    Non-trivial solution loss: 3.9198e-11,
                    Physics loss: 3.1417e-06,
                    Initial value of rho: 0.27715 + -1.34432i,
                    Current value of rho: -0.17799 + -0.74740i,
                    Target rho: -0.17792 + -0.74734
------------------------------
L-BFGS Epoch: 200 / 1000. Total scaled loss: 2.6047e-06, 
                    ODE(0) loss: 2.2825e-10, 
                    ODE(1) loss: 1.4836e-11, 
                    Non-trivial solution loss: 2.1494e-12,
                    Physics loss: 2.6022e-06,
                    Initial value of rho: 0.27715 + -1.34432i,
                    Current value of rho: -0.17797 + -0.74735i,
                    Target rho: -0.17792 + -0.74734
------------------------------
L-BFGS Epoch: 300 / 1000. Total scaled loss: 2.5823e-06, 
                    ODE(0) loss: 1.7148e-10, 
                    ODE(1) loss: 1.1369e-12, 
                    Non-trivial solution loss: 1.6485e-12,
                    Physics loss: 2.5806e-06,
                    Initial value of rho: 0.27715 + -1.34432i,
                    Current value of rho: -0.17797 + -0.74735i,
                    Target rho: -0.17792 + -0.74734
------------------------------
L-BFGS Epoch: 400 / 1000. Total scaled loss: 2.5699e-06, 
                    ODE(0) loss: 1.9695e-10, 
                    ODE(1) loss: 2.6290e-12, 
                    Non-trivial solution loss: 2.1301e-12,
                    Physics loss: 2.5679e-06,
                    Initial value of rho: 0.27715 + -1.34432i,
                    Current value of rho: -0.17797 + -0.74735i,
                    Target rho: -0.17792 + -0.74734
------------------------------
L-BFGS Epoch: 500 / 1000. Total scaled loss: 2.5747e-06, 
                    ODE(0) loss: 2.1260e-10, 
                    ODE(1) loss: 6.4233e-12, 
                    Non-trivial solution loss: 1.7675e-12,
                    Physics loss: 2.5725e-06,
                    Initial value of rho: 0.27715 + -1.34432i,
                    Current value of rho: -0.17797 + -0.74735i,
                    Target rho: -0.17792 + -0.74734
------------------------------
L-BFGS Epoch: 600 / 1000. Total scaled loss: 2.5327e-06, 
                    ODE(0) loss: 2.1260e-10, 
                    ODE(1) loss: 6.4233e-12, 
                    Non-trivial solution loss: 1.7675e-12,
                    Physics loss: 2.5304e-06,
                    Initial value of rho: 0.27715 + -1.34432i,
                    Current value of rho: -0.17797 + -0.74735i,
                    Target rho: -0.17792 + -0.74734
------------------------------
L-BFGS Epoch: 700 / 1000. Total scaled loss: 2.5229e-06, 
                    ODE(0) loss: 1.9841e-10, 
                    ODE(1) loss: 1.2292e-11, 
                    Non-trivial solution loss: 4.7651e-12,
                    Physics loss: 2.5207e-06,
                    Initial value of rho: 0.27715 + -1.34432i,
                    Current value of rho: -0.17797 + -0.74735i,
                    Target rho: -0.17792 + -0.74734
------------------------------
L-BFGS Epoch: 800 / 1000. Total scaled loss: 2.5786e-06, 
                    ODE(0) loss: 1.8847e-10, 
                    ODE(1) loss: 5.2438e-12, 
                    Non-trivial solution loss: 1.7586e-12,
                    Physics loss: 2.5767e-06,
                    Initial value of rho: 0.27715 + -1.34432i,
                    Current value of rho: -0.17797 + -0.74736i,
                    Target rho: -0.17792 + -0.74734
------------------------------
L-BFGS Epoch: 900 / 1000. Total scaled loss: 2.5307e-06, 
                    ODE(0) loss: 2.2830e-10, 
                    ODE(1) loss: 9.2371e-13, 
                    Non-trivial solution loss: 8.6153e-12,
                    Physics loss: 2.5283e-06,
                    Initial value of rho: 0.27715 + -1.34432i,
                    Current value of rho: -0.17797 + -0.74736i,
                    Target rho: -0.17792 + -0.74734
------------------------------
L-BFGS Epoch: 1000 / 1000. Total scaled loss: 2.5875e-06, 
                    ODE(0) loss: 2.0783e-10, 
                    ODE(1) loss: 1.0516e-11, 
                    Non-trivial solution loss: 3.0811e-12,
                    Physics loss: 2.5853e-06,
                    Initial value of rho: 0.27715 + -1.34432i,
                    Current value of rho: -0.17797 + -0.74736i,
                    Target rho: -0.17792 + -0.74734
------------------------------
Training complete for l = 2. Total scaled loss: 2.5875e-06, 
                    ODE(0) loss: 2.0783e-10, 
                    ODE(1) loss: 1.0516e-11, 
                    Non-trivial solution loss: 3.0811e-12,
                    Physics loss: 2.5853e-06,
                    Current value of rho: -0.17797 + -0.74736i
                    Target rho: -0.17792 + -0.74734
