000 (308655.030.000) 2026-03-10 18:05:58 Job submitted from host: <130.209.45.81:9618?addrs=130.209.45.81-9618&alias=wiay.astro.gla.ac.uk&noUDP&sock=schedd_8023_b06c>
...
001 (308655.030.000) 2026-03-10 19:11:14 Job executing on host: <130.209.45.226:9619?addrs=130.209.45.226-9619&alias=muck.astro.gla.ac.uk&noUDP&sock=startd_79_147a>
	SlotName: slot1_4@muck.astro.gla.ac.uk
	AvailableGPUs = { GPUs_GPU_65408344 }
	CondorScratchDir = "/var/lib/condor/execute/dir_199016"
	Cpus = 1
	Disk = 2048
	GPUs = 1
	GPUs_GPU_65408344 = [ Id = "GPU-65408344"; ClockMhz = 1785.0; Capability = 8.6; CoresPerCU = 128; DeviceName = "NVIDIA GeForce RTX 3090"; DeviceUuid = "65408344-a5d4-fcd7-1df1-b57c67d81168"; ECCEnabled = false; ComputeUnits = 82; NvidiaDriver = "590.48.01"; DriverVersion = 13.1; DevicePciBusId = "0000:08:00.0"; GlobalMemoryMb = 24117; MaxSupportedVersion = 13010 ]
	Memory = 2048
...
006 (308655.030.000) 2026-03-10 19:11:23 Image size of job updated: 458524
	448  -  MemoryUsage of job (MB)
	458524  -  ResidentSetSize of job (KB)
...
006 (308655.030.000) 2026-03-10 19:16:25 Image size of job updated: 1028084
	1004  -  MemoryUsage of job (MB)
	1028084  -  ResidentSetSize of job (KB)
...
006 (308655.030.000) 2026-03-10 19:20:14 Image size of job updated: 1155360
	1004  -  MemoryUsage of job (MB)
	1028084  -  ResidentSetSize of job (KB)
...
005 (308655.030.000) 2026-03-10 19:20:14 Job terminated.
	(1) Normal termination (return value 0)
		Usr 0 00:08:41, Sys 0 00:00:06  -  Run Remote Usage
		Usr 0 00:00:00, Sys 0 00:00:00  -  Run Local Usage
		Usr 0 00:08:41, Sys 0 00:00:06  -  Total Remote Usage
		Usr 0 00:00:00, Sys 0 00:00:00  -  Total Local Usage
	0  -  Run Bytes Sent By Job
	0  -  Run Bytes Received By Job
	0  -  Total Bytes Sent By Job
	0  -  Total Bytes Received By Job
	Partitionable Resources :    Usage  Request Allocated Assigned
	   Cpus                 :     1.00        1         1 
	   Disk (KB)            :     1        1024      2048 
	   GPUs                 :     0.36        1         1 "GPU-65408344"
	   GpusMemory (MB)      :   976                       
	   Memory (MB)          :  1004        2048      2048 
	   TimeExecute (s)      :   540                       
	   TimeSlotBusy (s)     :   540                       
...
