000 (308657.022.000) 2026-03-11 11:51:19 Job submitted from host: <130.209.45.81:9618?addrs=130.209.45.81-9618&alias=wiay.astro.gla.ac.uk&noUDP&sock=schedd_8023_b06c>
...
001 (308657.022.000) 2026-03-11 12:37:25 Job executing on host: <130.209.45.193:9619?addrs=130.209.45.193-9619&alias=deimos.astro.gla.ac.uk&noUDP&sock=startd_35_e64f>
	SlotName: slot1_2@deimos.astro.gla.ac.uk
	AvailableGPUs = { GPUs_GPU_34314e2d }
	CondorScratchDir = "/var/lib/condor/execute/dir_479225"
	Cpus = 1
	Disk = 2048
	GPUs = 1
	GPUs_GPU_34314e2d = [ Id = "GPU-34314e2d"; ClockMhz = 1695.0; Capability = 8.6; CoresPerCU = 128; DeviceName = "NVIDIA GeForce RTX 3090"; DeviceUuid = "34314e2d-1720-7fa1-dcf6-30072ca54ea3"; ECCEnabled = false; ComputeUnits = 82; NvidiaDriver = "580.82.07"; DriverVersion = 13.0; DevicePciBusId = "0000:AF:00.0"; GlobalMemoryMb = 24124; MaxSupportedVersion = 13000 ]
	Memory = 2048
...
006 (308657.022.000) 2026-03-11 12:37:33 Image size of job updated: 456220
	446  -  MemoryUsage of job (MB)
	456220  -  ResidentSetSize of job (KB)
...
006 (308657.022.000) 2026-03-11 12:42:34 Image size of job updated: 882588
	862  -  MemoryUsage of job (MB)
	882588  -  ResidentSetSize of job (KB)
...
006 (308657.022.000) 2026-03-11 12:47:34 Image size of job updated: 939016
	918  -  MemoryUsage of job (MB)
	939016  -  ResidentSetSize of job (KB)
...
006 (308657.022.000) 2026-03-11 12:52:35 Image size of job updated: 1071280
	1047  -  MemoryUsage of job (MB)
	1071280  -  ResidentSetSize of job (KB)
...
006 (308657.022.000) 2026-03-11 12:57:36 Image size of job updated: 1121900
	1096  -  MemoryUsage of job (MB)
	1121900  -  ResidentSetSize of job (KB)
...
006 (308657.022.000) 2026-03-11 13:02:37 Image size of job updated: 1122028
	1096  -  MemoryUsage of job (MB)
	1122028  -  ResidentSetSize of job (KB)
...
006 (308657.022.000) 2026-03-11 13:07:37 Image size of job updated: 1208492
	1181  -  MemoryUsage of job (MB)
	1208492  -  ResidentSetSize of job (KB)
...
006 (308657.022.000) 2026-03-11 13:08:36 Image size of job updated: 1253276
	1181  -  MemoryUsage of job (MB)
	1208492  -  ResidentSetSize of job (KB)
...
005 (308657.022.000) 2026-03-11 13:08:36 Job terminated.
	(1) Normal termination (return value 1)
		Usr 0 00:30:39, Sys 0 00:00:16  -  Run Remote Usage
		Usr 0 00:00:00, Sys 0 00:00:00  -  Run Local Usage
		Usr 0 00:30:39, Sys 0 00:00:16  -  Total Remote Usage
		Usr 0 00:00:00, Sys 0 00:00:00  -  Total Local Usage
	0  -  Run Bytes Sent By Job
	0  -  Run Bytes Received By Job
	0  -  Total Bytes Sent By Job
	0  -  Total Bytes Received By Job
	Partitionable Resources :    Usage  Request Allocated Assigned
	   Cpus                 :     1.01        1         1 
	   Disk (KB)            :     1        1024      2048 
	   GPUs                 :     0.12        1         1 "GPU-34314e2d"
	   GpusMemory (MB)      :   963                       
	   Memory (MB)          :  1181        2048      2048 
	   TimeExecute (s)      :  1871                       
	   TimeSlotBusy (s)     :  1871                       
...
