Using device: cuda
------------------------------
Starting training for l = 2 with delta = 0.6
Initial rho: -0.03359 + -0.90153i
Target rho: -0.17792 + -0.74734i
Initial distance from target: 0.21120
------------------------------
Epoch: 1 / 18000. Total scaled loss: 2.0049e+02, 
                    ODE(0) loss: 4.5822e-01, 
                    ODE(1) loss: 3.2115e-01, 
                    Non-trivial solution loss: 1.2255e+00,
                    Physics loss: 2.1871e-01,
                    Initial value of rho: -0.03359 + -0.90153i,
                    Current value of rho: -0.03359 + -0.90153i,
                    Target rho: -0.17792 + -0.74734
------------------------------
Epoch: 500 / 18000. Total scaled loss: 4.4008e-02, 
                    ODE(0) loss: 6.0801e-05, 
                    ODE(1) loss: 1.0478e-05, 
                    Non-trivial solution loss: 1.6221e-06,
                    Physics loss: 3.6718e+00,
                    Initial value of rho: -0.03359 + -0.90153i,
                    Current value of rho: -0.03359 + -0.90153i,
                    Target rho: -0.17792 + -0.74734
------------------------------
Epoch: 1000 / 18000. Total scaled loss: 3.6553e-02, 
                    ODE(0) loss: 6.5078e-08, 
                    ODE(1) loss: 4.3106e-08, 
                    Non-trivial solution loss: 1.3816e-07,
                    Physics loss: 3.6528e+00,
                    Initial value of rho: -0.03359 + -0.90153i,
                    Current value of rho: -0.03359 + -0.90153i,
                    Target rho: -0.17792 + -0.74734
------------------------------
Epoch: 1500 / 18000. Total scaled loss: 3.6541e-02, 
                    ODE(0) loss: 3.1025e-09, 
                    ODE(1) loss: 2.8169e-11, 
                    Non-trivial solution loss: 1.2227e-07,
                    Physics loss: 3.6528e+00,
                    Initial value of rho: -0.03359 + -0.90153i,
                    Current value of rho: -0.03359 + -0.90153i,
                    Target rho: -0.17792 + -0.74734
------------------------------
Epoch: 2000 / 18000. Total scaled loss: 4.1311e-02, 
                    ODE(0) loss: 3.9423e-05, 
                    ODE(1) loss: 6.5488e-06, 
                    Non-trivial solution loss: 3.1799e-07,
                    Physics loss: 3.6682e+00,
                    Initial value of rho: -0.03359 + -0.90153i,
                    Current value of rho: -0.03359 + -0.90153i,
                    Target rho: -0.17792 + -0.74734
------------------------------
Epoch: 2500 / 18000. Total scaled loss: 3.8152e-02, 
                    ODE(0) loss: 6.1620e-06, 
                    ODE(1) loss: 2.8699e-06, 
                    Non-trivial solution loss: 1.9038e-07,
                    Physics loss: 3.7230e+00,
                    Initial value of rho: -0.03359 + -0.90153i,
                    Current value of rho: -0.03359 + -0.90153i,
                    Target rho: -0.17792 + -0.74734
------------------------------
Epoch: 3000 / 18000. Total scaled loss: 6.8515e-02, 
                    ODE(0) loss: 2.6234e-04, 
                    ODE(1) loss: 4.9484e-05, 
                    Non-trivial solution loss: 6.2770e-06,
                    Physics loss: 3.6705e+00,
                    Initial value of rho: -0.03359 + -0.90153i,
                    Current value of rho: -0.03359 + -0.90153i,
                    Target rho: -0.17792 + -0.74734
------------------------------
Epoch: 3500 / 18000. Total scaled loss: 3.5876e-02, 
                    ODE(0) loss: 1.6425e-08, 
                    ODE(1) loss: 1.7415e-08, 
                    Non-trivial solution loss: 1.1675e-07,
                    Physics loss: 3.5861e+00,
                    Initial value of rho: -0.03359 + -0.90153i,
                    Current value of rho: -0.03359 + -0.90153i,
                    Target rho: -0.17792 + -0.74734
------------------------------
Epoch: 4000 / 18000. Total scaled loss: 5.2935e-01, 
                    ODE(0) loss: 3.9495e-05, 
                    ODE(1) loss: 8.8404e-06, 
                    Non-trivial solution loss: 2.0874e-05,
                    Physics loss: 3.4881e+00,
                    Initial value of rho: -0.03359 + -0.90153i,
                    Current value of rho: -0.03359 + -0.90153i,
                    Target rho: -0.17792 + -0.74734
------------------------------
Epoch: 4500 / 18000. Total scaled loss: 8.6704e-01, 
                    ODE(0) loss: 1.4715e-03, 
                    ODE(1) loss: 2.3187e-04, 
                    Non-trivial solution loss: 2.4988e-04,
                    Physics loss: 3.2662e+00,
                    Initial value of rho: -0.03359 + -0.90153i,
                    Current value of rho: -0.03359 + -0.90153i,
                    Target rho: -0.17792 + -0.74734
------------------------------
Epoch: 5000 / 18000. Total scaled loss: 8.6826e-01, 
                    ODE(0) loss: 3.1100e-08, 
                    ODE(1) loss: 1.1464e-06, 
                    Non-trivial solution loss: 1.0722e-04,
                    Physics loss: 3.1262e+00,
                    Initial value of rho: -0.03359 + -0.90153i,
                    Current value of rho: -0.03359 + -0.90153i,
                    Target rho: -0.17792 + -0.74734
------------------------------
Epoch: 5500 / 18000. Total scaled loss: 1.0780e+00, 
                    ODE(0) loss: 9.2031e-04, 
                    ODE(1) loss: 1.4687e-04, 
                    Non-trivial solution loss: 1.0522e-04,
                    Physics loss: 2.9302e+00,
                    Initial value of rho: -0.03359 + -0.90153i,
                    Current value of rho: -0.03359 + -0.90153i,
                    Target rho: -0.17792 + -0.74734
------------------------------
Epoch: 6000 / 18000. Total scaled loss: 1.1494e+00, 
                    ODE(0) loss: 1.0352e-07, 
                    ODE(1) loss: 1.9784e-06, 
                    Non-trivial solution loss: 2.6470e-04,
                    Physics loss: 2.8278e+00,
                    Initial value of rho: -0.03359 + -0.90153i,
                    Current value of rho: -0.03359 + -0.90153i,
                    Target rho: -0.17792 + -0.74734
------------------------------
Epoch: 6500 / 18000. Total scaled loss: 1.2646e+00, 
                    ODE(0) loss: 3.6048e-05, 
                    ODE(1) loss: 4.0178e-06, 
                    Non-trivial solution loss: 4.1013e-04,
                    Physics loss: 2.6729e+00,
                    Initial value of rho: -0.03359 + -0.90153i,
                    Current value of rho: -0.03359 + -0.90153i,
                    Target rho: -0.17792 + -0.74734
------------------------------
Epoch: 7000 / 18000. Total scaled loss: 1.3784e+00, 
                    ODE(0) loss: 1.4210e-05, 
                    ODE(1) loss: 4.5264e-06, 
                    Non-trivial solution loss: 6.1846e-04,
                    Physics loss: 2.5563e+00,
                    Initial value of rho: -0.03359 + -0.90153i,
                    Current value of rho: -0.03359 + -0.90153i,
                    Target rho: -0.17792 + -0.74734
------------------------------
Epoch: 7500 / 18000. Total scaled loss: 1.4873e+00, 
                    ODE(0) loss: 2.1796e-05, 
                    ODE(1) loss: 9.8735e-06, 
                    Non-trivial solution loss: 8.5620e-04,
                    Physics loss: 2.4547e+00,
                    Initial value of rho: -0.03359 + -0.90153i,
                    Current value of rho: -0.03359 + -0.90153i,
                    Target rho: -0.17792 + -0.74734
------------------------------
Epoch: 8000 / 18000. Total scaled loss: 1.5346e+00, 
                    ODE(0) loss: 1.3348e-04, 
                    ODE(1) loss: 2.7734e-05, 
                    Non-trivial solution loss: 1.3016e-03,
                    Physics loss: 2.2601e+00,
                    Initial value of rho: -0.03359 + -0.90153i,
                    Current value of rho: -0.03359 + -0.90153i,
                    Target rho: -0.17792 + -0.74734
------------------------------
Epoch: 8500 / 18000. Total scaled loss: 1.4844e+00, 
                    ODE(0) loss: 5.1277e-04, 
                    ODE(1) loss: 1.8596e-05, 
                    Non-trivial solution loss: 1.3629e-03,
                    Physics loss: 1.9806e+00,
                    Initial value of rho: -0.03359 + -0.90153i,
                    Current value of rho: -0.03359 + -0.90153i,
                    Target rho: -0.17792 + -0.74734
------------------------------
Epoch: 9000 / 18000. Total scaled loss: 1.4831e+00, 
                    ODE(0) loss: 3.9232e-04, 
                    ODE(1) loss: 1.0569e-04, 
                    Non-trivial solution loss: 2.3150e-03,
                    Physics loss: 1.7960e+00,
                    Initial value of rho: -0.03359 + -0.90153i,
                    Current value of rho: -0.03359 + -0.90153i,
                    Target rho: -0.17792 + -0.74734
------------------------------
Unfreezing rho...
Epoch: 9500 / 18000. Total scaled loss: 7.1882e-01, 
                    ODE(0) loss: 7.6582e-06, 
                    ODE(1) loss: 2.2673e-05, 
                    Non-trivial solution loss: 7.7445e-04,
                    Physics loss: 8.3319e-01,
                    Initial value of rho: -0.03359 + -0.90153i,
                    Current value of rho: -0.07795 + -0.86489i,
                    Target rho: -0.17792 + -0.74734
------------------------------
Epoch: 10000 / 18000. Total scaled loss: 2.9154e-01, 
                    ODE(0) loss: 1.8416e-06, 
                    ODE(1) loss: 9.5374e-06, 
                    Non-trivial solution loss: 2.2707e-04,
                    Physics loss: 3.1867e-01,
                    Initial value of rho: -0.03359 + -0.90153i,
                    Current value of rho: -0.11114 + -0.82999i,
                    Target rho: -0.17792 + -0.74734
------------------------------
Epoch: 10500 / 18000. Total scaled loss: 1.1969e-01, 
                    ODE(0) loss: 3.2226e-06, 
                    ODE(1) loss: 3.0824e-05, 
                    Non-trivial solution loss: 8.8260e-05,
                    Physics loss: 1.2262e-01,
                    Initial value of rho: -0.03359 + -0.90153i,
                    Current value of rho: -0.13343 + -0.80254i,
                    Target rho: -0.17792 + -0.74734
------------------------------
Epoch: 11000 / 18000. Total scaled loss: 5.2832e-02, 
                    ODE(0) loss: 5.0820e-06, 
                    ODE(1) loss: 8.6020e-05, 
                    Non-trivial solution loss: 3.2636e-05,
                    Physics loss: 5.1595e-02,
                    Initial value of rho: -0.03359 + -0.90153i,
                    Current value of rho: -0.14737 + -0.78241i,
                    Target rho: -0.17792 + -0.74734
------------------------------
Epoch: 11500 / 18000. Total scaled loss: 2.5160e-02, 
                    ODE(0) loss: 2.0417e-06, 
                    ODE(1) loss: 1.9260e-05, 
                    Non-trivial solution loss: 1.0887e-05,
                    Physics loss: 2.4838e-02,
                    Initial value of rho: -0.03359 + -0.90153i,
                    Current value of rho: -0.15525 + -0.76901i,
                    Target rho: -0.17792 + -0.74734
------------------------------
Epoch: 12000 / 18000. Total scaled loss: 1.2970e-02, 
                    ODE(0) loss: 4.0860e-06, 
                    ODE(1) loss: 4.8707e-05, 
                    Non-trivial solution loss: 4.9308e-06,
                    Physics loss: 1.2393e-02,
                    Initial value of rho: -0.03359 + -0.90153i,
                    Current value of rho: -0.15997 + -0.76013i,
                    Target rho: -0.17792 + -0.74734
------------------------------
Epoch: 12500 / 18000. Total scaled loss: 1.3842e-02, 
                    ODE(0) loss: 5.8979e-05, 
                    ODE(1) loss: 5.3279e-04, 
                    Non-trivial solution loss: 1.4811e-06,
                    Physics loss: 7.9097e-03,
                    Initial value of rho: -0.03359 + -0.90153i,
                    Current value of rho: -0.16320 + -0.75562i,
                    Target rho: -0.17792 + -0.74734
------------------------------
Epoch: 13000 / 18000. Total scaled loss: 5.2281e-03, 
                    ODE(0) loss: 1.5364e-06, 
                    ODE(1) loss: 1.2886e-05, 
                    Non-trivial solution loss: 9.7277e-07,
                    Physics loss: 5.0741e-03,
                    Initial value of rho: -0.03359 + -0.90153i,
                    Current value of rho: -0.16567 + -0.75306i,
                    Target rho: -0.17792 + -0.74734
------------------------------
Epoch: 13500 / 18000. Total scaled loss: 4.3019e-03, 
                    ODE(0) loss: 7.1675e-06, 
                    ODE(1) loss: 7.7797e-05, 
                    Non-trivial solution loss: 1.5536e-06,
                    Physics loss: 3.4368e-03,
                    Initial value of rho: -0.03359 + -0.90153i,
                    Current value of rho: -0.16766 + -0.75139i,
                    Target rho: -0.17792 + -0.74734
------------------------------
Epoch: 14000 / 18000. Total scaled loss: 2.9278e-03, 
                    ODE(0) loss: 4.0739e-06, 
                    ODE(1) loss: 2.1249e-05, 
                    Non-trivial solution loss: 1.5790e-07,
                    Physics loss: 2.6730e-03,
                    Initial value of rho: -0.03359 + -0.90153i,
                    Current value of rho: -0.16929 + -0.75025i,
                    Target rho: -0.17792 + -0.74734
------------------------------
Epoch: 14500 / 18000. Total scaled loss: 3.5854e-02, 
                    ODE(0) loss: 3.8326e-04, 
                    ODE(1) loss: 2.7922e-03, 
                    Non-trivial solution loss: 3.8784e-06,
                    Physics loss: 3.6585e-03,
                    Initial value of rho: -0.03359 + -0.90153i,
                    Current value of rho: -0.17066 + -0.74939i,
                    Target rho: -0.17792 + -0.74734
------------------------------
Epoch: 15000 / 18000. Total scaled loss: 5.3304e-03, 
                    ODE(0) loss: 2.9705e-05, 
                    ODE(1) loss: 2.4263e-04, 
                    Non-trivial solution loss: 2.3047e-07,
                    Physics loss: 1.5639e-03,
                    Initial value of rho: -0.03359 + -0.90153i,
                    Current value of rho: -0.17217 + -0.74858i,
                    Target rho: -0.17792 + -0.74734
------------------------------
Epoch: 15500 / 18000. Total scaled loss: 1.6714e-03, 
                    ODE(0) loss: 7.2303e-08, 
                    ODE(1) loss: 3.9838e-06, 
                    Non-trivial solution loss: 4.1625e-07,
                    Physics loss: 7.3236e-04,
                    Initial value of rho: -0.03359 + -0.90153i,
                    Current value of rho: -0.17380 + -0.74781i,
                    Target rho: -0.17792 + -0.74734
------------------------------
Epoch: 16000 / 18000. Total scaled loss: 1.1440e-03, 
                    ODE(0) loss: 2.3866e-07, 
                    ODE(1) loss: 1.2328e-07, 
                    Non-trivial solution loss: 2.4220e-07,
                    Physics loss: 4.0982e-04,
                    Initial value of rho: -0.03359 + -0.90153i,
                    Current value of rho: -0.17528 + -0.74730i,
                    Target rho: -0.17792 + -0.74734
------------------------------
Epoch: 16500 / 18000. Total scaled loss: 4.8258e-02, 
                    ODE(0) loss: 3.8302e-04, 
                    ODE(1) loss: 3.8232e-03, 
                    Non-trivial solution loss: 1.6504e-05,
                    Physics loss: 1.8098e-03,
                    Initial value of rho: -0.03359 + -0.90153i,
                    Current value of rho: -0.17640 + -0.74711i,
                    Target rho: -0.17792 + -0.74734
------------------------------
Epoch: 17000 / 18000. Total scaled loss: 6.2636e-04, 
                    ODE(0) loss: 1.3100e-06, 
                    ODE(1) loss: 1.0262e-05, 
                    Non-trivial solution loss: 3.8510e-07,
                    Physics loss: 1.3035e-04,
                    Initial value of rho: -0.03359 + -0.90153i,
                    Current value of rho: -0.17714 + -0.74712i,
                    Target rho: -0.17792 + -0.74734
------------------------------
Epoch: 17500 / 18000. Total scaled loss: 5.7821e-03, 
                    ODE(0) loss: 5.0079e-05, 
                    ODE(1) loss: 4.6300e-04, 
                    Non-trivial solution loss: 2.7247e-06,
                    Physics loss: 1.4045e-04,
                    Initial value of rho: -0.03359 + -0.90153i,
                    Current value of rho: -0.17760 + -0.74724i,
                    Target rho: -0.17792 + -0.74734
------------------------------
Epoch: 18000 / 18000. Total scaled loss: 3.5519e-04, 
                    ODE(0) loss: 5.6513e-07, 
                    ODE(1) loss: 6.0936e-06, 
                    Non-trivial solution loss: 1.1261e-07,
                    Physics loss: 5.7508e-05,
                    Initial value of rho: -0.03359 + -0.90153i,
                    Current value of rho: -0.17787 + -0.74737i,
                    Target rho: -0.17792 + -0.74734
------------------------------
Adam training complete. Switching to L-BFGS:
L-BFGS Epoch: 100 / 1000. Total scaled loss: 3.1276e-06, 
                    ODE(0) loss: 1.1113e-10, 
                    ODE(1) loss: 3.3111e-12, 
                    Non-trivial solution loss: 6.9100e-12,
                    Physics loss: 3.1264e-06,
                    Initial value of rho: -0.03359 + -0.90153i,
                    Current value of rho: -0.17770 + -0.74734i,
                    Target rho: -0.17792 + -0.74734
------------------------------
L-BFGS Epoch: 200 / 1000. Total scaled loss: 2.0130e-06, 
                    ODE(0) loss: 1.1828e-10, 
                    ODE(1) loss: 1.9341e-11, 
                    Non-trivial solution loss: 1.6378e-12,
                    Physics loss: 2.0116e-06,
                    Initial value of rho: -0.03359 + -0.90153i,
                    Current value of rho: -0.17783 + -0.74740i,
                    Target rho: -0.17792 + -0.74734
------------------------------
L-BFGS Epoch: 300 / 1000. Total scaled loss: 2.0225e-06, 
                    ODE(0) loss: 9.9595e-11, 
                    ODE(1) loss: 3.8213e-11, 
                    Non-trivial solution loss: 2.0288e-12,
                    Physics loss: 2.0211e-06,
                    Initial value of rho: -0.03359 + -0.90153i,
                    Current value of rho: -0.17783 + -0.74740i,
                    Target rho: -0.17792 + -0.74734
------------------------------
L-BFGS Epoch: 400 / 1000. Total scaled loss: 1.9979e-06, 
                    ODE(0) loss: 1.4080e-10, 
                    ODE(1) loss: 1.0237e-10, 
                    Non-trivial solution loss: 9.4540e-12,
                    Physics loss: 1.9954e-06,
                    Initial value of rho: -0.03359 + -0.90153i,
                    Current value of rho: -0.17783 + -0.74740i,
                    Target rho: -0.17792 + -0.74734
------------------------------
L-BFGS Epoch: 500 / 1000. Total scaled loss: 1.9875e-06, 
                    ODE(0) loss: 1.8480e-10, 
                    ODE(1) loss: 1.5589e-11, 
                    Non-trivial solution loss: 1.5096e-11,
                    Physics loss: 1.9854e-06,
                    Initial value of rho: -0.03359 + -0.90153i,
                    Current value of rho: -0.17783 + -0.74740i,
                    Target rho: -0.17792 + -0.74734
------------------------------
L-BFGS Epoch: 600 / 1000. Total scaled loss: 2.0171e-06, 
                    ODE(0) loss: 1.6683e-10, 
                    ODE(1) loss: 5.6843e-11, 
                    Non-trivial solution loss: 9.9192e-12,
                    Physics loss: 2.0147e-06,
                    Initial value of rho: -0.03359 + -0.90153i,
                    Current value of rho: -0.17783 + -0.74740i,
                    Target rho: -0.17792 + -0.74734
------------------------------
L-BFGS Epoch: 700 / 1000. Total scaled loss: 2.0021e-06, 
                    ODE(0) loss: 1.5680e-10, 
                    ODE(1) loss: 4.7194e-11, 
                    Non-trivial solution loss: 6.5037e-13,
                    Physics loss: 2.0000e-06,
                    Initial value of rho: -0.03359 + -0.90153i,
                    Current value of rho: -0.17783 + -0.74740i,
                    Target rho: -0.17792 + -0.74734
------------------------------
L-BFGS Epoch: 800 / 1000. Total scaled loss: 1.9880e-06, 
                    ODE(0) loss: 1.4102e-10, 
                    ODE(1) loss: 5.7881e-11, 
                    Non-trivial solution loss: 1.9682e-12,
                    Physics loss: 1.9860e-06,
                    Initial value of rho: -0.03359 + -0.90153i,
                    Current value of rho: -0.17782 + -0.74740i,
                    Target rho: -0.17792 + -0.74734
------------------------------
L-BFGS Epoch: 900 / 1000. Total scaled loss: 1.9958e-06, 
                    ODE(0) loss: 1.4325e-10, 
                    ODE(1) loss: 7.4635e-11, 
                    Non-trivial solution loss: 3.5891e-12,
                    Physics loss: 1.9936e-06,
                    Initial value of rho: -0.03359 + -0.90153i,
                    Current value of rho: -0.17782 + -0.74741i,
                    Target rho: -0.17792 + -0.74734
------------------------------
L-BFGS Epoch: 1000 / 1000. Total scaled loss: 1.9577e-06, 
                    ODE(0) loss: 1.8136e-10, 
                    ODE(1) loss: 1.1653e-11, 
                    Non-trivial solution loss: 5.6245e-11,
                    Physics loss: 1.9552e-06,
                    Initial value of rho: -0.03359 + -0.90153i,
                    Current value of rho: -0.17782 + -0.74739i,
                    Target rho: -0.17792 + -0.74734
------------------------------
Training complete for l = 2. Total scaled loss: 1.9577e-06, 
                    ODE(0) loss: 1.8136e-10, 
                    ODE(1) loss: 1.1653e-11, 
                    Non-trivial solution loss: 5.6245e-11,
                    Physics loss: 1.9552e-06,
                    Current value of rho: -0.17782 + -0.74739i
                    Target rho: -0.17792 + -0.74734
Result saved to ./RepeatRunQNM/l2/delta0.6/49/result.txt
Training complete. Checkpoint saved to ./RepeatRunQNM/l2/delta0.6/49/pinn_checkpoint_qnm_l2_delta0.6_run49.pth
l = 2 mode with delta = 0.6 completed successfully.
