000 (308652.047.000) 2026-03-10 11:28:15 Job submitted from host: <130.209.45.81:9618?addrs=130.209.45.81-9618&alias=wiay.astro.gla.ac.uk&noUDP&sock=schedd_8023_b06c>
...
001 (308652.047.000) 2026-03-10 12:42:30 Job executing on host: <130.209.45.171:9619?addrs=130.209.45.171-9619&alias=puck.astro.gla.ac.uk&noUDP&sock=startd_73_f6e8>
	SlotName: slot1_1@puck.astro.gla.ac.uk
	AvailableGPUs = { GPUs_GPU_6deab5cf }
	CondorScratchDir = "/var/lib/condor/execute/dir_303767"
	Cpus = 1
	Disk = 2048
	GPUs = 1
	GPUs_GPU_6deab5cf = [ Id = "GPU-6deab5cf"; ClockMhz = 2655.0; Capability = 12.0; CoresPerCU = 128; DeviceName = "NVIDIA GeForce RTX 5090"; DeviceUuid = "6deab5cf-f3f8-078d-fee6-a01e4b21ea0e"; ECCEnabled = false; ComputeUnits = 170; NvidiaDriver = "590.48.01"; DriverVersion = 13.1; DevicePciBusId = "0000:21:00.0"; GlobalMemoryMb = 32104; MaxSupportedVersion = 13010 ]
	Memory = 2048
...
006 (308652.047.000) 2026-03-10 12:42:39 Image size of job updated: 663396
	648  -  MemoryUsage of job (MB)
	663396  -  ResidentSetSize of job (KB)
...
006 (308652.047.000) 2026-03-10 12:46:32 Image size of job updated: 1370228
	650  -  MemoryUsage of job (MB)
	665456  -  ResidentSetSize of job (KB)
...
005 (308652.047.000) 2026-03-10 12:46:32 Job terminated.
	(1) Normal termination (return value 0)
		Usr 0 00:03:48, Sys 0 00:00:01  -  Run Remote Usage
		Usr 0 00:00:00, Sys 0 00:00:00  -  Run Local Usage
		Usr 0 00:03:48, Sys 0 00:00:01  -  Total Remote Usage
		Usr 0 00:00:00, Sys 0 00:00:00  -  Total Local Usage
	0  -  Run Bytes Sent By Job
	0  -  Run Bytes Received By Job
	0  -  Total Bytes Sent By Job
	0  -  Total Bytes Received By Job
	Partitionable Resources :    Usage  Request Allocated Assigned
	   Cpus                 :     0.98        1         1 
	   Disk (KB)            :     1        1024      2048 
	   GPUs                 :     0.40        1         1 "GPU-6deab5cf"
	   GpusMemory (MB)      :  1321                       
	   Memory (MB)          :   650        2048      2048 
	   TimeExecute (s)      :   242                       
	   TimeSlotBusy (s)     :   242                       
...
