Using device: cuda
------------------------------
Starting training for l = 2 with delta = 0.6
Initial rho: 0.07218 + -0.25837i
Target rho: -0.17792 + -0.74734i
Initial distance from target: 0.54922
------------------------------
Epoch: 1 / 18000. Total scaled loss: 3.6499e+02, 
                    ODE(0) loss: 6.7510e-01, 
                    ODE(1) loss: 2.0038e+00, 
                    Non-trivial solution loss: 9.7087e-01,
                    Physics loss: 1.2459e+00,
                    Initial value of rho: 0.07218 + -0.25837i,
                    Current value of rho: 0.07218 + -0.25837i,
                    Target rho: -0.17792 + -0.74734
------------------------------
Epoch: 500 / 18000. Total scaled loss: 1.9679e-01, 
                    ODE(0) loss: 3.4256e-08, 
                    ODE(1) loss: 1.0553e-07, 
                    Non-trivial solution loss: 4.1278e-06,
                    Physics loss: 1.9637e+01,
                    Initial value of rho: 0.07218 + -0.25837i,
                    Current value of rho: 0.07218 + -0.25837i,
                    Target rho: -0.17792 + -0.74734
------------------------------
Epoch: 1000 / 18000. Total scaled loss: 1.9093e-01, 
                    ODE(0) loss: 3.4327e-08, 
                    ODE(1) loss: 1.2344e-07, 
                    Non-trivial solution loss: 3.6556e-06,
                    Physics loss: 1.9055e+01,
                    Initial value of rho: 0.07218 + -0.25837i,
                    Current value of rho: 0.07218 + -0.25837i,
                    Target rho: -0.17792 + -0.74734
------------------------------
Epoch: 1500 / 18000. Total scaled loss: 1.9281e-01, 
                    ODE(0) loss: 6.8977e-08, 
                    ODE(1) loss: 1.5496e-08, 
                    Non-trivial solution loss: 3.5521e-06,
                    Physics loss: 1.9245e+01,
                    Initial value of rho: 0.07218 + -0.25837i,
                    Current value of rho: 0.07218 + -0.25837i,
                    Target rho: -0.17792 + -0.74734
------------------------------
Epoch: 2000 / 18000. Total scaled loss: 2.3253e-01, 
                    ODE(0) loss: 1.6830e-05, 
                    ODE(1) loss: 3.9493e-04, 
                    Non-trivial solution loss: 1.0231e-05,
                    Physics loss: 1.9033e+01,
                    Initial value of rho: 0.07218 + -0.25837i,
                    Current value of rho: 0.07218 + -0.25837i,
                    Target rho: -0.17792 + -0.74734
------------------------------
Epoch: 2500 / 18000. Total scaled loss: 3.4082e-01, 
                    ODE(0) loss: 8.5424e-05, 
                    ODE(1) loss: 1.4531e-03, 
                    Non-trivial solution loss: 2.0421e-05,
                    Physics loss: 1.8492e+01,
                    Initial value of rho: 0.07218 + -0.25837i,
                    Current value of rho: 0.07218 + -0.25837i,
                    Target rho: -0.17792 + -0.74734
------------------------------
Epoch: 3000 / 18000. Total scaled loss: 3.2179e-01, 
                    ODE(0) loss: 5.8000e-05, 
                    ODE(1) loss: 1.2679e-03, 
                    Non-trivial solution loss: 2.5144e-05,
                    Physics loss: 1.8669e+01,
                    Initial value of rho: 0.07218 + -0.25837i,
                    Current value of rho: 0.07218 + -0.25837i,
                    Target rho: -0.17792 + -0.74734
------------------------------
Epoch: 3500 / 18000. Total scaled loss: 1.8145e-01, 
                    ODE(0) loss: 3.3433e-07, 
                    ODE(1) loss: 5.3843e-06, 
                    Non-trivial solution loss: 3.0970e-06,
                    Physics loss: 1.8057e+01,
                    Initial value of rho: 0.07218 + -0.25837i,
                    Current value of rho: 0.07218 + -0.25837i,
                    Target rho: -0.17792 + -0.74734
------------------------------
Epoch: 4000 / 18000. Total scaled loss: 2.2541e+00, 
                    ODE(0) loss: 3.2021e-04, 
                    ODE(1) loss: 2.5123e-06, 
                    Non-trivial solution loss: 5.6694e-04,
                    Physics loss: 1.4476e+01,
                    Initial value of rho: 0.07218 + -0.25837i,
                    Current value of rho: 0.07218 + -0.25837i,
                    Target rho: -0.17792 + -0.74734
------------------------------
Epoch: 4500 / 18000. Total scaled loss: 1.7543e+00, 
                    ODE(0) loss: 1.7232e-06, 
                    ODE(1) loss: 9.2061e-07, 
                    Non-trivial solution loss: 5.3426e-04,
                    Physics loss: 8.0362e+00,
                    Initial value of rho: 0.07218 + -0.25837i,
                    Current value of rho: 0.07218 + -0.25837i,
                    Target rho: -0.17792 + -0.74734
------------------------------
Epoch: 5000 / 18000. Total scaled loss: 1.8477e+00, 
                    ODE(0) loss: 1.7153e-04, 
                    ODE(1) loss: 2.3897e-06, 
                    Non-trivial solution loss: 5.0875e-04,
                    Physics loss: 6.5171e+00,
                    Initial value of rho: 0.07218 + -0.25837i,
                    Current value of rho: 0.07218 + -0.25837i,
                    Target rho: -0.17792 + -0.74734
------------------------------
Epoch: 5500 / 18000. Total scaled loss: 2.1877e+00, 
                    ODE(0) loss: 3.8501e-04, 
                    ODE(1) loss: 1.3073e-04, 
                    Non-trivial solution loss: 1.3942e-03,
                    Physics loss: 6.0527e+00,
                    Initial value of rho: 0.07218 + -0.25837i,
                    Current value of rho: 0.07218 + -0.25837i,
                    Target rho: -0.17792 + -0.74734
------------------------------
Epoch: 6000 / 18000. Total scaled loss: 2.4070e+00, 
                    ODE(0) loss: 1.3489e-06, 
                    ODE(1) loss: 6.6688e-07, 
                    Non-trivial solution loss: 1.3578e-03,
                    Physics loss: 5.7814e+00,
                    Initial value of rho: 0.07218 + -0.25837i,
                    Current value of rho: 0.07218 + -0.25837i,
                    Target rho: -0.17792 + -0.74734
------------------------------
Epoch: 6500 / 18000. Total scaled loss: 2.6352e+00, 
                    ODE(0) loss: 3.2980e-05, 
                    ODE(1) loss: 1.0071e-06, 
                    Non-trivial solution loss: 1.8450e-03,
                    Physics loss: 5.4402e+00,
                    Initial value of rho: 0.07218 + -0.25837i,
                    Current value of rho: 0.07218 + -0.25837i,
                    Target rho: -0.17792 + -0.74734
------------------------------
Epoch: 7000 / 18000. Total scaled loss: 4.5906e+00, 
                    ODE(0) loss: 3.0185e-02, 
                    ODE(1) loss: 1.0538e-03, 
                    Non-trivial solution loss: 1.1046e-03,
                    Physics loss: 5.2019e+00,
                    Initial value of rho: 0.07218 + -0.25837i,
                    Current value of rho: 0.07218 + -0.25837i,
                    Target rho: -0.17792 + -0.74734
------------------------------
Epoch: 7500 / 18000. Total scaled loss: 3.0346e+00, 
                    ODE(0) loss: 2.7568e-07, 
                    ODE(1) loss: 8.4112e-08, 
                    Non-trivial solution loss: 3.7687e-03,
                    Physics loss: 4.8374e+00,
                    Initial value of rho: 0.07218 + -0.25837i,
                    Current value of rho: 0.07218 + -0.25837i,
                    Target rho: -0.17792 + -0.74734
------------------------------
Epoch: 8000 / 18000. Total scaled loss: 3.2828e+00, 
                    ODE(0) loss: 6.8722e-04, 
                    ODE(1) loss: 1.8526e-05, 
                    Non-trivial solution loss: 5.4118e-03,
                    Physics loss: 4.6277e+00,
                    Initial value of rho: 0.07218 + -0.25837i,
                    Current value of rho: 0.07218 + -0.25837i,
                    Target rho: -0.17792 + -0.74734
------------------------------
Epoch: 8500 / 18000. Total scaled loss: 3.4267e+00, 
                    ODE(0) loss: 4.9320e-05, 
                    ODE(1) loss: 6.6585e-07, 
                    Non-trivial solution loss: 8.6397e-03,
                    Physics loss: 4.3375e+00,
                    Initial value of rho: 0.07218 + -0.25837i,
                    Current value of rho: 0.07218 + -0.25837i,
                    Target rho: -0.17792 + -0.74734
------------------------------
Epoch: 9000 / 18000. Total scaled loss: 3.5582e+00, 
                    ODE(0) loss: 6.8285e-05, 
                    ODE(1) loss: 1.3524e-06, 
                    Non-trivial solution loss: 1.2867e-02,
                    Physics loss: 4.0491e+00,
                    Initial value of rho: 0.07218 + -0.25837i,
                    Current value of rho: 0.07218 + -0.25837i,
                    Target rho: -0.17792 + -0.74734
------------------------------
Unfreezing rho...
Epoch: 9500 / 18000. Total scaled loss: 3.1603e+00, 
                    ODE(0) loss: 2.1879e-04, 
                    ODE(1) loss: 1.1827e-05, 
                    Non-trivial solution loss: 1.4779e-02,
                    Physics loss: 3.3033e+00,
                    Initial value of rho: 0.07218 + -0.25837i,
                    Current value of rho: 0.02853 + -0.28949i,
                    Target rho: -0.17792 + -0.74734
------------------------------
Epoch: 10000 / 18000. Total scaled loss: 2.5664e+00, 
                    ODE(0) loss: 7.4943e-05, 
                    ODE(1) loss: 1.8783e-06, 
                    Non-trivial solution loss: 1.7978e-02,
                    Physics loss: 2.4504e+00,
                    Initial value of rho: 0.07218 + -0.25837i,
                    Current value of rho: -0.01340 + -0.32248i,
                    Target rho: -0.17792 + -0.74734
------------------------------
Epoch: 10500 / 18000. Total scaled loss: 2.1743e+00, 
                    ODE(0) loss: 9.2837e-06, 
                    ODE(1) loss: 7.3808e-06, 
                    Non-trivial solution loss: 2.6314e-02,
                    Physics loss: 1.8827e+00,
                    Initial value of rho: 0.07218 + -0.25837i,
                    Current value of rho: -0.05439 + -0.35931i,
                    Target rho: -0.17792 + -0.74734
------------------------------
Epoch: 11000 / 18000. Total scaled loss: 1.7365e+00, 
                    ODE(0) loss: 1.2884e-05, 
                    ODE(1) loss: 3.3927e-05, 
                    Non-trivial solution loss: 2.8692e-02,
                    Physics loss: 1.4492e+00,
                    Initial value of rho: 0.07218 + -0.25837i,
                    Current value of rho: -0.09351 + -0.39730i,
                    Target rho: -0.17792 + -0.74734
------------------------------
Epoch: 11500 / 18000. Total scaled loss: 1.2706e+00, 
                    ODE(0) loss: 6.9500e-05, 
                    ODE(1) loss: 4.8466e-07, 
                    Non-trivial solution loss: 1.7105e-02,
                    Physics loss: 1.0988e+00,
                    Initial value of rho: 0.07218 + -0.25837i,
                    Current value of rho: -0.12993 + -0.43618i,
                    Target rho: -0.17792 + -0.74734
------------------------------
Epoch: 12000 / 18000. Total scaled loss: 9.8433e-01, 
                    ODE(0) loss: 1.3501e-04, 
                    ODE(1) loss: 4.4253e-06, 
                    Non-trivial solution loss: 9.9929e-03,
                    Physics loss: 8.8301e-01,
                    Initial value of rho: 0.07218 + -0.25837i,
                    Current value of rho: -0.16128 + -0.47500i,
                    Target rho: -0.17792 + -0.74734
------------------------------
Epoch: 12500 / 18000. Total scaled loss: 7.5225e-01, 
                    ODE(0) loss: 5.0460e-05, 
                    ODE(1) loss: 5.6247e-06, 
                    Non-trivial solution loss: 5.8966e-03,
                    Physics loss: 6.9272e-01,
                    Initial value of rho: 0.07218 + -0.25837i,
                    Current value of rho: -0.18734 + -0.51145i,
                    Target rho: -0.17792 + -0.74734
------------------------------
Epoch: 13000 / 18000. Total scaled loss: 5.4216e-01, 
                    ODE(0) loss: 2.0412e-05, 
                    ODE(1) loss: 2.5983e-05, 
                    Non-trivial solution loss: 3.4270e-03,
                    Physics loss: 5.0743e-01,
                    Initial value of rho: 0.07218 + -0.25837i,
                    Current value of rho: -0.20876 + -0.54372i,
                    Target rho: -0.17792 + -0.74734
------------------------------
Epoch: 13500 / 18000. Total scaled loss: 4.6862e-01, 
                    ODE(0) loss: 1.1108e-04, 
                    ODE(1) loss: 2.1811e-05, 
                    Non-trivial solution loss: 2.2272e-03,
                    Physics loss: 4.4502e-01,
                    Initial value of rho: 0.07218 + -0.25837i,
                    Current value of rho: -0.22626 + -0.56987i,
                    Target rho: -0.17792 + -0.74734
------------------------------
Epoch: 14000 / 18000. Total scaled loss: 3.8059e-01, 
                    ODE(0) loss: 1.3924e-05, 
                    ODE(1) loss: 2.4692e-05, 
                    Non-trivial solution loss: 1.5998e-03,
                    Physics loss: 3.6421e-01,
                    Initial value of rho: 0.07218 + -0.25837i,
                    Current value of rho: -0.24062 + -0.59052i,
                    Target rho: -0.17792 + -0.74734
------------------------------
Epoch: 14500 / 18000. Total scaled loss: 3.6162e-01, 
                    ODE(0) loss: 1.2937e-05, 
                    ODE(1) loss: 2.6845e-05, 
                    Non-trivial solution loss: 1.4889e-03,
                    Physics loss: 3.1201e-01,
                    Initial value of rho: 0.07218 + -0.25837i,
                    Current value of rho: -0.25275 + -0.60681i,
                    Target rho: -0.17792 + -0.74734
------------------------------
Epoch: 15000 / 18000. Total scaled loss: 4.5950e-01, 
                    ODE(0) loss: 6.1861e-04, 
                    ODE(1) loss: 2.9207e-04, 
                    Non-trivial solution loss: 2.0378e-03,
                    Physics loss: 2.5818e-01,
                    Initial value of rho: 0.07218 + -0.25837i,
                    Current value of rho: -0.26619 + -0.62396i,
                    Target rho: -0.17792 + -0.74734
------------------------------
Epoch: 15500 / 18000. Total scaled loss: 4.8252e-01, 
                    ODE(0) loss: 4.4229e-05, 
                    ODE(1) loss: 3.6166e-06, 
                    Non-trivial solution loss: 2.4001e-03,
                    Physics loss: 2.0622e-01,
                    Initial value of rho: 0.07218 + -0.25837i,
                    Current value of rho: -0.28056 + -0.64119i,
                    Target rho: -0.17792 + -0.74734
------------------------------
Epoch: 16000 / 18000. Total scaled loss: 4.8408e-01, 
                    ODE(0) loss: 3.5588e-04, 
                    ODE(1) loss: 2.3711e-04, 
                    Non-trivial solution loss: 2.8449e-03,
                    Physics loss: 1.6196e-01,
                    Initial value of rho: 0.07218 + -0.25837i,
                    Current value of rho: -0.29373 + -0.65596i,
                    Target rho: -0.17792 + -0.74734
------------------------------
Epoch: 16500 / 18000. Total scaled loss: 4.8621e-01, 
                    ODE(0) loss: 1.7524e-04, 
                    ODE(1) loss: 8.7175e-05, 
                    Non-trivial solution loss: 2.6255e-03,
                    Physics loss: 1.3725e-01,
                    Initial value of rho: 0.07218 + -0.25837i,
                    Current value of rho: -0.30618 + -0.66676i,
                    Target rho: -0.17792 + -0.74734
------------------------------
Epoch: 17000 / 18000. Total scaled loss: 4.8572e-01, 
                    ODE(0) loss: 3.9602e-04, 
                    ODE(1) loss: 2.4639e-04, 
                    Non-trivial solution loss: 2.4369e-03,
                    Physics loss: 1.1701e-01,
                    Initial value of rho: 0.07218 + -0.25837i,
                    Current value of rho: -0.32217 + -0.67500i,
                    Target rho: -0.17792 + -0.74734
------------------------------
Epoch: 17500 / 18000. Total scaled loss: 4.5485e-01, 
                    ODE(0) loss: 6.6229e-04, 
                    ODE(1) loss: 5.9113e-04, 
                    Non-trivial solution loss: 2.0638e-03,
                    Physics loss: 9.4900e-02,
                    Initial value of rho: 0.07218 + -0.25837i,
                    Current value of rho: -0.34604 + -0.68135i,
                    Target rho: -0.17792 + -0.74734
------------------------------
Epoch: 18000 / 18000. Total scaled loss: 4.0680e-01, 
                    ODE(0) loss: 2.5483e-03, 
                    ODE(1) loss: 1.5596e-03, 
                    Non-trivial solution loss: 1.0980e-03,
                    Physics loss: 7.0964e-02,
                    Initial value of rho: 0.07218 + -0.25837i,
                    Current value of rho: -0.37987 + -0.68592i,
                    Target rho: -0.17792 + -0.74734
------------------------------
Adam training complete. Switching to L-BFGS:
L-BFGS Epoch: 100 / 1000. Total scaled loss: 5.8009e-05, 
                    ODE(0) loss: 1.7733e-09, 
                    ODE(1) loss: 9.7661e-09, 
                    Non-trivial solution loss: 4.3952e-11,
                    Physics loss: 5.7894e-05,
                    Initial value of rho: 0.07218 + -0.25837i,
                    Current value of rho: -1.47117 + -0.02907i,
                    Target rho: -0.17792 + -0.74734
------------------------------
L-BFGS Epoch: 200 / 1000. Total scaled loss: 5.8324e-05, 
                    ODE(0) loss: 1.3240e-09, 
                    ODE(1) loss: 9.6945e-09, 
                    Non-trivial solution loss: 1.2047e-11,
                    Physics loss: 5.8214e-05,
                    Initial value of rho: 0.07218 + -0.25837i,
                    Current value of rho: -1.47339 + -0.02869i,
                    Target rho: -0.17792 + -0.74734
------------------------------
L-BFGS Epoch: 300 / 1000. Total scaled loss: 5.8699e-05, 
                    ODE(0) loss: 1.7620e-09, 
                    ODE(1) loss: 1.0373e-08, 
                    Non-trivial solution loss: 8.2748e-11,
                    Physics loss: 5.8577e-05,
                    Initial value of rho: 0.07218 + -0.25837i,
                    Current value of rho: -1.47267 + -0.02895i,
                    Target rho: -0.17792 + -0.74734
------------------------------
L-BFGS Epoch: 400 / 1000. Total scaled loss: 5.8670e-05, 
                    ODE(0) loss: 2.0828e-09, 
                    ODE(1) loss: 8.0162e-09, 
                    Non-trivial solution loss: 1.1962e-11,
                    Physics loss: 5.8569e-05,
                    Initial value of rho: 0.07218 + -0.25837i,
                    Current value of rho: -1.47360 + -0.02883i,
                    Target rho: -0.17792 + -0.74734
------------------------------
L-BFGS Epoch: 500 / 1000. Total scaled loss: 5.7915e-05, 
                    ODE(0) loss: 1.9770e-09, 
                    ODE(1) loss: 1.0164e-08, 
                    Non-trivial solution loss: 1.6504e-11,
                    Physics loss: 5.7793e-05,
                    Initial value of rho: 0.07218 + -0.25837i,
                    Current value of rho: -1.47396 + -0.02888i,
                    Target rho: -0.17792 + -0.74734
------------------------------
L-BFGS Epoch: 600 / 1000. Total scaled loss: 5.7498e-05, 
                    ODE(0) loss: 1.1006e-09, 
                    ODE(1) loss: 1.1916e-08, 
                    Non-trivial solution loss: 4.5021e-11,
                    Physics loss: 5.7367e-05,
                    Initial value of rho: 0.07218 + -0.25837i,
                    Current value of rho: -1.47323 + -0.02917i,
                    Target rho: -0.17792 + -0.74734
------------------------------
L-BFGS Epoch: 700 / 1000. Total scaled loss: 5.7569e-05, 
                    ODE(0) loss: 1.6705e-09, 
                    ODE(1) loss: 1.0068e-08, 
                    Non-trivial solution loss: 3.2916e-11,
                    Physics loss: 5.7451e-05,
                    Initial value of rho: 0.07218 + -0.25837i,
                    Current value of rho: -1.47313 + -0.02901i,
                    Target rho: -0.17792 + -0.74734
------------------------------
L-BFGS Epoch: 800 / 1000. Total scaled loss: 3.9606e-05, 
                    ODE(0) loss: 2.8872e-09, 
                    ODE(1) loss: 1.0123e-08, 
                    Non-trivial solution loss: 1.7303e-10,
                    Physics loss: 3.9475e-05,
                    Initial value of rho: 0.07218 + -0.25837i,
                    Current value of rho: -1.58389 + -0.04039i,
                    Target rho: -0.17792 + -0.74734
------------------------------
L-BFGS Epoch: 900 / 1000. Total scaled loss: 3.9418e-05, 
                    ODE(0) loss: 3.0378e-09, 
                    ODE(1) loss: 9.4148e-09, 
                    Non-trivial solution loss: 6.5283e-10,
                    Physics loss: 3.9287e-05,
                    Initial value of rho: 0.07218 + -0.25837i,
                    Current value of rho: -1.58555 + -0.03997i,
                    Target rho: -0.17792 + -0.74734
------------------------------
L-BFGS Epoch: 1000 / 1000. Total scaled loss: 3.9503e-05, 
                    ODE(0) loss: 2.0185e-09, 
                    ODE(1) loss: 8.7129e-09, 
                    Non-trivial solution loss: 1.7815e-10,
                    Physics loss: 3.9394e-05,
                    Initial value of rho: 0.07218 + -0.25837i,
                    Current value of rho: -1.58344 + -0.04037i,
                    Target rho: -0.17792 + -0.74734
------------------------------
Training complete for l = 2. Total scaled loss: 3.9503e-05, 
                    ODE(0) loss: 2.0185e-09, 
                    ODE(1) loss: 8.7129e-09, 
                    Non-trivial solution loss: 1.7815e-10,
                    Physics loss: 3.9394e-05,
                    Current value of rho: -1.58344 + -0.04037i
                    Target rho: -0.17792 + -0.74734
