000 (308657.040.000) 2026-03-11 11:51:19 Job submitted from host: <130.209.45.81:9618?addrs=130.209.45.81-9618&alias=wiay.astro.gla.ac.uk&noUDP&sock=schedd_8023_b06c>
...
001 (308657.040.000) 2026-03-11 13:02:09 Job executing on host: <130.209.45.81:9619?addrs=130.209.45.81-9619&alias=wiay.astro.gla.ac.uk&noUDP&sock=startd_35_e64f>
	SlotName: slot1_2@wiay.astro.gla.ac.uk
	AvailableGPUs = { GPUs_GPU_ccce0a6d }
	CondorScratchDir = "/var/lib/condor/execute/dir_463205"
	Cpus = 1
	Disk = 2048
	GPUs = 1
	GPUs_GPU_ccce0a6d = [ Id = "GPU-ccce0a6d"; ClockMhz = 1545.0; Capability = 7.5; CoresPerCU = 64; DeviceName = "NVIDIA GeForce RTX 2080 Ti"; DeviceUuid = "ccce0a6d-fcb7-3017-31fe-49f0f1089b6b"; ECCEnabled = false; ComputeUnits = 68; NvidiaDriver = "555.42.06"; DriverVersion = 12.5; DevicePciBusId = "0000:B1:00.0"; GlobalMemoryMb = 10827; MaxSupportedVersion = 12050 ]
	Memory = 2048
...
006 (308657.040.000) 2026-03-11 13:02:18 Image size of job updated: 731108
	714  -  MemoryUsage of job (MB)
	731108  -  ResidentSetSize of job (KB)
...
006 (308657.040.000) 2026-03-11 13:07:19 Image size of job updated: 800368
	782  -  MemoryUsage of job (MB)
	800368  -  ResidentSetSize of job (KB)
...
006 (308657.040.000) 2026-03-11 13:12:19 Image size of job updated: 960896
	939  -  MemoryUsage of job (MB)
	960896  -  ResidentSetSize of job (KB)
...
006 (308657.040.000) 2026-03-11 13:14:51 Image size of job updated: 1067212
	939  -  MemoryUsage of job (MB)
	960896  -  ResidentSetSize of job (KB)
...
005 (308657.040.000) 2026-03-11 13:14:51 Job terminated.
	(1) Normal termination (return value 1)
		Usr 0 00:12:24, Sys 0 00:00:09  -  Run Remote Usage
		Usr 0 00:00:00, Sys 0 00:00:00  -  Run Local Usage
		Usr 0 00:12:24, Sys 0 00:00:09  -  Total Remote Usage
		Usr 0 00:00:00, Sys 0 00:00:00  -  Total Local Usage
	0  -  Run Bytes Sent By Job
	0  -  Run Bytes Received By Job
	0  -  Total Bytes Sent By Job
	0  -  Total Bytes Received By Job
	Partitionable Resources :    Usage  Request Allocated Assigned
	   Cpus                 :     0.99        1         1 
	   Disk (KB)            :     1        1024      2048 
	   GPUs                 :     0.29        1         1 "GPU-ccce0a6d"
	   GpusMemory (MB)      :  1054                       
	   Memory (MB)          :   939        2048      2048 
	   TimeExecute (s)      :   762                       
	   TimeSlotBusy (s)     :   762                       
...
