Using device: cuda
------------------------------
Starting training for l = 2 with delta = 0.6
Initial rho: 0.26003 + -0.21622i
Target rho: -0.17792 + -0.74734i
Initial distance from target: 0.68840
------------------------------
Epoch: 1 / 18000. Total scaled loss: 4.1372e+02, 
                    ODE(0) loss: 7.9646e-01, 
                    ODE(1) loss: 1.8964e+00, 
                    Non-trivial solution loss: 1.4441e+00,
                    Physics loss: 1.3704e+00,
                    Initial value of rho: 0.26003 + -0.21622i,
                    Current value of rho: 0.26003 + -0.21622i,
                    Target rho: -0.17792 + -0.74734
------------------------------
Epoch: 500 / 18000. Total scaled loss: 3.0113e-01, 
                    ODE(0) loss: 1.1481e-04, 
                    ODE(1) loss: 2.8412e-05, 
                    Non-trivial solution loss: 2.1282e-05,
                    Physics loss: 2.8468e+01,
                    Initial value of rho: 0.26003 + -0.21622i,
                    Current value of rho: 0.26003 + -0.21622i,
                    Target rho: -0.17792 + -0.74734
------------------------------
Epoch: 1000 / 18000. Total scaled loss: 2.7223e-01, 
                    ODE(0) loss: 2.2999e-05, 
                    ODE(1) loss: 3.5296e-06, 
                    Non-trivial solution loss: 5.0306e-06,
                    Physics loss: 2.6908e+01,
                    Initial value of rho: 0.26003 + -0.21622i,
                    Current value of rho: 0.26003 + -0.21622i,
                    Target rho: -0.17792 + -0.74734
------------------------------
Epoch: 1500 / 18000. Total scaled loss: 2.5344e-01, 
                    ODE(0) loss: 1.3507e-06, 
                    ODE(1) loss: 1.2523e-05, 
                    Non-trivial solution loss: 4.6859e-06,
                    Physics loss: 2.5158e+01,
                    Initial value of rho: 0.26003 + -0.21622i,
                    Current value of rho: 0.26003 + -0.21622i,
                    Target rho: -0.17792 + -0.74734
------------------------------
Epoch: 2000 / 18000. Total scaled loss: 2.5490e-01, 
                    ODE(0) loss: 9.9141e-06, 
                    ODE(1) loss: 2.4535e-05, 
                    Non-trivial solution loss: 7.0961e-06,
                    Physics loss: 2.5074e+01,
                    Initial value of rho: 0.26003 + -0.21622i,
                    Current value of rho: 0.26003 + -0.21622i,
                    Target rho: -0.17792 + -0.74734
------------------------------
Epoch: 2500 / 18000. Total scaled loss: 2.3491e-01, 
                    ODE(0) loss: 2.8475e-06, 
                    ODE(1) loss: 5.5542e-06, 
                    Non-trivial solution loss: 5.2739e-06,
                    Physics loss: 2.3354e+01,
                    Initial value of rho: 0.26003 + -0.21622i,
                    Current value of rho: 0.26003 + -0.21622i,
                    Target rho: -0.17792 + -0.74734
------------------------------
Epoch: 3000 / 18000. Total scaled loss: 2.2872e-01, 
                    ODE(0) loss: 3.9148e-05, 
                    ODE(1) loss: 5.8240e-07, 
                    Non-trivial solution loss: 1.6423e-05,
                    Physics loss: 2.2311e+01,
                    Initial value of rho: 0.26003 + -0.21622i,
                    Current value of rho: 0.26003 + -0.21622i,
                    Target rho: -0.17792 + -0.74734
------------------------------
Epoch: 3500 / 18000. Total scaled loss: 5.2088e-01, 
                    ODE(0) loss: 2.7967e-03, 
                    ODE(1) loss: 2.3957e-04, 
                    Non-trivial solution loss: 2.0134e-05,
                    Physics loss: 2.1524e+01,
                    Initial value of rho: 0.26003 + -0.21622i,
                    Current value of rho: 0.26003 + -0.21622i,
                    Target rho: -0.17792 + -0.74734
------------------------------
Epoch: 4000 / 18000. Total scaled loss: 2.3018e+00, 
                    ODE(0) loss: 3.2395e-05, 
                    ODE(1) loss: 4.1299e-06, 
                    Non-trivial solution loss: 6.9486e-04,
                    Physics loss: 1.4894e+01,
                    Initial value of rho: 0.26003 + -0.21622i,
                    Current value of rho: 0.26003 + -0.21622i,
                    Target rho: -0.17792 + -0.74734
------------------------------
Epoch: 4500 / 18000. Total scaled loss: 2.8803e+00, 
                    ODE(0) loss: 2.4099e-03, 
                    ODE(1) loss: 9.3432e-04, 
                    Non-trivial solution loss: 2.3811e-03,
                    Physics loss: 1.1169e+01,
                    Initial value of rho: 0.26003 + -0.21622i,
                    Current value of rho: 0.26003 + -0.21622i,
                    Target rho: -0.17792 + -0.74734
------------------------------
Epoch: 5000 / 18000. Total scaled loss: 3.0563e+00, 
                    ODE(0) loss: 2.0104e-05, 
                    ODE(1) loss: 3.1063e-06, 
                    Non-trivial solution loss: 1.5659e-03,
                    Physics loss: 1.0642e+01,
                    Initial value of rho: 0.26003 + -0.21622i,
                    Current value of rho: 0.26003 + -0.21622i,
                    Target rho: -0.17792 + -0.74734
------------------------------
Epoch: 5500 / 18000. Total scaled loss: 3.9793e+00, 
                    ODE(0) loss: 6.8710e-03, 
                    ODE(1) loss: 5.1770e-04, 
                    Non-trivial solution loss: 2.4954e-03,
                    Physics loss: 9.5605e+00,
                    Initial value of rho: 0.26003 + -0.21622i,
                    Current value of rho: 0.26003 + -0.21622i,
                    Target rho: -0.17792 + -0.74734
------------------------------
Epoch: 6000 / 18000. Total scaled loss: 3.9738e+00, 
                    ODE(0) loss: 2.1576e-07, 
                    ODE(1) loss: 1.6739e-07, 
                    Non-trivial solution loss: 3.5494e-03,
                    Physics loss: 9.3161e+00,
                    Initial value of rho: 0.26003 + -0.21622i,
                    Current value of rho: 0.26003 + -0.21622i,
                    Target rho: -0.17792 + -0.74734
------------------------------
Epoch: 6500 / 18000. Total scaled loss: 5.8809e+00, 
                    ODE(0) loss: 2.1897e-02, 
                    ODE(1) loss: 5.7934e-04, 
                    Non-trivial solution loss: 6.2215e-03,
                    Physics loss: 8.7615e+00,
                    Initial value of rho: 0.26003 + -0.21622i,
                    Current value of rho: 0.26003 + -0.21622i,
                    Target rho: -0.17792 + -0.74734
------------------------------
Epoch: 7000 / 18000. Total scaled loss: 4.7872e+00, 
                    ODE(0) loss: 2.1807e-07, 
                    ODE(1) loss: 6.0025e-08, 
                    Non-trivial solution loss: 7.6237e-03,
                    Physics loss: 8.2853e+00,
                    Initial value of rho: 0.26003 + -0.21622i,
                    Current value of rho: 0.26003 + -0.21622i,
                    Target rho: -0.17792 + -0.74734
------------------------------
Epoch: 7500 / 18000. Total scaled loss: 5.2018e+00, 
                    ODE(0) loss: 1.1556e-05, 
                    ODE(1) loss: 8.4298e-07, 
                    Non-trivial solution loss: 1.0798e-02,
                    Physics loss: 7.9125e+00,
                    Initial value of rho: 0.26003 + -0.21622i,
                    Current value of rho: 0.26003 + -0.21622i,
                    Target rho: -0.17792 + -0.74734
------------------------------
Epoch: 8000 / 18000. Total scaled loss: 5.6274e+00, 
                    ODE(0) loss: 4.7739e-05, 
                    ODE(1) loss: 1.7476e-06, 
                    Non-trivial solution loss: 1.5476e-02,
                    Physics loss: 7.5838e+00,
                    Initial value of rho: 0.26003 + -0.21622i,
                    Current value of rho: 0.26003 + -0.21622i,
                    Target rho: -0.17792 + -0.74734
------------------------------
Epoch: 8500 / 18000. Total scaled loss: 6.4625e+00, 
                    ODE(0) loss: 1.5896e-02, 
                    ODE(1) loss: 4.5598e-04, 
                    Non-trivial solution loss: 2.2410e-02,
                    Physics loss: 6.9626e+00,
                    Initial value of rho: 0.26003 + -0.21622i,
                    Current value of rho: 0.26003 + -0.21622i,
                    Target rho: -0.17792 + -0.74734
------------------------------
Epoch: 9000 / 18000. Total scaled loss: 5.9344e+00, 
                    ODE(0) loss: 3.2741e-06, 
                    ODE(1) loss: 6.1109e-07, 
                    Non-trivial solution loss: 3.4081e-02,
                    Physics loss: 6.2283e+00,
                    Initial value of rho: 0.26003 + -0.21622i,
                    Current value of rho: 0.26003 + -0.21622i,
                    Target rho: -0.17792 + -0.74734
------------------------------
Unfreezing rho...
Epoch: 9500 / 18000. Total scaled loss: 5.3642e+00, 
                    ODE(0) loss: 4.2225e-05, 
                    ODE(1) loss: 2.3205e-06, 
                    Non-trivial solution loss: 4.2237e-02,
                    Physics loss: 5.0799e+00,
                    Initial value of rho: 0.26003 + -0.21622i,
                    Current value of rho: 0.21554 + -0.24404i,
                    Target rho: -0.17792 + -0.74734
------------------------------
Epoch: 10000 / 18000. Total scaled loss: 4.7364e+00, 
                    ODE(0) loss: 5.6567e-07, 
                    ODE(1) loss: 1.9927e-06, 
                    Non-trivial solution loss: 5.5275e-02,
                    Physics loss: 4.0340e+00,
                    Initial value of rho: 0.26003 + -0.21622i,
                    Current value of rho: 0.17317 + -0.27360i,
                    Target rho: -0.17792 + -0.74734
------------------------------
Epoch: 10500 / 18000. Total scaled loss: 3.7850e+00, 
                    ODE(0) loss: 1.2451e-05, 
                    ODE(1) loss: 1.9434e-05, 
                    Non-trivial solution loss: 8.4843e-02,
                    Physics loss: 2.7192e+00,
                    Initial value of rho: 0.26003 + -0.21622i,
                    Current value of rho: 0.13260 + -0.31104i,
                    Target rho: -0.17792 + -0.74734
------------------------------
Epoch: 11000 / 18000. Total scaled loss: 3.2264e+00, 
                    ODE(0) loss: 7.9665e-06, 
                    ODE(1) loss: 2.1543e-05, 
                    Non-trivial solution loss: 1.0805e-01,
                    Physics loss: 2.1456e+00,
                    Initial value of rho: 0.26003 + -0.21622i,
                    Current value of rho: 0.09536 + -0.35271i,
                    Target rho: -0.17792 + -0.74734
------------------------------
Epoch: 11500 / 18000. Total scaled loss: 2.7795e+00, 
                    ODE(0) loss: 1.3598e-05, 
                    ODE(1) loss: 4.8542e-06, 
                    Non-trivial solution loss: 8.0026e-02,
                    Physics loss: 1.9791e+00,
                    Initial value of rho: 0.26003 + -0.21622i,
                    Current value of rho: 0.05511 + -0.40283i,
                    Target rho: -0.17792 + -0.74734
------------------------------
Epoch: 12000 / 18000. Total scaled loss: 2.2404e+00, 
                    ODE(0) loss: 6.1344e-04, 
                    ODE(1) loss: 6.9339e-05, 
                    Non-trivial solution loss: 5.2269e-02,
                    Physics loss: 1.7109e+00,
                    Initial value of rho: 0.26003 + -0.21622i,
                    Current value of rho: 0.01229 + -0.46165i,
                    Target rho: -0.17792 + -0.74734
------------------------------
Epoch: 12500 / 18000. Total scaled loss: 1.7049e+00, 
                    ODE(0) loss: 2.1109e-06, 
                    ODE(1) loss: 1.7004e-05, 
                    Non-trivial solution loss: 2.8329e-02,
                    Physics loss: 1.4215e+00,
                    Initial value of rho: 0.26003 + -0.21622i,
                    Current value of rho: -0.03018 + -0.52435i,
                    Target rho: -0.17792 + -0.74734
------------------------------
Epoch: 13000 / 18000. Total scaled loss: 1.0977e+00, 
                    ODE(0) loss: 2.1633e-05, 
                    ODE(1) loss: 2.3462e-05, 
                    Non-trivial solution loss: 1.2669e-02,
                    Physics loss: 9.7059e-01,
                    Initial value of rho: 0.26003 + -0.21622i,
                    Current value of rho: -0.06891 + -0.58625i,
                    Target rho: -0.17792 + -0.74734
------------------------------
Epoch: 13500 / 18000. Total scaled loss: 5.7863e-01, 
                    ODE(0) loss: 1.5258e-05, 
                    ODE(1) loss: 4.5008e-05, 
                    Non-trivial solution loss: 3.9621e-03,
                    Physics loss: 5.3841e-01,
                    Initial value of rho: 0.26003 + -0.21622i,
                    Current value of rho: -0.10075 + -0.64232i,
                    Target rho: -0.17792 + -0.74734
------------------------------
Epoch: 14000 / 18000. Total scaled loss: 2.7838e-01, 
                    ODE(0) loss: 2.8599e-04, 
                    ODE(1) loss: 2.2026e-04, 
                    Non-trivial solution loss: 9.9585e-04,
                    Physics loss: 2.6336e-01,
                    Initial value of rho: 0.26003 + -0.21622i,
                    Current value of rho: -0.12397 + -0.68404i,
                    Target rho: -0.17792 + -0.74734
------------------------------
Epoch: 14500 / 18000. Total scaled loss: 1.3027e-01, 
                    ODE(0) loss: 2.5458e-06, 
                    ODE(1) loss: 2.4594e-05, 
                    Non-trivial solution loss: 2.5669e-04,
                    Physics loss: 1.1480e-01,
                    Initial value of rho: 0.26003 + -0.21622i,
                    Current value of rho: -0.14082 + -0.71133i,
                    Target rho: -0.17792 + -0.74734
------------------------------
Epoch: 15000 / 18000. Total scaled loss: 1.2896e-01, 
                    ODE(0) loss: 3.4543e-03, 
                    ODE(1) loss: 3.7808e-03, 
                    Non-trivial solution loss: 1.0452e-04,
                    Physics loss: 3.3363e-02,
                    Initial value of rho: 0.26003 + -0.21622i,
                    Current value of rho: -0.15608 + -0.72959i,
                    Target rho: -0.17792 + -0.74734
------------------------------
Epoch: 15500 / 18000. Total scaled loss: 1.9624e-02, 
                    ODE(0) loss: 5.5410e-06, 
                    ODE(1) loss: 1.9772e-05, 
                    Non-trivial solution loss: 1.1115e-05,
                    Physics loss: 8.6713e-03,
                    Initial value of rho: 0.26003 + -0.21622i,
                    Current value of rho: -0.16740 + -0.73861i,
                    Target rho: -0.17792 + -0.74734
------------------------------
Epoch: 16000 / 18000. Total scaled loss: 5.7361e-03, 
                    ODE(0) loss: 2.6273e-06, 
                    ODE(1) loss: 1.3714e-05, 
                    Non-trivial solution loss: 2.2127e-06,
                    Physics loss: 1.9990e-03,
                    Initial value of rho: 0.26003 + -0.21622i,
                    Current value of rho: -0.17375 + -0.74323i,
                    Target rho: -0.17792 + -0.74734
------------------------------
Epoch: 16500 / 18000. Total scaled loss: 1.9094e-02, 
                    ODE(0) loss: 4.2362e-04, 
                    ODE(1) loss: 1.0913e-03, 
                    Non-trivial solution loss: 1.3297e-05,
                    Physics loss: 1.1437e-03,
                    Initial value of rho: 0.26003 + -0.21622i,
                    Current value of rho: -0.17666 + -0.74561i,
                    Target rho: -0.17792 + -0.74734
------------------------------
Epoch: 17000 / 18000. Total scaled loss: 1.2209e-03, 
                    ODE(0) loss: 2.1926e-06, 
                    ODE(1) loss: 1.0242e-05, 
                    Non-trivial solution loss: 2.7639e-07,
                    Physics loss: 2.8134e-04,
                    Initial value of rho: 0.26003 + -0.21622i,
                    Current value of rho: -0.17768 + -0.74673i,
                    Target rho: -0.17792 + -0.74734
------------------------------
Epoch: 17500 / 18000. Total scaled loss: 5.2443e-03, 
                    ODE(0) loss: 7.1782e-05, 
                    ODE(1) loss: 2.6810e-04, 
                    Non-trivial solution loss: 1.8049e-06,
                    Physics loss: 4.1128e-04,
                    Initial value of rho: 0.26003 + -0.21622i,
                    Current value of rho: -0.17794 + -0.74729i,
                    Target rho: -0.17792 + -0.74734
------------------------------
Epoch: 18000 / 18000. Total scaled loss: 9.4339e-03, 
                    ODE(0) loss: 1.9591e-04, 
                    ODE(1) loss: 6.2780e-04, 
                    Non-trivial solution loss: 6.8768e-06,
                    Physics loss: 2.2566e-04,
                    Initial value of rho: 0.26003 + -0.21622i,
                    Current value of rho: -0.17798 + -0.74753i,
                    Target rho: -0.17792 + -0.74734
------------------------------
Adam training complete. Switching to L-BFGS:
L-BFGS Epoch: 100 / 1000. Total scaled loss: 3.5263e-06, 
                    ODE(0) loss: 1.0147e-10, 
                    ODE(1) loss: 8.1982e-11, 
                    Non-trivial solution loss: 1.2066e-12,
                    Physics loss: 3.5245e-06,
                    Initial value of rho: 0.26003 + -0.21622i,
                    Current value of rho: -0.17792 + -0.74723i,
                    Target rho: -0.17792 + -0.74734
------------------------------
L-BFGS Epoch: 200 / 1000. Total scaled loss: 3.5107e-06, 
                    ODE(0) loss: 9.7870e-11, 
                    ODE(1) loss: 7.9865e-11, 
                    Non-trivial solution loss: 1.1923e-12,
                    Physics loss: 3.5089e-06,
                    Initial value of rho: 0.26003 + -0.21622i,
                    Current value of rho: -0.17792 + -0.74723i,
                    Target rho: -0.17792 + -0.74734
------------------------------
L-BFGS Epoch: 300 / 1000. Total scaled loss: 3.4532e-06, 
                    ODE(0) loss: 9.7870e-11, 
                    ODE(1) loss: 7.9865e-11, 
                    Non-trivial solution loss: 1.1923e-12,
                    Physics loss: 3.4514e-06,
                    Initial value of rho: 0.26003 + -0.21622i,
                    Current value of rho: -0.17792 + -0.74723i,
                    Target rho: -0.17792 + -0.74734
------------------------------
L-BFGS Epoch: 400 / 1000. Total scaled loss: 3.5709e-06, 
                    ODE(0) loss: 9.7870e-11, 
                    ODE(1) loss: 7.9865e-11, 
                    Non-trivial solution loss: 1.1923e-12,
                    Physics loss: 3.5691e-06,
                    Initial value of rho: 0.26003 + -0.21622i,
                    Current value of rho: -0.17792 + -0.74723i,
                    Target rho: -0.17792 + -0.74734
------------------------------
L-BFGS Epoch: 500 / 1000. Total scaled loss: 3.5400e-06, 
                    ODE(0) loss: 9.5555e-11, 
                    ODE(1) loss: 8.3574e-11, 
                    Non-trivial solution loss: 1.1596e-12,
                    Physics loss: 3.5382e-06,
                    Initial value of rho: 0.26003 + -0.21622i,
                    Current value of rho: -0.17792 + -0.74723i,
                    Target rho: -0.17792 + -0.74734
------------------------------
L-BFGS Epoch: 600 / 1000. Total scaled loss: 3.5764e-06, 
                    ODE(0) loss: 8.5704e-11, 
                    ODE(1) loss: 8.8917e-11, 
                    Non-trivial solution loss: 1.0273e-12,
                    Physics loss: 3.5746e-06,
                    Initial value of rho: 0.26003 + -0.21622i,
                    Current value of rho: -0.17792 + -0.74723i,
                    Target rho: -0.17792 + -0.74734
------------------------------
L-BFGS Epoch: 700 / 1000. Total scaled loss: 3.5607e-06, 
                    ODE(0) loss: 8.6743e-11, 
                    ODE(1) loss: 8.8917e-11, 
                    Non-trivial solution loss: 1.0273e-12,
                    Physics loss: 3.5589e-06,
                    Initial value of rho: 0.26003 + -0.21622i,
                    Current value of rho: -0.17792 + -0.74723i,
                    Target rho: -0.17792 + -0.74734
------------------------------
L-BFGS Epoch: 800 / 1000. Total scaled loss: 3.5945e-06, 
                    ODE(0) loss: 8.5704e-11, 
                    ODE(1) loss: 8.6686e-11, 
                    Non-trivial solution loss: 1.0273e-12,
                    Physics loss: 3.5928e-06,
                    Initial value of rho: 0.26003 + -0.21622i,
                    Current value of rho: -0.17792 + -0.74723i,
                    Target rho: -0.17792 + -0.74734
------------------------------
L-BFGS Epoch: 900 / 1000. Total scaled loss: 3.4606e-06, 
                    ODE(0) loss: 8.5704e-11, 
                    ODE(1) loss: 8.8917e-11, 
                    Non-trivial solution loss: 1.0273e-12,
                    Physics loss: 3.4588e-06,
                    Initial value of rho: 0.26003 + -0.21622i,
                    Current value of rho: -0.17792 + -0.74723i,
                    Target rho: -0.17792 + -0.74734
------------------------------
L-BFGS Epoch: 1000 / 1000. Total scaled loss: 3.5238e-06, 
                    ODE(0) loss: 8.5704e-11, 
                    ODE(1) loss: 8.6686e-11, 
                    Non-trivial solution loss: 1.0273e-12,
                    Physics loss: 3.5221e-06,
                    Initial value of rho: 0.26003 + -0.21622i,
                    Current value of rho: -0.17792 + -0.74723i,
                    Target rho: -0.17792 + -0.74734
------------------------------
Training complete for l = 2. Total scaled loss: 3.5238e-06, 
                    ODE(0) loss: 8.5704e-11, 
                    ODE(1) loss: 8.6686e-11, 
                    Non-trivial solution loss: 1.0273e-12,
                    Physics loss: 3.5221e-06,
                    Current value of rho: -0.17792 + -0.74723i
                    Target rho: -0.17792 + -0.74734
