Using device: cuda
------------------------------
Starting training for l = 2 with delta = 0.7
Initial rho: -0.61479 + -0.24837i
Target rho: -0.17792 + -0.74734i
Initial distance from target: 0.66319
------------------------------
Epoch: 1 / 18000. Total scaled loss: 3.7796e+02, 
                    ODE(0) loss: 7.5542e-01, 
                    ODE(1) loss: 2.2257e+00, 
                    Non-trivial solution loss: 7.9831e-01,
                    Physics loss: 1.5361e+00,
                    Initial value of rho: -0.61479 + -0.24837i,
                    Current value of rho: -0.61479 + -0.24837i,
                    Target rho: -0.17792 + -0.74734
------------------------------
Epoch: 500 / 18000. Total scaled loss: 1.3193e-01, 
                    ODE(0) loss: 8.0454e-08, 
                    ODE(1) loss: 1.0049e-08, 
                    Non-trivial solution loss: 9.0214e-07,
                    Physics loss: 1.3183e+01,
                    Initial value of rho: -0.61479 + -0.24837i,
                    Current value of rho: -0.61479 + -0.24837i,
                    Target rho: -0.17792 + -0.74734
------------------------------
Epoch: 1000 / 18000. Total scaled loss: 1.0650e-01, 
                    ODE(0) loss: 1.1524e-07, 
                    ODE(1) loss: 4.3486e-09, 
                    Non-trivial solution loss: 8.5557e-07,
                    Physics loss: 1.0640e+01,
                    Initial value of rho: -0.61479 + -0.24837i,
                    Current value of rho: -0.61479 + -0.24837i,
                    Target rho: -0.17792 + -0.74734
------------------------------
Epoch: 1500 / 18000. Total scaled loss: 8.2322e-02, 
                    ODE(0) loss: 6.3689e-07, 
                    ODE(1) loss: 6.6974e-07, 
                    Non-trivial solution loss: 3.8458e-07,
                    Physics loss: 8.2153e+00,
                    Initial value of rho: -0.61479 + -0.24837i,
                    Current value of rho: -0.61479 + -0.24837i,
                    Target rho: -0.17792 + -0.74734
------------------------------
Epoch: 2000 / 18000. Total scaled loss: 6.7510e-02, 
                    ODE(0) loss: 1.1047e-07, 
                    ODE(1) loss: 2.2207e-08, 
                    Non-trivial solution loss: 5.0624e-07,
                    Physics loss: 6.7446e+00,
                    Initial value of rho: -0.61479 + -0.24837i,
                    Current value of rho: -0.61479 + -0.24837i,
                    Target rho: -0.17792 + -0.74734
------------------------------
Epoch: 2500 / 18000. Total scaled loss: 5.6417e-02, 
                    ODE(0) loss: 5.3713e-08, 
                    ODE(1) loss: 5.0081e-07, 
                    Non-trivial solution loss: 4.5900e-07,
                    Physics loss: 5.6315e+00,
                    Initial value of rho: -0.61479 + -0.24837i,
                    Current value of rho: -0.61479 + -0.24837i,
                    Target rho: -0.17792 + -0.74734
------------------------------
Epoch: 3000 / 18000. Total scaled loss: 4.3157e-01, 
                    ODE(0) loss: 5.0957e-04, 
                    ODE(1) loss: 3.2982e-03, 
                    Non-trivial solution loss: 2.6027e-05,
                    Physics loss: 4.8195e+00,
                    Initial value of rho: -0.61479 + -0.24837i,
                    Current value of rho: -0.61479 + -0.24837i,
                    Target rho: -0.17792 + -0.74734
------------------------------
Epoch: 3500 / 18000. Total scaled loss: 4.1385e-02, 
                    ODE(0) loss: 6.1293e-08, 
                    ODE(1) loss: 1.0091e-08, 
                    Non-trivial solution loss: 2.6703e-07,
                    Physics loss: 4.1351e+00,
                    Initial value of rho: -0.61479 + -0.24837i,
                    Current value of rho: -0.61479 + -0.24837i,
                    Target rho: -0.17792 + -0.74734
------------------------------
Epoch: 4000 / 18000. Total scaled loss: 2.5432e-01, 
                    ODE(0) loss: 2.4072e-06, 
                    ODE(1) loss: 1.5932e-07, 
                    Non-trivial solution loss: 1.1568e-05,
                    Physics loss: 1.6879e+00,
                    Initial value of rho: -0.61479 + -0.24837i,
                    Current value of rho: -0.61479 + -0.24837i,
                    Target rho: -0.17792 + -0.74734
------------------------------
Epoch: 4500 / 18000. Total scaled loss: 1.3661e-01, 
                    ODE(0) loss: 4.7815e-07, 
                    ODE(1) loss: 3.0748e-06, 
                    Non-trivial solution loss: 5.5253e-06,
                    Physics loss: 6.3945e-01,
                    Initial value of rho: -0.61479 + -0.24837i,
                    Current value of rho: -0.61479 + -0.24837i,
                    Target rho: -0.17792 + -0.74734
------------------------------
Epoch: 5000 / 18000. Total scaled loss: 1.1265e-01, 
                    ODE(0) loss: 7.6019e-07, 
                    ODE(1) loss: 1.2623e-07, 
                    Non-trivial solution loss: 3.4513e-06,
                    Physics loss: 4.0852e-01,
                    Initial value of rho: -0.61479 + -0.24837i,
                    Current value of rho: -0.61479 + -0.24837i,
                    Target rho: -0.17792 + -0.74734
------------------------------
Epoch: 5500 / 18000. Total scaled loss: 1.0606e-01, 
                    ODE(0) loss: 1.9448e-06, 
                    ODE(1) loss: 5.8887e-08, 
                    Non-trivial solution loss: 3.9408e-06,
                    Physics loss: 3.1304e-01,
                    Initial value of rho: -0.61479 + -0.24837i,
                    Current value of rho: -0.61479 + -0.24837i,
                    Target rho: -0.17792 + -0.74734
------------------------------
Epoch: 6000 / 18000. Total scaled loss: 1.1142e-01, 
                    ODE(0) loss: 1.2582e-06, 
                    ODE(1) loss: 3.8275e-08, 
                    Non-trivial solution loss: 4.0838e-06,
                    Physics loss: 2.7770e-01,
                    Initial value of rho: -0.61479 + -0.24837i,
                    Current value of rho: -0.61479 + -0.24837i,
                    Target rho: -0.17792 + -0.74734
------------------------------
Epoch: 6500 / 18000. Total scaled loss: 1.2320e-01, 
                    ODE(0) loss: 6.4131e-05, 
                    ODE(1) loss: 3.0535e-05, 
                    Non-trivial solution loss: 5.7174e-06,
                    Physics loss: 2.5261e-01,
                    Initial value of rho: -0.61479 + -0.24837i,
                    Current value of rho: -0.61479 + -0.24837i,
                    Target rho: -0.17792 + -0.74734
------------------------------
Epoch: 7000 / 18000. Total scaled loss: 1.1572e-01, 
                    ODE(0) loss: 3.7804e-05, 
                    ODE(1) loss: 1.3745e-05, 
                    Non-trivial solution loss: 6.4414e-06,
                    Physics loss: 2.1413e-01,
                    Initial value of rho: -0.61479 + -0.24837i,
                    Current value of rho: -0.61479 + -0.24837i,
                    Target rho: -0.17792 + -0.74734
------------------------------
Epoch: 7500 / 18000. Total scaled loss: 2.1502e-01, 
                    ODE(0) loss: 1.5217e-03, 
                    ODE(1) loss: 4.9762e-04, 
                    Non-trivial solution loss: 5.0161e-06,
                    Physics loss: 1.8939e-01,
                    Initial value of rho: -0.61479 + -0.24837i,
                    Current value of rho: -0.61479 + -0.24837i,
                    Target rho: -0.17792 + -0.74734
------------------------------
Epoch: 8000 / 18000. Total scaled loss: 1.0580e-01, 
                    ODE(0) loss: 2.6414e-06, 
                    ODE(1) loss: 5.7583e-07, 
                    Non-trivial solution loss: 6.4006e-06,
                    Physics loss: 1.6213e-01,
                    Initial value of rho: -0.61479 + -0.24837i,
                    Current value of rho: -0.61479 + -0.24837i,
                    Target rho: -0.17792 + -0.74734
------------------------------
Epoch: 8500 / 18000. Total scaled loss: 4.6654e-01, 
                    ODE(0) loss: 7.1393e-03, 
                    ODE(1) loss: 2.5835e-03, 
                    Non-trivial solution loss: 3.6106e-05,
                    Physics loss: 1.2389e-01,
                    Initial value of rho: -0.61479 + -0.24837i,
                    Current value of rho: -0.61479 + -0.24837i,
                    Target rho: -0.17792 + -0.74734
------------------------------
Epoch: 9000 / 18000. Total scaled loss: 9.3949e-02, 
                    ODE(0) loss: 9.1261e-05, 
                    ODE(1) loss: 3.6376e-05, 
                    Non-trivial solution loss: 1.1180e-05,
                    Physics loss: 1.1542e-01,
                    Initial value of rho: -0.61479 + -0.24837i,
                    Current value of rho: -0.61479 + -0.24837i,
                    Target rho: -0.17792 + -0.74734
------------------------------
Unfreezing rho...
Epoch: 9500 / 18000. Total scaled loss: 7.1760e-02, 
                    ODE(0) loss: 1.0421e-04, 
                    ODE(1) loss: 2.4185e-05, 
                    Non-trivial solution loss: 1.0046e-05,
                    Physics loss: 8.1354e-02,
                    Initial value of rho: -0.61479 + -0.24837i,
                    Current value of rho: -0.62116 + -0.25311i,
                    Target rho: -0.17792 + -0.74734
------------------------------
Epoch: 10000 / 18000. Total scaled loss: 6.3386e-02, 
                    ODE(0) loss: 5.3383e-05, 
                    ODE(1) loss: 2.5658e-05, 
                    Non-trivial solution loss: 9.5144e-06,
                    Physics loss: 6.8469e-02,
                    Initial value of rho: -0.61479 + -0.24837i,
                    Current value of rho: -0.62624 + -0.25735i,
                    Target rho: -0.17792 + -0.74734
------------------------------
Epoch: 10500 / 18000. Total scaled loss: 5.3276e-02, 
                    ODE(0) loss: 5.0713e-05, 
                    ODE(1) loss: 1.9154e-05, 
                    Non-trivial solution loss: 1.2905e-05,
                    Physics loss: 5.4175e-02,
                    Initial value of rho: -0.61479 + -0.24837i,
                    Current value of rho: -0.63185 + -0.26171i,
                    Target rho: -0.17792 + -0.74734
------------------------------
Epoch: 11000 / 18000. Total scaled loss: 4.4241e-02, 
                    ODE(0) loss: 9.9520e-05, 
                    ODE(1) loss: 4.2791e-05, 
                    Non-trivial solution loss: 2.0559e-05,
                    Physics loss: 4.2612e-02,
                    Initial value of rho: -0.61479 + -0.24837i,
                    Current value of rho: -0.63821 + -0.26573i,
                    Target rho: -0.17792 + -0.74734
------------------------------
Epoch: 11500 / 18000. Total scaled loss: 3.4271e-02, 
                    ODE(0) loss: 1.3125e-04, 
                    ODE(1) loss: 1.3416e-05, 
                    Non-trivial solution loss: 1.8595e-05,
                    Physics loss: 3.2639e-02,
                    Initial value of rho: -0.61479 + -0.24837i,
                    Current value of rho: -0.64361 + -0.26915i,
                    Target rho: -0.17792 + -0.74734
------------------------------
Epoch: 12000 / 18000. Total scaled loss: 3.4617e-02, 
                    ODE(0) loss: 2.3275e-04, 
                    ODE(1) loss: 3.2004e-04, 
                    Non-trivial solution loss: 1.1754e-04,
                    Physics loss: 2.7914e-02,
                    Initial value of rho: -0.61479 + -0.24837i,
                    Current value of rho: -0.64791 + -0.27233i,
                    Target rho: -0.17792 + -0.74734
------------------------------
Epoch: 12500 / 18000. Total scaled loss: 2.4090e-02, 
                    ODE(0) loss: 4.4272e-06, 
                    ODE(1) loss: 1.9495e-07, 
                    Non-trivial solution loss: 4.2387e-06,
                    Physics loss: 2.4001e-02,
                    Initial value of rho: -0.61479 + -0.24837i,
                    Current value of rho: -0.65156 + -0.27516i,
                    Target rho: -0.17792 + -0.74734
------------------------------
Epoch: 13000 / 18000. Total scaled loss: 2.0786e-02, 
                    ODE(0) loss: 3.3940e-05, 
                    ODE(1) loss: 9.1316e-06, 
                    Non-trivial solution loss: 4.7242e-06,
                    Physics loss: 2.0308e-02,
                    Initial value of rho: -0.61479 + -0.24837i,
                    Current value of rho: -0.65473 + -0.27751i,
                    Target rho: -0.17792 + -0.74734
------------------------------
Epoch: 13500 / 18000. Total scaled loss: 1.8129e-02, 
                    ODE(0) loss: 3.7457e-05, 
                    ODE(1) loss: 6.3977e-06, 
                    Non-trivial solution loss: 5.9991e-06,
                    Physics loss: 1.7631e-02,
                    Initial value of rho: -0.61479 + -0.24837i,
                    Current value of rho: -0.65759 + -0.27956i,
                    Target rho: -0.17792 + -0.74734
------------------------------
Epoch: 14000 / 18000. Total scaled loss: 2.3318e-02, 
                    ODE(0) loss: 4.7480e-04, 
                    ODE(1) loss: 8.7372e-05, 
                    Non-trivial solution loss: 2.2389e-07,
                    Physics loss: 1.7694e-02,
                    Initial value of rho: -0.61479 + -0.24837i,
                    Current value of rho: -0.66021 + -0.28137i,
                    Target rho: -0.17792 + -0.74734
------------------------------
Epoch: 14500 / 18000. Total scaled loss: 3.5104e-02, 
                    ODE(0) loss: 1.5628e-03, 
                    ODE(1) loss: 2.1446e-04, 
                    Non-trivial solution loss: 1.1312e-05,
                    Physics loss: 1.5512e-02,
                    Initial value of rho: -0.61479 + -0.24837i,
                    Current value of rho: -0.66268 + -0.28325i,
                    Target rho: -0.17792 + -0.74734
------------------------------
Epoch: 15000 / 18000. Total scaled loss: 3.4791e-02, 
                    ODE(0) loss: 7.9010e-04, 
                    ODE(1) loss: 2.4138e-04, 
                    Non-trivial solution loss: 1.9430e-05,
                    Physics loss: 1.4579e-02,
                    Initial value of rho: -0.61479 + -0.24837i,
                    Current value of rho: -0.66573 + -0.28547i,
                    Target rho: -0.17792 + -0.74734
------------------------------
Epoch: 15500 / 18000. Total scaled loss: 2.9785e-02, 
                    ODE(0) loss: 6.6409e-05, 
                    ODE(1) loss: 1.4327e-05, 
                    Non-trivial solution loss: 1.0102e-05,
                    Physics loss: 1.3001e-02,
                    Initial value of rho: -0.61479 + -0.24837i,
                    Current value of rho: -0.66949 + -0.28818i,
                    Target rho: -0.17792 + -0.74734
------------------------------
Epoch: 16000 / 18000. Total scaled loss: 8.8412e-02, 
                    ODE(0) loss: 4.4243e-03, 
                    ODE(1) loss: 6.2686e-04, 
                    Non-trivial solution loss: 1.0653e-05,
                    Physics loss: 1.3611e-02,
                    Initial value of rho: -0.61479 + -0.24837i,
                    Current value of rho: -0.67369 + -0.29084i,
                    Target rho: -0.17792 + -0.74734
------------------------------
Epoch: 16500 / 18000. Total scaled loss: 3.5869e-02, 
                    ODE(0) loss: 8.0955e-05, 
                    ODE(1) loss: 2.9378e-04, 
                    Non-trivial solution loss: 7.9151e-06,
                    Physics loss: 9.6159e-03,
                    Initial value of rho: -0.61479 + -0.24837i,
                    Current value of rho: -0.67814 + -0.29332i,
                    Target rho: -0.17792 + -0.74734
------------------------------
Epoch: 17000 / 18000. Total scaled loss: 3.2525e-02, 
                    ODE(0) loss: 1.0261e-04, 
                    ODE(1) loss: 1.6857e-05, 
                    Non-trivial solution loss: 1.3707e-05,
                    Physics loss: 8.0234e-03,
                    Initial value of rho: -0.61479 + -0.24837i,
                    Current value of rho: -0.68269 + -0.29558i,
                    Target rho: -0.17792 + -0.74734
------------------------------
Epoch: 17500 / 18000. Total scaled loss: 3.9346e-02, 
                    ODE(0) loss: 6.6175e-04, 
                    ODE(1) loss: 7.3148e-05, 
                    Non-trivial solution loss: 1.2121e-05,
                    Physics loss: 7.1738e-03,
                    Initial value of rho: -0.61479 + -0.24837i,
                    Current value of rho: -0.68727 + -0.29764i,
                    Target rho: -0.17792 + -0.74734
------------------------------
Epoch: 18000 / 18000. Total scaled loss: 4.0671e-02, 
                    ODE(0) loss: 1.1832e-03, 
                    ODE(1) loss: 6.9825e-05, 
                    Non-trivial solution loss: 2.1671e-05,
                    Physics loss: 5.5860e-03,
                    Initial value of rho: -0.61479 + -0.24837i,
                    Current value of rho: -0.69182 + -0.29942i,
                    Target rho: -0.17792 + -0.74734
------------------------------
Adam training complete. Switching to L-BFGS:
L-BFGS Epoch: 100 / 1000. Total scaled loss: 2.3102e-05, 
                    ODE(0) loss: 5.7736e-10, 
                    ODE(1) loss: 3.0733e-09, 
                    Non-trivial solution loss: 2.3093e-10,
                    Physics loss: 2.3063e-05,
                    Initial value of rho: -0.61479 + -0.24837i,
                    Current value of rho: -1.24287 + -0.08792i,
                    Target rho: -0.17792 + -0.74734
------------------------------
L-BFGS Epoch: 200 / 1000. Total scaled loss: 1.9304e-05, 
                    ODE(0) loss: 7.1617e-10, 
                    ODE(1) loss: 4.4289e-09, 
                    Non-trivial solution loss: 2.6767e-11,
                    Physics loss: 1.9253e-05,
                    Initial value of rho: -0.61479 + -0.24837i,
                    Current value of rho: -1.25502 + -0.04873i,
                    Target rho: -0.17792 + -0.74734
------------------------------
L-BFGS Epoch: 300 / 1000. Total scaled loss: 1.9120e-05, 
                    ODE(0) loss: 8.2228e-10, 
                    ODE(1) loss: 4.4266e-09, 
                    Non-trivial solution loss: 8.1740e-12,
                    Physics loss: 1.9067e-05,
                    Initial value of rho: -0.61479 + -0.24837i,
                    Current value of rho: -1.25211 + -0.04808i,
                    Target rho: -0.17792 + -0.74734
------------------------------
L-BFGS Epoch: 400 / 1000. Total scaled loss: 1.8712e-05, 
                    ODE(0) loss: 8.4364e-10, 
                    ODE(1) loss: 5.1167e-09, 
                    Non-trivial solution loss: 2.1156e-11,
                    Physics loss: 1.8652e-05,
                    Initial value of rho: -0.61479 + -0.24837i,
                    Current value of rho: -1.25265 + -0.04840i,
                    Target rho: -0.17792 + -0.74734
------------------------------
L-BFGS Epoch: 500 / 1000. Total scaled loss: 1.9039e-05, 
                    ODE(0) loss: 5.9972e-10, 
                    ODE(1) loss: 4.9085e-09, 
                    Non-trivial solution loss: 1.1268e-11,
                    Physics loss: 1.8984e-05,
                    Initial value of rho: -0.61479 + -0.24837i,
                    Current value of rho: -1.25435 + -0.04880i,
                    Target rho: -0.17792 + -0.74734
------------------------------
L-BFGS Epoch: 600 / 1000. Total scaled loss: 1.9280e-05, 
                    ODE(0) loss: 7.4851e-10, 
                    ODE(1) loss: 4.6193e-09, 
                    Non-trivial solution loss: 6.9955e-12,
                    Physics loss: 1.9226e-05,
                    Initial value of rho: -0.61479 + -0.24837i,
                    Current value of rho: -1.25435 + -0.04881i,
                    Target rho: -0.17792 + -0.74734
------------------------------
L-BFGS Epoch: 700 / 1000. Total scaled loss: 1.9187e-05, 
                    ODE(0) loss: 6.9470e-10, 
                    ODE(1) loss: 4.5187e-09, 
                    Non-trivial solution loss: 7.6155e-12,
                    Physics loss: 1.9135e-05,
                    Initial value of rho: -0.61479 + -0.24837i,
                    Current value of rho: -1.25435 + -0.04881i,
                    Target rho: -0.17792 + -0.74734
------------------------------
L-BFGS Epoch: 800 / 1000. Total scaled loss: 1.9079e-05, 
                    ODE(0) loss: 6.9470e-10, 
                    ODE(1) loss: 4.5187e-09, 
                    Non-trivial solution loss: 7.6155e-12,
                    Physics loss: 1.9026e-05,
                    Initial value of rho: -0.61479 + -0.24837i,
                    Current value of rho: -1.25435 + -0.04881i,
                    Target rho: -0.17792 + -0.74734
------------------------------
L-BFGS Epoch: 900 / 1000. Total scaled loss: 1.9120e-05, 
                    ODE(0) loss: 6.9470e-10, 
                    ODE(1) loss: 4.5187e-09, 
                    Non-trivial solution loss: 7.6155e-12,
                    Physics loss: 1.9068e-05,
                    Initial value of rho: -0.61479 + -0.24837i,
                    Current value of rho: -1.25435 + -0.04881i,
                    Target rho: -0.17792 + -0.74734
------------------------------
L-BFGS Epoch: 1000 / 1000. Total scaled loss: 1.9200e-05, 
                    ODE(0) loss: 7.9405e-10, 
                    ODE(1) loss: 4.5187e-09, 
                    Non-trivial solution loss: 7.6155e-12,
                    Physics loss: 1.9146e-05,
                    Initial value of rho: -0.61479 + -0.24837i,
                    Current value of rho: -1.25435 + -0.04881i,
                    Target rho: -0.17792 + -0.74734
------------------------------
Training complete for l = 2. Total scaled loss: 1.9200e-05, 
                    ODE(0) loss: 7.9405e-10, 
                    ODE(1) loss: 4.5187e-09, 
                    Non-trivial solution loss: 7.6155e-12,
                    Physics loss: 1.9146e-05,
                    Current value of rho: -1.25435 + -0.04881i
                    Target rho: -0.17792 + -0.74734
Result saved to ./RepeatRunQNM/l2/delta0.7/47/result.txt
Training complete. Checkpoint saved to ./RepeatRunQNM/l2/delta0.7/47/pinn_checkpoint_qnm_l2_delta0.7_run47.pth
l = 2 mode with delta = 0.7 completed successfully.
