000 (308652.004.000) 2026-03-10 11:28:15 Job submitted from host: <130.209.45.81:9618?addrs=130.209.45.81-9618&alias=wiay.astro.gla.ac.uk&noUDP&sock=schedd_8023_b06c>
...
001 (308652.004.000) 2026-03-10 11:29:17 Job executing on host: <130.209.45.193:9619?addrs=130.209.45.193-9619&alias=deimos.astro.gla.ac.uk&noUDP&sock=startd_35_e64f>
	SlotName: slot1_2@deimos.astro.gla.ac.uk
	AvailableGPUs = { GPUs_GPU_34314e2d }
	CondorScratchDir = "/var/lib/condor/execute/dir_473157"
	Cpus = 1
	Disk = 2048
	GPUs = 1
	GPUs_GPU_34314e2d = [ Id = "GPU-34314e2d"; ClockMhz = 1695.0; Capability = 8.6; CoresPerCU = 128; DeviceName = "NVIDIA GeForce RTX 3090"; DeviceUuid = "34314e2d-1720-7fa1-dcf6-30072ca54ea3"; ECCEnabled = false; ComputeUnits = 82; NvidiaDriver = "580.82.07"; DriverVersion = 13.0; DevicePciBusId = "0000:AF:00.0"; GlobalMemoryMb = 24124; MaxSupportedVersion = 13000 ]
	Memory = 2048
...
006 (308652.004.000) 2026-03-10 11:29:26 Image size of job updated: 393772
	385  -  MemoryUsage of job (MB)
	393772  -  ResidentSetSize of job (KB)
...
006 (308652.004.000) 2026-03-10 11:34:27 Image size of job updated: 877328
	857  -  MemoryUsage of job (MB)
	877328  -  ResidentSetSize of job (KB)
...
006 (308652.004.000) 2026-03-10 11:39:28 Image size of job updated: 908384
	888  -  MemoryUsage of job (MB)
	908384  -  ResidentSetSize of job (KB)
...
006 (308652.004.000) 2026-03-10 11:44:29 Image size of job updated: 1024280
	1001  -  MemoryUsage of job (MB)
	1024280  -  ResidentSetSize of job (KB)
...
006 (308652.004.000) 2026-03-10 11:49:29 Image size of job updated: 1089240
	1064  -  MemoryUsage of job (MB)
	1089240  -  ResidentSetSize of job (KB)
...
006 (308652.004.000) 2026-03-10 11:51:54 Image size of job updated: 1195872
	1064  -  MemoryUsage of job (MB)
	1089240  -  ResidentSetSize of job (KB)
...
005 (308652.004.000) 2026-03-10 11:51:54 Job terminated.
	(1) Normal termination (return value 0)
		Usr 0 00:22:08, Sys 0 00:00:12  -  Run Remote Usage
		Usr 0 00:00:00, Sys 0 00:00:00  -  Run Local Usage
		Usr 0 00:22:08, Sys 0 00:00:12  -  Total Remote Usage
		Usr 0 00:00:00, Sys 0 00:00:00  -  Total Local Usage
	0  -  Run Bytes Sent By Job
	0  -  Run Bytes Received By Job
	0  -  Total Bytes Sent By Job
	0  -  Total Bytes Received By Job
	Partitionable Resources :    Usage  Request Allocated Assigned
	   Cpus                 :     1.00        1         1 
	   Disk (KB)            :     1        1024      2048 
	   GPUs                 :                 1         1 "GPU-34314e2d"
	   GpusMemory (MB)      :   963                       
	   Memory (MB)          :  1064        2048      2048 
	   TimeExecute (s)      :  1357                       
	   TimeSlotBusy (s)     :  1357                       
...
