Using device: cuda
------------------------------
Starting training for l = 2 with delta = 0.7
Initial rho: -0.13588 + -0.06776i
Target rho: -0.17792 + -0.74734i
Initial distance from target: 0.68088
------------------------------
Epoch: 1 / 18000. Total scaled loss: 2.1219e+02, 
                    ODE(0) loss: 6.3677e-02, 
                    ODE(1) loss: 1.2356e+00, 
                    Non-trivial solution loss: 8.2255e-01,
                    Physics loss: 5.0980e-01,
                    Initial value of rho: -0.13588 + -0.06776i,
                    Current value of rho: -0.13588 + -0.06776i,
                    Target rho: -0.17792 + -0.74734
------------------------------
Epoch: 500 / 18000. Total scaled loss: 2.4718e-01, 
                    ODE(0) loss: 2.1962e-07, 
                    ODE(1) loss: 5.0467e-08, 
                    Non-trivial solution loss: 5.8528e-06,
                    Physics loss: 2.4657e+01,
                    Initial value of rho: -0.13588 + -0.06776i,
                    Current value of rho: -0.13588 + -0.06776i,
                    Target rho: -0.17792 + -0.74734
------------------------------
Epoch: 1000 / 18000. Total scaled loss: 2.3815e-01, 
                    ODE(0) loss: 2.7114e-05, 
                    ODE(1) loss: 1.2967e-05, 
                    Non-trivial solution loss: 1.5588e-06,
                    Physics loss: 2.3399e+01,
                    Initial value of rho: -0.13588 + -0.06776i,
                    Current value of rho: -0.13588 + -0.06776i,
                    Target rho: -0.17792 + -0.74734
------------------------------
Epoch: 1500 / 18000. Total scaled loss: 2.3264e-01, 
                    ODE(0) loss: 6.2525e-06, 
                    ODE(1) loss: 8.7542e-05, 
                    Non-trivial solution loss: 6.5454e-06,
                    Physics loss: 2.2261e+01,
                    Initial value of rho: -0.13588 + -0.06776i,
                    Current value of rho: -0.13588 + -0.06776i,
                    Target rho: -0.17792 + -0.74734
------------------------------
Epoch: 2000 / 18000. Total scaled loss: 2.1009e-01, 
                    ODE(0) loss: 1.9395e-07, 
                    ODE(1) loss: 3.0605e-09, 
                    Non-trivial solution loss: 4.5880e-06,
                    Physics loss: 2.0962e+01,
                    Initial value of rho: -0.13588 + -0.06776i,
                    Current value of rho: -0.13588 + -0.06776i,
                    Target rho: -0.17792 + -0.74734
------------------------------
Epoch: 2500 / 18000. Total scaled loss: 2.2008e-01, 
                    ODE(0) loss: 1.3709e-05, 
                    ODE(1) loss: 1.7564e-04, 
                    Non-trivial solution loss: 1.4766e-06,
                    Physics loss: 2.0100e+01,
                    Initial value of rho: -0.13588 + -0.06776i,
                    Current value of rho: -0.13588 + -0.06776i,
                    Target rho: -0.17792 + -0.74734
------------------------------
Epoch: 3000 / 18000. Total scaled loss: 3.4051e-01, 
                    ODE(0) loss: 2.3711e-06, 
                    ODE(1) loss: 1.5174e-03, 
                    Non-trivial solution loss: 1.1603e-05,
                    Physics loss: 1.8737e+01,
                    Initial value of rho: -0.13588 + -0.06776i,
                    Current value of rho: -0.13588 + -0.06776i,
                    Target rho: -0.17792 + -0.74734
------------------------------
Epoch: 3500 / 18000. Total scaled loss: 5.2228e-01, 
                    ODE(0) loss: 1.5133e-05, 
                    ODE(1) loss: 3.4331e-03, 
                    Non-trivial solution loss: 6.9313e-05,
                    Physics loss: 1.7053e+01,
                    Initial value of rho: -0.13588 + -0.06776i,
                    Current value of rho: -0.13588 + -0.06776i,
                    Target rho: -0.17792 + -0.74734
------------------------------
Epoch: 4000 / 18000. Total scaled loss: 2.0850e+00, 
                    ODE(0) loss: 2.1625e-03, 
                    ODE(1) loss: 1.4853e-03, 
                    Non-trivial solution loss: 7.5327e-04,
                    Physics loss: 1.1122e+01,
                    Initial value of rho: -0.13588 + -0.06776i,
                    Current value of rho: -0.13588 + -0.06776i,
                    Target rho: -0.17792 + -0.74734
------------------------------
Epoch: 4500 / 18000. Total scaled loss: 1.6373e+00, 
                    ODE(0) loss: 7.2126e-06, 
                    ODE(1) loss: 5.5153e-07, 
                    Non-trivial solution loss: 4.1057e-04,
                    Physics loss: 7.5348e+00,
                    Initial value of rho: -0.13588 + -0.06776i,
                    Current value of rho: -0.13588 + -0.06776i,
                    Target rho: -0.17792 + -0.74734
------------------------------
Epoch: 5000 / 18000. Total scaled loss: 1.6335e+00, 
                    ODE(0) loss: 8.8246e-06, 
                    ODE(1) loss: 1.2369e-07, 
                    Non-trivial solution loss: 4.7968e-04,
                    Physics loss: 5.7962e+00,
                    Initial value of rho: -0.13588 + -0.06776i,
                    Current value of rho: -0.13588 + -0.06776i,
                    Target rho: -0.17792 + -0.74734
------------------------------
Epoch: 5500 / 18000. Total scaled loss: 1.7567e+00, 
                    ODE(0) loss: 5.9068e-04, 
                    ODE(1) loss: 1.3846e-04, 
                    Non-trivial solution loss: 8.1889e-04,
                    Physics loss: 4.8572e+00,
                    Initial value of rho: -0.13588 + -0.06776i,
                    Current value of rho: -0.13588 + -0.06776i,
                    Target rho: -0.17792 + -0.74734
------------------------------
Epoch: 6000 / 18000. Total scaled loss: 1.8691e+00, 
                    ODE(0) loss: 9.4069e-06, 
                    ODE(1) loss: 4.8433e-08, 
                    Non-trivial solution loss: 8.2246e-04,
                    Physics loss: 4.5286e+00,
                    Initial value of rho: -0.13588 + -0.06776i,
                    Current value of rho: -0.13588 + -0.06776i,
                    Target rho: -0.17792 + -0.74734
------------------------------
Epoch: 6500 / 18000. Total scaled loss: 1.9620e+00, 
                    ODE(0) loss: 4.2117e-06, 
                    ODE(1) loss: 2.6717e-08, 
                    Non-trivial solution loss: 1.1297e-03,
                    Physics loss: 4.0869e+00,
                    Initial value of rho: -0.13588 + -0.06776i,
                    Current value of rho: -0.13588 + -0.06776i,
                    Target rho: -0.17792 + -0.74734
------------------------------
Epoch: 7000 / 18000. Total scaled loss: 2.1120e+00, 
                    ODE(0) loss: 1.7960e-04, 
                    ODE(1) loss: 8.9757e-06, 
                    Non-trivial solution loss: 2.0828e-03,
                    Physics loss: 3.7749e+00,
                    Initial value of rho: -0.13588 + -0.06776i,
                    Current value of rho: -0.13588 + -0.06776i,
                    Target rho: -0.17792 + -0.74734
------------------------------
Epoch: 7500 / 18000. Total scaled loss: 2.2236e+00, 
                    ODE(0) loss: 5.8914e-04, 
                    ODE(1) loss: 4.5625e-05, 
                    Non-trivial solution loss: 1.7823e-03,
                    Physics loss: 3.5748e+00,
                    Initial value of rho: -0.13588 + -0.06776i,
                    Current value of rho: -0.13588 + -0.06776i,
                    Target rho: -0.17792 + -0.74734
------------------------------
Epoch: 8000 / 18000. Total scaled loss: 2.3522e+00, 
                    ODE(0) loss: 2.9752e-04, 
                    ODE(1) loss: 1.2322e-05, 
                    Non-trivial solution loss: 2.7301e-03,
                    Physics loss: 3.4090e+00,
                    Initial value of rho: -0.13588 + -0.06776i,
                    Current value of rho: -0.13588 + -0.06776i,
                    Target rho: -0.17792 + -0.74734
------------------------------
Epoch: 8500 / 18000. Total scaled loss: 2.6353e+00, 
                    ODE(0) loss: 4.4228e-03, 
                    ODE(1) loss: 1.7476e-04, 
                    Non-trivial solution loss: 3.0678e-03,
                    Physics loss: 3.2822e+00,
                    Initial value of rho: -0.13588 + -0.06776i,
                    Current value of rho: -0.13588 + -0.06776i,
                    Target rho: -0.17792 + -0.74734
------------------------------
Epoch: 9000 / 18000. Total scaled loss: 2.4345e+00, 
                    ODE(0) loss: 1.8510e-04, 
                    ODE(1) loss: 1.5061e-06, 
                    Non-trivial solution loss: 6.5383e-03,
                    Physics loss: 2.8597e+00,
                    Initial value of rho: -0.13588 + -0.06776i,
                    Current value of rho: -0.13588 + -0.06776i,
                    Target rho: -0.17792 + -0.74734
------------------------------
Unfreezing rho...
Epoch: 9500 / 18000. Total scaled loss: 2.4905e+00, 
                    ODE(0) loss: 1.3946e-04, 
                    ODE(1) loss: 6.8365e-06, 
                    Non-trivial solution loss: 9.7488e-03,
                    Physics loss: 2.6638e+00,
                    Initial value of rho: -0.13588 + -0.06776i,
                    Current value of rho: -0.15164 + -0.08184i,
                    Target rho: -0.17792 + -0.74734
------------------------------
Epoch: 10000 / 18000. Total scaled loss: 2.2523e+00, 
                    ODE(0) loss: 6.1141e-05, 
                    ODE(1) loss: 1.0930e-06, 
                    Non-trivial solution loss: 1.3075e-02,
                    Physics loss: 2.2108e+00,
                    Initial value of rho: -0.13588 + -0.06776i,
                    Current value of rho: -0.16667 + -0.09523i,
                    Target rho: -0.17792 + -0.74734
------------------------------
Epoch: 10500 / 18000. Total scaled loss: 2.1683e+00, 
                    ODE(0) loss: 1.2551e-03, 
                    ODE(1) loss: 1.8321e-05, 
                    Non-trivial solution loss: 3.3644e-02,
                    Physics loss: 1.7537e+00,
                    Initial value of rho: -0.13588 + -0.06776i,
                    Current value of rho: -0.18490 + -0.11129i,
                    Target rho: -0.17792 + -0.74734
------------------------------
Epoch: 11000 / 18000. Total scaled loss: 1.9908e+00, 
                    ODE(0) loss: 1.5373e-02, 
                    ODE(1) loss: 8.5955e-05, 
                    Non-trivial solution loss: 4.1829e-02,
                    Physics loss: 1.4180e+00,
                    Initial value of rho: -0.13588 + -0.06776i,
                    Current value of rho: -0.20721 + -0.13050i,
                    Target rho: -0.17792 + -0.74734
------------------------------
Epoch: 11500 / 18000. Total scaled loss: 1.6950e+00, 
                    ODE(0) loss: 4.8731e-05, 
                    ODE(1) loss: 1.1015e-05, 
                    Non-trivial solution loss: 2.8662e-02,
                    Physics loss: 1.4078e+00,
                    Initial value of rho: -0.13588 + -0.06776i,
                    Current value of rho: -0.23618 + -0.15007i,
                    Target rho: -0.17792 + -0.74734
------------------------------
Epoch: 12000 / 18000. Total scaled loss: 1.4051e+00, 
                    ODE(0) loss: 1.1235e-04, 
                    ODE(1) loss: 4.4126e-06, 
                    Non-trivial solution loss: 2.3245e-02,
                    Physics loss: 1.1715e+00,
                    Initial value of rho: -0.13588 + -0.06776i,
                    Current value of rho: -0.27100 + -0.16936i,
                    Target rho: -0.17792 + -0.74734
------------------------------
Epoch: 12500 / 18000. Total scaled loss: 1.1454e+00, 
                    ODE(0) loss: 2.1048e-03, 
                    ODE(1) loss: 4.2392e-05, 
                    Non-trivial solution loss: 1.2282e-02,
                    Physics loss: 1.0011e+00,
                    Initial value of rho: -0.13588 + -0.06776i,
                    Current value of rho: -0.31011 + -0.18743i,
                    Target rho: -0.17792 + -0.74734
------------------------------
Epoch: 13000 / 18000. Total scaled loss: 7.9558e-01, 
                    ODE(0) loss: 4.4479e-03, 
                    ODE(1) loss: 3.6424e-05, 
                    Non-trivial solution loss: 6.9551e-03,
                    Physics loss: 6.8118e-01,
                    Initial value of rho: -0.13588 + -0.06776i,
                    Current value of rho: -0.34513 + -0.20339i,
                    Target rho: -0.17792 + -0.74734
------------------------------
Epoch: 13500 / 18000. Total scaled loss: 7.6508e-01, 
                    ODE(0) loss: 1.4431e-02, 
                    ODE(1) loss: 3.1892e-04, 
                    Non-trivial solution loss: 6.7451e-03,
                    Physics loss: 5.5012e-01,
                    Initial value of rho: -0.13588 + -0.06776i,
                    Current value of rho: -0.37080 + -0.21670i,
                    Target rho: -0.17792 + -0.74734
------------------------------
Epoch: 14000 / 18000. Total scaled loss: 5.4291e-01, 
                    ODE(0) loss: 7.8679e-05, 
                    ODE(1) loss: 1.5732e-04, 
                    Non-trivial solution loss: 2.7006e-03,
                    Physics loss: 5.1355e-01,
                    Initial value of rho: -0.13588 + -0.06776i,
                    Current value of rho: -0.38928 + -0.22780i,
                    Target rho: -0.17792 + -0.74734
------------------------------
Epoch: 14500 / 18000. Total scaled loss: 5.1993e-01, 
                    ODE(0) loss: 5.0356e-03, 
                    ODE(1) loss: 1.9933e-05, 
                    Non-trivial solution loss: 2.1878e-03,
                    Physics loss: 4.0315e-01,
                    Initial value of rho: -0.13588 + -0.06776i,
                    Current value of rho: -0.40348 + -0.23757i,
                    Target rho: -0.17792 + -0.74734
------------------------------
Epoch: 15000 / 18000. Total scaled loss: 5.0117e-01, 
                    ODE(0) loss: 2.2908e-04, 
                    ODE(1) loss: 1.0897e-05, 
                    Non-trivial solution loss: 3.0423e-03,
                    Physics loss: 2.8120e-01,
                    Initial value of rho: -0.13588 + -0.06776i,
                    Current value of rho: -0.41810 + -0.24872i,
                    Target rho: -0.17792 + -0.74734
------------------------------
Epoch: 15500 / 18000. Total scaled loss: 5.6145e-01, 
                    ODE(0) loss: 3.7956e-03, 
                    ODE(1) loss: 1.4536e-05, 
                    Non-trivial solution loss: 2.9724e-03,
                    Physics loss: 2.2224e-01,
                    Initial value of rho: -0.13588 + -0.06776i,
                    Current value of rho: -0.43323 + -0.26154i,
                    Target rho: -0.17792 + -0.74734
------------------------------
Epoch: 16000 / 18000. Total scaled loss: 6.7224e-01, 
                    ODE(0) loss: 1.9061e-02, 
                    ODE(1) loss: 1.8921e-04, 
                    Non-trivial solution loss: 3.1132e-03,
                    Physics loss: 1.6156e-01,
                    Initial value of rho: -0.13588 + -0.06776i,
                    Current value of rho: -0.44776 + -0.27512i,
                    Target rho: -0.17792 + -0.74734
------------------------------
Epoch: 16500 / 18000. Total scaled loss: 4.8441e-01, 
                    ODE(0) loss: 1.0801e-03, 
                    ODE(1) loss: 2.4387e-04, 
                    Non-trivial solution loss: 4.5680e-03,
                    Physics loss: 1.2769e-01,
                    Initial value of rho: -0.13588 + -0.06776i,
                    Current value of rho: -0.46144 + -0.28868i,
                    Target rho: -0.17792 + -0.74734
------------------------------
Epoch: 17000 / 18000. Total scaled loss: 4.0556e-01, 
                    ODE(0) loss: 1.7593e-03, 
                    ODE(1) loss: 3.3266e-04, 
                    Non-trivial solution loss: 3.2033e-03,
                    Physics loss: 9.0697e-02,
                    Initial value of rho: -0.13588 + -0.06776i,
                    Current value of rho: -0.47431 + -0.30172i,
                    Target rho: -0.17792 + -0.74734
------------------------------
Epoch: 17500 / 18000. Total scaled loss: 6.1909e-01, 
                    ODE(0) loss: 2.9329e-02, 
                    ODE(1) loss: 2.1956e-04, 
                    Non-trivial solution loss: 1.5163e-03,
                    Physics loss: 6.9415e-02,
                    Initial value of rho: -0.13588 + -0.06776i,
                    Current value of rho: -0.48641 + -0.31367i,
                    Target rho: -0.17792 + -0.74734
------------------------------
Epoch: 18000 / 18000. Total scaled loss: 4.8830e-01, 
                    ODE(0) loss: 1.8737e-02, 
                    ODE(1) loss: 2.1245e-04, 
                    Non-trivial solution loss: 9.7317e-04,
                    Physics loss: 5.7828e-02,
                    Initial value of rho: -0.13588 + -0.06776i,
                    Current value of rho: -0.49802 + -0.32334i,
                    Target rho: -0.17792 + -0.74734
------------------------------
Adam training complete. Switching to L-BFGS:
L-BFGS Epoch: 100 / 1000. Total scaled loss: 1.8251e-05, 
                    ODE(0) loss: 6.1022e-09, 
                    ODE(1) loss: 5.7388e-09, 
                    Non-trivial solution loss: 4.5703e-09,
                    Physics loss: 1.8087e-05,
                    Initial value of rho: -0.13588 + -0.06776i,
                    Current value of rho: -1.62896 + 0.03711i,
                    Target rho: -0.17792 + -0.74734
------------------------------
L-BFGS Epoch: 200 / 1000. Total scaled loss: 7.6862e-06, 
                    ODE(0) loss: 1.6586e-10, 
                    ODE(1) loss: 7.1793e-10, 
                    Non-trivial solution loss: 6.0917e-11,
                    Physics loss: 7.6768e-06,
                    Initial value of rho: -0.13588 + -0.06776i,
                    Current value of rho: -1.36633 + 0.06508i,
                    Target rho: -0.17792 + -0.74734
------------------------------
L-BFGS Epoch: 300 / 1000. Total scaled loss: 7.4327e-06, 
                    ODE(0) loss: 2.0391e-10, 
                    ODE(1) loss: 8.0555e-10, 
                    Non-trivial solution loss: 5.2580e-12,
                    Physics loss: 7.4226e-06,
                    Initial value of rho: -0.13588 + -0.06776i,
                    Current value of rho: -1.33935 + 0.06821i,
                    Target rho: -0.17792 + -0.74734
------------------------------
L-BFGS Epoch: 400 / 1000. Total scaled loss: 7.5842e-06, 
                    ODE(0) loss: 2.2868e-10, 
                    ODE(1) loss: 7.2697e-10, 
                    Non-trivial solution loss: 4.3636e-12,
                    Physics loss: 7.5746e-06,
                    Initial value of rho: -0.13588 + -0.06776i,
                    Current value of rho: -1.33579 + 0.06880i,
                    Target rho: -0.17792 + -0.74734
------------------------------
L-BFGS Epoch: 500 / 1000. Total scaled loss: 7.5053e-06, 
                    ODE(0) loss: 1.8219e-10, 
                    ODE(1) loss: 1.0945e-09, 
                    Non-trivial solution loss: 2.6787e-12,
                    Physics loss: 7.4925e-06,
                    Initial value of rho: -0.13588 + -0.06776i,
                    Current value of rho: -1.33355 + 0.06910i,
                    Target rho: -0.17792 + -0.74734
------------------------------
L-BFGS Epoch: 600 / 1000. Total scaled loss: 7.4614e-06, 
                    ODE(0) loss: 2.1448e-10, 
                    ODE(1) loss: 1.0550e-09, 
                    Non-trivial solution loss: 2.5315e-12,
                    Physics loss: 7.4486e-06,
                    Initial value of rho: -0.13588 + -0.06776i,
                    Current value of rho: -1.33346 + 0.06913i,
                    Target rho: -0.17792 + -0.74734
------------------------------
L-BFGS Epoch: 700 / 1000. Total scaled loss: 7.4721e-06, 
                    ODE(0) loss: 3.3729e-10, 
                    ODE(1) loss: 9.3235e-10, 
                    Non-trivial solution loss: 1.8707e-12,
                    Physics loss: 7.4594e-06,
                    Initial value of rho: -0.13588 + -0.06776i,
                    Current value of rho: -1.33324 + 0.06916i,
                    Target rho: -0.17792 + -0.74734
------------------------------
L-BFGS Epoch: 800 / 1000. Total scaled loss: 7.4944e-06, 
                    ODE(0) loss: 3.3729e-10, 
                    ODE(1) loss: 9.3237e-10, 
                    Non-trivial solution loss: 1.8707e-12,
                    Physics loss: 7.4817e-06,
                    Initial value of rho: -0.13588 + -0.06776i,
                    Current value of rho: -1.33324 + 0.06916i,
                    Target rho: -0.17792 + -0.74734
------------------------------
L-BFGS Epoch: 900 / 1000. Total scaled loss: 7.4849e-06, 
                    ODE(0) loss: 3.3729e-10, 
                    ODE(1) loss: 9.3237e-10, 
                    Non-trivial solution loss: 1.8707e-12,
                    Physics loss: 7.4722e-06,
                    Initial value of rho: -0.13588 + -0.06776i,
                    Current value of rho: -1.33324 + 0.06916i,
                    Target rho: -0.17792 + -0.74734
------------------------------
L-BFGS Epoch: 1000 / 1000. Total scaled loss: 7.4555e-06, 
                    ODE(0) loss: 3.3866e-10, 
                    ODE(1) loss: 9.3237e-10, 
                    Non-trivial solution loss: 1.8707e-12,
                    Physics loss: 7.4427e-06,
                    Initial value of rho: -0.13588 + -0.06776i,
                    Current value of rho: -1.33324 + 0.06916i,
                    Target rho: -0.17792 + -0.74734
------------------------------
Training complete for l = 2. Total scaled loss: 7.4555e-06, 
                    ODE(0) loss: 3.3866e-10, 
                    ODE(1) loss: 9.3237e-10, 
                    Non-trivial solution loss: 1.8707e-12,
                    Physics loss: 7.4427e-06,
                    Current value of rho: -1.33324 + 0.06916i
                    Target rho: -0.17792 + -0.74734
Result saved to ./RepeatRunQNM/l2/delta0.7/10/result.txt
Training complete. Checkpoint saved to ./RepeatRunQNM/l2/delta0.7/10/pinn_checkpoint_qnm_l2_delta0.7_run10.pth
l = 2 mode with delta = 0.7 completed successfully.
