Using device: cuda
------------------------------
Starting training for l = 2 with delta = 0.7
Initial rho: -0.76461 + -0.91863i
Target rho: -0.17792 + -0.74734i
Initial distance from target: 0.61118
------------------------------
Epoch: 1 / 18000. Total scaled loss: 2.5931e+02, 
                    ODE(0) loss: 6.0809e-01, 
                    ODE(1) loss: 1.0131e+00, 
                    Non-trivial solution loss: 9.7179e-01,
                    Physics loss: 6.5645e-01,
                    Initial value of rho: -0.76461 + -0.91863i,
                    Current value of rho: -0.76461 + -0.91863i,
                    Target rho: -0.17792 + -0.74734
------------------------------
Epoch: 500 / 18000. Total scaled loss: 1.9188e-02, 
                    ODE(0) loss: 3.7269e-09, 
                    ODE(1) loss: 2.5288e-09, 
                    Non-trivial solution loss: 2.6813e-08,
                    Physics loss: 1.9184e+00,
                    Initial value of rho: -0.76461 + -0.91863i,
                    Current value of rho: -0.76461 + -0.91863i,
                    Target rho: -0.17792 + -0.74734
------------------------------
Epoch: 1000 / 18000. Total scaled loss: 1.8849e-02, 
                    ODE(0) loss: 3.4251e-09, 
                    ODE(1) loss: 2.5638e-09, 
                    Non-trivial solution loss: 2.6838e-08,
                    Physics loss: 1.8845e+00,
                    Initial value of rho: -0.76461 + -0.91863i,
                    Current value of rho: -0.76461 + -0.91863i,
                    Target rho: -0.17792 + -0.74734
------------------------------
Epoch: 1500 / 18000. Total scaled loss: 1.8754e-02, 
                    ODE(0) loss: 4.7541e-09, 
                    ODE(1) loss: 3.6530e-09, 
                    Non-trivial solution loss: 2.6267e-08,
                    Physics loss: 1.8750e+00,
                    Initial value of rho: -0.76461 + -0.91863i,
                    Current value of rho: -0.76461 + -0.91863i,
                    Target rho: -0.17792 + -0.74734
------------------------------
Epoch: 2000 / 18000. Total scaled loss: 1.8246e-02, 
                    ODE(0) loss: 1.1936e-06, 
                    ODE(1) loss: 1.4259e-06, 
                    Non-trivial solution loss: 1.2294e-07,
                    Physics loss: 1.7972e+00,
                    Initial value of rho: -0.76461 + -0.91863i,
                    Current value of rho: -0.76461 + -0.91863i,
                    Target rho: -0.17792 + -0.74734
------------------------------
Epoch: 2500 / 18000. Total scaled loss: 8.9190e-02, 
                    ODE(0) loss: 5.9589e-04, 
                    ODE(1) loss: 1.1510e-04, 
                    Non-trivial solution loss: 2.3986e-06,
                    Physics loss: 1.7851e+00,
                    Initial value of rho: -0.76461 + -0.91863i,
                    Current value of rho: -0.76461 + -0.91863i,
                    Target rho: -0.17792 + -0.74734
------------------------------
Epoch: 3000 / 18000. Total scaled loss: 1.7081e-02, 
                    ODE(0) loss: 3.5950e-08, 
                    ODE(1) loss: 9.5182e-09, 
                    Non-trivial solution loss: 1.8696e-08,
                    Physics loss: 1.7075e+00,
                    Initial value of rho: -0.76461 + -0.91863i,
                    Current value of rho: -0.76461 + -0.91863i,
                    Target rho: -0.17792 + -0.74734
------------------------------
Epoch: 3500 / 18000. Total scaled loss: 1.7043e-02, 
                    ODE(0) loss: 3.1953e-09, 
                    ODE(1) loss: 3.0193e-09, 
                    Non-trivial solution loss: 2.5718e-08,
                    Physics loss: 1.7040e+00,
                    Initial value of rho: -0.76461 + -0.91863i,
                    Current value of rho: -0.76461 + -0.91863i,
                    Target rho: -0.17792 + -0.74734
------------------------------
Epoch: 4000 / 18000. Total scaled loss: 2.3115e-01, 
                    ODE(0) loss: 4.4176e-07, 
                    ODE(1) loss: 4.0960e-07, 
                    Non-trivial solution loss: 4.8519e-06,
                    Physics loss: 1.5387e+00,
                    Initial value of rho: -0.76461 + -0.91863i,
                    Current value of rho: -0.76461 + -0.91863i,
                    Target rho: -0.17792 + -0.74734
------------------------------
Epoch: 4500 / 18000. Total scaled loss: 2.5913e-01, 
                    ODE(0) loss: 9.7897e-07, 
                    ODE(1) loss: 1.0842e-06, 
                    Non-trivial solution loss: 7.0006e-06,
                    Physics loss: 1.2164e+00,
                    Initial value of rho: -0.76461 + -0.91863i,
                    Current value of rho: -0.76461 + -0.91863i,
                    Target rho: -0.17792 + -0.74734
------------------------------
Epoch: 5000 / 18000. Total scaled loss: 2.1334e-01, 
                    ODE(0) loss: 6.4230e-07, 
                    ODE(1) loss: 1.2030e-06, 
                    Non-trivial solution loss: 5.1583e-06,
                    Physics loss: 7.7405e-01,
                    Initial value of rho: -0.76461 + -0.91863i,
                    Current value of rho: -0.76461 + -0.91863i,
                    Target rho: -0.17792 + -0.74734
------------------------------
Epoch: 5500 / 18000. Total scaled loss: 1.1480e-01, 
                    ODE(0) loss: 3.9718e-07, 
                    ODE(1) loss: 7.0432e-07, 
                    Non-trivial solution loss: 2.2153e-06,
                    Physics loss: 3.3951e-01,
                    Initial value of rho: -0.76461 + -0.91863i,
                    Current value of rho: -0.76461 + -0.91863i,
                    Target rho: -0.17792 + -0.74734
------------------------------
Epoch: 6000 / 18000. Total scaled loss: 9.4112e-02, 
                    ODE(0) loss: 3.5134e-05, 
                    ODE(1) loss: 9.3131e-07, 
                    Non-trivial solution loss: 3.9990e-06,
                    Physics loss: 2.2834e-01,
                    Initial value of rho: -0.76461 + -0.91863i,
                    Current value of rho: -0.76461 + -0.91863i,
                    Target rho: -0.17792 + -0.74734
------------------------------
Epoch: 6500 / 18000. Total scaled loss: 9.0123e-02, 
                    ODE(0) loss: 4.3432e-07, 
                    ODE(1) loss: 1.3541e-06, 
                    Non-trivial solution loss: 2.8404e-06,
                    Physics loss: 1.9427e-01,
                    Initial value of rho: -0.76461 + -0.91863i,
                    Current value of rho: -0.76461 + -0.91863i,
                    Target rho: -0.17792 + -0.74734
------------------------------
Epoch: 7000 / 18000. Total scaled loss: 8.9280e-02, 
                    ODE(0) loss: 1.2555e-06, 
                    ODE(1) loss: 6.3882e-07, 
                    Non-trivial solution loss: 3.4966e-06,
                    Physics loss: 1.6951e-01,
                    Initial value of rho: -0.76461 + -0.91863i,
                    Current value of rho: -0.76461 + -0.91863i,
                    Target rho: -0.17792 + -0.74734
------------------------------
Epoch: 7500 / 18000. Total scaled loss: 8.8404e-02, 
                    ODE(0) loss: 1.1309e-05, 
                    ODE(1) loss: 3.7349e-06, 
                    Non-trivial solution loss: 2.9065e-06,
                    Physics loss: 1.4894e-01,
                    Initial value of rho: -0.76461 + -0.91863i,
                    Current value of rho: -0.76461 + -0.91863i,
                    Target rho: -0.17792 + -0.74734
------------------------------
Epoch: 8000 / 18000. Total scaled loss: 8.2469e-02, 
                    ODE(0) loss: 1.3528e-05, 
                    ODE(1) loss: 1.3565e-06, 
                    Non-trivial solution loss: 5.1719e-06,
                    Physics loss: 1.2551e-01,
                    Initial value of rho: -0.76461 + -0.91863i,
                    Current value of rho: -0.76461 + -0.91863i,
                    Target rho: -0.17792 + -0.74734
------------------------------
Epoch: 8500 / 18000. Total scaled loss: 6.9560e-02, 
                    ODE(0) loss: 2.0452e-06, 
                    ODE(1) loss: 1.6216e-06, 
                    Non-trivial solution loss: 4.6960e-06,
                    Physics loss: 9.7190e-02,
                    Initial value of rho: -0.76461 + -0.91863i,
                    Current value of rho: -0.76461 + -0.91863i,
                    Target rho: -0.17792 + -0.74734
------------------------------
Epoch: 9000 / 18000. Total scaled loss: 6.7468e-02, 
                    ODE(0) loss: 2.0614e-04, 
                    ODE(1) loss: 2.4227e-04, 
                    Non-trivial solution loss: 7.6046e-06,
                    Physics loss: 6.7936e-02,
                    Initial value of rho: -0.76461 + -0.91863i,
                    Current value of rho: -0.76461 + -0.91863i,
                    Target rho: -0.17792 + -0.74734
------------------------------
Unfreezing rho...
Epoch: 9500 / 18000. Total scaled loss: 4.0997e-02, 
                    ODE(0) loss: 7.7341e-07, 
                    ODE(1) loss: 8.6631e-06, 
                    Non-trivial solution loss: 3.6510e-06,
                    Physics loss: 4.8548e-02,
                    Initial value of rho: -0.76461 + -0.91863i,
                    Current value of rho: -0.76625 + -0.91086i,
                    Target rho: -0.17792 + -0.74734
------------------------------
Epoch: 10000 / 18000. Total scaled loss: 3.0177e-02, 
                    ODE(0) loss: 1.9122e-06, 
                    ODE(1) loss: 4.0581e-07, 
                    Non-trivial solution loss: 2.6090e-06,
                    Physics loss: 3.3425e-02,
                    Initial value of rho: -0.76461 + -0.91863i,
                    Current value of rho: -0.76738 + -0.90641i,
                    Target rho: -0.17792 + -0.74734
------------------------------
Epoch: 10500 / 18000. Total scaled loss: 1.8815e-02, 
                    ODE(0) loss: 1.6365e-06, 
                    ODE(1) loss: 2.4908e-06, 
                    Non-trivial solution loss: 1.9236e-06,
                    Physics loss: 1.9464e-02,
                    Initial value of rho: -0.76461 + -0.91863i,
                    Current value of rho: -0.76859 + -0.90212i,
                    Target rho: -0.17792 + -0.74734
------------------------------
Epoch: 11000 / 18000. Total scaled loss: 1.2655e-02, 
                    ODE(0) loss: 3.1964e-06, 
                    ODE(1) loss: 1.1627e-06, 
                    Non-trivial solution loss: 1.7084e-06,
                    Physics loss: 1.2595e-02,
                    Initial value of rho: -0.76461 + -0.91863i,
                    Current value of rho: -0.76962 + -0.89862i,
                    Target rho: -0.17792 + -0.74734
------------------------------
Epoch: 11500 / 18000. Total scaled loss: 1.2056e-02, 
                    ODE(0) loss: 8.5324e-05, 
                    ODE(1) loss: 1.8123e-05, 
                    Non-trivial solution loss: 7.7643e-07,
                    Physics loss: 1.1013e-02,
                    Initial value of rho: -0.76461 + -0.91863i,
                    Current value of rho: -0.77014 + -0.89565i,
                    Target rho: -0.17792 + -0.74734
------------------------------
Epoch: 12000 / 18000. Total scaled loss: 1.0182e-02, 
                    ODE(0) loss: 1.3815e-05, 
                    ODE(1) loss: 1.1311e-05, 
                    Non-trivial solution loss: 1.8831e-06,
                    Physics loss: 9.9123e-03,
                    Initial value of rho: -0.76461 + -0.91863i,
                    Current value of rho: -0.77046 + -0.89312i,
                    Target rho: -0.17792 + -0.74734
------------------------------
Epoch: 12500 / 18000. Total scaled loss: 2.1541e-02, 
                    ODE(0) loss: 9.3519e-04, 
                    ODE(1) loss: 2.3459e-04, 
                    Non-trivial solution loss: 1.0449e-06,
                    Physics loss: 9.8325e-03,
                    Initial value of rho: -0.76461 + -0.91863i,
                    Current value of rho: -0.77073 + -0.89106i,
                    Target rho: -0.17792 + -0.74734
------------------------------
Epoch: 13000 / 18000. Total scaled loss: 8.5980e-03, 
                    ODE(0) loss: 1.3057e-05, 
                    ODE(1) loss: 1.3263e-05, 
                    Non-trivial solution loss: 5.1364e-07,
                    Physics loss: 8.3297e-03,
                    Initial value of rho: -0.76461 + -0.91863i,
                    Current value of rho: -0.77095 + -0.88927i,
                    Target rho: -0.17792 + -0.74734
------------------------------
Epoch: 13500 / 18000. Total scaled loss: 9.1306e-03, 
                    ODE(0) loss: 3.5437e-05, 
                    ODE(1) loss: 6.8259e-05, 
                    Non-trivial solution loss: 7.1103e-06,
                    Physics loss: 8.0226e-03,
                    Initial value of rho: -0.76461 + -0.91863i,
                    Current value of rho: -0.77113 + -0.88774i,
                    Target rho: -0.17792 + -0.74734
------------------------------
Epoch: 14000 / 18000. Total scaled loss: 7.0408e-03, 
                    ODE(0) loss: 1.4947e-06, 
                    ODE(1) loss: 2.4891e-06, 
                    Non-trivial solution loss: 7.7577e-07,
                    Physics loss: 6.9932e-03,
                    Initial value of rho: -0.76461 + -0.91863i,
                    Current value of rho: -0.77131 + -0.88651i,
                    Target rho: -0.17792 + -0.74734
------------------------------
Epoch: 14500 / 18000. Total scaled loss: 8.4214e-03, 
                    ODE(0) loss: 1.0935e-04, 
                    ODE(1) loss: 1.0001e-05, 
                    Non-trivial solution loss: 2.0795e-07,
                    Physics loss: 6.5098e-03,
                    Initial value of rho: -0.76461 + -0.91863i,
                    Current value of rho: -0.77145 + -0.88542i,
                    Target rho: -0.17792 + -0.74734
------------------------------
Epoch: 15000 / 18000. Total scaled loss: 2.0382e-02, 
                    ODE(0) loss: 9.7471e-04, 
                    ODE(1) loss: 1.5292e-04, 
                    Non-trivial solution loss: 1.1224e-05,
                    Physics loss: 5.3994e-03,
                    Initial value of rho: -0.76461 + -0.91863i,
                    Current value of rho: -0.77174 + -0.88438i,
                    Target rho: -0.17792 + -0.74734
------------------------------
Epoch: 15500 / 18000. Total scaled loss: 1.0230e-02, 
                    ODE(0) loss: 4.7827e-05, 
                    ODE(1) loss: 6.3550e-06, 
                    Non-trivial solution loss: 1.2802e-06,
                    Physics loss: 4.3562e-03,
                    Initial value of rho: -0.76461 + -0.91863i,
                    Current value of rho: -0.77202 + -0.88330i,
                    Target rho: -0.17792 + -0.74734
------------------------------
Epoch: 16000 / 18000. Total scaled loss: 1.2895e-02, 
                    ODE(0) loss: 3.2603e-04, 
                    ODE(1) loss: 9.8625e-06, 
                    Non-trivial solution loss: 7.8746e-06,
                    Physics loss: 3.4061e-03,
                    Initial value of rho: -0.76461 + -0.91863i,
                    Current value of rho: -0.77246 + -0.88256i,
                    Target rho: -0.17792 + -0.74734
------------------------------
Epoch: 16500 / 18000. Total scaled loss: 1.0115e-02, 
                    ODE(0) loss: 2.4683e-05, 
                    ODE(1) loss: 1.7093e-05, 
                    Non-trivial solution loss: 2.9607e-06,
                    Physics loss: 2.9012e-03,
                    Initial value of rho: -0.76461 + -0.91863i,
                    Current value of rho: -0.77286 + -0.88192i,
                    Target rho: -0.17792 + -0.74734
------------------------------
Epoch: 17000 / 18000. Total scaled loss: 2.5386e-02, 
                    ODE(0) loss: 1.1844e-03, 
                    ODE(1) loss: 2.0242e-04, 
                    Non-trivial solution loss: 1.5794e-05,
                    Physics loss: 2.9218e-03,
                    Initial value of rho: -0.76461 + -0.91863i,
                    Current value of rho: -0.77335 + -0.88142i,
                    Target rho: -0.17792 + -0.74734
------------------------------
Epoch: 17500 / 18000. Total scaled loss: 1.1173e-02, 
                    ODE(0) loss: 2.1445e-05, 
                    ODE(1) loss: 1.7738e-06, 
                    Non-trivial solution loss: 3.4895e-06,
                    Physics loss: 2.4544e-03,
                    Initial value of rho: -0.76461 + -0.91863i,
                    Current value of rho: -0.77385 + -0.88093i,
                    Target rho: -0.17792 + -0.74734
------------------------------
Epoch: 18000 / 18000. Total scaled loss: 1.1462e-02, 
                    ODE(0) loss: 1.8435e-05, 
                    ODE(1) loss: 7.8084e-06, 
                    Non-trivial solution loss: 1.7049e-06,
                    Physics loss: 2.2370e-03,
                    Initial value of rho: -0.76461 + -0.91863i,
                    Current value of rho: -0.77441 + -0.88051i,
                    Target rho: -0.17792 + -0.74734
------------------------------
Adam training complete. Switching to L-BFGS:
L-BFGS Epoch: 100 / 1000. Total scaled loss: 2.6888e-05, 
                    ODE(0) loss: 8.8760e-10, 
                    ODE(1) loss: 1.9914e-09, 
                    Non-trivial solution loss: 3.9858e-11,
                    Physics loss: 2.6859e-05,
                    Initial value of rho: -0.76461 + -0.91863i,
                    Current value of rho: -1.58783 + -0.78871i,
                    Target rho: -0.17792 + -0.74734
------------------------------
L-BFGS Epoch: 200 / 1000. Total scaled loss: 2.7629e-05, 
                    ODE(0) loss: 1.4477e-09, 
                    ODE(1) loss: 1.6912e-09, 
                    Non-trivial solution loss: 1.3894e-11,
                    Physics loss: 2.7597e-05,
                    Initial value of rho: -0.76461 + -0.91863i,
                    Current value of rho: -1.58409 + -0.78882i,
                    Target rho: -0.17792 + -0.74734
------------------------------
L-BFGS Epoch: 300 / 1000. Total scaled loss: 2.0349e-05, 
                    ODE(0) loss: 3.0828e-10, 
                    ODE(1) loss: 1.7173e-09, 
                    Non-trivial solution loss: 5.7275e-11,
                    Physics loss: 2.0329e-05,
                    Initial value of rho: -0.76461 + -0.91863i,
                    Current value of rho: -1.55132 + -0.78609i,
                    Target rho: -0.17792 + -0.74734
------------------------------
L-BFGS Epoch: 400 / 1000. Total scaled loss: 1.1729e-05, 
                    ODE(0) loss: 1.5816e-10, 
                    ODE(1) loss: 4.6259e-10, 
                    Non-trivial solution loss: 4.0503e-12,
                    Physics loss: 1.1722e-05,
                    Initial value of rho: -0.76461 + -0.91863i,
                    Current value of rho: -1.59166 + -0.77560i,
                    Target rho: -0.17792 + -0.74734
------------------------------
L-BFGS Epoch: 500 / 1000. Total scaled loss: 1.1688e-05, 
                    ODE(0) loss: 1.7763e-10, 
                    ODE(1) loss: 5.6540e-10, 
                    Non-trivial solution loss: 1.4202e-10,
                    Physics loss: 1.1679e-05,
                    Initial value of rho: -0.76461 + -0.91863i,
                    Current value of rho: -1.58818 + -0.77622i,
                    Target rho: -0.17792 + -0.74734
------------------------------
L-BFGS Epoch: 600 / 1000. Total scaled loss: 1.1704e-05, 
                    ODE(0) loss: 2.0675e-11, 
                    ODE(1) loss: 7.6417e-10, 
                    Non-trivial solution loss: 3.0705e-12,
                    Physics loss: 1.1697e-05,
                    Initial value of rho: -0.76461 + -0.91863i,
                    Current value of rho: -1.58599 + -0.77615i,
                    Target rho: -0.17792 + -0.74734
------------------------------
L-BFGS Epoch: 700 / 1000. Total scaled loss: 1.1427e-05, 
                    ODE(0) loss: 4.2580e-11, 
                    ODE(1) loss: 9.2568e-10, 
                    Non-trivial solution loss: 1.7502e-12,
                    Physics loss: 1.1417e-05,
                    Initial value of rho: -0.76461 + -0.91863i,
                    Current value of rho: -1.59537 + -0.77405i,
                    Target rho: -0.17792 + -0.74734
------------------------------
L-BFGS Epoch: 800 / 1000. Total scaled loss: 1.1319e-05, 
                    ODE(0) loss: 2.4255e-11, 
                    ODE(1) loss: 6.3657e-10, 
                    Non-trivial solution loss: 1.9048e-12,
                    Physics loss: 1.1312e-05,
                    Initial value of rho: -0.76461 + -0.91863i,
                    Current value of rho: -1.59501 + -0.77403i,
                    Target rho: -0.17792 + -0.74734
------------------------------
L-BFGS Epoch: 900 / 1000. Total scaled loss: 1.1449e-05, 
                    ODE(0) loss: 5.1852e-11, 
                    ODE(1) loss: 4.3169e-10, 
                    Non-trivial solution loss: 3.4568e-12,
                    Physics loss: 1.1444e-05,
                    Initial value of rho: -0.76461 + -0.91863i,
                    Current value of rho: -1.59503 + -0.77402i,
                    Target rho: -0.17792 + -0.74734
------------------------------
L-BFGS Epoch: 1000 / 1000. Total scaled loss: 1.1438e-05, 
                    ODE(0) loss: 4.8524e-11, 
                    ODE(1) loss: 4.3102e-10, 
                    Non-trivial solution loss: 3.7197e-12,
                    Physics loss: 1.1434e-05,
                    Initial value of rho: -0.76461 + -0.91863i,
                    Current value of rho: -1.59503 + -0.77402i,
                    Target rho: -0.17792 + -0.74734
------------------------------
Training complete for l = 2. Total scaled loss: 1.1438e-05, 
                    ODE(0) loss: 4.8524e-11, 
                    ODE(1) loss: 4.3102e-10, 
                    Non-trivial solution loss: 3.7197e-12,
                    Physics loss: 1.1434e-05,
                    Current value of rho: -1.59503 + -0.77402i
                    Target rho: -0.17792 + -0.74734
Training complete. Checkpoint saved to ./RepeatRunQNM/l2/delta0.7/6/pinn_checkpoint_qnm_l2_delta0.7_run6.pth
l = 2 mode with delta = 0.7 completed successfully.
