Using device: cuda
------------------------------
Starting training for l = 2 with delta = 0.6
Initial rho: 0.06615 + -0.83916i
Target rho: -0.17792 + -0.74734i
Initial distance from target: 0.26077
------------------------------
Epoch: 1 / 18000. Total scaled loss: 1.3770e+02, 
                    ODE(0) loss: 1.4440e-01, 
                    ODE(1) loss: 8.2838e-02, 
                    Non-trivial solution loss: 1.1497e+00,
                    Physics loss: 9.3798e-02,
                    Initial value of rho: 0.06615 + -0.83916i,
                    Current value of rho: 0.06615 + -0.83916i,
                    Target rho: -0.17792 + -0.74734
------------------------------
Epoch: 500 / 18000. Total scaled loss: 6.1612e-02, 
                    ODE(0) loss: 1.5119e-08, 
                    ODE(1) loss: 5.8579e-10, 
                    Non-trivial solution loss: 3.5749e-07,
                    Physics loss: 6.1575e+00,
                    Initial value of rho: 0.06615 + -0.83916i,
                    Current value of rho: 0.06615 + -0.83916i,
                    Target rho: -0.17792 + -0.74734
------------------------------
Epoch: 1000 / 18000. Total scaled loss: 7.6165e-02, 
                    ODE(0) loss: 1.3558e-04, 
                    ODE(1) loss: 1.7083e-05, 
                    Non-trivial solution loss: 1.6883e-06,
                    Physics loss: 6.0729e+00,
                    Initial value of rho: 0.06615 + -0.83916i,
                    Current value of rho: 0.06615 + -0.83916i,
                    Target rho: -0.17792 + -0.74734
------------------------------
Epoch: 1500 / 18000. Total scaled loss: 7.5597e-02, 
                    ODE(0) loss: 1.1013e-04, 
                    ODE(1) loss: 1.6189e-05, 
                    Non-trivial solution loss: 2.2614e-05,
                    Physics loss: 6.0703e+00,
                    Initial value of rho: 0.06615 + -0.83916i,
                    Current value of rho: 0.06615 + -0.83916i,
                    Target rho: -0.17792 + -0.74734
------------------------------
Epoch: 2000 / 18000. Total scaled loss: 1.4202e-01, 
                    ODE(0) loss: 7.1568e-04, 
                    ODE(1) loss: 9.8697e-05, 
                    Non-trivial solution loss: 3.8859e-06,
                    Physics loss: 6.0198e+00,
                    Initial value of rho: 0.06615 + -0.83916i,
                    Current value of rho: 0.06615 + -0.83916i,
                    Target rho: -0.17792 + -0.74734
------------------------------
Epoch: 2500 / 18000. Total scaled loss: 1.0266e-01, 
                    ODE(0) loss: 2.0671e-04, 
                    ODE(1) loss: 2.1685e-04, 
                    Non-trivial solution loss: 8.5237e-06,
                    Physics loss: 5.9451e+00,
                    Initial value of rho: 0.06615 + -0.83916i,
                    Current value of rho: 0.06615 + -0.83916i,
                    Target rho: -0.17792 + -0.74734
------------------------------
Epoch: 3000 / 18000. Total scaled loss: 5.9221e-02, 
                    ODE(0) loss: 1.9247e-07, 
                    ODE(1) loss: 1.2900e-07, 
                    Non-trivial solution loss: 3.4680e-07,
                    Physics loss: 5.9154e+00,
                    Initial value of rho: 0.06615 + -0.83916i,
                    Current value of rho: 0.06615 + -0.83916i,
                    Target rho: -0.17792 + -0.74734
------------------------------
Epoch: 3500 / 18000. Total scaled loss: 7.6557e-02, 
                    ODE(0) loss: 8.1713e-05, 
                    ODE(1) loss: 7.9426e-05, 
                    Non-trivial solution loss: 1.1577e-06,
                    Physics loss: 6.0328e+00,
                    Initial value of rho: 0.06615 + -0.83916i,
                    Current value of rho: 0.06615 + -0.83916i,
                    Target rho: -0.17792 + -0.74734
------------------------------
Epoch: 4000 / 18000. Total scaled loss: 8.4855e-01, 
                    ODE(0) loss: 1.6694e-07, 
                    ODE(1) loss: 4.2571e-08, 
                    Non-trivial solution loss: 7.6627e-05,
                    Physics loss: 5.6130e+00,
                    Initial value of rho: 0.06615 + -0.83916i,
                    Current value of rho: 0.06615 + -0.83916i,
                    Target rho: -0.17792 + -0.74734
------------------------------
Epoch: 4500 / 18000. Total scaled loss: 1.1262e+00, 
                    ODE(0) loss: 3.4906e-07, 
                    ODE(1) loss: 2.3760e-07, 
                    Non-trivial solution loss: 1.4611e-04,
                    Physics loss: 5.2417e+00,
                    Initial value of rho: 0.06615 + -0.83916i,
                    Current value of rho: 0.06615 + -0.83916i,
                    Target rho: -0.17792 + -0.74734
------------------------------
Epoch: 5000 / 18000. Total scaled loss: 1.3795e+00, 
                    ODE(0) loss: 1.0043e-03, 
                    ODE(1) loss: 1.5844e-04, 
                    Non-trivial solution loss: 4.2665e-04,
                    Physics loss: 4.5415e+00,
                    Initial value of rho: 0.06615 + -0.83916i,
                    Current value of rho: 0.06615 + -0.83916i,
                    Target rho: -0.17792 + -0.74734
------------------------------
Epoch: 5500 / 18000. Total scaled loss: 1.4400e+00, 
                    ODE(0) loss: 1.1769e-05, 
                    ODE(1) loss: 1.1844e-06, 
                    Non-trivial solution loss: 3.4984e-04,
                    Physics loss: 4.1864e+00,
                    Initial value of rho: 0.06615 + -0.83916i,
                    Current value of rho: 0.06615 + -0.83916i,
                    Target rho: -0.17792 + -0.74734
------------------------------
Epoch: 6000 / 18000. Total scaled loss: 1.6200e+00, 
                    ODE(0) loss: 2.2861e-08, 
                    ODE(1) loss: 2.2208e-07, 
                    Non-trivial solution loss: 5.5955e-04,
                    Physics loss: 3.9533e+00,
                    Initial value of rho: 0.06615 + -0.83916i,
                    Current value of rho: 0.06615 + -0.83916i,
                    Target rho: -0.17792 + -0.74734
------------------------------
Epoch: 6500 / 18000. Total scaled loss: 1.9038e+00, 
                    ODE(0) loss: 1.2103e-06, 
                    ODE(1) loss: 7.9452e-07, 
                    Non-trivial solution loss: 8.5848e-04,
                    Physics loss: 3.9988e+00,
                    Initial value of rho: 0.06615 + -0.83916i,
                    Current value of rho: 0.06615 + -0.83916i,
                    Target rho: -0.17792 + -0.74734
------------------------------
Epoch: 7000 / 18000. Total scaled loss: 2.0908e+00, 
                    ODE(0) loss: 1.4280e-04, 
                    ODE(1) loss: 9.1318e-06, 
                    Non-trivial solution loss: 1.4495e-03,
                    Physics loss: 3.8079e+00,
                    Initial value of rho: 0.06615 + -0.83916i,
                    Current value of rho: 0.06615 + -0.83916i,
                    Target rho: -0.17792 + -0.74734
------------------------------
Epoch: 7500 / 18000. Total scaled loss: 2.3096e+00, 
                    ODE(0) loss: 2.7307e-04, 
                    ODE(1) loss: 6.8721e-05, 
                    Non-trivial solution loss: 2.2531e-03,
                    Physics loss: 3.7057e+00,
                    Initial value of rho: 0.06615 + -0.83916i,
                    Current value of rho: 0.06615 + -0.83916i,
                    Target rho: -0.17792 + -0.74734
------------------------------
Epoch: 8000 / 18000. Total scaled loss: 2.5637e+00, 
                    ODE(0) loss: 2.0101e-05, 
                    ODE(1) loss: 7.2971e-07, 
                    Non-trivial solution loss: 3.1416e-03,
                    Physics loss: 3.7258e+00,
                    Initial value of rho: 0.06615 + -0.83916i,
                    Current value of rho: 0.06615 + -0.83916i,
                    Target rho: -0.17792 + -0.74734
------------------------------
Epoch: 8500 / 18000. Total scaled loss: 2.7606e+00, 
                    ODE(0) loss: 5.1405e-05, 
                    ODE(1) loss: 6.4095e-06, 
                    Non-trivial solution loss: 5.0490e-03,
                    Physics loss: 3.5974e+00,
                    Initial value of rho: 0.06615 + -0.83916i,
                    Current value of rho: 0.06615 + -0.83916i,
                    Target rho: -0.17792 + -0.74734
------------------------------
Epoch: 9000 / 18000. Total scaled loss: 2.8743e+00, 
                    ODE(0) loss: 1.2554e-04, 
                    ODE(1) loss: 1.8538e-05, 
                    Non-trivial solution loss: 7.9823e-03,
                    Physics loss: 3.3684e+00,
                    Initial value of rho: 0.06615 + -0.83916i,
                    Current value of rho: 0.06615 + -0.83916i,
                    Target rho: -0.17792 + -0.74734
------------------------------
Unfreezing rho...
Epoch: 9500 / 18000. Total scaled loss: 1.8425e+00, 
                    ODE(0) loss: 3.3049e-06, 
                    ODE(1) loss: 7.7091e-06, 
                    Non-trivial solution loss: 4.7144e-03,
                    Physics loss: 2.0521e+00,
                    Initial value of rho: 0.06615 + -0.83916i,
                    Current value of rho: 0.01814 + -0.79681i,
                    Target rho: -0.17792 + -0.74734
------------------------------
Epoch: 10000 / 18000. Total scaled loss: 1.0956e+00, 
                    ODE(0) loss: 1.4591e-07, 
                    ODE(1) loss: 1.3867e-05, 
                    Non-trivial solution loss: 3.0467e-03,
                    Physics loss: 1.1494e+00,
                    Initial value of rho: 0.06615 + -0.83916i,
                    Current value of rho: -0.02560 + -0.76658i,
                    Target rho: -0.17792 + -0.74734
------------------------------
Epoch: 10500 / 18000. Total scaled loss: 5.9501e-01, 
                    ODE(0) loss: 7.4960e-06, 
                    ODE(1) loss: 1.8392e-05, 
                    Non-trivial solution loss: 2.0649e-03,
                    Physics loss: 5.8837e-01,
                    Initial value of rho: 0.06615 + -0.83916i,
                    Current value of rho: -0.06435 + -0.75099i,
                    Target rho: -0.17792 + -0.74734
------------------------------
Epoch: 11000 / 18000. Total scaled loss: 2.7852e-01, 
                    ODE(0) loss: 4.8066e-06, 
                    ODE(1) loss: 1.1453e-06, 
                    Non-trivial solution loss: 8.8784e-04,
                    Physics loss: 2.6959e-01,
                    Initial value of rho: 0.06615 + -0.83916i,
                    Current value of rho: -0.09770 + -0.74732i,
                    Target rho: -0.17792 + -0.74734
------------------------------
Epoch: 11500 / 18000. Total scaled loss: 1.1172e-01, 
                    ODE(0) loss: 4.5698e-06, 
                    ODE(1) loss: 7.4402e-08, 
                    Non-trivial solution loss: 1.4624e-04,
                    Physics loss: 1.1021e-01,
                    Initial value of rho: 0.06615 + -0.83916i,
                    Current value of rho: -0.12350 + -0.74731i,
                    Target rho: -0.17792 + -0.74734
------------------------------
Epoch: 12000 / 18000. Total scaled loss: 4.3566e-02, 
                    ODE(0) loss: 1.5665e-06, 
                    ODE(1) loss: 4.9885e-06, 
                    Non-trivial solution loss: 2.5176e-05,
                    Physics loss: 4.3249e-02,
                    Initial value of rho: 0.06615 + -0.83916i,
                    Current value of rho: -0.14168 + -0.74677i,
                    Target rho: -0.17792 + -0.74734
------------------------------
Epoch: 12500 / 18000. Total scaled loss: 2.5656e-02, 
                    ODE(0) loss: 8.0435e-05, 
                    ODE(1) loss: 6.9838e-04, 
                    Non-trivial solution loss: 1.1444e-05,
                    Physics loss: 1.7753e-02,
                    Initial value of rho: 0.06615 + -0.83916i,
                    Current value of rho: -0.15418 + -0.74680i,
                    Target rho: -0.17792 + -0.74734
------------------------------
Epoch: 13000 / 18000. Total scaled loss: 7.4248e-03, 
                    ODE(0) loss: 1.3376e-06, 
                    ODE(1) loss: 7.3768e-06, 
                    Non-trivial solution loss: 1.6040e-06,
                    Physics loss: 7.3216e-03,
                    Initial value of rho: 0.06615 + -0.83916i,
                    Current value of rho: -0.16235 + -0.74699i,
                    Target rho: -0.17792 + -0.74734
------------------------------
Epoch: 13500 / 18000. Total scaled loss: 3.9742e-03, 
                    ODE(0) loss: 4.2346e-06, 
                    ODE(1) loss: 4.0899e-05, 
                    Non-trivial solution loss: 1.2196e-06,
                    Physics loss: 3.5107e-03,
                    Initial value of rho: 0.06615 + -0.83916i,
                    Current value of rho: -0.16750 + -0.74714i,
                    Target rho: -0.17792 + -0.74734
------------------------------
Epoch: 14000 / 18000. Total scaled loss: 2.5631e-03, 
                    ODE(0) loss: 6.7177e-06, 
                    ODE(1) loss: 3.9865e-05, 
                    Non-trivial solution loss: 8.5464e-09,
                    Physics loss: 2.0971e-03,
                    Initial value of rho: 0.06615 + -0.83916i,
                    Current value of rho: -0.17070 + -0.74726i,
                    Target rho: -0.17792 + -0.74734
------------------------------
Epoch: 14500 / 18000. Total scaled loss: 2.7532e-03, 
                    ODE(0) loss: 1.1056e-05, 
                    ODE(1) loss: 1.2661e-04, 
                    Non-trivial solution loss: 1.6309e-06,
                    Physics loss: 1.2255e-03,
                    Initial value of rho: 0.06615 + -0.83916i,
                    Current value of rho: -0.17273 + -0.74730i,
                    Target rho: -0.17792 + -0.74734
------------------------------
Epoch: 15000 / 18000. Total scaled loss: 1.7958e-02, 
                    ODE(0) loss: 1.0792e-04, 
                    ODE(1) loss: 1.3542e-03, 
                    Non-trivial solution loss: 6.9343e-06,
                    Physics loss: 1.9619e-03,
                    Initial value of rho: 0.06615 + -0.83916i,
                    Current value of rho: -0.17438 + -0.74729i,
                    Target rho: -0.17792 + -0.74734
------------------------------
Epoch: 15500 / 18000. Total scaled loss: 3.6719e-03, 
                    ODE(0) loss: 1.7518e-05, 
                    ODE(1) loss: 2.4800e-04, 
                    Non-trivial solution loss: 2.6116e-06,
                    Physics loss: 4.4597e-04,
                    Initial value of rho: 0.06615 + -0.83916i,
                    Current value of rho: -0.17556 + -0.74720i,
                    Target rho: -0.17792 + -0.74734
------------------------------
Epoch: 16000 / 18000. Total scaled loss: 1.2920e-03, 
                    ODE(0) loss: 2.5128e-06, 
                    ODE(1) loss: 1.8689e-05, 
                    Non-trivial solution loss: 2.6748e-07,
                    Physics loss: 3.8798e-04,
                    Initial value of rho: 0.06615 + -0.83916i,
                    Current value of rho: -0.17639 + -0.74702i,
                    Target rho: -0.17792 + -0.74734
------------------------------
Epoch: 16500 / 18000. Total scaled loss: 1.8620e-02, 
                    ODE(0) loss: 1.3313e-04, 
                    ODE(1) loss: 1.3996e-03, 
                    Non-trivial solution loss: 4.9378e-06,
                    Physics loss: 9.7342e-04,
                    Initial value of rho: 0.06615 + -0.83916i,
                    Current value of rho: -0.17690 + -0.74690i,
                    Target rho: -0.17792 + -0.74734
------------------------------
Epoch: 17000 / 18000. Total scaled loss: 3.0366e-02, 
                    ODE(0) loss: 2.3107e-04, 
                    ODE(1) loss: 2.3465e-03, 
                    Non-trivial solution loss: 2.2757e-05,
                    Physics loss: 1.1222e-03,
                    Initial value of rho: 0.06615 + -0.83916i,
                    Current value of rho: -0.17723 + -0.74683i,
                    Target rho: -0.17792 + -0.74734
------------------------------
Epoch: 17500 / 18000. Total scaled loss: 4.0384e-03, 
                    ODE(0) loss: 3.0942e-05, 
                    ODE(1) loss: 2.9702e-04, 
                    Non-trivial solution loss: 8.0825e-06,
                    Physics loss: 1.5258e-04,
                    Initial value of rho: 0.06615 + -0.83916i,
                    Current value of rho: -0.17744 + -0.74678i,
                    Target rho: -0.17792 + -0.74734
------------------------------
Epoch: 18000 / 18000. Total scaled loss: 2.4613e-03, 
                    ODE(0) loss: 3.4009e-05, 
                    ODE(1) loss: 1.4994e-04, 
                    Non-trivial solution loss: 3.1287e-07,
                    Physics loss: 1.2377e-04,
                    Initial value of rho: 0.06615 + -0.83916i,
                    Current value of rho: -0.17760 + -0.74678i,
                    Target rho: -0.17792 + -0.74734
------------------------------
Adam training complete. Switching to L-BFGS:
L-BFGS Epoch: 100 / 1000. Total scaled loss: 4.2349e-06, 
                    ODE(0) loss: 1.3255e-10, 
                    ODE(1) loss: 1.2865e-09, 
                    Non-trivial solution loss: 9.2576e-10,
                    Physics loss: 4.2114e-06,
                    Initial value of rho: 0.06615 + -0.83916i,
                    Current value of rho: -0.17806 + -0.74724i,
                    Target rho: -0.17792 + -0.74734
------------------------------
L-BFGS Epoch: 200 / 1000. Total scaled loss: 4.1285e-07, 
                    ODE(0) loss: 1.8267e-11, 
                    ODE(1) loss: 4.0927e-12, 
                    Non-trivial solution loss: 1.7581e-11,
                    Physics loss: 4.1245e-07,
                    Initial value of rho: 0.06615 + -0.83916i,
                    Current value of rho: -0.17798 + -0.74735i,
                    Target rho: -0.17792 + -0.74734
------------------------------
L-BFGS Epoch: 300 / 1000. Total scaled loss: 2.5818e-07, 
                    ODE(0) loss: 1.0163e-11, 
                    ODE(1) loss: 2.5580e-12, 
                    Non-trivial solution loss: 1.6423e-12,
                    Physics loss: 2.5804e-07,
                    Initial value of rho: 0.06615 + -0.83916i,
                    Current value of rho: -0.17796 + -0.74735i,
                    Target rho: -0.17792 + -0.74734
------------------------------
L-BFGS Epoch: 400 / 1000. Total scaled loss: 1.8702e-07, 
                    ODE(0) loss: 3.3632e-12, 
                    ODE(1) loss: 2.2737e-12, 
                    Non-trivial solution loss: 1.4118e-11,
                    Physics loss: 1.8682e-07,
                    Initial value of rho: 0.06615 + -0.83916i,
                    Current value of rho: -0.17796 + -0.74735i,
                    Target rho: -0.17792 + -0.74734
------------------------------
L-BFGS Epoch: 500 / 1000. Total scaled loss: 1.6510e-07, 
                    ODE(0) loss: 8.4481e-12, 
                    ODE(1) loss: 3.1974e-12, 
                    Non-trivial solution loss: 1.3394e-11,
                    Physics loss: 1.6485e-07,
                    Initial value of rho: 0.06615 + -0.83916i,
                    Current value of rho: -0.17797 + -0.74736i,
                    Target rho: -0.17792 + -0.74734
------------------------------
L-BFGS Epoch: 600 / 1000. Total scaled loss: 1.4361e-07, 
                    ODE(0) loss: 1.0100e-11, 
                    ODE(1) loss: 4.5475e-13, 
                    Non-trivial solution loss: 4.1487e-12,
                    Physics loss: 1.4347e-07,
                    Initial value of rho: 0.06615 + -0.83916i,
                    Current value of rho: -0.17796 + -0.74736i,
                    Target rho: -0.17792 + -0.74734
------------------------------
L-BFGS Epoch: 700 / 1000. Total scaled loss: 1.2817e-07, 
                    ODE(0) loss: 6.2600e-12, 
                    ODE(1) loss: 8.8818e-12, 
                    Non-trivial solution loss: 2.0123e-13,
                    Physics loss: 1.2802e-07,
                    Initial value of rho: 0.06615 + -0.83916i,
                    Current value of rho: -0.17796 + -0.74736i,
  