Using device: cuda
------------------------------
Starting training for l = 2 with delta = 0.7
Initial rho: -0.16746 + -0.31899i
Target rho: -0.17792 + -0.74734i
Initial distance from target: 0.42848
------------------------------
Epoch: 1 / 18000. Total scaled loss: 1.9309e+02, 
                    ODE(0) loss: 1.4283e-01, 
                    ODE(1) loss: 5.5327e-01, 
                    Non-trivial solution loss: 1.2348e+00,
                    Physics loss: 3.5464e-01,
                    Initial value of rho: -0.16746 + -0.31899i,
                    Current value of rho: -0.16746 + -0.31899i,
                    Target rho: -0.17792 + -0.74734
------------------------------
Epoch: 500 / 18000. Total scaled loss: 5.8328e-01, 
                    ODE(0) loss: 1.3309e-05, 
                    ODE(1) loss: 4.7364e-03, 
                    Non-trivial solution loss: 1.1534e-05,
                    Physics loss: 1.0715e+01,
                    Initial value of rho: -0.16746 + -0.31899i,
                    Current value of rho: -0.16746 + -0.31899i,
                    Target rho: -0.17792 + -0.74734
------------------------------
Epoch: 1000 / 18000. Total scaled loss: 1.0555e-01, 
                    ODE(0) loss: 4.1858e-08, 
                    ODE(1) loss: 1.8063e-06, 
                    Non-trivial solution loss: 1.0935e-06,
                    Physics loss: 1.0525e+01,
                    Initial value of rho: -0.16746 + -0.31899i,
                    Current value of rho: -0.16746 + -0.31899i,
                    Target rho: -0.17792 + -0.74734
------------------------------
Epoch: 1500 / 18000. Total scaled loss: 1.0546e-01, 
                    ODE(0) loss: 4.9686e-08, 
                    ODE(1) loss: 4.6078e-08, 
                    Non-trivial solution loss: 1.1435e-06,
                    Physics loss: 1.0534e+01,
                    Initial value of rho: -0.16746 + -0.31899i,
                    Current value of rho: -0.16746 + -0.31899i,
                    Target rho: -0.17792 + -0.74734
------------------------------
Epoch: 2000 / 18000. Total scaled loss: 1.0346e-01, 
                    ODE(0) loss: 5.0057e-08, 
                    ODE(1) loss: 6.0491e-09, 
                    Non-trivial solution loss: 1.1277e-06,
                    Physics loss: 1.0334e+01,
                    Initial value of rho: -0.16746 + -0.31899i,
                    Current value of rho: -0.16746 + -0.31899i,
                    Target rho: -0.17792 + -0.74734
------------------------------
Epoch: 2500 / 18000. Total scaled loss: 1.0415e-01, 
                    ODE(0) loss: 4.8745e-08, 
                    ODE(1) loss: 1.2552e-08, 
                    Non-trivial solution loss: 1.1168e-06,
                    Physics loss: 1.0403e+01,
                    Initial value of rho: -0.16746 + -0.31899i,
                    Current value of rho: -0.16746 + -0.31899i,
                    Target rho: -0.17792 + -0.74734
------------------------------
Epoch: 3000 / 18000. Total scaled loss: 1.0170e-01, 
                    ODE(0) loss: 4.9599e-08, 
                    ODE(1) loss: 5.0459e-09, 
                    Non-trivial solution loss: 1.0722e-06,
                    Physics loss: 1.0158e+01,
                    Initial value of rho: -0.16746 + -0.31899i,
                    Current value of rho: -0.16746 + -0.31899i,
                    Target rho: -0.17792 + -0.74734
------------------------------
Epoch: 3500 / 18000. Total scaled loss: 1.0088e-01, 
                    ODE(0) loss: 4.5157e-08, 
                    ODE(1) loss: 2.8000e-09, 
                    Non-trivial solution loss: 1.0549e-06,
                    Physics loss: 1.0077e+01,
                    Initial value of rho: -0.16746 + -0.31899i,
                    Current value of rho: -0.16746 + -0.31899i,
                    Target rho: -0.17792 + -0.74734
------------------------------
Epoch: 4000 / 18000. Total scaled loss: 1.2840e+00, 
                    ODE(0) loss: 9.0678e-06, 
                    ODE(1) loss: 1.7705e-06, 
                    Non-trivial solution loss: 2.0260e-04,
                    Physics loss: 8.4317e+00,
                    Initial value of rho: -0.16746 + -0.31899i,
                    Current value of rho: -0.16746 + -0.31899i,
                    Target rho: -0.17792 + -0.74734
------------------------------
Epoch: 4500 / 18000. Total scaled loss: 1.2282e+00, 
                    ODE(0) loss: 5.1772e-06, 
                    ODE(1) loss: 9.3927e-07, 
                    Non-trivial solution loss: 2.4858e-04,
                    Physics loss: 5.6768e+00,
                    Initial value of rho: -0.16746 + -0.31899i,
                    Current value of rho: -0.16746 + -0.31899i,
                    Target rho: -0.17792 + -0.74734
------------------------------
Epoch: 5000 / 18000. Total scaled loss: 8.6187e-01, 
                    ODE(0) loss: 1.4845e-05, 
                    ODE(1) loss: 2.3984e-06, 
                    Non-trivial solution loss: 1.3592e-04,
                    Physics loss: 3.0895e+00,
                    Initial value of rho: -0.16746 + -0.31899i,
                    Current value of rho: -0.16746 + -0.31899i,
                    Target rho: -0.17792 + -0.74734
------------------------------
Epoch: 5500 / 18000. Total scaled loss: 8.8708e-01, 
                    ODE(0) loss: 2.4482e-06, 
                    ODE(1) loss: 1.1408e-06, 
                    Non-trivial solution loss: 1.7814e-04,
                    Physics loss: 2.5883e+00,
                    Initial value of rho: -0.16746 + -0.31899i,
                    Current value of rho: -0.16746 + -0.31899i,
                    Target rho: -0.17792 + -0.74734
------------------------------
Epoch: 6000 / 18000. Total scaled loss: 1.6272e+00, 
                    ODE(0) loss: 8.8215e-03, 
                    ODE(1) loss: 8.4121e-04, 
                    Non-trivial solution loss: 9.6170e-04,
                    Physics loss: 2.2092e+00,
                    Initial value of rho: -0.16746 + -0.31899i,
                    Current value of rho: -0.16746 + -0.31899i,
                    Target rho: -0.17792 + -0.74734
------------------------------
Epoch: 6500 / 18000. Total scaled loss: 1.0278e+00, 
                    ODE(0) loss: 2.8474e-05, 
                    ODE(1) loss: 1.1569e-05, 
                    Non-trivial solution loss: 3.3921e-04,
                    Physics loss: 2.1706e+00,
                    Initial value of rho: -0.16746 + -0.31899i,
                    Current value of rho: -0.16746 + -0.31899i,
                    Target rho: -0.17792 + -0.74734
------------------------------
Epoch: 7000 / 18000. Total scaled loss: 1.0870e+00, 
                    ODE(0) loss: 3.2223e-06, 
                    ODE(1) loss: 9.4386e-07, 
                    Non-trivial solution loss: 4.4877e-04,
                    Physics loss: 2.0214e+00,
                    Initial value of rho: -0.16746 + -0.31899i,
                    Current value of rho: -0.16746 + -0.31899i,
                    Target rho: -0.17792 + -0.74734
------------------------------
Epoch: 7500 / 18000. Total scaled loss: 1.2064e+00, 
                    ODE(0) loss: 2.0769e-05, 
                    ODE(1) loss: 1.0638e-07, 
                    Non-trivial solution loss: 5.9907e-04,
                    Physics loss: 1.9998e+00,
                    Initial value of rho: -0.16746 + -0.31899i,
                    Current value of rho: -0.16746 + -0.31899i,
                    Target rho: -0.17792 + -0.74734
------------------------------
Epoch: 8000 / 18000. Total scaled loss: 1.3256e+00, 
                    ODE(0) loss: 6.0223e-06, 
                    ODE(1) loss: 2.5782e-06, 
                    Non-trivial solution loss: 9.2975e-04,
                    Physics loss: 1.9748e+00,
                    Initial value of rho: -0.16746 + -0.31899i,
                    Current value of rho: -0.16746 + -0.31899i,
                    Target rho: -0.17792 + -0.74734
------------------------------
Epoch: 8500 / 18000. Total scaled loss: 1.3205e+00, 
                    ODE(0) loss: 2.3817e-06, 
                    ODE(1) loss: 2.1427e-07, 
                    Non-trivial solution loss: 1.4206e-03,
                    Physics loss: 1.7762e+00,
                    Initial value of rho: -0.16746 + -0.31899i,
                    Current value of rho: -0.16746 + -0.31899i,
                    Target rho: -0.17792 + -0.74734
------------------------------
Epoch: 9000 / 18000. Total scaled loss: 1.4463e+00, 
                    ODE(0) loss: 5.3278e-05, 
                    ODE(1) loss: 2.2296e-06, 
                    Non-trivial solution loss: 2.0930e-03,
                    Physics loss: 1.7763e+00,
                    Initial value of rho: -0.16746 + -0.31899i,
                    Current value of rho: -0.16746 + -0.31899i,
                    Target rho: -0.17792 + -0.74734
------------------------------
Unfreezing rho...
Epoch: 9500 / 18000. Total scaled loss: 1.1402e+00, 
                    ODE(0) loss: 6.2792e-05, 
                    ODE(1) loss: 2.6683e-06, 
                    Non-trivial solution loss: 2.0522e-03,
                    Physics loss: 1.2953e+00,
                    Initial value of rho: -0.16746 + -0.31899i,
                    Current value of rho: -0.20058 + -0.34970i,
                    Target rho: -0.17792 + -0.74734
------------------------------
Epoch: 10000 / 18000. Total scaled loss: 9.7314e-01, 
                    ODE(0) loss: 2.1897e-05, 
                    ODE(1) loss: 1.3914e-06, 
                    Non-trivial solution loss: 2.4094e-03,
                    Physics loss: 1.0273e+00,
                    Initial value of rho: -0.16746 + -0.31899i,
                    Current value of rho: -0.22539 + -0.37322i,
                    Target rho: -0.17792 + -0.74734
------------------------------
Epoch: 10500 / 18000. Total scaled loss: 7.5635e-01, 
                    ODE(0) loss: 5.2026e-05, 
                    ODE(1) loss: 1.5427e-05, 
                    Non-trivial solution loss: 3.1734e-03,
                    Physics loss: 7.3957e-01,
                    Initial value of rho: -0.16746 + -0.31899i,
                    Current value of rho: -0.25178 + -0.39831i,
                    Target rho: -0.17792 + -0.74734
------------------------------
Epoch: 11000 / 18000. Total scaled loss: 5.9005e-01, 
                    ODE(0) loss: 9.8770e-05, 
                    ODE(1) loss: 4.1322e-05, 
                    Non-trivial solution loss: 3.5025e-03,
                    Physics loss: 5.5363e-01,
                    Initial value of rho: -0.16746 + -0.31899i,
                    Current value of rho: -0.27989 + -0.42308i,
                    Target rho: -0.17792 + -0.74734
------------------------------
Epoch: 11500 / 18000. Total scaled loss: 4.3809e-01, 
                    ODE(0) loss: 3.3309e-04, 
                    ODE(1) loss: 3.1455e-05, 
                    Non-trivial solution loss: 1.9550e-03,
                    Physics loss: 4.1489e-01,
                    Initial value of rho: -0.16746 + -0.31899i,
                    Current value of rho: -0.30369 + -0.44602i,
                    Target rho: -0.17792 + -0.74734
------------------------------
Epoch: 12000 / 18000. Total scaled loss: 3.2762e-01, 
                    ODE(0) loss: 4.9344e-04, 
                    ODE(1) loss: 5.5432e-05, 
                    Non-trivial solution loss: 1.2470e-03,
                    Physics loss: 3.0966e-01,
                    Initial value of rho: -0.16746 + -0.31899i,
                    Current value of rho: -0.32214 + -0.46752i,
                    Target rho: -0.17792 + -0.74734
------------------------------
Epoch: 12500 / 18000. Total scaled loss: 2.7277e-01, 
                    ODE(0) loss: 4.6634e-05, 
                    ODE(1) loss: 4.8220e-06, 
                    Non-trivial solution loss: 7.5667e-04,
                    Physics loss: 2.6469e-01,
                    Initial value of rho: -0.16746 + -0.31899i,
                    Current value of rho: -0.33733 + -0.48653i,
                    Target rho: -0.17792 + -0.74734
------------------------------
Epoch: 13000 / 18000. Total scaled loss: 2.3454e-01, 
                    ODE(0) loss: 3.9357e-04, 
                    ODE(1) loss: 1.9265e-04, 
                    Non-trivial solution loss: 5.3599e-04,
                    Physics loss: 2.2332e-01,
                    Initial value of rho: -0.16746 + -0.31899i,
                    Current value of rho: -0.35031 + -0.50200i,
                    Target rho: -0.17792 + -0.74734
------------------------------
Epoch: 13500 / 18000. Total scaled loss: 2.0468e-01, 
                    ODE(0) loss: 1.2900e-03, 
                    ODE(1) loss: 4.4815e-04, 
                    Non-trivial solution loss: 2.9007e-04,
                    Physics loss: 1.8440e-01,
                    Initial value of rho: -0.16746 + -0.31899i,
                    Current value of rho: -0.36199 + -0.51352i,
                    Target rho: -0.17792 + -0.74734
------------------------------
Epoch: 14000 / 18000. Total scaled loss: 1.6583e-01, 
                    ODE(0) loss: 3.3236e-05, 
                    ODE(1) loss: 1.3489e-05, 
                    Non-trivial solution loss: 2.9087e-04,
                    Physics loss: 1.6246e-01,
                    Initial value of rho: -0.16746 + -0.31899i,
                    Current value of rho: -0.37255 + -0.52277i,
                    Target rho: -0.17792 + -0.74734
------------------------------
Epoch: 14500 / 18000. Total scaled loss: 3.3047e-01, 
                    ODE(0) loss: 1.6010e-02, 
                    ODE(1) loss: 1.5333e-03, 
                    Non-trivial solution loss: 3.5488e-04,
                    Physics loss: 1.3648e-01,
                    Initial value of rho: -0.16746 + -0.31899i,
                    Current value of rho: -0.38249 + -0.52999i,
                    Target rho: -0.17792 + -0.74734
------------------------------
Epoch: 15000 / 18000. Total scaled loss: 2.1036e-01, 
                    ODE(0) loss: 6.3198e-04, 
                    ODE(1) loss: 1.2491e-04, 
                    Non-trivial solution loss: 4.4685e-04,
                    Physics loss: 1.1908e-01,
                    Initial value of rho: -0.16746 + -0.31899i,
                    Current value of rho: -0.39499 + -0.53784i,
                    Target rho: -0.17792 + -0.74734
------------------------------
Epoch: 15500 / 18000. Total scaled loss: 2.1935e-01, 
                    ODE(0) loss: 4.8119e-04, 
                    ODE(1) loss: 1.4104e-05, 
                    Non-trivial solution loss: 4.7977e-04,
                    Physics loss: 9.4365e-02,
                    Initial value of rho: -0.16746 + -0.31899i,
                    Current value of rho: -0.41035 + -0.54585i,
                    Target rho: -0.17792 + -0.74734
------------------------------
Epoch: 16000 / 18000. Total scaled loss: 1.9680e-01, 
                    ODE(0) loss: 1.6104e-04, 
                    ODE(1) loss: 8.3299e-05, 
                    Non-trivial solution loss: 4.7726e-04,
                    Physics loss: 6.8277e-02,
                    Initial value of rho: -0.16746 + -0.31899i,
                    Current value of rho: -0.42733 + -0.55294i,
                    Target rho: -0.17792 + -0.74734
------------------------------
Epoch: 16500 / 18000. Total scaled loss: 2.0171e-01, 
                    ODE(0) loss: 2.0136e-03, 
                    ODE(1) loss: 3.2757e-04, 
                    Non-trivial solution loss: 5.0125e-04,
                    Physics loss: 5.2002e-02,
                    Initial value of rho: -0.16746 + -0.31899i,
                    Current value of rho: -0.44495 + -0.55900i,
                    Target rho: -0.17792 + -0.74734
------------------------------
Epoch: 17000 / 18000. Total scaled loss: 1.7306e-01, 
                    ODE(0) loss: 9.0002e-05, 
                    ODE(1) loss: 7.2146e-05, 
                    Non-trivial solution loss: 3.1781e-04,
                    Physics loss: 4.3279e-02,
                    Initial value of rho: -0.16746 + -0.31899i,
                    Current value of rho: -0.46271 + -0.56383i,
                    Target rho: -0.17792 + -0.74734
------------------------------
Epoch: 17500 / 18000. Total scaled loss: 1.5306e-01, 
                    ODE(0) loss: 5.3763e-04, 
                    ODE(1) loss: 1.2071e-04, 
                    Non-trivial solution loss: 2.4702e-04,
                    Physics loss: 3.2409e-02,
                    Initial value of rho: -0.16746 + -0.31899i,
                    Current value of rho: -0.47985 + -0.56770i,
                    Target rho: -0.17792 + -0.74734
------------------------------
Epoch: 18000 / 18000. Total scaled loss: 2.2890e-01, 
                    ODE(0) loss: 9.0644e-03, 
                    ODE(1) loss: 5.9092e-04, 
                    Non-trivial solution loss: 2.9595e-04,
                    Physics loss: 2.5883e-02,
                    Initial value of rho: -0.16746 + -0.31899i,
                    Current value of rho: -0.49597 + -0.57077i,
                    Target rho: -0.17792 + -0.74734
------------------------------
Adam training complete. Switching to L-BFGS:
L-BFGS Epoch: 100 / 1000. Total scaled loss: 4.9218e-05, 
                    ODE(0) loss: 4.8937e-09, 
                    ODE(1) loss: 1.5834e-08, 
                    Non-trivial solution loss: 8.4310e-11,
                    Physics loss: 4.9010e-05,
                    Initial value of rho: -0.16746 + -0.31899i,
                    Current value of rho: -1.24836 + -0.10346i,
                    Target rho: -0.17792 + -0.74734
------------------------------
L-BFGS Epoch: 200 / 1000. Total scaled loss: 5.0754e-05, 
                    ODE(0) loss: 3.7136e-09, 
                    ODE(1) loss: 1.5055e-08, 
                    Non-trivial solution loss: 6.1914e-11,
                    Physics loss: 5.0565e-05,
                    Initial value of rho: -0.16746 + -0.31899i,
                    Current value of rho: -1.25083 + -0.09416i,
                    Target rho: -0.17792 + -0.74734
------------------------------
L-BFGS Epoch: 300 / 1000. Total scaled loss: 3.3369e-05, 
                    ODE(0) loss: 9.7173e-10, 
                    ODE(1) loss: 6.6388e-09, 
                    Non-trivial solution loss: 7.8192e-11,
                    Physics loss: 3.3292e-05,
                    Initial value of rho: -0.16746 + -0.31899i,
                    Current value of rho: -1.33884 + -0.05961i,
                    Target rho: -0.17792 + -0.74734
------------------------------
L-BFGS Epoch: 400 / 1000. Total scaled loss: 2.2515e-05, 
                    ODE(0) loss: 8.5726e-10, 
                    ODE(1) loss: 7.1485e-09, 
                    Non-trivial solution loss: 6.4190e-10,
                    Physics loss: 2.2429e-05,
                    Initial value of rho: -0.16746 + -0.31899i,
                    Current value of rho: -1.34695 + -0.03471i,
                    Target rho: -0.17792 + -0.74734
------------------------------
L-BFGS Epoch: 500 / 1000. Total scaled loss: 1.5449e-05, 
                    ODE(0) loss: 3.9122e-10, 
                    ODE(1) loss: 3.9933e-09, 
                    Non-trivial solution loss: 6.9861e-11,
                    Physics loss: 1.5404e-05,
                    Initial value of rho: -0.16746 + -0.31899i,
                    Current value of rho: -1.38436 + -0.02057i,
                    Target rho: -0.17792 + -0.74734
------------------------------
L-BFGS Epoch: 600 / 1000. Total scaled loss: 1.5451e-05, 
                    ODE(0) loss: 6.1920e-11, 
                    ODE(1) loss: 2.3886e-09, 
                    Non-trivial solution loss: 2.5956e-11,
                    Physics loss: 1.5426e-05,
                    Initial value of rho: -0.16746 + -0.31899i,
                    Current value of rho: -1.38120 + -0.01949i,
                    Target rho: -0.17792 + -0.74734
------------------------------
L-BFGS Epoch: 700 / 1000. Total scaled loss: 1.5403e-05, 
                    ODE(0) loss: 2.0701e-10, 
                    ODE(1) loss: 2.0047e-09, 
                    Non-trivial solution loss: 7.1765e-12,
                    Physics loss: 1.5381e-05,
                    Initial value of rho: -0.16746 + -0.31899i,
                    Current value of rho: -1.37952 + -0.01926i,
                    Target rho: -0.17792 + -0.74734
------------------------------
L-BFGS Epoch: 800 / 1000. Total scaled loss: 1.5339e-05, 
                    ODE(0) loss: 1.5859e-10, 
                    ODE(1) loss: 2.4814e-09, 
                    Non-trivial solution loss: 1.0253e-11,
                    Physics loss: 1.5312e-05,
                    Initial value of rho: -0.16746 + -0.31899i,
                    Current value of rho: -1.38028 + -0.01929i,
                    Target rho: -0.17792 + -0.74734
------------------------------
L-BFGS Epoch: 900 / 1000. Total scaled loss: 1.5495e-05, 
                    ODE(0) loss: 2.2311e-10, 
                    ODE(1) loss: 2.4830e-09, 
                    Non-trivial solution loss: 1.3671e-11,
                    Physics loss: 1.5468e-05,
                    Initial value of rho: -0.16746 + -0.31899i,
                    Current value of rho: -1.38026 + -0.01928i,
                    Target rho: -0.17792 + -0.74734
------------------------------
L-BFGS Epoch: 1000 / 1000. Total scaled loss: 1.5352e-05, 
                    ODE(0) loss: 2.2311e-10, 
                    ODE(1) loss: 2.4830e-09, 
                    Non-trivial solution loss: 1.3671e-11,
                    Physics loss: 1.5324e-05,
                    Initial value of rho: -0.16746 + -0.31899i,
                    Current value of rho: -1.38026 + -0.01928i,
                    Target rho: -0.17792 + -0.74734
------------------------------
Training complete for l = 2. Total scaled loss: 1.5352e-05, 
                    ODE(0) loss: 2.2311e-10, 
                    ODE(1) loss: 2.4830e-09, 
                    Non-trivial solution loss: 1.3671e-11,
                    Physics loss: 1.5324e-05,
                    Current value of rho: -1.38026 + -0.01928i
                    Target rho: -0.17792 + -0.74734
Result saved to ./RepeatRunQNM/l2/delta0.7/24/result.txt
Training complete. Checkpoint saved to ./RepeatRunQNM/l2/delta0.7/24/pinn_checkpoint_qnm_l2_delta0.7_run24.pth
l = 2 mode with delta = 0.7 completed successfully.
