000 (308652.018.000) 2026-03-10 11:28:15 Job submitted from host: <130.209.45.81:9618?addrs=130.209.45.81-9618&alias=wiay.astro.gla.ac.uk&noUDP&sock=schedd_8023_b06c>
...
001 (308652.018.000) 2026-03-10 11:55:16 Job executing on host: <130.209.45.193:9619?addrs=130.209.45.193-9619&alias=deimos.astro.gla.ac.uk&noUDP&sock=startd_35_e64f>
	SlotName: slot1_1@deimos.astro.gla.ac.uk
	AvailableGPUs = { GPUs_GPU_9ed99095 }
	CondorScratchDir = "/var/lib/condor/execute/dir_473360"
	Cpus = 1
	Disk = 2048
	GPUs = 1
	GPUs_GPU_9ed99095 = [ Id = "GPU-9ed99095"; ClockMhz = 1695.0; Capability = 8.6; CoresPerCU = 128; DeviceName = "NVIDIA GeForce RTX 3090"; DeviceUuid = "9ed99095-ea7d-ae22-8aa3-a439270c7875"; ECCEnabled = false; ComputeUnits = 82; NvidiaDriver = "580.82.07"; DriverVersion = 13.0; DevicePciBusId = "0000:3B:00.0"; GlobalMemoryMb = 24124; MaxSupportedVersion = 13000 ]
	Memory = 2048
...
006 (308652.018.000) 2026-03-10 11:55:25 Image size of job updated: 401164
	392  -  MemoryUsage of job (MB)
	401164  -  ResidentSetSize of job (KB)
...
006 (308652.018.000) 2026-03-10 12:00:26 Image size of job updated: 878812
	859  -  MemoryUsage of job (MB)
	878812  -  ResidentSetSize of job (KB)
...
006 (308652.018.000) 2026-03-10 12:05:26 Image size of job updated: 909164
	888  -  MemoryUsage of job (MB)
	909164  -  ResidentSetSize of job (KB)
...
006 (308652.018.000) 2026-03-10 12:10:26 Image size of job updated: 1023604
	1000  -  MemoryUsage of job (MB)
	1023604  -  ResidentSetSize of job (KB)
...
006 (308652.018.000) 2026-03-10 12:15:26 Image size of job updated: 1049024
	1016  -  MemoryUsage of job (MB)
	1039696  -  ResidentSetSize of job (KB)
...
006 (308652.018.000) 2026-03-10 12:20:28 Image size of job updated: 1067888
	1043  -  MemoryUsage of job (MB)
	1067888  -  ResidentSetSize of job (KB)
...
006 (308652.018.000) 2026-03-10 12:25:28 Image size of job updated: 1203124
	1175  -  MemoryUsage of job (MB)
	1203124  -  ResidentSetSize of job (KB)
...
006 (308652.018.000) 2026-03-10 12:25:46 Image size of job updated: 1225140
	1175  -  MemoryUsage of job (MB)
	1203124  -  ResidentSetSize of job (KB)
...
005 (308652.018.000) 2026-03-10 12:25:46 Job terminated.
	(1) Normal termination (return value 0)
		Usr 0 00:29:58, Sys 0 00:00:14  -  Run Remote Usage
		Usr 0 00:00:00, Sys 0 00:00:00  -  Run Local Usage
		Usr 0 00:29:58, Sys 0 00:00:14  -  Total Remote Usage
		Usr 0 00:00:00, Sys 0 00:00:00  -  Total Local Usage
	0  -  Run Bytes Sent By Job
	0  -  Run Bytes Received By Job
	0  -  Total Bytes Sent By Job
	0  -  Total Bytes Received By Job
	Partitionable Resources :    Usage  Request Allocated Assigned
	   Cpus                 :     1.01        1         1 
	   Disk (KB)            :     1        1024      2048 
	   GPUs                 :     0.11        1         1 "GPU-9ed99095"
	   GpusMemory (MB)      :   963                       
	   Memory (MB)          :  1175        2048      2048 
	   TimeExecute (s)      :  1830                       
	   TimeSlotBusy (s)     :  1830                       
...
