Using device: cuda
------------------------------
Starting training for l = 2 with delta = 0.6
Initial rho: -0.11501 + -0.44519i
Target rho: -0.17792 + -0.74734i
Initial distance from target: 0.30863
------------------------------
Epoch: 1 / 18000. Total scaled loss: 1.9188e+02, 
                    ODE(0) loss: 5.3800e-02, 
                    ODE(1) loss: 1.1752e+00, 
                    Non-trivial solution loss: 6.8975e-01,
                    Physics loss: 5.0567e-01,
                    Initial value of rho: -0.11501 + -0.44519i,
                    Current value of rho: -0.11501 + -0.44519i,
                    Target rho: -0.17792 + -0.74734
------------------------------
Epoch: 500 / 18000. Total scaled loss: 5.6586e-02, 
                    ODE(0) loss: 8.3718e-09, 
                    ODE(1) loss: 9.9189e-10, 
                    Non-trivial solution loss: 2.6491e-07,
                    Physics loss: 5.6559e+00,
                    Initial value of rho: -0.11501 + -0.44519i,
                    Current value of rho: -0.11501 + -0.44519i,
                    Target rho: -0.17792 + -0.74734
------------------------------
Epoch: 1000 / 18000. Total scaled loss: 5.5434e-02, 
                    ODE(0) loss: 1.0153e-08, 
                    ODE(1) loss: 1.8035e-08, 
                    Non-trivial solution loss: 3.1868e-07,
                    Physics loss: 5.5400e+00,
                    Initial value of rho: -0.11501 + -0.44519i,
                    Current value of rho: -0.11501 + -0.44519i,
                    Target rho: -0.17792 + -0.74734
------------------------------
Epoch: 1500 / 18000. Total scaled loss: 5.5037e-02, 
                    ODE(0) loss: 2.8342e-08, 
                    ODE(1) loss: 2.4489e-06, 
                    Non-trivial solution loss: 1.5511e-07,
                    Physics loss: 5.4774e+00,
                    Initial value of rho: -0.11501 + -0.44519i,
                    Current value of rho: -0.11501 + -0.44519i,
                    Target rho: -0.17792 + -0.74734
------------------------------
Epoch: 2000 / 18000. Total scaled loss: 5.5920e-02, 
                    ODE(0) loss: 1.1669e-07, 
                    ODE(1) loss: 1.0360e-05, 
                    Non-trivial solution loss: 8.2120e-07,
                    Physics loss: 5.4790e+00,
                    Initial value of rho: -0.11501 + -0.44519i,
                    Current value of rho: -0.11501 + -0.44519i,
                    Target rho: -0.17792 + -0.74734
------------------------------
Epoch: 2500 / 18000. Total scaled loss: 5.3834e-02, 
                    ODE(0) loss: 8.8330e-09, 
                    ODE(1) loss: 1.8265e-07, 
                    Non-trivial solution loss: 3.3139e-07,
                    Physics loss: 5.3782e+00,
                    Initial value of rho: -0.11501 + -0.44519i,
                    Current value of rho: -0.11501 + -0.44519i,
                    Target rho: -0.17792 + -0.74734
------------------------------
Epoch: 3000 / 18000. Total scaled loss: 5.4167e-02, 
                    ODE(0) loss: 9.2186e-09, 
                    ODE(1) loss: 1.0431e-08, 
                    Non-trivial solution loss: 2.9156e-07,
                    Physics loss: 5.4135e+00,
                    Initial value of rho: -0.11501 + -0.44519i,
                    Current value of rho: -0.11501 + -0.44519i,
                    Target rho: -0.17792 + -0.74734
------------------------------
Epoch: 3500 / 18000. Total scaled loss: 5.4272e-02, 
                    ODE(0) loss: 1.0135e-08, 
                    ODE(1) loss: 2.5780e-08, 
                    Non-trivial solution loss: 2.9265e-07,
                    Physics loss: 5.4239e+00,
                    Initial value of rho: -0.11501 + -0.44519i,
                    Current value of rho: -0.11501 + -0.44519i,
                    Target rho: -0.17792 + -0.74734
------------------------------
Epoch: 4000 / 18000. Total scaled loss: 7.0919e-01, 
                    ODE(0) loss: 1.8802e-06, 
                    ODE(1) loss: 3.6825e-07, 
                    Non-trivial solution loss: 5.9732e-05,
                    Physics loss: 4.6926e+00,
                    Initial value of rho: -0.11501 + -0.44519i,
                    Current value of rho: -0.11501 + -0.44519i,
                    Target rho: -0.17792 + -0.74734
------------------------------
Epoch: 4500 / 18000. Total scaled loss: 8.7000e-01, 
                    ODE(0) loss: 4.2411e-06, 
                    ODE(1) loss: 2.6689e-06, 
                    Non-trivial solution loss: 1.0242e-04,
                    Physics loss: 4.0508e+00,
                    Initial value of rho: -0.11501 + -0.44519i,
                    Current value of rho: -0.11501 + -0.44519i,
                    Target rho: -0.17792 + -0.74734
------------------------------
Epoch: 5000 / 18000. Total scaled loss: 8.5566e-01, 
                    ODE(0) loss: 4.8309e-05, 
                    ODE(1) loss: 4.8520e-05, 
                    Non-trivial solution loss: 1.1694e-04,
                    Physics loss: 3.0487e+00,
                    Initial value of rho: -0.11501 + -0.44519i,
                    Current value of rho: -0.11501 + -0.44519i,
                    Target rho: -0.17792 + -0.74734
------------------------------
Epoch: 5500 / 18000. Total scaled loss: 8.3838e-01, 
                    ODE(0) loss: 7.3641e-06, 
                    ODE(1) loss: 1.4126e-06, 
                    Non-trivial solution loss: 1.4005e-04,
                    Physics loss: 2.4514e+00,
                    Initial value of rho: -0.11501 + -0.44519i,
                    Current value of rho: -0.11501 + -0.44519i,
                    Target rho: -0.17792 + -0.74734
------------------------------
Epoch: 6000 / 18000. Total scaled loss: 9.2603e-01, 
                    ODE(0) loss: 7.3452e-06, 
                    ODE(1) loss: 7.0241e-07, 
                    Non-trivial solution loss: 1.9066e-04,
                    Physics loss: 2.2810e+00,
                    Initial value of rho: -0.11501 + -0.44519i,
                    Current value of rho: -0.11501 + -0.44519i,
                    Target rho: -0.17792 + -0.74734
------------------------------
Epoch: 6500 / 18000. Total scaled loss: 9.7950e-01, 
                    ODE(0) loss: 2.4104e-06, 
                    ODE(1) loss: 2.1697e-06, 
                    Non-trivial solution loss: 2.7801e-04,
                    Physics loss: 2.0794e+00,
                    Initial value of rho: -0.11501 + -0.44519i,
                    Current value of rho: -0.11501 + -0.44519i,
                    Target rho: -0.17792 + -0.74734
------------------------------
Epoch: 7000 / 18000. Total scaled loss: 1.2249e+00, 
                    ODE(0) loss: 2.3530e-03, 
                    ODE(1) loss: 2.5200e-04, 
                    Non-trivial solution loss: 5.6450e-04,
                    Physics loss: 1.9864e+00,
                    Initial value of rho: -0.11501 + -0.44519i,
                    Current value of rho: -0.11501 + -0.44519i,
                    Target rho: -0.17792 + -0.74734
------------------------------
Epoch: 7500 / 18000. Total scaled loss: 1.0637e+00, 
                    ODE(0) loss: 3.9562e-06, 
                    ODE(1) loss: 1.1884e-06, 
                    Non-trivial solution loss: 5.1567e-04,
                    Physics loss: 1.7654e+00,
                    Initial value of rho: -0.11501 + -0.44519i,
                    Current value of rho: -0.11501 + -0.44519i,
                    Target rho: -0.17792 + -0.74734
------------------------------
Epoch: 8000 / 18000. Total scaled loss: 1.0940e+00, 
                    ODE(0) loss: 7.5239e-06, 
                    ODE(1) loss: 1.2978e-06, 
                    Non-trivial solution loss: 6.8352e-04,
                    Physics loss: 1.6354e+00,
                    Initial value of rho: -0.11501 + -0.44519i,
                    Current value of rho: -0.11501 + -0.44519i,
                    Target rho: -0.17792 + -0.74734
------------------------------
Epoch: 8500 / 18000. Total scaled loss: 1.1861e+00, 
                    ODE(0) loss: 2.6536e-06, 
                    ODE(1) loss: 7.6791e-07, 
                    Non-trivial solution loss: 1.0630e-03,
                    Physics loss: 1.6070e+00,
                    Initial value of rho: -0.11501 + -0.44519i,
                    Current value of rho: -0.11501 + -0.44519i,
                    Target rho: -0.17792 + -0.74734
------------------------------
Epoch: 9000 / 18000. Total scaled loss: 1.2288e+00, 
                    ODE(0) loss: 8.5615e-06, 
                    ODE(1) loss: 8.3130e-07, 
                    Non-trivial solution loss: 1.5778e-03,
                    Physics loss: 1.5192e+00,
                    Initial value of rho: -0.11501 + -0.44519i,
                    Current value of rho: -0.11501 + -0.44519i,
                    Target rho: -0.17792 + -0.74734
------------------------------
Unfreezing rho...
Epoch: 9500 / 18000. Total scaled loss: 1.0376e+00, 
                    ODE(0) loss: 1.4029e-04, 
                    ODE(1) loss: 1.8534e-05, 
                    Non-trivial solution loss: 1.5602e-03,
                    Physics loss: 1.1852e+00,
                    Initial value of rho: -0.11501 + -0.44519i,
                    Current value of rho: -0.13697 + -0.48671i,
                    Target rho: -0.17792 + -0.74734
------------------------------
Epoch: 10000 / 18000. Total scaled loss: 8.2901e-01, 
                    ODE(0) loss: 1.4988e-05, 
                    ODE(1) loss: 3.0738e-05, 
                    Non-trivial solution loss: 1.6695e-03,
                    Physics loss: 8.8310e-01,
                    Initial value of rho: -0.11501 + -0.44519i,
                    Current value of rho: -0.15693 + -0.52692i,
                    Target rho: -0.17792 + -0.74734
------------------------------
Epoch: 10500 / 18000. Total scaled loss: 6.2938e-01, 
                    ODE(0) loss: 1.1404e-04, 
                    ODE(1) loss: 9.6554e-05, 
                    Non-trivial solution loss: 2.1593e-03,
                    Physics loss: 6.2010e-01,
                    Initial value of rho: -0.11501 + -0.44519i,
                    Current value of rho: -0.17786 + -0.56096i,
                    Target rho: -0.17792 + -0.74734
------------------------------
Epoch: 11000 / 18000. Total scaled loss: 4.7411e-01, 
                    ODE(0) loss: 8.3514e-05, 
                    ODE(1) loss: 4.3694e-06, 
                    Non-trivial solution loss: 2.3438e-03,
                    Physics loss: 4.4979e-01,
                    Initial value of rho: -0.11501 + -0.44519i,
                    Current value of rho: -0.19908 + -0.59080i,
                    Target rho: -0.17792 + -0.74734
------------------------------
Epoch: 11500 / 18000. Total scaled loss: 3.8417e-01, 
                    ODE(0) loss: 1.1428e-04, 
                    ODE(1) loss: 1.3438e-05, 
                    Non-trivial solution loss: 1.5532e-03,
                    Physics loss: 3.6736e-01,
                    Initial value of rho: -0.11501 + -0.44519i,
                    Current value of rho: -0.21815 + -0.61131i,
                    Target rho: -0.17792 + -0.74734
------------------------------
Epoch: 12000 / 18000. Total scaled loss: 3.3822e-01, 
                    ODE(0) loss: 4.6410e-04, 
                    ODE(1) loss: 2.3760e-04, 
                    Non-trivial solution loss: 1.1152e-03,
                    Physics loss: 3.2005e-01,
                    Initial value of rho: -0.11501 + -0.44519i,
                    Current value of rho: -0.23466 + -0.62560i,
                    Target rho: -0.17792 + -0.74734
------------------------------
Epoch: 12500 / 18000. Total scaled loss: 3.1997e-01, 
                    ODE(0) loss: 1.6340e-03, 
                    ODE(1) loss: 1.2214e-03, 
                    Non-trivial solution loss: 5.3773e-04,
                    Physics loss: 2.8604e-01,
                    Initial value of rho: -0.11501 + -0.44519i,
                    Current value of rho: -0.24954 + -0.63510i,
                    Target rho: -0.17792 + -0.74734
------------------------------
Epoch: 13000 / 18000. Total scaled loss: 2.6418e-01, 
                    ODE(0) loss: 4.2306e-05, 
                    ODE(1) loss: 1.5189e-05, 
                    Non-trivial solution loss: 7.2179e-04,
                    Physics loss: 2.5639e-01,
                    Initial value of rho: -0.11501 + -0.44519i,
                    Current value of rho: -0.26341 + -0.64162i,
                    Target rho: -0.17792 + -0.74734
------------------------------
Epoch: 13500 / 18000. Total scaled loss: 2.3419e-01, 
                    ODE(0) loss: 4.8610e-05, 
                    ODE(1) loss: 1.1118e-05, 
                    Non-trivial solution loss: 5.8525e-04,
                    Physics loss: 2.2774e-01,
                    Initial value of rho: -0.11501 + -0.44519i,
                    Current value of rho: -0.27650 + -0.64598i,
                    Target rho: -0.17792 + -0.74734
------------------------------
Epoch: 14000 / 18000. Total scaled loss: 4.1604e-01, 
                    ODE(0) loss: 1.9537e-02, 
                    ODE(1) loss: 8.4267e-04, 
                    Non-trivial solution loss: 9.4893e-04,
                    Physics loss: 2.0276e-01,
                    Initial value of rho: -0.11501 + -0.44519i,
                    Current value of rho: -0.28888 + -0.64918i,
                    Target rho: -0.17792 + -0.74734
------------------------------
Epoch: 14500 / 18000. Total scaled loss: 2.2529e-01, 
                    ODE(0) loss: 1.7678e-05, 
                    ODE(1) loss: 5.2851e-05, 
                    Non-trivial solution loss: 5.8061e-04,
                    Physics loss: 1.9710e-01,
                    Initial value of rho: -0.11501 + -0.44519i,
                    Current value of rho: -0.30057 + -0.65138i,
                    Target rho: -0.17792 + -0.74734
------------------------------
Epoch: 15000 / 18000. Total scaled loss: 3.0060e-01, 
                    ODE(0) loss: 2.8441e-04, 
                    ODE(1) loss: 1.7184e-04, 
                    Non-trivial solution loss: 8.9305e-04,
                    Physics loss: 1.7238e-01,
                    Initial value of rho: -0.11501 + -0.44519i,
                    Current value of rho: -0.31556 + -0.65351i,
                    Target rho: -0.17792 + -0.74734
------------------------------
Epoch: 15500 / 18000. Total scaled loss: 3.3336e-01, 
                    ODE(0) loss: 2.4866e-04, 
                    ODE(1) loss: 1.2171e-04, 
                    Non-trivial solution loss: 1.2054e-03,
                    Physics loss: 1.4299e-01,
                    Initial value of rho: -0.11501 + -0.44519i,
                    Current value of rho: -0.33494 + -0.65513i,
                    Target rho: -0.17792 + -0.74734
------------------------------
Epoch: 16000 / 18000. Total scaled loss: 3.2493e-01, 
                    ODE(0) loss: 2.8248e-04, 
                    ODE(1) loss: 1.0266e-05, 
                    Non-trivial solution loss: 1.2018e-03,
                    Physics loss: 1.1164e-01,
                    Initial value of rho: -0.11501 + -0.44519i,
                    Current value of rho: -0.35762 + -0.65635i,
                    Target rho: -0.17792 + -0.74734
------------------------------
Epoch: 16500 / 18000. Total scaled loss: 2.9617e-01, 
                    ODE(0) loss: 7.3174e-04, 
                    ODE(1) loss: 3.8621e-06, 
                    Non-trivial solution loss: 1.0164e-03,
                    Physics loss: 8.3622e-02,
                    Initial value of rho: -0.11501 + -0.44519i,
                    Current value of rho: -0.38255 + -0.65769i,
                    Target rho: -0.17792 + -0.74734
------------------------------
Epoch: 17000 / 18000. Total scaled loss: 2.7939e-01, 
                    ODE(0) loss: 2.9490e-04, 
                    ODE(1) loss: 2.2598e-04, 
                    Non-trivial solution loss: 9.7367e-04,
                    Physics loss: 6.8020e-02,
                    Initial value of rho: -0.11501 + -0.44519i,
                    Current value of rho: -0.40779 + -0.65934i,
                    Target rho: -0.17792 + -0.74734
------------------------------
Epoch: 17500 / 18000. Total scaled loss: 2.2816e-01, 
                    ODE(0) loss: 1.1670e-04, 
                    ODE(1) loss: 1.6338e-04, 
                    Non-trivial solution loss: 5.2410e-04,
                    Physics loss: 4.9539e-02,
                    Initial value of rho: -0.11501 + -0.44519i,
                    Current value of rho: -0.43173 + -0.66058i,
                    Target rho: -0.17792 + -0.74734
------------------------------
Epoch: 18000 / 18000. Total scaled loss: 2.2547e-01, 
                    ODE(0) loss: 2.3365e-03, 
                    ODE(1) loss: 6.7626e-04, 
                    Non-trivial solution loss: 3.1670e-04,
                    Physics loss: 3.8443e-02,
                    Initial value of rho: -0.11501 + -0.44519i,
                    Current value of rho: -0.45351 + -0.66125i,
                    Target rho: -0.17792 + -0.74734
------------------------------
Adam training complete. Switching to L-BFGS:
L-BFGS Epoch: 100 / 1000. Total scaled loss: 5.5039e-05, 
                    ODE(0) loss: 4.1036e-09, 
                    ODE(1) loss: 1.2188e-08, 
                    Non-trivial solution loss: 1.3465e-11,
                    Physics loss: 5.4876e-05,
                    Initial value of rho: -0.11501 + -0.44519i,
                    Current value of rho: -1.58201 + -0.10333i,
                    Target rho: -0.17792 + -0.74734
------------------------------
L-BFGS Epoch: 200 / 1000. Total scaled loss: 5.1118e-05, 
                    ODE(0) loss: 2.3800e-09, 
                    ODE(1) loss: 9.9073e-09, 
                    Non-trivial solution loss: 6.7738e-11,
                    Physics loss: 5.0994e-05,
                    Initial value of rho: -0.11501 + -0.44519i,
                    Current value of rho: -1.57598 + -0.09909i,
                    Target rho: -0.17792 + -0.74734
------------------------------
L-BFGS Epoch: 300 / 1000. Total scaled loss: 4.9266e-05, 
                    ODE(0) loss: 3.6810e-09, 
                    ODE(1) loss: 9.5116e-09, 
                    Non-trivial solution loss: 8.4752e-11,
                    Physics loss: 4.9133e-05,
                    Initial value of rho: -0.11501 + -0.44519i,
                    Current value of rho: -1.57071 + -0.09789i,
                    Target rho: -0.17792 + -0.74734
------------------------------
L-BFGS Epoch: 400 / 1000. Total scaled loss: 4.9762e-05, 
                    ODE(0) loss: 3.5806e-09, 
                    ODE(1) loss: 9.4468e-09, 
                    Non-trivial solution loss: 2.5247e-11,
                    Physics loss: 4.9631e-05,
                    Initial value of rho: -0.11501 + -0.44519i,
                    Current value of rho: -1.57082 + -0.09809i,
                    Target rho: -0.17792 + -0.74734
------------------------------
L-BFGS Epoch: 500 / 1000. Total scaled loss: 3.5426e-05, 
                    ODE(0) loss: 1.0939e-09, 
                    ODE(1) loss: 6.8610e-09, 
                    Non-trivial solution loss: 2.4724e-11,
                    Physics loss: 3.5346e-05,
                    Initial value of rho: -0.11501 + -0.44519i,
                    Current value of rho: -1.52589 + -0.03000i,
                    Target rho: -0.17792 + -0.74734
------------------------------
L-BFGS Epoch: 600 / 1000. Total scaled loss: 3.4827e-05, 
                    ODE(0) loss: 2.3900e-09, 
                    ODE(1) loss: 8.3280e-09, 
                    Non-trivial solution loss: 1.3553e-10,
                    Physics loss: 3.4719e-05,
                    Initial value of rho: -0.11501 + -0.44519i,
                    Current value of rho: -1.53725 + -0.03614i,
                    Target rho: -0.17792 + -0.74734
------------------------------
L-BFGS Epoch: 700 / 1000. Total scaled loss: 3.5178e-05, 
                    ODE(0) loss: 1.8320e-09, 
                    ODE(1) loss: 6.4177e-09, 
                    Non-trivial solution loss: 9.6537e-12,
                    Physics loss: 3.5096e-05,
                    Initial value of rho: -0.11501 + -0.44519i,
                    Current value of rho: -1.53778 + -0.03663i,
                    Target rho: -0.17792 + -0.74734
------------------------------
L-BFGS Epoch: 800 / 1000. Total scaled loss: 3.4665e-05, 
                    ODE(0) loss: 1.7786e-09, 
                    ODE(1) loss: 7.7203e-09, 
                    Non-trivial solution loss: 6.1954e-11,
                    Physics loss: 3.4569e-05,
                    Initial value of rho: -0.11501 + -0.44519i,
                    Current value of rho: -1.54112 + -0.03770i,
                    Target rho: -0.17792 + -0.74734
------------------------------
L-BFGS Epoch: 900 / 1000. Total scaled loss: 3.4669e-05, 
                    ODE(0) loss: 1.7300e-09, 
                    ODE(1) loss: 7.4097e-09, 
                    Non-trivial solution loss: 6.9131e-11,
                    Physics loss: 3.4577e-05,
                    Initial value of rho: -0.11501 + -0.44519i,
                    Current value of rho: -1.54136 + -0.03890i,
                    Target rho: -0.17792 + -0.74734
------------------------------
L-BFGS Epoch: 1000 / 1000. Total scaled loss: 3.4996e-05, 
                    ODE(0) loss: 1.9782e-09, 
                    ODE(1) loss: 7.0826e-09, 
                    Non-trivial solution loss: 6.7203e-11,
                    Physics loss: 3.4904e-05,
                    Initial value of rho: -0.11501 + -0.44519i,
                    Current value of rho: -1.54261 + -0.03882i,
                    Target rho: -0.17792 + -0.74734
------------------------------
Training complete for l = 2. Total scaled loss: 3.4996e-05, 
                    ODE(0) loss: 1.9782e-09, 
                    ODE(1) loss: 7.0826e-09, 
                    Non-trivial solution loss: 6.7203e-11,
                    Physics loss: 3.4904e-05,
                    Current value of rho: -1.54261 + -0.03882i
                    Target rho: -0.17792 + -0.74734
