Using device: cuda
------------------------------
Starting training for l = 2 with delta = 0.7
Initial rho: -0.46235 + -1.26493i
Target rho: -0.17792 + -0.74734i
Initial distance from target: 0.59059
------------------------------
Epoch: 1 / 18000. Total scaled loss: 2.5824e+02, 
                    ODE(0) loss: 1.5578e+00, 
                    ODE(1) loss: 2.2908e-01, 
                    Non-trivial solution loss: 7.9545e-01,
                    Physics loss: 6.3901e-01,
                    Initial value of rho: -0.46235 + -1.26493i,
                    Current value of rho: -0.46235 + -1.26493i,
                    Target rho: -0.17792 + -0.74734
------------------------------
Epoch: 500 / 18000. Total scaled loss: 1.2233e-01, 
                    ODE(0) loss: 3.5280e-04, 
                    ODE(1) loss: 1.7029e-05, 
                    Non-trivial solution loss: 1.1335e-05,
                    Physics loss: 8.4214e+00,
                    Initial value of rho: -0.46235 + -1.26493i,
                    Current value of rho: -0.46235 + -1.26493i,
                    Target rho: -0.17792 + -0.74734
------------------------------
Epoch: 1000 / 18000. Total scaled loss: 9.0123e-02, 
                    ODE(0) loss: 5.4923e-05, 
                    ODE(1) loss: 2.5597e-06, 
                    Non-trivial solution loss: 1.3699e-06,
                    Physics loss: 8.4238e+00,
                    Initial value of rho: -0.46235 + -1.26493i,
                    Current value of rho: -0.46235 + -1.26493i,
                    Target rho: -0.17792 + -0.74734
------------------------------
Epoch: 1500 / 18000. Total scaled loss: 6.4215e-01, 
                    ODE(0) loss: 5.2729e-03, 
                    ODE(1) loss: 2.9057e-04, 
                    Non-trivial solution loss: 3.7433e-05,
                    Physics loss: 8.2062e+00,
                    Initial value of rho: -0.46235 + -1.26493i,
                    Current value of rho: -0.46235 + -1.26493i,
                    Target rho: -0.17792 + -0.74734
------------------------------
Epoch: 2000 / 18000. Total scaled loss: 8.7419e-02, 
                    ODE(0) loss: 3.9453e-05, 
                    ODE(1) loss: 2.1859e-06, 
                    Non-trivial solution loss: 1.8461e-06,
                    Physics loss: 8.3070e+00,
                    Initial value of rho: -0.46235 + -1.26493i,
                    Current value of rho: -0.46235 + -1.26493i,
                    Target rho: -0.17792 + -0.74734
------------------------------
Epoch: 2500 / 18000. Total scaled loss: 1.3747e-01, 
                    ODE(0) loss: 5.3593e-04, 
                    ODE(1) loss: 2.2193e-05, 
                    Non-trivial solution loss: 4.0341e-07,
                    Physics loss: 8.1621e+00,
                    Initial value of rho: -0.46235 + -1.26493i,
                    Current value of rho: -0.46235 + -1.26493i,
                    Target rho: -0.17792 + -0.74734
------------------------------
Epoch: 3000 / 18000. Total scaled loss: 8.3091e-02, 
                    ODE(0) loss: 1.4701e-06, 
                    ODE(1) loss: 2.8645e-08, 
                    Non-trivial solution loss: 5.1457e-07,
                    Physics loss: 8.2890e+00,
                    Initial value of rho: -0.46235 + -1.26493i,
                    Current value of rho: -0.46235 + -1.26493i,
                    Target rho: -0.17792 + -0.74734
------------------------------
Epoch: 3500 / 18000. Total scaled loss: 8.1271e-02, 
                    ODE(0) loss: 4.1236e-07, 
                    ODE(1) loss: 4.7086e-08, 
                    Non-trivial solution loss: 6.9514e-07,
                    Physics loss: 8.1156e+00,
                    Initial value of rho: -0.46235 + -1.26493i,
                    Current value of rho: -0.46235 + -1.26493i,
                    Target rho: -0.17792 + -0.74734
------------------------------
Epoch: 4000 / 18000. Total scaled loss: 1.2137e+00, 
                    ODE(0) loss: 4.7160e-04, 
                    ODE(1) loss: 3.4388e-05, 
                    Non-trivial solution loss: 1.9111e-04,
                    Physics loss: 7.6562e+00,
                    Initial value of rho: -0.46235 + -1.26493i,
                    Current value of rho: -0.46235 + -1.26493i,
                    Target rho: -0.17792 + -0.74734
------------------------------
Epoch: 4500 / 18000. Total scaled loss: 1.8849e+00, 
                    ODE(0) loss: 3.5266e-03, 
                    ODE(1) loss: 1.7152e-04, 
                    Non-trivial solution loss: 4.8023e-04,
                    Physics loss: 7.1290e+00,
                    Initial value of rho: -0.46235 + -1.26493i,
                    Current value of rho: -0.46235 + -1.26493i,
                    Target rho: -0.17792 + -0.74734
------------------------------
Epoch: 5000 / 18000. Total scaled loss: 1.7547e+00, 
                    ODE(0) loss: 2.4996e-06, 
                    ODE(1) loss: 1.0460e-05, 
                    Non-trivial solution loss: 4.6860e-04,
                    Physics loss: 6.2391e+00,
                    Initial value of rho: -0.46235 + -1.26493i,
                    Current value of rho: -0.46235 + -1.26493i,
                    Target rho: -0.17792 + -0.74734
------------------------------
Epoch: 5500 / 18000. Total scaled loss: 1.7296e+00, 
                    ODE(0) loss: 3.9692e-06, 
                    ODE(1) loss: 1.3918e-05, 
                    Non-trivial solution loss: 5.2074e-04,
                    Physics loss: 5.0048e+00,
                    Initial value of rho: -0.46235 + -1.26493i,
                    Current value of rho: -0.46235 + -1.26493i,
                    Target rho: -0.17792 + -0.74734
------------------------------
Epoch: 6000 / 18000. Total scaled loss: 1.3171e+00, 
                    ODE(0) loss: 7.6810e-07, 
                    ODE(1) loss: 1.0005e-05, 
                    Non-trivial solution loss: 3.8589e-04,
                    Physics loss: 3.2244e+00,
                    Initial value of rho: -0.46235 + -1.26493i,
                    Current value of rho: -0.46235 + -1.26493i,
                    Target rho: -0.17792 + -0.74734
------------------------------
Epoch: 6500 / 18000. Total scaled loss: 1.0302e+00, 
                    ODE(0) loss: 2.7430e-05, 
                    ODE(1) loss: 4.0977e-06, 
                    Non-trivial solution loss: 3.2546e-04,
                    Physics loss: 2.1788e+00,
                    Initial value of rho: -0.46235 + -1.26493i,
                    Current value of rho: -0.46235 + -1.26493i,
                    Target rho: -0.17792 + -0.74734
------------------------------
Epoch: 7000 / 18000. Total scaled loss: 9.3964e-01, 
                    ODE(0) loss: 3.2770e-05, 
                    ODE(1) loss: 5.3339e-07, 
                    Non-trivial solution loss: 3.3347e-04,
                    Physics loss: 1.7500e+00,
                    Initial value of rho: -0.46235 + -1.26493i,
                    Current value of rho: -0.46235 + -1.26493i,
                    Target rho: -0.17792 + -0.74734
------------------------------
Epoch: 7500 / 18000. Total scaled loss: 9.5926e-01, 
                    ODE(0) loss: 2.5445e-03, 
                    ODE(1) loss: 6.6261e-06, 
                    Non-trivial solution loss: 2.9418e-04,
                    Physics loss: 1.3848e+00,
                    Initial value of rho: -0.46235 + -1.26493i,
                    Current value of rho: -0.46235 + -1.26493i,
                    Target rho: -0.17792 + -0.74734
------------------------------
Epoch: 8000 / 18000. Total scaled loss: 6.2217e-01, 
                    ODE(0) loss: 2.7227e-05, 
                    ODE(1) loss: 1.2813e-06, 
                    Non-trivial solution loss: 2.1537e-04,
                    Physics loss: 9.4048e-01,
                    Initial value of rho: -0.46235 + -1.26493i,
                    Current value of rho: -0.46235 + -1.26493i,
                    Target rho: -0.17792 + -0.74734
------------------------------
Epoch: 8500 / 18000. Total scaled loss: 3.4281e-01, 
                    ODE(0) loss: 3.9055e-06, 
                    ODE(1) loss: 2.4532e-06, 
                    Non-trivial solution loss: 9.9329e-05,
                    Physics loss: 4.7547e-01,
                    Initial value of rho: -0.46235 + -1.26493i,
                    Current value of rho: -0.46235 + -1.26493i,
                    Target rho: -0.17792 + -0.74734
------------------------------
Epoch: 9000 / 18000. Total scaled loss: 2.9415e-01, 
                    ODE(0) loss: 2.7008e-04, 
                    ODE(1) loss: 2.2133e-06, 
                    Non-trivial solution loss: 8.3442e-05,
                    Physics loss: 3.6468e-01,
                    Initial value of rho: -0.46235 + -1.26493i,
                    Current value of rho: -0.46235 + -1.26493i,
                    Target rho: -0.17792 + -0.74734
------------------------------
Unfreezing rho...
Epoch: 9500 / 18000. Total scaled loss: 2.4189e-01, 
                    ODE(0) loss: 1.1812e-03, 
                    ODE(1) loss: 6.3956e-06, 
                    Non-trivial solution loss: 1.2262e-04,
                    Physics loss: 2.4777e-01,
                    Initial value of rho: -0.46235 + -1.26493i,
                    Current value of rho: -0.46826 + -1.25977i,
                    Target rho: -0.17792 + -0.74734
------------------------------
Epoch: 10000 / 18000. Total scaled loss: 1.4838e-01, 
                    ODE(0) loss: 9.1763e-06, 
                    ODE(1) loss: 2.4788e-06, 
                    Non-trivial solution loss: 6.0908e-05,
                    Physics loss: 1.6327e-01,
                    Initial value of rho: -0.46235 + -1.26493i,
                    Current value of rho: -0.47720 + -1.25484i,
                    Target rho: -0.17792 + -0.74734
------------------------------
Epoch: 10500 / 18000. Total scaled loss: 8.7769e-02, 
                    ODE(0) loss: 2.0100e-06, 
                    ODE(1) loss: 3.1691e-06, 
                    Non-trivial solution loss: 5.4167e-05,
                    Physics loss: 9.0352e-02,
                    Initial value of rho: -0.46235 + -1.26493i,
                    Current value of rho: -0.48667 + -1.24982i,
                    Target rho: -0.17792 + -0.74734
------------------------------
Epoch: 11000 / 18000. Total scaled loss: 4.3368e-02, 
                    ODE(0) loss: 1.0139e-06, 
                    ODE(1) loss: 2.5953e-06, 
                    Non-trivial solution loss: 3.0766e-05,
                    Physics loss: 4.3024e-02,
                    Initial value of rho: -0.46235 + -1.26493i,
                    Current value of rho: -0.49493 + -1.24563i,
                    Target rho: -0.17792 + -0.74734
------------------------------
Epoch: 11500 / 18000. Total scaled loss: 3.6202e-02, 
                    ODE(0) loss: 8.4218e-04, 
                    ODE(1) loss: 1.7215e-06, 
                    Non-trivial solution loss: 6.3837e-05,
                    Physics loss: 2.7125e-02,
                    Initial value of rho: -0.46235 + -1.26493i,
                    Current value of rho: -0.50144 + -1.24279i,
                    Target rho: -0.17792 + -0.74734
------------------------------
Epoch: 12000 / 18000. Total scaled loss: 2.2687e-02, 
                    ODE(0) loss: 1.0815e-05, 
                    ODE(1) loss: 1.9042e-07, 
                    Non-trivial solution loss: 6.6391e-06,
                    Physics loss: 2.2511e-02,
                    Initial value of rho: -0.46235 + -1.26493i,
                    Current value of rho: -0.50580 + -1.24104i,
                    Target rho: -0.17792 + -0.74734
------------------------------
Epoch: 12500 / 18000. Total scaled loss: 1.7376e-01, 
                    ODE(0) loss: 1.4957e-02, 
                    ODE(1) loss: 1.0195e-04, 
                    Non-trivial solution loss: 2.1017e-06,
                    Physics loss: 2.3154e-02,
                    Initial value of rho: -0.46235 + -1.26493i,
                    Current value of rho: -0.50850 + -1.23951i,
                    Target rho: -0.17792 + -0.74734
------------------------------
Epoch: 13000 / 18000. Total scaled loss: 1.4141e-01, 
                    ODE(0) loss: 1.2040e-02, 
                    ODE(1) loss: 5.9509e-05, 
                    Non-trivial solution loss: 7.8782e-05,
                    Physics loss: 1.9636e-02,
                    Initial value of rho: -0.46235 + -1.26493i,
                    Current value of rho: -0.51059 + -1.23809i,
                    Target rho: -0.17792 + -0.74734
------------------------------
Epoch: 13500 / 18000. Total scaled loss: 1.9708e-02, 
                    ODE(0) loss: 3.4655e-04, 
                    ODE(1) loss: 5.1979e-06, 
                    Non-trivial solution loss: 1.5328e-05,
                    Physics loss: 1.6037e-02,
                    Initial value of rho: -0.46235 + -1.26493i,
                    Current value of rho: -0.51239 + -1.23674i,
                    Target rho: -0.17792 + -0.74734
------------------------------
Epoch: 14000 / 18000. Total scaled loss: 1.7960e-02, 
                    ODE(0) loss: 2.9257e-04, 
                    ODE(1) loss: 2.5218e-06, 
                    Non-trivial solution loss: 1.3099e-05,
                    Physics loss: 1.4878e-02,
                    Initial value of rho: -0.46235 + -1.26493i,
                    Current value of rho: -0.51398 + -1.23550i,
                    Target rho: -0.17792 + -0.74734
------------------------------
Epoch: 14500 / 18000. Total scaled loss: 1.6537e-02, 
                    ODE(0) loss: 1.0931e-04, 
                    ODE(1) loss: 6.5647e-07, 
                    Non-trivial solution loss: 2.3146e-06,
                    Physics loss: 1.3886e-02,
                    Initial value of rho: -0.46235 + -1.26493i,
                    Current value of rho: -0.51545 + -1.23432i,
                    Target rho: -0.17792 + -0.74734
------------------------------
Epoch: 15000 / 18000. Total scaled loss: 2.0282e-02, 
                    ODE(0) loss: 1.7724e-05, 
                    ODE(1) loss: 1.1656e-06, 
                    Non-trivial solution loss: 3.5128e-06,
                    Physics loss: 1.2043e-02,
                    Initial value of rho: -0.46235 + -1.26493i,
                    Current value of rho: -0.51731 + -1.23295i,
                    Target rho: -0.17792 + -0.74734
------------------------------
Epoch: 15500 / 18000. Total scaled loss: 3.6457e-02, 
                    ODE(0) loss: 1.2607e-03, 
                    ODE(1) loss: 5.4667e-06, 
                    Non-trivial solution loss: 1.2965e-05,
                    Physics loss: 1.0655e-02,
                    Initial value of rho: -0.46235 + -1.26493i,
                    Current value of rho: -0.51966 + -1.23132i,
                    Target rho: -0.17792 + -0.74734
------------------------------
Epoch: 16000 / 18000. Total scaled loss: 2.4881e-02, 
                    ODE(0) loss: 5.2124e-05, 
                    ODE(1) loss: 3.1423e-06, 
                    Non-trivial solution loss: 7.3918e-06,
                    Physics loss: 8.7349e-03,
                    Initial value of rho: -0.46235 + -1.26493i,
                    Current value of rho: -0.52225 + -1.22946i,
                    Target rho: -0.17792 + -0.74734
------------------------------
Epoch: 16500 / 18000. Total scaled loss: 2.8459e-02, 
                    ODE(0) loss: 3.9914e-04, 
                    ODE(1) loss: 5.1739e-06, 
                    Non-trivial solution loss: 1.8971e-05,
                    Physics loss: 7.2702e-03,
                    Initial value of rho: -0.46235 + -1.26493i,
                    Current value of rho: -0.52502 + -1.22756i,
                    Target rho: -0.17792 + -0.74734
------------------------------
Epoch: 17000 / 18000. Total scaled loss: 2.6495e-02, 
                    ODE(0) loss: 3.2877e-04, 
                    ODE(1) loss: 4.0343e-07, 
                    Non-trivial solution loss: 7.9889e-06,
                    Physics loss: 5.9476e-03,
                    Initial value of rho: -0.46235 + -1.26493i,
                    Current value of rho: -0.52778 + -1.22562i,
                    Target rho: -0.17792 + -0.74734
------------------------------
Epoch: 17500 / 18000. Total scaled loss: 2.3365e-02, 
                    ODE(0) loss: 2.4590e-04, 
                    ODE(1) loss: 1.6459e-06, 
                    Non-trivial solution loss: 2.2876e-05,
                    Physics loss: 4.6499e-03,
                    Initial value of rho: -0.46235 + -1.26493i,
                    Current value of rho: -0.53041 + -1.22377i,
                    Target rho: -0.17792 + -0.74734
------------------------------
Epoch: 18000 / 18000. Total scaled loss: 2.0147e-02, 
                    ODE(0) loss: 3.0425e-04, 
                    ODE(1) loss: 6.7060e-06, 
                    Non-trivial solution loss: 1.9859e-05,
                    Physics loss: 3.3685e-03,
                    Initial value of rho: -0.46235 + -1.26493i,
                    Current value of rho: -0.53282 + -1.22210i,
                    Target rho: -0.17792 + -0.74734
------------------------------
Adam training complete. Switching to L-BFGS:
L-BFGS Epoch: 100 / 1000. Total scaled loss: 2.2822e-05, 
                    ODE(0) loss: 4.8952e-10, 
                    ODE(1) loss: 8.9140e-10, 
                    Non-trivial solution loss: 4.1383e-11,
                    Physics loss: 2.2808e-05,
                    Initial value of rho: -0.46235 + -1.26493i,
                    Current value of rho: -1.07385 + -1.00967i,
                    Target rho: -0.17792 + -0.74734
------------------------------
L-BFGS Epoch: 200 / 1000. Total scaled loss: 2.2251e-05, 
                    ODE(0) loss: 3.1394e-10, 
                    ODE(1) loss: 4.2697e-10, 
                    Non-trivial solution loss: 2.8923e-11,
                    Physics loss: 2.2243e-05,
                    Initial value of rho: -0.46235 + -1.26493i,
                    Current value of rho: -1.06328 + -1.00856i,
                    Target rho: -0.17792 + -0.74734
------------------------------
L-BFGS Epoch: 300 / 1000. Total scaled loss: 8.8699e-06, 
                    ODE(0) loss: 1.0705e-10, 
                    ODE(1) loss: 6.7017e-10, 
                    Non-trivial solution loss: 4.3047e-11,
                    Physics loss: 8.8617e-06,
                    Initial value of rho: -0.46235 + -1.26493i,
                    Current value of rho: -1.21995 + -0.97993i,
                    Target rho: -0.17792 + -0.74734
------------------------------
L-BFGS Epoch: 400 / 1000. Total scaled loss: 8.9987e-06, 
                    ODE(0) loss: 1.2781e-10, 
                    ODE(1) loss: 5.0941e-10, 
                    Non-trivial solution loss: 1.0479e-11,
                    Physics loss: 8.9922e-06,
                    Initial value of rho: -0.46235 + -1.26493i,
                    Current value of rho: -1.21911 + -0.98016i,
                    Target rho: -0.17792 + -0.74734
------------------------------
L-BFGS Epoch: 500 / 1000. Total scaled loss: 8.8070e-06, 
                    ODE(0) loss: 1.5343e-10, 
                    ODE(1) loss: 5.4711e-10, 
                    Non-trivial solution loss: 9.1064e-12,
                    Physics loss: 8.7999e-06,
                    Initial value of rho: -0.46235 + -1.26493i,
                    Current value of rho: -1.21917 + -0.98017i,
                    Target rho: -0.17792 + -0.74734
------------------------------
L-BFGS Epoch: 600 / 1000. Total scaled loss: 8.7181e-06, 
                    ODE(0) loss: 1.5343e-10, 
                    ODE(1) loss: 5.4711e-10, 
                    Non-trivial solution loss: 9.1064e-12,
                    Physics loss: 8.7110e-06,
                    Initial value of rho: -0.46235 + -1.26493i,
                    Current value of rho: -1.21917 + -0.98017i,
                    Target rho: -0.17792 + -0.74734
------------------------------
L-BFGS Epoch: 700 / 1000. Total scaled loss: 8.8353e-06, 
                    ODE(0) loss: 2.6827e-10, 
                    ODE(1) loss: 6.4472e-10, 
                    Non-trivial solution loss: 1.1277e-11,
                    Physics loss: 8.8261e-06,
                    Initial value of rho: -0.46235 + -1.26493i,
                    Current value of rho: -1.21909 + -0.98021i,
                    Target rho: -0.17792 + -0.74734
------------------------------
L-BFGS Epoch: 800 / 1000. Total scaled loss: 8.8507e-06, 
                    ODE(0) loss: 2.5415e-10, 
                    ODE(1) loss: 6.4770e-10, 
                    Non-trivial solution loss: 1.1545e-11,
                    Physics loss: 8.8416e-06,
                    Initial value of rho: -0.46235 + -1.26493i,
                    Current value of rho: -1.21909 + -0.98021i,
                    Target rho: -0.17792 + -0.74734
------------------------------
L-BFGS Epoch: 900 / 1000. Total scaled loss: 8.8669e-06, 
                    ODE(0) loss: 2.5415e-10, 
                    ODE(1) loss: 6.4846e-10, 
                    Non-trivial solution loss: 1.1545e-11,
                    Physics loss: 8.8577e-06,
                    Initial value of rho: -0.46235 + -1.26493i,
                    Current value of rho: -1.21909 + -0.98021i,
                    Target rho: -0.17792 + -0.74734
------------------------------
L-BFGS Epoch: 1000 / 1000. Total scaled loss: 8.8005e-06, 
                    ODE(0) loss: 1.6852e-10, 
                    ODE(1) loss: 6.5977e-10, 
                    Non-trivial solution loss: 1.1820e-11,
                    Physics loss: 8.7921e-06,
                    Initial value of rho: -0.46235 + -1.26493i,
                    Current value of rho: -1.21909 + -0.98021i,
                    Target rho: -0.17792 + -0.74734
------------------------------
Training complete for l = 2. Total scaled loss: 8.8005e-06, 
                    ODE(0) loss: 1.6852e-10, 
                    ODE(1) loss: 6.5977e-10, 
                    Non-trivial solution loss: 1.1820e-11,
                    Physics loss: 8.7921e-06,
                    Current value of rho: -1.21909 + -0.98021i
                    Target rho: -0.17792 + -0.74734
Result saved to ./RepeatRunQNM/l2/delta0.7/34/result.txt
Training complete. Checkpoint saved to ./RepeatRunQNM/l2/delta0.7/34/pinn_checkpoint_qnm_l2_delta0.7_run34.pth
l = 2 mode with delta = 0.7 completed successfully.
