Using device: cuda
------------------------------
Starting training for l = 2 with delta = 0.7
Initial rho: -0.42277 + -0.84162i
Target rho: -0.17792 + -0.74734i
Initial distance from target: 0.26237
------------------------------
Epoch: 1 / 18000. Total scaled loss: 2.6212e+02, 
                    ODE(0) loss: 6.7763e-01, 
                    ODE(1) loss: 9.4667e-01, 
                    Non-trivial solution loss: 9.9684e-01,
                    Physics loss: 5.0987e-01,
                    Initial value of rho: -0.42277 + -0.84162i,
                    Current value of rho: -0.42277 + -0.84162i,
                    Target rho: -0.17792 + -0.74734
------------------------------
Epoch: 500 / 18000. Total scaled loss: 2.5676e-02, 
                    ODE(0) loss: 4.9965e-09, 
                    ODE(1) loss: 7.9906e-10, 
                    Non-trivial solution loss: 6.8284e-08,
                    Physics loss: 2.5668e+00,
                    Initial value of rho: -0.42277 + -0.84162i,
                    Current value of rho: -0.42277 + -0.84162i,
                    Target rho: -0.17792 + -0.74734
------------------------------
Epoch: 1000 / 18000. Total scaled loss: 7.9473e-02, 
                    ODE(0) loss: 2.3411e-04, 
                    ODE(1) loss: 3.0075e-04, 
                    Non-trivial solution loss: 1.0961e-05,
                    Physics loss: 2.4890e+00,
                    Initial value of rho: -0.42277 + -0.84162i,
                    Current value of rho: -0.42277 + -0.84162i,
                    Target rho: -0.17792 + -0.74734
------------------------------
Epoch: 1500 / 18000. Total scaled loss: 2.4911e-02, 
                    ODE(0) loss: 1.6902e-08, 
                    ODE(1) loss: 4.6643e-09, 
                    Non-trivial solution loss: 5.7313e-08,
                    Physics loss: 2.4903e+00,
                    Initial value of rho: -0.42277 + -0.84162i,
                    Current value of rho: -0.42277 + -0.84162i,
                    Target rho: -0.17792 + -0.74734
------------------------------
Epoch: 2000 / 18000. Total scaled loss: 2.4929e-02, 
                    ODE(0) loss: 2.2543e-06, 
                    ODE(1) loss: 2.4707e-06, 
                    Non-trivial solution loss: 2.3431e-07,
                    Physics loss: 2.4433e+00,
                    Initial value of rho: -0.42277 + -0.84162i,
                    Current value of rho: -0.42277 + -0.84162i,
                    Target rho: -0.17792 + -0.74734
------------------------------
Epoch: 2500 / 18000. Total scaled loss: 6.2755e-01, 
                    ODE(0) loss: 2.3205e-03, 
                    ODE(1) loss: 3.6440e-03, 
                    Non-trivial solution loss: 7.4213e-05,
                    Physics loss: 2.3678e+00,
                    Initial value of rho: -0.42277 + -0.84162i,
                    Current value of rho: -0.42277 + -0.84162i,
                    Target rho: -0.17792 + -0.74734
------------------------------
Epoch: 3000 / 18000. Total scaled loss: 2.4103e-02, 
                    ODE(0) loss: 2.0056e-08, 
                    ODE(1) loss: 1.6605e-08, 
                    Non-trivial solution loss: 5.6420e-08,
                    Physics loss: 2.4094e+00,
                    Initial value of rho: -0.42277 + -0.84162i,
                    Current value of rho: -0.42277 + -0.84162i,
                    Target rho: -0.17792 + -0.74734
------------------------------
Epoch: 3500 / 18000. Total scaled loss: 2.3132e-02, 
                    ODE(0) loss: 1.5658e-08, 
                    ODE(1) loss: 1.8866e-08, 
                    Non-trivial solution loss: 6.0095e-08,
                    Physics loss: 2.3122e+00,
                    Initial value of rho: -0.42277 + -0.84162i,
                    Current value of rho: -0.42277 + -0.84162i,
                    Target rho: -0.17792 + -0.74734
------------------------------
Epoch: 4000 / 18000. Total scaled loss: 3.0422e-01, 
                    ODE(0) loss: 1.0445e-06, 
                    ODE(1) loss: 2.1827e-07, 
                    Non-trivial solution loss: 1.0154e-05,
                    Physics loss: 2.0226e+00,
                    Initial value of rho: -0.42277 + -0.84162i,
                    Current value of rho: -0.42277 + -0.84162i,
                    Target rho: -0.17792 + -0.74734
------------------------------
Epoch: 4500 / 18000. Total scaled loss: 4.1420e-01, 
                    ODE(0) loss: 4.0798e-04, 
                    ODE(1) loss: 3.2489e-04, 
                    Non-trivial solution loss: 2.8481e-06,
                    Physics loss: 1.6428e+00,
                    Initial value of rho: -0.42277 + -0.84162i,
                    Current value of rho: -0.42277 + -0.84162i,
                    Target rho: -0.17792 + -0.74734
------------------------------
Epoch: 5000 / 18000. Total scaled loss: 3.0885e-01, 
                    ODE(0) loss: 1.4849e-05, 
                    ODE(1) loss: 1.2201e-05, 
                    Non-trivial solution loss: 1.8767e-05,
                    Physics loss: 1.1098e+00,
                    Initial value of rho: -0.42277 + -0.84162i,
                    Current value of rho: -0.42277 + -0.84162i,
                    Target rho: -0.17792 + -0.74734
------------------------------
Epoch: 5500 / 18000. Total scaled loss: 1.5263e-01, 
                    ODE(0) loss: 1.7746e-07, 
                    ODE(1) loss: 2.6358e-07, 
                    Non-trivial solution loss: 6.1671e-06,
                    Physics loss: 4.5091e-01,
                    Initial value of rho: -0.42277 + -0.84162i,
                    Current value of rho: -0.42277 + -0.84162i,
                    Target rho: -0.17792 + -0.74734
------------------------------
Epoch: 6000 / 18000. Total scaled loss: 1.0166e-01, 
                    ODE(0) loss: 1.0989e-06, 
                    ODE(1) loss: 7.2877e-07, 
                    Non-trivial solution loss: 2.7336e-06,
                    Physics loss: 2.5342e-01,
                    Initial value of rho: -0.42277 + -0.84162i,
                    Current value of rho: -0.42277 + -0.84162i,
                    Target rho: -0.17792 + -0.74734
------------------------------
Epoch: 6500 / 18000. Total scaled loss: 9.9244e-02, 
                    ODE(0) loss: 4.2762e-07, 
                    ODE(1) loss: 6.5983e-07, 
                    Non-trivial solution loss: 2.6087e-06,
                    Physics loss: 2.1413e-01,
                    Initial value of rho: -0.42277 + -0.84162i,
                    Current value of rho: -0.42277 + -0.84162i,
                    Target rho: -0.17792 + -0.74734
------------------------------
Epoch: 7000 / 18000. Total scaled loss: 2.8352e-01, 
                    ODE(0) loss: 2.4024e-03, 
                    ODE(1) loss: 8.0284e-04, 
                    Non-trivial solution loss: 7.7473e-05,
                    Physics loss: 1.8046e-01,
                    Initial value of rho: -0.42277 + -0.84162i,
                    Current value of rho: -0.42277 + -0.84162i,
                    Target rho: -0.17792 + -0.74734
------------------------------
Epoch: 7500 / 18000. Total scaled loss: 8.2435e-02, 
                    ODE(0) loss: 3.8604e-06, 
                    ODE(1) loss: 9.2949e-06, 
                    Non-trivial solution loss: 3.3969e-06,
                    Physics loss: 1.3890e-01,
                    Initial value of rho: -0.42277 + -0.84162i,
                    Current value of rho: -0.42277 + -0.84162i,
                    Target rho: -0.17792 + -0.74734
------------------------------
Epoch: 8000 / 18000. Total scaled loss: 6.6678e-02, 
                    ODE(0) loss: 1.4918e-05, 
                    ODE(1) loss: 1.0319e-05, 
                    Non-trivial solution loss: 1.3246e-06,
                    Physics loss: 1.0076e-01,
                    Initial value of rho: -0.42277 + -0.84162i,
                    Current value of rho: -0.42277 + -0.84162i,
                    Target rho: -0.17792 + -0.74734
------------------------------
Epoch: 8500 / 18000. Total scaled loss: 5.9984e-02, 
                    ODE(0) loss: 1.5315e-06, 
                    ODE(1) loss: 9.0971e-07, 
                    Non-trivial solution loss: 2.2817e-06,
                    Physics loss: 8.3946e-02,
                    Initial value of rho: -0.42277 + -0.84162i,
                    Current value of rho: -0.42277 + -0.84162i,
                    Target rho: -0.17792 + -0.74734
------------------------------
Epoch: 9000 / 18000. Total scaled loss: 5.8116e-02, 
                    ODE(0) loss: 5.5384e-06, 
                    ODE(1) loss: 6.7964e-06, 
                    Non-trivial solution loss: 3.3080e-06,
                    Physics loss: 7.4344e-02,
                    Initial value of rho: -0.42277 + -0.84162i,
                    Current value of rho: -0.42277 + -0.84162i,
                    Target rho: -0.17792 + -0.74734
------------------------------
Unfreezing rho...
Epoch: 9500 / 18000. Total scaled loss: 5.4027e-02, 
                    ODE(0) loss: 2.9536e-05, 
                    ODE(1) loss: 1.0047e-05, 
                    Non-trivial solution loss: 3.1240e-06,
                    Physics loss: 6.3180e-02,
                    Initial value of rho: -0.42277 + -0.84162i,
                    Current value of rho: -0.42647 + -0.84067i,
                    Target rho: -0.17792 + -0.74734
------------------------------
Epoch: 10000 / 18000. Total scaled loss: 5.0367e-02, 
                    ODE(0) loss: 4.1398e-05, 
                    ODE(1) loss: 1.1855e-05, 
                    Non-trivial solution loss: 4.7285e-06,
                    Physics loss: 5.4682e-02,
                    Initial value of rho: -0.42277 + -0.84162i,
                    Current value of rho: -0.43056 + -0.84123i,
                    Target rho: -0.17792 + -0.74734
------------------------------
Epoch: 10500 / 18000. Total scaled loss: 4.4863e-02, 
                    ODE(0) loss: 3.4165e-06, 
                    ODE(1) loss: 1.5681e-06, 
                    Non-trivial solution loss: 1.2130e-05,
                    Physics loss: 4.6372e-02,
                    Initial value of rho: -0.42277 + -0.84162i,
                    Current value of rho: -0.43607 + -0.84300i,
                    Target rho: -0.17792 + -0.74734
------------------------------
Epoch: 11000 / 18000. Total scaled loss: 3.6500e-02, 
                    ODE(0) loss: 2.2472e-06, 
                    ODE(1) loss: 3.1320e-06, 
                    Non-trivial solution loss: 1.8230e-05,
                    Physics loss: 3.6263e-02,
                    Initial value of rho: -0.42277 + -0.84162i,
                    Current value of rho: -0.44318 + -0.84631i,
                    Target rho: -0.17792 + -0.74734
------------------------------
Epoch: 11500 / 18000. Total scaled loss: 7.6946e-02, 
                    ODE(0) loss: 4.2812e-03, 
                    ODE(1) loss: 4.2279e-04, 
                    Non-trivial solution loss: 1.4502e-04,
                    Physics loss: 2.8456e-02,
                    Initial value of rho: -0.42277 + -0.84162i,
                    Current value of rho: -0.44863 + -0.84976i,
                    Target rho: -0.17792 + -0.74734
------------------------------
Epoch: 12000 / 18000. Total scaled loss: 1.8953e-02, 
                    ODE(0) loss: 8.3615e-05, 
                    ODE(1) loss: 1.7573e-05, 
                    Non-trivial solution loss: 2.5162e-06,
                    Physics loss: 1.7915e-02,
                    Initial value of rho: -0.42277 + -0.84162i,
                    Current value of rho: -0.45206 + -0.85228i,
                    Target rho: -0.17792 + -0.74734
------------------------------
Epoch: 12500 / 18000. Total scaled loss: 1.3272e-02, 
                    ODE(0) loss: 3.8540e-05, 
                    ODE(1) loss: 3.7753e-05, 
                    Non-trivial solution loss: 2.9808e-06,
                    Physics loss: 1.2479e-02,
                    Initial value of rho: -0.42277 + -0.84162i,
                    Current value of rho: -0.45451 + -0.85401i,
                    Target rho: -0.17792 + -0.74734
------------------------------
Epoch: 13000 / 18000. Total scaled loss: 1.0942e-02, 
                    ODE(0) loss: 1.6178e-04, 
                    ODE(1) loss: 3.1021e-05, 
                    Non-trivial solution loss: 3.9827e-07,
                    Physics loss: 9.0096e-03,
                    Initial value of rho: -0.42277 + -0.84162i,
                    Current value of rho: -0.45641 + -0.85496i,
                    Target rho: -0.17792 + -0.74734
------------------------------
Epoch: 13500 / 18000. Total scaled loss: 1.2713e-02, 
                    ODE(0) loss: 4.6702e-04, 
                    ODE(1) loss: 7.0768e-05, 
                    Non-trivial solution loss: 9.4284e-07,
                    Physics loss: 7.3260e-03,
                    Initial value of rho: -0.42277 + -0.84162i,
                    Current value of rho: -0.45791 + -0.85517i,
                    Target rho: -0.17792 + -0.74734
------------------------------
Epoch: 14000 / 18000. Total scaled loss: 6.9513e-03, 
                    ODE(0) loss: 3.9327e-05, 
                    ODE(1) loss: 7.3311e-06, 
                    Non-trivial solution loss: 8.5550e-08,
                    Physics loss: 6.4838e-03,
                    Initial value of rho: -0.42277 + -0.84162i,
                    Current value of rho: -0.45920 + -0.85518i,
                    Target rho: -0.17792 + -0.74734
------------------------------
Epoch: 14500 / 18000. Total scaled loss: 7.3407e-03, 
                    ODE(0) loss: 3.2111e-05, 
                    ODE(1) loss: 6.7358e-05, 
                    Non-trivial solution loss: 1.7381e-06,
                    Physics loss: 5.7014e-03,
                    Initial value of rho: -0.42277 + -0.84162i,
                    Current value of rho: -0.46028 + -0.85479i,
                    Target rho: -0.17792 + -0.74734
------------------------------
Epoch: 15000 / 18000. Total scaled loss: 1.4300e-02, 
                    ODE(0) loss: 4.8517e-04, 
                    ODE(1) loss: 7.6798e-05, 
                    Non-trivial solution loss: 2.2192e-06,
                    Physics loss: 5.1984e-03,
                    Initial value of rho: -0.42277 + -0.84162i,
                    Current value of rho: -0.46155 + -0.85414i,
                    Target rho: -0.17792 + -0.74734
------------------------------
Epoch: 15500 / 18000. Total scaled loss: 1.0624e-02, 
                    ODE(0) loss: 5.1037e-06, 
                    ODE(1) loss: 1.8065e-05, 
                    Non-trivial solution loss: 1.8364e-06,
                    Physics loss: 4.6705e-03,
                    Initial value of rho: -0.42277 + -0.84162i,
                    Current value of rho: -0.46300 + -0.85312i,
                    Target rho: -0.17792 + -0.74734
------------------------------
Epoch: 16000 / 18000. Total scaled loss: 1.2493e-02, 
                    ODE(0) loss: 1.1235e-04, 
                    ODE(1) loss: 2.3927e-05, 
                    Non-trivial solution loss: 2.8333e-07,
                    Physics loss: 4.0074e-03,
                    Initial value of rho: -0.42277 + -0.84162i,
                    Current value of rho: -0.46439 + -0.85179i,
                    Target rho: -0.17792 + -0.74734
------------------------------
Epoch: 16500 / 18000. Total scaled loss: 1.2351e-02, 
                    ODE(0) loss: 3.0362e-05, 
                    ODE(1) loss: 9.4340e-06, 
                    Non-trivial solution loss: 4.7982e-07,
                    Physics loss: 3.5858e-03,
                    Initial value of rho: -0.42277 + -0.84162i,
                    Current value of rho: -0.46561 + -0.85047i,
                    Target rho: -0.17792 + -0.74734
------------------------------
Epoch: 17000 / 18000. Total scaled loss: 1.3662e-02, 
                    ODE(0) loss: 2.6518e-05, 
                    ODE(1) loss: 1.2137e-04, 
                    Non-trivial solution loss: 4.8972e-06,
                    Physics loss: 3.1211e-03,
                    Initial value of rho: -0.42277 + -0.84162i,
                    Current value of rho: -0.46666 + -0.84910i,
                    Target rho: -0.17792 + -0.74734
------------------------------
Epoch: 17500 / 18000. Total scaled loss: 1.2718e-02, 
                    ODE(0) loss: 4.9148e-06, 
                    ODE(1) loss: 5.6914e-06, 
                    Non-trivial solution loss: 2.7308e-06,
                    Physics loss: 2.8322e-03,
                    Initial value of rho: -0.42277 + -0.84162i,
                    Current value of rho: -0.46769 + -0.84772i,
                    Target rho: -0.17792 + -0.74734
------------------------------
Epoch: 18000 / 18000. Total scaled loss: 2.2043e-02, 
                    ODE(0) loss: 2.0384e-04, 
                    ODE(1) loss: 6.0909e-04, 
                    Non-trivial solution loss: 1.2247e-06,
                    Physics loss: 2.7810e-03,
                    Initial value of rho: -0.42277 + -0.84162i,
                    Current value of rho: -0.46880 + -0.84642i,
                    Target rho: -0.17792 + -0.74734
------------------------------
Adam training complete. Switching to L-BFGS:
L-BFGS Epoch: 100 / 1000. Total scaled loss: 1.9978e-05, 
                    ODE(0) loss: 3.7462e-11, 
                    ODE(1) loss: 1.1198e-09, 
                    Non-trivial solution loss: 4.8144e-11,
                    Physics loss: 1.9966e-05,
                    Initial value of rho: -0.42277 + -0.84162i,
                    Current value of rho: -0.54439 + -0.73765i,
                    Target rho: -0.17792 + -0.74734
------------------------------
L-BFGS Epoch: 200 / 1000. Total scaled loss: 8.2489e-06, 
                    ODE(0) loss: 1.8114e-11, 
                    ODE(1) loss: 4.9408e-10, 
                    Non-trivial solution loss: 9.1562e-12,
                    Physics loss: 8.2437e-06,
                    Initial value of rho: -0.42277 + -0.84162i,
                    Current value of rho: -0.54720 + -0.73515i,
                    Target rho: -0.17792 + -0.74734
------------------------------
L-BFGS Epoch: 300 / 1000. Total scaled loss: 8.1202e-06, 
                    ODE(0) loss: 1.7101e-11, 
                    ODE(1) loss: 2.9559e-10, 
                    Non-trivial solution loss: 3.8600e-11,
                    Physics loss: 8.1167e-06,
                    Initial value of rho: -0.42277 + -0.84162i,
                    Current value of rho: -0.54714 + -0.73529i,
                    Target rho: -0.17792 + -0.74734
------------------------------
L-BFGS Epoch: 400 / 1000. Total scaled loss: 7.9607e-06, 
                    ODE(0) loss: 3.3379e-12, 
                    ODE(1) loss: 2.5193e-10, 
                    Non-trivial solution loss: 6.5237e-12,
                    Physics loss: 7.9580e-06,
                    Initial value of rho: -0.42277 + -0.84162i,
                    Current value of rho: -0.54712 + -0.73528i,
                    Target rho: -0.17792 + -0.74734
------------------------------
L-BFGS Epoch: 500 / 1000. Total scaled loss: 8.2487e-06, 
                    ODE(0) loss: 7.0878e-12, 
                    ODE(1) loss: 2.7740e-10, 
                    Non-trivial solution loss: 3.6700e-12,
                    Physics loss: 8.2458e-06,
                    Initial value of rho: -0.42277 + -0.84162i,
                    Current value of rho: -0.54713 + -0.73528i,
                    Target rho: -0.17792 + -0.74734
------------------------------
L-BFGS Epoch: 600 / 1000. Total scaled loss: 8.1843e-06, 
                    ODE(0) loss: 5.5699e-12, 
                    ODE(1) loss: 2.7671e-10, 
                    Non-trivial solution loss: 3.4364e-12,
                    Physics loss: 8.1814e-06,
                    Initial value of rho: -0.42277 + -0.84162i,
                    Current value of rho: -0.54713 + -0.73528i,
                    Target rho: -0.17792 + -0.74734
------------------------------
L-BFGS Epoch: 700 / 1000. Total scaled loss: 8.1800e-06, 
                    ODE(0) loss: 5.5699e-12, 
                    ODE(1) loss: 2.7671e-10, 
                    Non-trivial solution loss: 3.4364e-12,
                    Physics loss: 8.1772e-06,
                    Initial value of rho: -0.42277 + -0.84162i,
                    Current value of rho: -0.54713 + -0.73528i,
                    Target rho: -0.17792 + -0.74734
------------------------------
L-BFGS Epoch: 800 / 1000. Total scaled loss: 8.1443e-06, 
                    ODE(0) loss: 5.5699e-12, 
                    ODE(1) loss: 2.7671e-10, 
                    Non-trivial solution loss: 3.4364e-12,
                    Physics loss: 8.1415e-06,
                    Initial value of rho: -0.42277 + -0.84162i,
                    Current value of rho: -0.54713 + -0.73528i,
                    Target rho: -0.17792 + -0.74734
------------------------------
L-BFGS Epoch: 900 / 1000. Total scaled loss: 8.0869e-06, 
                    ODE(0) loss: 5.5699e-12, 
                    ODE(1) loss: 2.7671e-10, 
                    Non-trivial solution loss: 3.4364e-12,
                    Physics loss: 8.0841e-06,
                    Initial value of rho: -0.42277 + -0.84162i,
                    Current value of rho: -0.54713 + -0.73528i,
                    Target rho: -0.17792 + -0.74734
------------------------------
L-BFGS Epoch: 1000 / 1000. Total scaled loss: 8.0277e-06, 
                    ODE(0) loss: 5.5699e-12, 
                    ODE(1) loss: 2.7671e-10, 
                    Non-trivial solution loss: 3.4364e-12,
                    Physics loss: 8.0248e-06,
                    Initial value of rho: -0.42277 + -0.84162i,
                    Current value of rho: -0.54713 + -0.73528i,
                    Target rho: -0.17792 + -0.74734
------------------------------
Training complete for l = 2. Total scaled loss: 8.0277e-06, 
                    ODE(0) loss: 5.5699e-12, 
                    ODE(1) loss: 2.7671e-10, 
                    Non-trivial solution loss: 3.4364e-12,
                    Physics loss: 8.0248e-06,
                    Current value of rho: -0.54713 + -0.73528i
                    Target rho: -0.17792 + -0.74734
Result saved to ./RepeatRunQNM/l2/delta0.7/20/result.txt
Training complete. Checkpoint saved to ./RepeatRunQNM/l2/delta0.7/20/pinn_checkpoint_qnm_l2_delta0.7_run20.pth
l = 2 mode with delta = 0.7 completed successfully.
