Using device: cuda
------------------------------
Starting training for l = 2 with delta = 0.7
Initial rho: -0.40336 + -1.40919i
Target rho: -0.17792 + -0.74734i
Initial distance from target: 0.69919
------------------------------
Epoch: 1 / 18000. Total scaled loss: 3.6294e+02, 
                    ODE(0) loss: 2.0016e+00, 
                    ODE(1) loss: 4.1869e-01, 
                    Non-trivial solution loss: 1.2090e+00,
                    Physics loss: 1.1200e+00,
                    Initial value of rho: -0.40336 + -1.40919i,
                    Current value of rho: -0.40336 + -1.40919i,
                    Target rho: -0.17792 + -0.74734
------------------------------
Epoch: 500 / 18000. Total scaled loss: 4.6574e+01, 
                    ODE(0) loss: 7.4713e-02, 
                    ODE(1) loss: 5.0768e-03, 
                    Non-trivial solution loss: 3.8552e-01,
                    Physics loss: 4.2445e+00,
                    Initial value of rho: -0.40336 + -1.40919i,
                    Current value of rho: -0.40336 + -1.40919i,
                    Target rho: -0.17792 + -0.74734
------------------------------
Epoch: 1000 / 18000. Total scaled loss: 1.1834e+01, 
                    ODE(0) loss: 1.0522e-01, 
                    ODE(1) loss: 1.0217e-02, 
                    Non-trivial solution loss: 4.1875e-04,
                    Physics loss: 2.4817e+01,
                    Initial value of rho: -0.40336 + -1.40919i,
                    Current value of rho: -0.40336 + -1.40919i,
                    Target rho: -0.17792 + -0.74734
------------------------------
Epoch: 1500 / 18000. Total scaled loss: 2.8478e-01, 
                    ODE(0) loss: 3.6381e-04, 
                    ODE(1) loss: 2.7896e-05, 
                    Non-trivial solution loss: 5.0618e-05,
                    Physics loss: 2.4055e+01,
                    Initial value of rho: -0.40336 + -1.40919i,
                    Current value of rho: -0.40336 + -1.40919i,
                    Target rho: -0.17792 + -0.74734
------------------------------
Epoch: 2000 / 18000. Total scaled loss: 2.4264e-01, 
                    ODE(0) loss: 3.8586e-05, 
                    ODE(1) loss: 3.5120e-06, 
                    Non-trivial solution loss: 2.4978e-05,
                    Physics loss: 2.3593e+01,
                    Initial value of rho: -0.40336 + -1.40919i,
                    Current value of rho: -0.40336 + -1.40919i,
                    Target rho: -0.17792 + -0.74734
------------------------------
Epoch: 2500 / 18000. Total scaled loss: 2.3752e-01, 
                    ODE(0) loss: 2.5806e-07, 
                    ODE(1) loss: 3.2456e-08, 
                    Non-trivial solution loss: 4.9254e-06,
                    Physics loss: 2.3699e+01,
                    Initial value of rho: -0.40336 + -1.40919i,
                    Current value of rho: -0.40336 + -1.40919i,
                    Target rho: -0.17792 + -0.74734
------------------------------
Epoch: 3000 / 18000. Total scaled loss: 3.1531e-01, 
                    ODE(0) loss: 7.0760e-04, 
                    ODE(1) loss: 4.4737e-05, 
                    Non-trivial solution loss: 5.9951e-05,
                    Physics loss: 2.3408e+01,
                    Initial value of rho: -0.40336 + -1.40919i,
                    Current value of rho: -0.40336 + -1.40919i,
                    Target rho: -0.17792 + -0.74734
------------------------------
Epoch: 3500 / 18000. Total scaled loss: 2.3653e-01, 
                    ODE(0) loss: 2.5673e-08, 
                    ODE(1) loss: 2.0318e-08, 
                    Non-trivial solution loss: 4.8351e-06,
                    Physics loss: 2.3605e+01,
                    Initial value of rho: -0.40336 + -1.40919i,
                    Current value of rho: -0.40336 + -1.40919i,
                    Target rho: -0.17792 + -0.74734
------------------------------
Epoch: 4000 / 18000. Total scaled loss: 3.3752e+00, 
                    ODE(0) loss: 1.8908e-03, 
                    ODE(1) loss: 5.8939e-05, 
                    Non-trivial solution loss: 9.2350e-04,
                    Physics loss: 2.0699e+01,
                    Initial value of rho: -0.40336 + -1.40919i,
                    Current value of rho: -0.40336 + -1.40919i,
                    Target rho: -0.17792 + -0.74734
------------------------------
Epoch: 4500 / 18000. Total scaled loss: 3.9596e+00, 
                    ODE(0) loss: 1.6931e-05, 
                    ODE(1) loss: 1.6753e-05, 
                    Non-trivial solution loss: 1.8052e-03,
                    Physics loss: 1.7876e+01,
                    Initial value of rho: -0.40336 + -1.40919i,
                    Current value of rho: -0.40336 + -1.40919i,
                    Target rho: -0.17792 + -0.74734
------------------------------
Epoch: 5000 / 18000. Total scaled loss: 5.6484e+00, 
                    ODE(0) loss: 1.7037e-02, 
                    ODE(1) loss: 9.1045e-04, 
                    Non-trivial solution loss: 2.0430e-03,
                    Physics loss: 1.4548e+01,
                    Initial value of rho: -0.40336 + -1.40919i,
                    Current value of rho: -0.40336 + -1.40919i,
                    Target rho: -0.17792 + -0.74734
------------------------------
Epoch: 5500 / 18000. Total scaled loss: 4.4704e+00, 
                    ODE(0) loss: 1.1186e-02, 
                    ODE(1) loss: 2.8523e-04, 
                    Non-trivial solution loss: 1.6652e-03,
                    Physics loss: 1.0281e+01,
                    Initial value of rho: -0.40336 + -1.40919i,
                    Current value of rho: -0.40336 + -1.40919i,
                    Target rho: -0.17792 + -0.74734
------------------------------
Epoch: 6000 / 18000. Total scaled loss: 2.4823e+00, 
                    ODE(0) loss: 2.0294e-06, 
                    ODE(1) loss: 2.0300e-05, 
                    Non-trivial solution loss: 1.2477e-03,
                    Physics loss: 5.9853e+00,
                    Initial value of rho: -0.40336 + -1.40919i,
                    Current value of rho: -0.40336 + -1.40919i,
                    Target rho: -0.17792 + -0.74734
------------------------------
Epoch: 6500 / 18000. Total scaled loss: 1.9938e+00, 
                    ODE(0) loss: 4.3514e-06, 
                    ODE(1) loss: 1.3340e-05, 
                    Non-trivial solution loss: 1.3930e-03,
                    Physics loss: 4.1175e+00,
                    Initial value of rho: -0.40336 + -1.40919i,
                    Current value of rho: -0.40336 + -1.40919i,
                    Target rho: -0.17792 + -0.74734
------------------------------
Epoch: 7000 / 18000. Total scaled loss: 2.1743e+00, 
                    ODE(0) loss: 8.4609e-03, 
                    ODE(1) loss: 5.1457e-05, 
                    Non-trivial solution loss: 1.4702e-03,
                    Physics loss: 3.0488e+00,
                    Initial value of rho: -0.40336 + -1.40919i,
                    Current value of rho: -0.40336 + -1.40919i,
                    Target rho: -0.17792 + -0.74734
------------------------------
Epoch: 7500 / 18000. Total scaled loss: 1.3476e+00, 
                    ODE(0) loss: 8.5225e-04, 
                    ODE(1) loss: 1.9609e-06, 
                    Non-trivial solution loss: 9.9549e-04,
                    Physics loss: 2.1329e+00,
                    Initial value of rho: -0.40336 + -1.40919i,
                    Current value of rho: -0.40336 + -1.40919i,
                    Target rho: -0.17792 + -0.74734
------------------------------
Epoch: 8000 / 18000. Total scaled loss: 1.1801e+00, 
                    ODE(0) loss: 2.5713e-04, 
                    ODE(1) loss: 3.1294e-06, 
                    Non-trivial solution loss: 6.5216e-04,
                    Physics loss: 1.7526e+00,
                    Initial value of rho: -0.40336 + -1.40919i,
                    Current value of rho: -0.40336 + -1.40919i,
                    Target rho: -0.17792 + -0.74734
------------------------------
Epoch: 8500 / 18000. Total scaled loss: 1.0884e+00, 
                    ODE(0) loss: 4.7507e-04, 
                    ODE(1) loss: 7.0573e-06, 
                    Non-trivial solution loss: 7.1141e-04,
                    Physics loss: 1.4630e+00,
                    Initial value of rho: -0.40336 + -1.40919i,
                    Current value of rho: -0.40336 + -1.40919i,
                    Target rho: -0.17792 + -0.74734
------------------------------
Epoch: 9000 / 18000. Total scaled loss: 9.2077e-01, 
                    ODE(0) loss: 8.8087e-05, 
                    ODE(1) loss: 8.5349e-06, 
                    Non-trivial solution loss: 8.6205e-04,
                    Physics loss: 1.1481e+00,
                    Initial value of rho: -0.40336 + -1.40919i,
                    Current value of rho: -0.40336 + -1.40919i,
                    Target rho: -0.17792 + -0.74734
------------------------------
Unfreezing rho...
Epoch: 9500 / 18000. Total scaled loss: 5.7430e-01, 
                    ODE(0) loss: 4.6203e-05, 
                    ODE(1) loss: 1.5465e-05, 
                    Non-trivial solution loss: 5.4533e-04,
                    Physics loss: 6.6680e-01,
                    Initial value of rho: -0.40336 + -1.40919i,
                    Current value of rho: -0.43709 + -1.40340i,
                    Target rho: -0.17792 + -0.74734
------------------------------
Epoch: 10000 / 18000. Total scaled loss: 3.0534e-01, 
                    ODE(0) loss: 1.3199e-04, 
                    ODE(1) loss: 2.4506e-06, 
                    Non-trivial solution loss: 3.4096e-04,
                    Physics loss: 3.2875e-01,
                    Initial value of rho: -0.40336 + -1.40919i,
                    Current value of rho: -0.46009 + -1.39936i,
                    Target rho: -0.17792 + -0.74734
------------------------------
Epoch: 10500 / 18000. Total scaled loss: 2.0457e-01, 
                    ODE(0) loss: 1.4845e-06, 
                    ODE(1) loss: 5.6704e-06, 
                    Non-trivial solution loss: 2.8124e-04,
                    Physics loss: 2.0845e-01,
                    Initial value of rho: -0.40336 + -1.40919i,
                    Current value of rho: -0.47770 + -1.39626i,
                    Target rho: -0.17792 + -0.74734
------------------------------
Epoch: 11000 / 18000. Total scaled loss: 1.3740e-01, 
                    ODE(0) loss: 8.3942e-08, 
                    ODE(1) loss: 1.3108e-05, 
                    Non-trivial solution loss: 2.8276e-04,
                    Physics loss: 1.3444e-01,
                    Initial value of rho: -0.40336 + -1.40919i,
                    Current value of rho: -0.49454 + -1.39311i,
                    Target rho: -0.17792 + -0.74734
------------------------------
Epoch: 11500 / 18000. Total scaled loss: 9.0534e-02, 
                    ODE(0) loss: 4.4718e-06, 
                    ODE(1) loss: 2.2935e-06, 
                    Non-trivial solution loss: 1.3935e-04,
                    Physics loss: 8.9073e-02,
                    Initial value of rho: -0.40336 + -1.40919i,
                    Current value of rho: -0.50867 + -1.39006i,
                    Target rho: -0.17792 + -0.74734
------------------------------
Epoch: 12000 / 18000. Total scaled loss: 6.9257e-02, 
                    ODE(0) loss: 2.9803e-05, 
                    ODE(1) loss: 3.6642e-06, 
                    Non-trivial solution loss: 8.6224e-05,
                    Physics loss: 6.8060e-02,
                    Initial value of rho: -0.40336 + -1.40919i,
                    Current value of rho: -0.51771 + -1.38766i,
                    Target rho: -0.17792 + -0.74734
------------------------------
Epoch: 12500 / 18000. Total scaled loss: 5.2865e-02, 
                    ODE(0) loss: 1.1179e-05, 
                    ODE(1) loss: 5.9591e-06, 
                    Non-trivial solution loss: 5.6026e-05,
                    Physics loss: 5.2134e-02,
                    Initial value of rho: -0.40336 + -1.40919i,
                    Current value of rho: -0.52327 + -1.38576i,
                    Target rho: -0.17792 + -0.74734
------------------------------
Epoch: 13000 / 18000. Total scaled loss: 1.1054e-01, 
                    ODE(0) loss: 6.6839e-03, 
                    ODE(1) loss: 3.1396e-05, 
                    Non-trivial solution loss: 5.8484e-05,
                    Physics loss: 4.2803e-02,
                    Initial value of rho: -0.40336 + -1.40919i,
                    Current value of rho: -0.52741 + -1.38419i,
                    Target rho: -0.17792 + -0.74734
------------------------------
Epoch: 13500 / 18000. Total scaled loss: 1.2704e-01, 
                    ODE(0) loss: 8.6577e-03, 
                    ODE(1) loss: 6.3733e-05, 
                    Non-trivial solution loss: 2.8204e-05,
                    Physics loss: 3.9546e-02,
                    Initial value of rho: -0.40336 + -1.40919i,
                    Current value of rho: -0.53057 + -1.38277i,
                    Target rho: -0.17792 + -0.74734
------------------------------
Epoch: 14000 / 18000. Total scaled loss: 3.1341e-02, 
                    ODE(0) loss: 9.9015e-06, 
                    ODE(1) loss: 5.7314e-07, 
                    Non-trivial solution loss: 1.7367e-05,
                    Physics loss: 3.1063e-02,
                    Initial value of rho: -0.40336 + -1.40919i,
                    Current value of rho: -0.53314 + -1.38145i,
                    Target rho: -0.17792 + -0.74734
------------------------------
Epoch: 14500 / 18000. Total scaled loss: 3.0573e-02, 
                    ODE(0) loss: 9.6682e-06, 
                    ODE(1) loss: 1.0317e-06, 
                    Non-trivial solution loss: 1.5339e-05,
                    Physics loss: 2.7309e-02,
                    Initial value of rho: -0.40336 + -1.40919i,
                    Current value of rho: -0.53529 + -1.38026i,
                    Target rho: -0.17792 + -0.74734
------------------------------
Epoch: 15000 / 18000. Total scaled loss: 3.8546e-02, 
                    ODE(0) loss: 1.4840e-05, 
                    ODE(1) loss: 4.1188e-06, 
                    Non-trivial solution loss: 2.4960e-05,
                    Physics loss: 2.2879e-02,
                    Initial value of rho: -0.40336 + -1.40919i,
                    Current value of rho: -0.53779 + -1.37885i,
                    Target rho: -0.17792 + -0.74734
------------------------------
Epoch: 15500 / 18000. Total scaled loss: 4.5344e-02, 
                    ODE(0) loss: 5.6077e-04, 
                    ODE(1) loss: 3.2522e-06, 
                    Non-trivial solution loss: 5.7674e-05,
                    Physics loss: 1.7616e-02,
                    Initial value of rho: -0.40336 + -1.40919i,
                    Current value of rho: -0.54059 + -1.37727i,
                    Target rho: -0.17792 + -0.74734
------------------------------
Epoch: 16000 / 18000. Total scaled loss: 3.8043e-02, 
                    ODE(0) loss: 2.5599e-05, 
                    ODE(1) loss: 2.9111e-06, 
                    Non-trivial solution loss: 4.4915e-05,
                    Physics loss: 1.3437e-02,
                    Initial value of rho: -0.40336 + -1.40919i,
                    Current value of rho: -0.54347 + -1.37569i,
                    Target rho: -0.17792 + -0.74734
------------------------------
Epoch: 16500 / 18000. Total scaled loss: 3.8058e-02, 
                    ODE(0) loss: 2.7612e-04, 
                    ODE(1) loss: 4.2859e-06, 
                    Non-trivial solution loss: 2.0239e-05,
                    Physics loss: 1.0519e-02,
                    Initial value of rho: -0.40336 + -1.40919i,
                    Current value of rho: -0.54634 + -1.37426i,
                    Target rho: -0.17792 + -0.74734
------------------------------
Epoch: 17000 / 18000. Total scaled loss: 3.1081e-02, 
                    ODE(0) loss: 5.0099e-06, 
                    ODE(1) loss: 7.7654e-07, 
                    Non-trivial solution loss: 3.0963e-05,
                    Physics loss: 7.9001e-03,
                    Initial value of rho: -0.40336 + -1.40919i,
                    Current value of rho: -0.54908 + -1.37280i,
                    Target rho: -0.17792 + -0.74734
------------------------------
Epoch: 17500 / 18000. Total scaled loss: 2.7475e-02, 
                    ODE(0) loss: 6.9557e-05, 
                    ODE(1) loss: 2.2785e-06, 
                    Non-trivial solution loss: 1.9671e-05,
                    Physics loss: 5.9776e-03,
                    Initial value of rho: -0.40336 + -1.40919i,
                    Current value of rho: -0.55164 + -1.37142i,
                    Target rho: -0.17792 + -0.74734
------------------------------
Epoch: 18000 / 18000. Total scaled loss: 2.2102e-02, 
                    ODE(0) loss: 3.6264e-05, 
                    ODE(1) loss: 1.1944e-06, 
                    Non-trivial solution loss: 1.3755e-05,
                    Physics loss: 4.3190e-03,
                    Initial value of rho: -0.40336 + -1.40919i,
                    Current value of rho: -0.55394 + -1.37020i,
                    Target rho: -0.17792 + -0.74734
------------------------------
Adam training complete. Switching to L-BFGS:
L-BFGS Epoch: 100 / 1000. Total scaled loss: 2.6120e-05, 
                    ODE(0) loss: 1.1921e-10, 
                    ODE(1) loss: 2.0384e-09, 
                    Non-trivial solution loss: 9.5699e-11,
                    Physics loss: 2.6097e-05,
                    Initial value of rho: -0.40336 + -1.40919i,
                    Current value of rho: -0.75438 + -1.20893i,
                    Target rho: -0.17792 + -0.74734
------------------------------
L-BFGS Epoch: 200 / 1000. Total scaled loss: 1.8733e-05, 
                    ODE(0) loss: 1.1049e-12, 
                    ODE(1) loss: 2.7667e-09, 
                    Non-trivial solution loss: 8.2778e-11,
                    Physics loss: 1.8705e-05,
                    Initial value of rho: -0.40336 + -1.40919i,
                    Current value of rho: -0.76041 + -1.20636i,
                    Target rho: -0.17792 + -0.74734
------------------------------
L-BFGS Epoch: 300 / 1000. Total scaled loss: 1.8088e-05, 
                    ODE(0) loss: 9.8758e-11, 
                    ODE(1) loss: 3.3914e-09, 
                    Non-trivial solution loss: 7.9901e-12,
                    Physics loss: 1.8053e-05,
                    Initial value of rho: -0.40336 + -1.40919i,
                    Current value of rho: -0.75843 + -1.21089i,
                    Target rho: -0.17792 + -0.74734
------------------------------
L-BFGS Epoch: 400 / 1000. Total scaled loss: 1.8110e-05, 
                    ODE(0) loss: 8.0192e-11, 
                    ODE(1) loss: 2.2092e-09, 
                    Non-trivial solution loss: 1.0207e-11,
                    Physics loss: 1.8087e-05,
                    Initial value of rho: -0.40336 + -1.40919i,
                    Current value of rho: -0.75871 + -1.21078i,
                    Target rho: -0.17792 + -0.74734
------------------------------
L-BFGS Epoch: 500 / 1000. Total scaled loss: 1.8166e-05, 
                    ODE(0) loss: 1.5953e-10, 
                    ODE(1) loss: 2.2410e-09, 
                    Non-trivial solution loss: 3.0031e-10,
                    Physics loss: 1.8139e-05,
                    Initial value of rho: -0.40336 + -1.40919i,
                    Current value of rho: -0.75859 + -1.21082i,
                    Target rho: -0.17792 + -0.74734
------------------------------
L-BFGS Epoch: 600 / 1000. Total scaled loss: 1.7769e-05, 
                    ODE(0) loss: 1.4413e-10, 
                    ODE(1) loss: 3.0672e-09, 
                    Non-trivial solution loss: 2.2463e-10,
                    Physics loss: 1.7734e-05,
                    Initial value of rho: -0.40336 + -1.40919i,
                    Current value of rho: -0.75854 + -1.21170i,
                    Target rho: -0.17792 + -0.74734
------------------------------
L-BFGS Epoch: 700 / 1000. Total scaled loss: 1.1351e-05, 
                    ODE(0) loss: 1.8798e-10, 
                    ODE(1) loss: 4.0590e-10, 
                    Non-trivial solution loss: 7.1658e-12,
                    Physics loss: 1.1345e-05,
                    Initial value of rho: -0.40336 + -1.40919i,
                    Current value of rho: -0.80182 + -1.21463i,
                    Target rho: -0.17792 + -0.74734
------------------------------
L-BFGS Epoch: 800 / 1000. Total scaled loss: 1.1264e-05, 
                    ODE(0) loss: 2.2995e-11, 
                    ODE(1) loss: 3.9205e-10, 
                    Non-trivial solution loss: 9.6501e-12,
                    Physics loss: 1.1260e-05,
                    Initial value of rho: -0.40336 + -1.40919i,
                    Current value of rho: -0.80921 + -1.21431i,
                    Target rho: -0.17792 + -0.74734
------------------------------
L-BFGS Epoch: 900 / 1000. Total scaled loss: 1.1427e-05, 
                    ODE(0) loss: 1.9291e-11, 
                    ODE(1) loss: 4.1637e-10, 
                    Non-trivial solution loss: 2.2174e-11,
                    Physics loss: 1.1423e-05,
                    Initial value of rho: -0.40336 + -1.40919i,
                    Current value of rho: -0.81142 + -1.21439i,
                    Target rho: -0.17792 + -0.74734
------------------------------
L-BFGS Epoch: 1000 / 1000. Total scaled loss: 4.8913e-06, 
                    ODE(0) loss: 2.6229e-11, 
                    ODE(1) loss: 3.2245e-10, 
                    Non-trivial solution loss: 2.5100e-11,
                    Physics loss: 4.8875e-06,
                    Initial value of rho: -0.40336 + -1.40919i,
                    Current value of rho: -0.89646 + -1.18650i,
                    Target rho: -0.17792 + -0.74734
------------------------------
Training complete for l = 2. Total scaled loss: 4.8913e-06, 
                    ODE(0) loss: 2.6229e-11, 
                    ODE(1) loss: 3.2245e-10, 
                    Non-trivial solution loss: 2.5100e-11,
                    Physics loss: 4.8875e-06,
                    Current value of rho: -0.89646 + -1.18650i
                    Target rho: -0.17792 + -0.74734
Result saved to ./RepeatRunQNM/l2/delta0.7/39/result.txt
Training complete. Checkpoint saved to ./RepeatRunQNM/l2/delta0.7/39/pinn_checkpoint_qnm_l2_delta0.7_run39.pth
l = 2 mode with delta = 0.7 completed successfully.
