Using device: cuda
------------------------------
Starting training for l = 2 with delta = 0.6
Initial rho: -0.09849 + -1.25658i
Target rho: -0.17792 + -0.74734i
Initial distance from target: 0.51540
------------------------------
Epoch: 1 / 18000. Total scaled loss: 4.3567e+02, 
                    ODE(0) loss: 3.4865e+00, 
                    ODE(1) loss: 6.7538e-02, 
                    Non-trivial solution loss: 8.0252e-01,
                    Physics loss: 1.4198e+00,
                    Initial value of rho: -0.09849 + -1.25658i,
                    Current value of rho: -0.09849 + -1.25658i,
                    Target rho: -0.17792 + -0.74734
------------------------------
Epoch: 500 / 18000. Total scaled loss: 5.3870e-01, 
                    ODE(0) loss: 8.8137e-04, 
                    ODE(1) loss: 3.1513e-06, 
                    Non-trivial solution loss: 6.2615e-05,
                    Physics loss: 4.4399e+01,
                    Initial value of rho: -0.09849 + -1.25658i,
                    Current value of rho: -0.09849 + -1.25658i,
                    Target rho: -0.17792 + -0.74734
------------------------------
Epoch: 1000 / 18000. Total scaled loss: 4.4033e-01, 
                    ODE(0) loss: 5.8521e-05, 
                    ODE(1) loss: 2.0800e-06, 
                    Non-trivial solution loss: 3.2773e-05,
                    Physics loss: 4.3099e+01,
                    Initial value of rho: -0.09849 + -1.25658i,
                    Current value of rho: -0.09849 + -1.25658i,
                    Target rho: -0.17792 + -0.74734
------------------------------
Epoch: 1500 / 18000. Total scaled loss: 6.0047e-01, 
                    ODE(0) loss: 1.8591e-03, 
                    ODE(1) loss: 3.3523e-06, 
                    Non-trivial solution loss: 8.2837e-05,
                    Physics loss: 4.0594e+01,
                    Initial value of rho: -0.09849 + -1.25658i,
                    Current value of rho: -0.09849 + -1.25658i,
                    Target rho: -0.17792 + -0.74734
------------------------------
Epoch: 2000 / 18000. Total scaled loss: 4.3654e-01, 
                    ODE(0) loss: 4.0786e-04, 
                    ODE(1) loss: 1.7186e-06, 
                    Non-trivial solution loss: 5.6812e-05,
                    Physics loss: 3.8990e+01,
                    Initial value of rho: -0.09849 + -1.25658i,
                    Current value of rho: -0.09849 + -1.25658i,
                    Target rho: -0.17792 + -0.74734
------------------------------
Epoch: 2500 / 18000. Total scaled loss: 3.8144e-01, 
                    ODE(0) loss: 8.7254e-06, 
                    ODE(1) loss: 1.3911e-07, 
                    Non-trivial solution loss: 1.2286e-05,
                    Physics loss: 3.7932e+01,
                    Initial value of rho: -0.09849 + -1.25658i,
                    Current value of rho: -0.09849 + -1.25658i,
                    Target rho: -0.17792 + -0.74734
------------------------------
Epoch: 3000 / 18000. Total scaled loss: 4.7944e-01, 
                    ODE(0) loss: 1.0520e-03, 
                    ODE(1) loss: 9.6900e-06, 
                    Non-trivial solution loss: 6.7410e-05,
                    Physics loss: 3.6653e+01,
                    Initial value of rho: -0.09849 + -1.25658i,
                    Current value of rho: -0.09849 + -1.25658i,
                    Target rho: -0.17792 + -0.74734
------------------------------
Epoch: 3500 / 18000. Total scaled loss: 3.4742e-01, 
                    ODE(0) loss: 4.3476e-07, 
                    ODE(1) loss: 7.6298e-08, 
                    Non-trivial solution loss: 9.4043e-06,
                    Physics loss: 3.4643e+01,
                    Initial value of rho: -0.09849 + -1.25658i,
                    Current value of rho: -0.09849 + -1.25658i,
                    Target rho: -0.17792 + -0.74734
------------------------------
Epoch: 4000 / 18000. Total scaled loss: 2.9050e+00, 
                    ODE(0) loss: 1.1066e-04, 
                    ODE(1) loss: 2.5208e-05, 
                    Non-trivial solution loss: 1.0740e-03,
                    Physics loss: 1.8616e+01,
                    Initial value of rho: -0.09849 + -1.25658i,
                    Current value of rho: -0.09849 + -1.25658i,
                    Target rho: -0.17792 + -0.74734
------------------------------
Epoch: 4500 / 18000. Total scaled loss: 1.8277e+00, 
                    ODE(0) loss: 1.7397e-06, 
                    ODE(1) loss: 5.1308e-06, 
                    Non-trivial solution loss: 4.2351e-04,
                    Physics loss: 8.4262e+00,
                    Initial value of rho: -0.09849 + -1.25658i,
                    Current value of rho: -0.09849 + -1.25658i,
                    Target rho: -0.17792 + -0.74734
------------------------------
Epoch: 5000 / 18000. Total scaled loss: 2.2379e+00, 
                    ODE(0) loss: 1.1325e-04, 
                    ODE(1) loss: 2.0941e-06, 
                    Non-trivial solution loss: 7.2464e-04,
                    Physics loss: 7.8893e+00,
                    Initial value of rho: -0.09849 + -1.25658i,
                    Current value of rho: -0.09849 + -1.25658i,
                    Target rho: -0.17792 + -0.74734
------------------------------
Epoch: 5500 / 18000. Total scaled loss: 3.4250e+00, 
                    ODE(0) loss: 1.1390e-02, 
                    ODE(1) loss: 8.5092e-06, 
                    Non-trivial solution loss: 1.4966e-03,
                    Physics loss: 7.2371e+00,
                    Initial value of rho: -0.09849 + -1.25658i,
                    Current value of rho: -0.09849 + -1.25658i,
                    Target rho: -0.17792 + -0.74734
------------------------------
Epoch: 6000 / 18000. Total scaled loss: 2.8284e+00, 
                    ODE(0) loss: 4.4255e-07, 
                    ODE(1) loss: 3.4276e-06, 
                    Non-trivial solution loss: 1.7825e-03,
                    Physics loss: 6.7605e+00,
                    Initial value of rho: -0.09849 + -1.25658i,
                    Current value of rho: -0.09849 + -1.25658i,
                    Target rho: -0.17792 + -0.74734
------------------------------
Epoch: 6500 / 18000. Total scaled loss: 3.1597e+00, 
                    ODE(0) loss: 1.2925e-03, 
                    ODE(1) loss: 8.7707e-07, 
                    Non-trivial solution loss: 2.8589e-03,
                    Physics loss: 6.2609e+00,
                    Initial value of rho: -0.09849 + -1.25658i,
                    Current value of rho: -0.09849 + -1.25658i,
                    Target rho: -0.17792 + -0.74734
------------------------------
Epoch: 7000 / 18000. Total scaled loss: 3.3181e+00, 
                    ODE(0) loss: 1.1943e-05, 
                    ODE(1) loss: 4.4173e-06, 
                    Non-trivial solution loss: 3.3919e-03,
                    Physics loss: 5.9483e+00,
                    Initial value of rho: -0.09849 + -1.25658i,
                    Current value of rho: -0.09849 + -1.25658i,
                    Target rho: -0.17792 + -0.74734
------------------------------
Epoch: 7500 / 18000. Total scaled loss: 3.4317e+00, 
                    ODE(0) loss: 6.5520e-05, 
                    ODE(1) loss: 4.4573e-06, 
                    Non-trivial solution loss: 4.7214e-03,
                    Physics loss: 5.4242e+00,
                    Initial value of rho: -0.09849 + -1.25658i,
                    Current value of rho: -0.09849 + -1.25658i,
                    Target rho: -0.17792 + -0.74734
------------------------------
Epoch: 8000 / 18000. Total scaled loss: 3.3892e+00, 
                    ODE(0) loss: 7.7582e-07, 
                    ODE(1) loss: 5.6491e-06, 
                    Non-trivial solution loss: 5.9866e-03,
                    Physics loss: 4.8001e+00,
                    Initial value of rho: -0.09849 + -1.25658i,
                    Current value of rho: -0.09849 + -1.25658i,
                    Target rho: -0.17792 + -0.74734
------------------------------
Epoch: 8500 / 18000. Total scaled loss: 3.2085e+00, 
                    ODE(0) loss: 9.0325e-05, 
                    ODE(1) loss: 4.8393e-07, 
                    Non-trivial solution loss: 7.6168e-03,
                    Physics loss: 4.0846e+00,
                    Initial value of rho: -0.09849 + -1.25658i,
                    Current value of rho: -0.09849 + -1.25658i,
                    Target rho: -0.17792 + -0.74734
------------------------------
Epoch: 9000 / 18000. Total scaled loss: 3.1365e+00, 
                    ODE(0) loss: 3.5364e-05, 
                    ODE(1) loss: 2.4616e-06, 
                    Non-trivial solution loss: 1.0317e-02,
                    Physics loss: 3.6133e+00,
                    Initial value of rho: -0.09849 + -1.25658i,
                    Current value of rho: -0.09849 + -1.25658i,
                    Target rho: -0.17792 + -0.74734
------------------------------
Unfreezing rho...
Epoch: 9500 / 18000. Total scaled loss: 2.2444e+00, 
                    ODE(0) loss: 7.3121e-05, 
                    ODE(1) loss: 2.5719e-06, 
                    Non-trivial solution loss: 8.2618e-03,
                    Physics loss: 2.4188e+00,
                    Initial value of rho: -0.09849 + -1.25658i,
                    Current value of rho: -0.13801 + -1.23590i,
                    Target rho: -0.17792 + -0.74734
------------------------------
Epoch: 10000 / 18000. Total scaled loss: 1.5235e+00, 
                    ODE(0) loss: 8.7297e-06, 
                    ODE(1) loss: 2.9319e-06, 
                    Non-trivial solution loss: 6.5895e-03,
                    Physics loss: 1.5462e+00,
                    Initial value of rho: -0.09849 + -1.25658i,
                    Current value of rho: -0.17175 + -1.21888i,
                    Target rho: -0.17792 + -0.74734
------------------------------
Epoch: 10500 / 18000. Total scaled loss: 8.3511e-01, 
                    ODE(0) loss: 5.6850e-05, 
                    ODE(1) loss: 7.5197e-08, 
                    Non-trivial solution loss: 4.6473e-03,
                    Physics loss: 8.0049e-01,
                    Initial value of rho: -0.09849 + -1.25658i,
                    Current value of rho: -0.20105 + -1.20318i,
                    Target rho: -0.17792 + -0.74734
------------------------------
Epoch: 11000 / 18000. Total scaled loss: 4.1595e-01, 
                    ODE(0) loss: 2.8098e-06, 
                    ODE(1) loss: 1.0696e-06, 
                    Non-trivial solution loss: 2.1893e-03,
                    Physics loss: 3.9402e-01,
                    Initial value of rho: -0.09849 + -1.25658i,
                    Current value of rho: -0.22550 + -1.19012i,
                    Target rho: -0.17792 + -0.74734
------------------------------
Epoch: 11500 / 18000. Total scaled loss: 2.7698e-01, 
                    ODE(0) loss: 1.6232e-05, 
                    ODE(1) loss: 4.8768e-06, 
                    Non-trivial solution loss: 7.8658e-04,
                    Physics loss: 2.6890e-01,
                    Initial value of rho: -0.09849 + -1.25658i,
                    Current value of rho: -0.24460 + -1.17865i,
                    Target rho: -0.17792 + -0.74734
------------------------------
Epoch: 12000 / 18000. Total scaled loss: 1.9186e-01, 
                    ODE(0) loss: 2.8390e-04, 
                    ODE(1) loss: 4.4666e-06, 
                    Non-trivial solution loss: 3.5979e-04,
                    Physics loss: 1.8538e-01,
                    Initial value of rho: -0.09849 + -1.25658i,
                    Current value of rho: -0.26064 + -1.16882i,
                    Target rho: -0.17792 + -0.74734
------------------------------
Epoch: 12500 / 18000. Total scaled loss: 1.3710e-01, 
                    ODE(0) loss: 8.8461e-05, 
                    ODE(1) loss: 1.1514e-05, 
                    Non-trivial solution loss: 1.9824e-04,
                    Physics loss: 1.3412e-01,
                    Initial value of rho: -0.09849 + -1.25658i,
                    Current value of rho: -0.27434 + -1.16101i,
                    Target rho: -0.17792 + -0.74734
------------------------------
Epoch: 13000 / 18000. Total scaled loss: 1.0503e-01, 
                    ODE(0) loss: 2.6538e-06, 
                    ODE(1) loss: 1.6350e-06, 
                    Non-trivial solution loss: 1.1959e-04,
                    Physics loss: 1.0379e-01,
                    Initial value of rho: -0.09849 + -1.25658i,
                    Current value of rho: -0.28628 + -1.15462i,
                    Target rho: -0.17792 + -0.74734
------------------------------
Epoch: 13500 / 18000. Total scaled loss: 8.0478e-02, 
                    ODE(0) loss: 1.8166e-05, 
                    ODE(1) loss: 1.3412e-06, 
                    Non-trivial solution loss: 6.6373e-05,
                    Physics loss: 7.9619e-02,
                    Initial value of rho: -0.09849 + -1.25658i,
                    Current value of rho: -0.29665 + -1.14943i,
                    Target rho: -0.17792 + -0.74734
------------------------------
Epoch: 14000 / 18000. Total scaled loss: 6.8092e-02, 
                    ODE(0) loss: 6.3628e-04, 
                    ODE(1) loss: 5.0912e-06, 
                    Non-trivial solution loss: 6.6103e-05,
                    Physics loss: 6.1017e-02,
                    Initial value of rho: -0.09849 + -1.25658i,
                    Current value of rho: -0.30559 + -1.14507i,
                    Target rho: -0.17792 + -0.74734
------------------------------
Epoch: 14500 / 18000. Total scaled loss: 6.3845e-02, 
                    ODE(0) loss: 5.7640e-04, 
                    ODE(1) loss: 1.4135e-06, 
                    Non-trivial solution loss: 2.5331e-05,
                    Physics loss: 5.2084e-02,
                    Initial value of rho: -0.09849 + -1.25658i,
                    Current value of rho: -0.31345 + -1.14133i,
                    Target rho: -0.17792 + -0.74734
------------------------------
Epoch: 15000 / 18000. Total scaled loss: 1.4194e-01, 
                    ODE(0) loss: 6.9930e-03, 
                    ODE(1) loss: 2.4218e-04, 
                    Non-trivial solution loss: 1.2745e-05,
                    Physics loss: 4.1707e-02,
                    Initial value of rho: -0.09849 + -1.25658i,
                    Current value of rho: -0.32251 + -1.13720i,
                    Target rho: -0.17792 + -0.74734
------------------------------
Epoch: 15500 / 18000. Total scaled loss: 6.9471e-02, 
                    ODE(0) loss: 1.2014e-04, 
                    ODE(1) loss: 3.1666e-05, 
                    Non-trivial solution loss: 7.3476e-05,
                    Physics loss: 3.0263e-02,
                    Initial value of rho: -0.09849 + -1.25658i,
                    Current value of rho: -0.33287 + -1.13274i,
                    Target rho: -0.17792 + -0.74734
------------------------------
Epoch: 16000 / 18000. Total scaled loss: 7.5338e-02, 
                    ODE(0) loss: 1.1018e-03, 
                    ODE(1) loss: 1.7341e-04, 
                    Non-trivial solution loss: 1.0439e-04,
                    Physics loss: 2.2164e-02,
                    Initial value of rho: -0.09849 + -1.25658i,
                    Current value of rho: -0.34318 + -1.12829i,
                    Target rho: -0.17792 + -0.74734
------------------------------
Epoch: 16500 / 18000. Total scaled loss: 5.5738e-02, 
                    ODE(0) loss: 2.4368e-05, 
                    ODE(1) loss: 3.7176e-05, 
                    Non-trivial solution loss: 3.8446e-05,
                    Physics loss: 1.6427e-02,
                    Initial value of rho: -0.09849 + -1.25658i,
                    Current value of rho: -0.35296 + -1.12409i,
                    Target rho: -0.17792 + -0.74734
------------------------------
Epoch: 17000 / 18000. Total scaled loss: 4.8339e-02, 
                    ODE(0) loss: 1.1280e-04, 
                    ODE(1) loss: 5.7433e-05, 
                    Non-trivial solution loss: 5.0187e-05,
                    Physics loss: 1.1867e-02,
                    Initial value of rho: -0.09849 + -1.25658i,
                    Current value of rho: -0.36195 + -1.12022i,
                    Target rho: -0.17792 + -0.74734
------------------------------
Epoch: 17500 / 18000. Total scaled loss: 4.4093e-02, 
                    ODE(0) loss: 4.2137e-04, 
                    ODE(1) loss: 3.5095e-05, 
                    Non-trivial solution loss: 3.0569e-05,
                    Physics loss: 8.8273e-03,
                    Initial value of rho: -0.09849 + -1.25658i,
                    Current value of rho: -0.37006 + -1.11675i,
                    Target rho: -0.17792 + -0.74734
------------------------------
Epoch: 18000 / 18000. Total scaled loss: 3.6981e-02, 
                    ODE(0) loss: 2.5616e-04, 
                    ODE(1) loss: 4.7074e-05, 
                    Non-trivial solution loss: 1.0002e-05,
                    Physics loss: 6.7712e-03,
                    Initial value of rho: -0.09849 + -1.25658i,
                    Current value of rho: -0.37722 + -1.11366i,
                    Target rho: -0.17792 + -0.74734
------------------------------
Adam training complete. Switching to L-BFGS:
L-BFGS Epoch: 100 / 1000. Total scaled loss: 1.0494e-05, 
                    ODE(0) loss: 1.4679e-11, 
                    ODE(1) loss: 4.6498e-10, 
                    Non-trivial solution loss: 2.3404e-11,
                    Physics loss: 1.0489e-05,
                    Initial value of rho: -0.09849 + -1.25658i,
                    Current value of rho: -0.58406 + -0.92751i,
                    Target rho: -0.17792 + -0.74734
------------------------------
L-BFGS Epoch: 200 / 1000. Total scaled loss: 4.4789e-06, 
                    ODE(0) loss: 1.5787e-12, 
                    ODE(1) loss: 1.0118e-11, 
                    Non-trivial solution loss: 1.6391e-11,
                    Physics loss: 4.4787e-06,
                    Initial value of rho: -0.09849 + -1.25658i,
                    Current value of rho: -0.59872 + -0.87428i,
                    Target rho: -0.17792 + -0.74734
------------------------------
L-BFGS Epoch: 300 / 1000. Total scaled loss: 4.3550e-06, 
                    ODE(0) loss: 4.8131e-12, 
                    ODE(1) loss: 9.0949e-12, 
                    Non-trivial solution loss: 4.2721e-13,
                    Physics loss: 4.3549e-06,
                    Initial value of rho: -0.09849 + -1.25658i,
                    Current value of rho: -0.59959 + -0.87046i,
                    Target rho: -0.17792 + -0.74734
------------------------------
L-BFGS Epoch: 400 / 1000. Total scaled loss: 4.3120e-06, 
                    ODE(0) loss: 3.9257e-12, 
                    ODE(1) loss: 3.7119e-11, 
                    Non-trivial solution loss: 1.3680e-12,
                    Physics loss: 4.3116e-06,
                    Initial value of rho: -0.09849 + -1.25658i,
                    Current value of rho: -0.59959 + -0.87046i,
                    Target rho: -0.17792 + -0.74734
------------------------------
L-BFGS Epoch: 500 / 1000. Total scaled loss: 4.4511e-06, 
                    ODE(0) loss: 7.3461e-12, 
                    ODE(1) loss: 2.6375e-11, 
                    Non-trivial solution loss: 1.6565e-12,
                    Physics loss: 4.4508e-06,
                    Initial value of rho: -0.09849 + -1.25658i,
                    Current value of rho: -0.59959 + -0.87046i,
                    Target rho: -0.17792 + -0.74734
------------------------------
L-BFGS Epoch: 600 / 1000. Total scaled loss: 4.3873e-06, 
                    ODE(0) loss: 7.7572e-12, 
                    ODE(1) loss: 2.6375e-11, 
                    Non-trivial solution loss: 1.6309e-12,
                    Physics loss: 4.3870e-06,
                    Initial value of rho: -0.09849 + -1.25658i,
                    Current value of rho: -0.59959 + -0.87046i,
                    Target rho: -0.17792 + -0.74734
------------------------------
L-BFGS Epoch: 700 / 1000. Total scaled loss: 4.3453e-06, 
                    ODE(0) loss: 7.7572e-12, 
                    ODE(1) loss: 3.2117e-11, 
                    Non-trivial solution loss: 1.6309e-12,
                    Physics loss: 4.3449e-06,
                    Initial value of rho: -0.09849 + -1.25658i,
                    Current value of rho: -0.59959 + -0.87046i,
                    Target rho: -0.17792 + -0.74734
------------------------------
L-BFGS Epoch: 800 / 1000. Total scaled loss: 4.4323e-06, 
                    ODE(0) loss: 7.7572e-12, 
                    ODE(1) loss: 3.2117e-11, 
                    Non-trivial solution loss: 1.6309e-12,
                    Physics loss: 4.4319e-06,
                    Initial value of rho: -0.09849 + -1.25658i,
                    Current value of rho: -0.59959 + -0.87046i,
                    Target rho: -0.17792 + -0.74734
------------------------------
L-BFGS Epoch: 900 / 1000. Total scaled loss: 4.4217e-06, 
                    ODE(0) loss: 1.1709e-11, 
                    ODE(1) loss: 3.3310e-11, 
                    Non-trivial solution loss: 8.8307e-13,
                    Physics loss: 4.4213e-06,
                    Initial value of rho: -0.09849 + -1.25658i,
                    Current value of rho: -0.59959 + -0.87047i,
                    Target rho: -0.17792 + -0.74734
------------------------------
L-BFGS Epoch: 1000 / 1000. Total scaled loss: 4.4605e-06, 
                    ODE(0) loss: 1.1107e-11, 
                    ODE(1) loss: 4.5929e-11, 
                    Non-trivial solution loss: 9.5413e-13,
                    Physics loss: 4.4599e-06,
                    Initial value of rho: -0.09849 + -1.25658i,
                    Current value of rho: -0.59959 + -0.87047i,
                    Target rho: -0.17792 + -0.74734
------------------------------
Training complete for l = 2. Total scaled loss: 4.4605e-06, 
                    ODE(0) loss: 1.1107e-11, 
                    ODE(1) loss: 4.5929e-11, 
                    Non-trivial solution loss: 9.5413e-13,
                    Physics loss: 4.4599e-06,
                    Current value of rho: -0.59959 + -0.87047i
                    Target rho: -0.17792 + -0.74734
