Using device: cuda
------------------------------
Starting training for l = 2 with delta = 0.6
Initial rho: -0.06157 + -0.14900i
Target rho: -0.17792 + -0.74734i
Initial distance from target: 0.60955
------------------------------
Epoch: 1 / 18000. Total scaled loss: 2.1441e+02, 
                    ODE(0) loss: 9.7915e-02, 
                    ODE(1) loss: 1.1985e+00, 
                    Non-trivial solution loss: 8.4767e-01,
                    Physics loss: 5.4011e-01,
                    Initial value of rho: -0.06157 + -0.14900i,
                    Current value of rho: -0.06157 + -0.14900i,
                    Target rho: -0.17792 + -0.74734
------------------------------
Epoch: 500 / 18000. Total scaled loss: 2.2628e-01, 
                    ODE(0) loss: 2.3473e-07, 
                    ODE(1) loss: 2.2079e-06, 
                    Non-trivial solution loss: 5.5997e-06,
                    Physics loss: 2.2548e+01,
                    Initial value of rho: -0.06157 + -0.14900i,
                    Current value of rho: -0.06157 + -0.14900i,
                    Target rho: -0.17792 + -0.74734
------------------------------
Epoch: 1000 / 18000. Total scaled loss: 2.2393e-01, 
                    ODE(0) loss: 2.4481e-07, 
                    ODE(1) loss: 3.9191e-07, 
                    Non-trivial solution loss: 8.7332e-06,
                    Physics loss: 2.2300e+01,
                    Initial value of rho: -0.06157 + -0.14900i,
                    Current value of rho: -0.06157 + -0.14900i,
                    Target rho: -0.17792 + -0.74734
------------------------------
Epoch: 1500 / 18000. Total scaled loss: 2.2995e-01, 
                    ODE(0) loss: 2.0803e-06, 
                    ODE(1) loss: 1.2134e-04, 
                    Non-trivial solution loss: 1.0691e-05,
                    Physics loss: 2.1654e+01,
                    Initial value of rho: -0.06157 + -0.14900i,
                    Current value of rho: -0.06157 + -0.14900i,
                    Target rho: -0.17792 + -0.74734
------------------------------
Epoch: 2000 / 18000. Total scaled loss: 2.1483e-01, 
                    ODE(0) loss: 1.1543e-05, 
                    ODE(1) loss: 3.6431e-05, 
                    Non-trivial solution loss: 8.3001e-06,
                    Physics loss: 2.0920e+01,
                    Initial value of rho: -0.06157 + -0.14900i,
                    Current value of rho: -0.06157 + -0.14900i,
                    Target rho: -0.17792 + -0.74734
------------------------------
Epoch: 2500 / 18000. Total scaled loss: 2.1571e-01, 
                    ODE(0) loss: 1.1300e-05, 
                    ODE(1) loss: 9.0338e-05, 
                    Non-trivial solution loss: 4.2564e-08,
                    Physics loss: 2.0554e+01,
                    Initial value of rho: -0.06157 + -0.14900i,
                    Current value of rho: -0.06157 + -0.14900i,
                    Target rho: -0.17792 + -0.74734
------------------------------
Epoch: 3000 / 18000. Total scaled loss: 5.4545e-01, 
                    ODE(0) loss: 2.0104e-06, 
                    ODE(1) loss: 3.3509e-03, 
                    Non-trivial solution loss: 1.4319e-04,
                    Physics loss: 1.9585e+01,
                    Initial value of rho: -0.06157 + -0.14900i,
                    Current value of rho: -0.06157 + -0.14900i,
                    Target rho: -0.17792 + -0.74734
------------------------------
Epoch: 3500 / 18000. Total scaled loss: 1.9550e-01, 
                    ODE(0) loss: 7.3235e-07, 
                    ODE(1) loss: 1.2825e-06, 
                    Non-trivial solution loss: 2.8430e-06,
                    Physics loss: 1.9501e+01,
                    Initial value of rho: -0.06157 + -0.14900i,
                    Current value of rho: -0.06157 + -0.14900i,
                    Target rho: -0.17792 + -0.74734
------------------------------
Epoch: 4000 / 18000. Total scaled loss: 2.0737e+00, 
                    ODE(0) loss: 4.8859e-04, 
                    ODE(1) loss: 1.2058e-04, 
                    Non-trivial solution loss: 7.2259e-04,
                    Physics loss: 1.2992e+01,
                    Initial value of rho: -0.06157 + -0.14900i,
                    Current value of rho: -0.06157 + -0.14900i,
                    Target rho: -0.17792 + -0.74734
------------------------------
Epoch: 4500 / 18000. Total scaled loss: 1.5809e+00, 
                    ODE(0) loss: 3.9386e-07, 
                    ODE(1) loss: 4.7884e-08, 
                    Non-trivial solution loss: 4.1608e-04,
                    Physics loss: 7.2697e+00,
                    Initial value of rho: -0.06157 + -0.14900i,
                    Current value of rho: -0.06157 + -0.14900i,
                    Target rho: -0.17792 + -0.74734
------------------------------
Epoch: 5000 / 18000. Total scaled loss: 1.6142e+00, 
                    ODE(0) loss: 1.1661e-06, 
                    ODE(1) loss: 6.4264e-07, 
                    Non-trivial solution loss: 4.6554e-04,
                    Physics loss: 5.7321e+00,
                    Initial value of rho: -0.06157 + -0.14900i,
                    Current value of rho: -0.06157 + -0.14900i,
                    Target rho: -0.17792 + -0.74734
------------------------------
Epoch: 5500 / 18000. Total scaled loss: 1.7263e+00, 
                    ODE(0) loss: 6.0263e-06, 
                    ODE(1) loss: 1.5263e-08, 
                    Non-trivial solution loss: 6.3157e-04,
                    Physics loss: 4.9728e+00,
                    Initial value of rho: -0.06157 + -0.14900i,
                    Current value of rho: -0.06157 + -0.14900i,
                    Target rho: -0.17792 + -0.74734
------------------------------
Epoch: 6000 / 18000. Total scaled loss: 1.9498e+00, 
                    ODE(0) loss: 1.7890e-04, 
                    ODE(1) loss: 1.1222e-05, 
                    Non-trivial solution loss: 8.3583e-04,
                    Physics loss: 4.6965e+00,
                    Initial value of rho: -0.06157 + -0.14900i,
                    Current value of rho: -0.06157 + -0.14900i,
                    Target rho: -0.17792 + -0.74734
------------------------------
Epoch: 6500 / 18000. Total scaled loss: 4.6166e+00, 
                    ODE(0) loss: 3.9665e-02, 
                    ODE(1) loss: 1.3393e-03, 
                    Non-trivial solution loss: 5.5769e-04,
                    Physics loss: 4.2530e+00,
                    Initial value of rho: -0.06157 + -0.14900i,
                    Current value of rho: -0.06157 + -0.14900i,
                    Target rho: -0.17792 + -0.74734
------------------------------
Epoch: 7000 / 18000. Total scaled loss: 2.2092e+00, 
                    ODE(0) loss: 2.8345e-05, 
                    ODE(1) loss: 2.9466e-07, 
                    Non-trivial solution loss: 1.6973e-03,
                    Physics loss: 4.0200e+00,
                    Initial value of rho: -0.06157 + -0.14900i,
                    Current value of rho: -0.06157 + -0.14900i,
                    Target rho: -0.17792 + -0.74734
------------------------------
Epoch: 7500 / 18000. Total scaled loss: 2.3308e+00, 
                    ODE(0) loss: 3.6517e-04, 
                    ODE(1) loss: 5.9800e-06, 
                    Non-trivial solution loss: 2.4562e-03,
                    Physics loss: 3.7214e+00,
                    Initial value of rho: -0.06157 + -0.14900i,
                    Current value of rho: -0.06157 + -0.14900i,
                    Target rho: -0.17792 + -0.74734
------------------------------
Epoch: 8000 / 18000. Total scaled loss: 2.4776e+00, 
                    ODE(0) loss: 1.9770e-05, 
                    ODE(1) loss: 1.8396e-06, 
                    Non-trivial solution loss: 3.5011e-03,
                    Physics loss: 3.5684e+00,
                    Initial value of rho: -0.06157 + -0.14900i,
                    Current value of rho: -0.06157 + -0.14900i,
                    Target rho: -0.17792 + -0.74734
------------------------------
Epoch: 8500 / 18000. Total scaled loss: 2.6336e+00, 
                    ODE(0) loss: 5.4466e-05, 
                    ODE(1) loss: 1.7825e-06, 
                    Non-trivial solution loss: 4.7508e-03,
                    Physics loss: 3.4354e+00,
                    Initial value of rho: -0.06157 + -0.14900i,
                    Current value of rho: -0.06157 + -0.14900i,
                    Target rho: -0.17792 + -0.74734
------------------------------
Epoch: 9000 / 18000. Total scaled loss: 2.7934e+00, 
                    ODE(0) loss: 1.9321e-04, 
                    ODE(1) loss: 5.0258e-06, 
                    Non-trivial solution loss: 7.7369e-03,
                    Physics loss: 3.2721e+00,
                    Initial value of rho: -0.06157 + -0.14900i,
                    Current value of rho: -0.06157 + -0.14900i,
                    Target rho: -0.17792 + -0.74734
------------------------------
Unfreezing rho...
Epoch: 9500 / 18000. Total scaled loss: 2.4865e+00, 
                    ODE(0) loss: 1.0395e-03, 
                    ODE(1) loss: 4.9181e-05, 
                    Non-trivial solution loss: 9.5747e-03,
                    Physics loss: 2.6350e+00,
                    Initial value of rho: -0.06157 + -0.14900i,
                    Current value of rho: -0.10926 + -0.16760i,
                    Target rho: -0.17792 + -0.74734
------------------------------
Epoch: 10000 / 18000. Total scaled loss: 2.1540e+00, 
                    ODE(0) loss: 1.5536e-04, 
                    ODE(1) loss: 1.4893e-05, 
                    Non-trivial solution loss: 1.2379e-02,
                    Physics loss: 2.1146e+00,
                    Initial value of rho: -0.06157 + -0.14900i,
                    Current value of rho: -0.15621 + -0.18960i,
                    Target rho: -0.17792 + -0.74734
------------------------------
Epoch: 10500 / 18000. Total scaled loss: 1.7229e+00, 
                    ODE(0) loss: 4.3803e-04, 
                    ODE(1) loss: 1.4867e-05, 
                    Non-trivial solution loss: 1.7573e-02,
                    Physics loss: 1.5325e+00,
                    Initial value of rho: -0.06157 + -0.14900i,
                    Current value of rho: -0.20310 + -0.21692i,
                    Target rho: -0.17792 + -0.74734
------------------------------
Epoch: 11000 / 18000. Total scaled loss: 1.2420e+00, 
                    ODE(0) loss: 5.3322e-05, 
                    ODE(1) loss: 3.4251e-06, 
                    Non-trivial solution loss: 1.7811e-02,
                    Physics loss: 1.0633e+00,
                    Initial value of rho: -0.06157 + -0.14900i,
                    Current value of rho: -0.24967 + -0.24754i,
                    Target rho: -0.17792 + -0.74734
------------------------------
Epoch: 11500 / 18000. Total scaled loss: 9.9078e-01, 
                    ODE(0) loss: 3.4028e-04, 
                    ODE(1) loss: 1.6157e-05, 
                    Non-trivial solution loss: 9.8059e-03,
                    Physics loss: 8.8915e-01,
                    Initial value of rho: -0.06157 + -0.14900i,
                    Current value of rho: -0.28676 + -0.27246i,
                    Target rho: -0.17792 + -0.74734
------------------------------
Epoch: 12000 / 18000. Total scaled loss: 7.5044e-01, 
                    ODE(0) loss: 2.1623e-03, 
                    ODE(1) loss: 1.9096e-05, 
                    Non-trivial solution loss: 6.1577e-03,
                    Physics loss: 6.6705e-01,
                    Initial value of rho: -0.06157 + -0.14900i,
                    Current value of rho: -0.31352 + -0.29292i,
                    Target rho: -0.17792 + -0.74734
------------------------------
Epoch: 12500 / 18000. Total scaled loss: 5.9567e-01, 
                    ODE(0) loss: 1.9785e-03, 
                    ODE(1) loss: 3.3605e-05, 
                    Non-trivial solution loss: 4.0098e-03,
                    Physics loss: 5.3546e-01,
                    Initial value of rho: -0.06157 + -0.14900i,
                    Current value of rho: -0.33353 + -0.31058i,
                    Target rho: -0.17792 + -0.74734
------------------------------
Epoch: 13000 / 18000. Total scaled loss: 4.6965e-01, 
                    ODE(0) loss: 6.9488e-04, 
                    ODE(1) loss: 1.3304e-05, 
                    Non-trivial solution loss: 1.5510e-03,
                    Physics loss: 4.4706e-01,
                    Initial value of rho: -0.06157 + -0.14900i,
                    Current value of rho: -0.34964 + -0.32656i,
                    Target rho: -0.17792 + -0.74734
------------------------------
Epoch: 13500 / 18000. Total scaled loss: 3.4679e-01, 
                    ODE(0) loss: 2.1562e-04, 
                    ODE(1) loss: 5.5008e-06, 
                    Non-trivial solution loss: 1.4055e-03,
                    Physics loss: 3.3052e-01,
                    Initial value of rho: -0.06157 + -0.14900i,
                    Current value of rho: -0.36309 + -0.34164i,
                    Target rho: -0.17792 + -0.74734
------------------------------
Epoch: 14000 / 18000. Total scaled loss: 4.1476e-01, 
                    ODE(0) loss: 9.4833e-03, 
                    ODE(1) loss: 1.1587e-04, 
                    Non-trivial solution loss: 1.1000e-03,
                    Physics loss: 3.0777e-01,
                    Initial value of rho: -0.06157 + -0.14900i,
                    Current value of rho: -0.37464 + -0.35671i,
                    Target rho: -0.17792 + -0.74734
------------------------------
Epoch: 14500 / 18000. Total scaled loss: 3.5021e-01, 
                    ODE(0) loss: 3.8846e-03, 
                    ODE(1) loss: 8.8697e-05, 
                    Non-trivial solution loss: 9.2095e-04,
                    Physics loss: 2.7141e-01,
                    Initial value of rho: -0.06157 + -0.14900i,
                    Current value of rho: -0.38505 + -0.37137i,
                    Target rho: -0.17792 + -0.74734
------------------------------
Epoch: 15000 / 18000. Total scaled loss: 4.1999e-01, 
                    ODE(0) loss: 5.7698e-03, 
                    ODE(1) loss: 7.9055e-05, 
                    Non-trivial solution loss: 1.3722e-03,
                    Physics loss: 2.0881e-01,
                    Initial value of rho: -0.06157 + -0.14900i,
                    Current value of rho: -0.39711 + -0.38936i,
                    Target rho: -0.17792 + -0.74734
------------------------------
Epoch: 15500 / 18000. Total scaled loss: 4.1832e-01, 
                    ODE(0) loss: 3.2904e-03, 
                    ODE(1) loss: 7.9892e-05, 
                    Non-trivial solution loss: 1.7519e-03,
                    Physics loss: 1.6528e-01,
                    Initial value of rho: -0.06157 + -0.14900i,
                    Current value of rho: -0.41123 + -0.40741i,
                    Target rho: -0.17792 + -0.74734
------------------------------
Epoch: 16000 / 18000. Total scaled loss: 3.5580e-01, 
                    ODE(0) loss: 1.9534e-04, 
                    ODE(1) loss: 5.1239e-06, 
                    Non-trivial solution loss: 1.5218e-03,
                    Physics loss: 1.2194e-01,
                    Initial value of rho: -0.06157 + -0.14900i,
                    Current value of rho: -0.42637 + -0.42208i,
                    Target rho: -0.17792 + -0.74734
------------------------------
Epoch: 16500 / 18000. Total scaled loss: 3.5871e-01, 
                    ODE(0) loss: 2.0260e-03, 
                    ODE(1) loss: 1.0912e-04, 
                    Non-trivial solution loss: 1.2347e-03,
                    Physics loss: 9.7536e-02,
                    Initial value of rho: -0.06157 + -0.14900i,
                    Current value of rho: -0.44230 + -0.43340i,
                    Target rho: -0.17792 + -0.74734
------------------------------
Epoch: 17000 / 18000. Total scaled loss: 2.8630e-01, 
                    ODE(0) loss: 1.4420e-04, 
                    ODE(1) loss: 2.0842e-05, 
                    Non-trivial solution loss: 1.1188e-03,
                    Physics loss: 7.0339e-02,
                    Initial value of rho: -0.06157 + -0.14900i,
                    Current value of rho: -0.45844 + -0.44201i,
                    Target rho: -0.17792 + -0.74734
------------------------------
Epoch: 17500 / 18000. Total scaled loss: 5.9540e-01, 
                    ODE(0) loss: 2.9879e-02, 
                    ODE(1) loss: 3.1360e-03, 
                    Non-trivial solution loss: 1.2225e-03,
                    Physics loss: 5.6945e-02,
                    Initial value of rho: -0.06157 + -0.14900i,
                    Current value of rho: -0.47461 + -0.44863i,
                    Target rho: -0.17792 + -0.74734
------------------------------
Epoch: 18000 / 18000. Total scaled loss: 2.6238e-01, 
                    ODE(0) loss: 1.0189e-03, 
                    ODE(1) loss: 1.9053e-04, 
                    Non-trivial solution loss: 7.2631e-04,
                    Physics loss: 4.8614e-02,
                    Initial value of rho: -0.06157 + -0.14900i,
                    Current value of rho: -0.49047 + -0.45379i,
                    Target rho: -0.17792 + -0.74734
------------------------------
Adam training complete. Switching to L-BFGS:
L-BFGS Epoch: 100 / 1000. Total scaled loss: 1.4436e-04, 
                    ODE(0) loss: 9.3092e-09, 
                    ODE(1) loss: 2.1032e-08, 
                    Non-trivial solution loss: 2.1547e-10,
                    Physics loss: 1.4406e-04,
                    Initial value of rho: -0.06157 + -0.14900i,
                    Current value of rho: -1.47233 + 0.03682i,
                    Target rho: -0.17792 + -0.74734
------------------------------
L-BFGS Epoch: 200 / 1000. Total scaled loss: 1.1735e-04, 
                    ODE(0) loss: 7.5728e-09, 
                    ODE(1) loss: 2.7386e-08, 
                    Non-trivial solution loss: 1.1341e-10,
                    Physics loss: 1.1700e-04,
                    Initial value of rho: -0.06157 + -0.14900i,
                    Current value of rho: -1.39804 + 0.02138i,
                    Target rho: -0.17792 + -0.74734
------------------------------
L-BFGS Epoch: 300 / 1000. Total scaled loss: 1.0626e-04, 
                    ODE(0) loss: 9.4376e-09, 
                    ODE(1) loss: 2.6177e-08, 
                    Non-trivial solution loss: 1.6707e-10,
                    Physics loss: 1.0590e-04,
                    Initial value of rho: -0.06157 + -0.14900i,
                    Current value of rho: -1.39104 + 0.01240i,
                    Target rho: -0.17792 + -0.74734
------------------------------
L-BFGS Epoch: 400 / 1000. Total scaled loss: 8.9783e-05, 
                    ODE(0) loss: 6.5921e-09, 
                    ODE(1) loss: 1.9070e-08, 
                    Non-trivial solution loss: 3.2047e-11,
                    Physics loss: 8.9526e-05,
                    Initial value of rho: -0.06157 + -0.14900i,
                    Current value of rho: -1.44576 + 0.03762i,
                    Target rho: -0.17792 + -0.74734
------------------------------
L-BFGS Epoch: 500 / 1000. Total scaled loss: 8.9639e-05, 
                    ODE(0) loss: 7.4114e-09, 
                    ODE(1) loss: 1.4879e-08, 
                    Non-trivial solution loss: 1.8013e-11,
                    Physics loss: 8.9416e-05,
                    Initial value of rho: -0.06157 + -0.14900i,
                    Current value of rho: -1.44333 + 0.03732i,
                    Target rho: -0.17792 + -0.74734
------------------------------
L-BFGS Epoch: 600 / 1000. Total scaled loss: 1.3979e-05, 
                    ODE(0) loss: 2.7057e-10, 
                    ODE(1) loss: 4.1776e-09, 
                    Non-trivial solution loss: 1.7081e-11,
                    Physics loss: 1.3934e-05,
                    Initial value of rho: -0.06157 + -0.14900i,
                    Current value of rho: -1.49952 + -0.00455i,
                    Target rho: -0.17792 + -0.74734
------------------------------
L-BFGS Epoch: 700 / 1000. Total scaled loss: 1.0085e-05, 
                    ODE(0) loss: 2.7440e-10, 
                    ODE(1) loss: 2.0170e-09, 
                    Non-trivial solution loss: 2.0482e-11,
                    Physics loss: 1.0062e-05,
                    Initial value of rho: -0.06157 + -0.14900i,
                    Current value of rho: -1.53542 + -0.01186i,
                    Target rho: -0.17792 + -0.74734
------------------------------
L-BFGS Epoch: 800 / 1000. Total scaled loss: 8.3921e-06, 
                    ODE(0) loss: 7.5132e-11, 
                    ODE(1) loss: 8.3838e-10, 
                    Non-trivial solution loss: 1.6826e-10,
                    Physics loss: 8.3813e-06,
                    Initial value of rho: -0.06157 + -0.14900i,
                    Current value of rho: -1.56621 + -0.01267i,
                    Target rho: -0.17792 + -0.74734
------------------------------
L-BFGS Epoch: 900 / 1000. Total scaled loss: 8.4826e-06, 
                    ODE(0) loss: 7.5380e-11, 
                    ODE(1) loss: 7.7298e-10, 
                    Non-trivial solution loss: 1.7480e-10,
                    Physics loss: 8.4723e-06,
                    Initial value of rho: -0.06157 + -0.14900i,
                    Current value of rho: -1.56621 + -0.01267i,
                    Target rho: -0.17792 + -0.74734
------------------------------
L-BFGS Epoch: 1000 / 1000. Total scaled loss: 8.4316e-06, 
                    ODE(0) loss: 1.5559e-10, 
                    ODE(1) loss: 6.5922e-10, 
                    Non-trivial solution loss: 1.7457e-10,
                    Physics loss: 8.4217e-06,
                    Initial value of rho: -0.06157 + -0.14900i,
                    Current value of rho: -1.56621 + -0.01267i,
                    Target rho: -0.17792 + -0.74734
------------------------------
Training complete for l = 2. Total scaled loss: 8.4316e-06, 
                    ODE(0) loss: 1.5559e-10, 
                    ODE(1) loss: 6.5922e-10, 
                    Non-trivial solution loss: 1.7457e-10,
                    Physics loss: 8.4217e-06,
                    Current value of rho: -1.56621 + -0.01267i
                    Target rho: -0.17792 + -0.74734
