Using device: cuda
------------------------------
Starting training for l = 2 with delta = 0.7
Initial rho: -0.10195 + -0.89921i
Target rho: -0.17792 + -0.74734i
Initial distance from target: 0.16981
------------------------------
Epoch: 1 / 18000. Total scaled loss: 1.0325e+02, 
                    ODE(0) loss: 1.8776e-02, 
                    ODE(1) loss: 2.9509e-03, 
                    Non-trivial solution loss: 1.0108e+00,
                    Physics loss: 6.3299e-03,
                    Initial value of rho: -0.10195 + -0.89921i,
                    Current value of rho: -0.10195 + -0.89921i,
                    Target rho: -0.17792 + -0.74734
------------------------------
Epoch: 500 / 18000. Total scaled loss: 4.8879e-02, 
                    ODE(0) loss: 1.8087e-04, 
                    ODE(1) loss: 6.1769e-05, 
                    Non-trivial solution loss: 2.2319e-06,
                    Physics loss: 2.4392e+00,
                    Initial value of rho: -0.10195 + -0.89921i,
                    Current value of rho: -0.10195 + -0.89921i,
                    Target rho: -0.17792 + -0.74734
------------------------------
Epoch: 1000 / 18000. Total scaled loss: 2.4620e-02, 
                    ODE(0) loss: 1.4749e-08, 
                    ODE(1) loss: 3.3092e-09, 
                    Non-trivial solution loss: 6.4748e-08,
                    Physics loss: 2.4612e+00,
                    Initial value of rho: -0.10195 + -0.89921i,
                    Current value of rho: -0.10195 + -0.89921i,
                    Target rho: -0.17792 + -0.74734
------------------------------
Epoch: 1500 / 18000. Total scaled loss: 5.5360e-02, 
                    ODE(0) loss: 2.2915e-04, 
                    ODE(1) loss: 7.8200e-05, 
                    Non-trivial solution loss: 4.1894e-06,
                    Physics loss: 2.4207e+00,
                    Initial value of rho: -0.10195 + -0.89921i,
                    Current value of rho: -0.10195 + -0.89921i,
                    Target rho: -0.17792 + -0.74734
------------------------------
Epoch: 2000 / 18000. Total scaled loss: 2.3943e-02, 
                    ODE(0) loss: 3.2130e-07, 
                    ODE(1) loss: 1.2032e-07, 
                    Non-trivial solution loss: 2.8496e-08,
                    Physics loss: 2.3896e+00,
                    Initial value of rho: -0.10195 + -0.89921i,
                    Current value of rho: -0.10195 + -0.89921i,
                    Target rho: -0.17792 + -0.74734
------------------------------
Epoch: 2500 / 18000. Total scaled loss: 1.1809e+00, 
                    ODE(0) loss: 8.4741e-03, 
                    ODE(1) loss: 2.9076e-03, 
                    Non-trivial solution loss: 1.9384e-04,
                    Physics loss: 2.3308e+00,
                    Initial value of rho: -0.10195 + -0.89921i,
                    Current value of rho: -0.10195 + -0.89921i,
                    Target rho: -0.17792 + -0.74734
------------------------------
Epoch: 3000 / 18000. Total scaled loss: 2.5595e-02, 
                    ODE(0) loss: 1.3567e-05, 
                    ODE(1) loss: 6.2372e-06, 
                    Non-trivial solution loss: 2.2362e-07,
                    Physics loss: 2.3592e+00,
                    Initial value of rho: -0.10195 + -0.89921i,
                    Current value of rho: -0.10195 + -0.89921i,
                    Target rho: -0.17792 + -0.74734
------------------------------
Epoch: 3500 / 18000. Total scaled loss: 2.3674e-02, 
                    ODE(0) loss: 2.8446e-09, 
                    ODE(1) loss: 1.6370e-09, 
                    Non-trivial solution loss: 4.8327e-08,
                    Physics loss: 2.3669e+00,
                    Initial value of rho: -0.10195 + -0.89921i,
                    Current value of rho: -0.10195 + -0.89921i,
                    Target rho: -0.17792 + -0.74734
------------------------------
Epoch: 4000 / 18000. Total scaled loss: 3.8775e-01, 
                    ODE(0) loss: 3.6934e-04, 
                    ODE(1) loss: 1.1889e-04, 
                    Non-trivial solution loss: 5.0301e-05,
                    Physics loss: 2.2458e+00,
                    Initial value of rho: -0.10195 + -0.89921i,
                    Current value of rho: -0.10195 + -0.89921i,
                    Target rho: -0.17792 + -0.74734
------------------------------
Epoch: 4500 / 18000. Total scaled loss: 4.5600e-01, 
                    ODE(0) loss: 1.7490e-07, 
                    ODE(1) loss: 4.7940e-07, 
                    Non-trivial solution loss: 2.7221e-05,
                    Physics loss: 2.1355e+00,
                    Initial value of rho: -0.10195 + -0.89921i,
                    Current value of rho: -0.10195 + -0.89921i,
                    Target rho: -0.17792 + -0.74734
------------------------------
Epoch: 5000 / 18000. Total scaled loss: 5.6492e-01, 
                    ODE(0) loss: 3.9860e-08, 
                    ODE(1) loss: 1.3685e-06, 
                    Non-trivial solution loss: 4.8002e-05,
                    Physics loss: 2.0404e+00,
                    Initial value of rho: -0.10195 + -0.89921i,
                    Current value of rho: -0.10195 + -0.89921i,
                    Target rho: -0.17792 + -0.74734
------------------------------
Epoch: 5500 / 18000. Total scaled loss: 6.6728e-01, 
                    ODE(0) loss: 2.2287e-06, 
                    ODE(1) loss: 7.8571e-06, 
                    Non-trivial solution loss: 7.6927e-05,
                    Physics loss: 1.9582e+00,
                    Initial value of rho: -0.10195 + -0.89921i,
                    Current value of rho: -0.10195 + -0.89921i,
                    Target rho: -0.17792 + -0.74734
------------------------------
Epoch: 6000 / 18000. Total scaled loss: 7.7574e-01, 
                    ODE(0) loss: 1.0090e-04, 
                    ODE(1) loss: 1.9036e-05, 
                    Non-trivial solution loss: 1.4528e-04,
                    Physics loss: 1.8935e+00,
                    Initial value of rho: -0.10195 + -0.89921i,
                    Current value of rho: -0.10195 + -0.89921i,
                    Target rho: -0.17792 + -0.74734
------------------------------
Epoch: 6500 / 18000. Total scaled loss: 8.5189e-01, 
                    ODE(0) loss: 5.1270e-06, 
                    ODE(1) loss: 3.2135e-06, 
                    Non-trivial solution loss: 1.7488e-04,
                    Physics loss: 1.8172e+00,
                    Initial value of rho: -0.10195 + -0.89921i,
                    Current value of rho: -0.10195 + -0.89921i,
                    Target rho: -0.17792 + -0.74734
------------------------------
Epoch: 7000 / 18000. Total scaled loss: 9.7291e-01, 
                    ODE(0) loss: 8.6528e-04, 
                    ODE(1) loss: 1.2235e-04, 
                    Non-trivial solution loss: 2.2067e-04,
                    Physics loss: 1.7212e+00,
                    Initial value of rho: -0.10195 + -0.89921i,
                    Current value of rho: -0.10195 + -0.89921i,
                    Target rho: -0.17792 + -0.74734
------------------------------
Epoch: 7500 / 18000. Total scaled loss: 9.2436e-01, 
                    ODE(0) loss: 4.9245e-05, 
                    ODE(1) loss: 5.9168e-06, 
                    Non-trivial solution loss: 3.3174e-04,
                    Physics loss: 1.5400e+00,
                    Initial value of rho: -0.10195 + -0.89921i,
                    Current value of rho: -0.10195 + -0.89921i,
                    Target rho: -0.17792 + -0.74734
------------------------------
Epoch: 8000 / 18000. Total scaled loss: 8.0637e-01, 
                    ODE(0) loss: 2.9354e-05, 
                    ODE(1) loss: 6.3450e-06, 
                    Non-trivial solution loss: 3.4797e-04,
                    Physics loss: 1.2142e+00,
                    Initial value of rho: -0.10195 + -0.89921i,
                    Current value of rho: -0.10195 + -0.89921i,
                    Target rho: -0.17792 + -0.74734
------------------------------
Epoch: 8500 / 18000. Total scaled loss: 6.9871e-01, 
                    ODE(0) loss: 1.0147e-06, 
                    ODE(1) loss: 8.0739e-07, 
                    Non-trivial solution loss: 3.5165e-04,
                    Physics loss: 9.6159e-01,
                    Initial value of rho: -0.10195 + -0.89921i,
                    Current value of rho: -0.10195 + -0.89921i,
                    Target rho: -0.17792 + -0.74734
------------------------------
Epoch: 9000 / 18000. Total scaled loss: 6.8551e-01, 
                    ODE(0) loss: 4.8169e-05, 
                    ODE(1) loss: 3.5907e-06, 
                    Non-trivial solution loss: 4.9868e-04,
                    Physics loss: 8.6158e-01,
                    Initial value of rho: -0.10195 + -0.89921i,
                    Current value of rho: -0.10195 + -0.89921i,
                    Target rho: -0.17792 + -0.74734
------------------------------
Unfreezing rho...
Epoch: 9500 / 18000. Total scaled loss: 2.7027e-01, 
                    ODE(0) loss: 4.0593e-06, 
                    ODE(1) loss: 2.4021e-06, 
                    Non-trivial solution loss: 1.2530e-04,
                    Physics loss: 3.1863e-01,
                    Initial value of rho: -0.10195 + -0.89921i,
                    Current value of rho: -0.14189 + -0.86426i,
                    Target rho: -0.17792 + -0.74734
------------------------------
Epoch: 10000 / 18000. Total scaled loss: 1.2604e-01, 
                    ODE(0) loss: 2.2556e-06, 
                    ODE(1) loss: 6.1054e-06, 
                    Non-trivial solution loss: 4.0211e-05,
                    Physics loss: 1.3898e-01,
                    Initial value of rho: -0.10195 + -0.89921i,
                    Current value of rho: -0.16541 + -0.83558i,
                    Target rho: -0.17792 + -0.74734
------------------------------
Epoch: 10500 / 18000. Total scaled loss: 7.0334e-02, 
                    ODE(0) loss: 7.5566e-07, 
                    ODE(1) loss: 6.7888e-06, 
                    Non-trivial solution loss: 2.9319e-05,
                    Physics loss: 7.2556e-02,
                    Initial value of rho: -0.10195 + -0.89921i,
                    Current value of rho: -0.17685 + -0.81339i,
                    Target rho: -0.17792 + -0.74734
------------------------------
Epoch: 11000 / 18000. Total scaled loss: 4.2296e-02, 
                    ODE(0) loss: 5.8912e-06, 
                    ODE(1) loss: 3.3681e-05, 
                    Non-trivial solution loss: 2.6266e-05,
                    Physics loss: 4.1638e-02,
                    Initial value of rho: -0.10195 + -0.89921i,
                    Current value of rho: -0.18117 + -0.79480i,
                    Target rho: -0.17792 + -0.74734
------------------------------
Epoch: 11500 / 18000. Total scaled loss: 2.4431e-02, 
                    ODE(0) loss: 4.9028e-06, 
                    ODE(1) loss: 3.4319e-05, 
                    Non-trivial solution loss: 9.3853e-06,
                    Physics loss: 2.3944e-02,
                    Initial value of rho: -0.10195 + -0.89921i,
                    Current value of rho: -0.18125 + -0.78148i,
                    Target rho: -0.17792 + -0.74734
------------------------------
Epoch: 12000 / 18000. Total scaled loss: 1.6230e-02, 
                    ODE(0) loss: 3.9326e-05, 
                    ODE(1) loss: 2.4546e-04, 
                    Non-trivial solution loss: 5.6538e-06,
                    Physics loss: 1.3325e-02,
                    Initial value of rho: -0.10195 + -0.89921i,
                    Current value of rho: -0.18033 + -0.77152i,
                    Target rho: -0.17792 + -0.74734
------------------------------
Epoch: 12500 / 18000. Total scaled loss: 1.6025e-02, 
                    ODE(0) loss: 1.3915e-04, 
                    ODE(1) loss: 6.0770e-04, 
                    Non-trivial solution loss: 1.8650e-07,
                    Physics loss: 8.5542e-03,
                    Initial value of rho: -0.10195 + -0.89921i,
                    Current value of rho: -0.17940 + -0.76552i,
                    Target rho: -0.17792 + -0.74734
------------------------------
Epoch: 13000 / 18000. Total scaled loss: 5.2657e-03, 
                    ODE(0) loss: 4.9187e-08, 
                    ODE(1) loss: 1.0712e-06, 
                    Non-trivial solution loss: 8.2332e-07,
                    Physics loss: 5.2463e-03,
                    Initial value of rho: -0.10195 + -0.89921i,
                    Current value of rho: -0.17863 + -0.76150i,
                    Target rho: -0.17792 + -0.74734
------------------------------
Epoch: 13500 / 18000. Total scaled loss: 3.7640e-03, 
                    ODE(0) loss: 2.2511e-06, 
                    ODE(1) loss: 1.2219e-05, 
                    Non-trivial solution loss: 5.2329e-07,
                    Physics loss: 3.6141e-03,
                    Initial value of rho: -0.10195 + -0.89921i,
                    Current value of rho: -0.17806 + -0.75864i,
                    Target rho: -0.17792 + -0.74734
------------------------------
Epoch: 14000 / 18000. Total scaled loss: 3.4308e-03, 
                    ODE(0) loss: 1.7588e-05, 
                    ODE(1) loss: 7.9277e-05, 
                    Non-trivial solution loss: 2.2717e-06,
                    Physics loss: 2.4394e-03,
                    Initial value of rho: -0.10195 + -0.89921i,
                    Current value of rho: -0.17761 + -0.75651i,
                    Target rho: -0.17792 + -0.74734
------------------------------
Epoch: 14500 / 18000. Total scaled loss: 4.3921e-03, 
                    ODE(0) loss: 2.9257e-05, 
                    ODE(1) loss: 1.9892e-04, 
                    Non-trivial solution loss: 7.7544e-07,
                    Physics loss: 1.8942e-03,
                    Initial value of rho: -0.10195 + -0.89921i,
                    Current value of rho: -0.17731 + -0.75482i,
                    Target rho: -0.17792 + -0.74734
------------------------------
Epoch: 15000 / 18000. Total scaled loss: 2.7045e-03, 
                    ODE(0) loss: 1.4957e-05, 
                    ODE(1) loss: 5.1337e-05, 
                    Non-trivial solution loss: 6.4231e-08,
                    Physics loss: 1.2254e-03,
                    Initial value of rho: -0.10195 + -0.89921i,
                    Current value of rho: -0.17703 + -0.75301i,
                    Target rho: -0.17792 + -0.74734
------------------------------
Epoch: 15500 / 18000. Total scaled loss: 1.1024e-02, 
                    ODE(0) loss: 1.2132e-04, 
                    ODE(1) loss: 7.4448e-04, 
                    Non-trivial solution loss: 2.3216e-06,
                    Physics loss: 1.0547e-03,
                    Initial value of rho: -0.10195 + -0.89921i,
                    Current value of rho: -0.17686 + -0.75115i,
                    Target rho: -0.17792 + -0.74734
------------------------------
Epoch: 16000 / 18000. Total scaled loss: 8.2351e-03, 
                    ODE(0) loss: 1.4064e-04, 
                    ODE(1) loss: 5.7858e-04, 
                    Non-trivial solution loss: 1.3157e-05,
                    Physics loss: 3.2823e-04,
                    Initial value of rho: -0.10195 + -0.89921i,
                    Current value of rho: -0.17687 + -0.74959i,
                    Target rho: -0.17792 + -0.74734
------------------------------
Epoch: 16500 / 18000. Total scaled loss: 3.8567e-03, 
                    ODE(0) loss: 3.8086e-05, 
                    ODE(1) loss: 2.5748e-04, 
                    Non-trivial solution loss: 1.9225e-06,
                    Physics loss: 2.6461e-04,
                    Initial value of rho: -0.10195 + -0.89921i,
                    Current value of rho: -0.17708 + -0.74846i,
                    Target rho: -0.17792 + -0.74734
------------------------------
Epoch: 17000 / 18000. Total scaled loss: 4.2565e-04, 
                    ODE(0) loss: 1.7056e-07, 
                    ODE(1) loss: 1.6965e-06, 
                    Non-trivial solution loss: 8.3224e-08,
                    Physics loss: 1.0447e-04,
                    Initial value of rho: -0.10195 + -0.89921i,
                    Current value of rho: -0.17736 + -0.74781i,
                    Target rho: -0.17792 + -0.74734
------------------------------
Epoch: 17500 / 18000. Total scaled loss: 3.8985e-04, 
                    ODE(0) loss: 1.7214e-06, 
                    ODE(1) loss: 6.4231e-06, 
                    Non-trivial solution loss: 4.0464e-08,
                    Physics loss: 6.9317e-05,
                    Initial value of rho: -0.10195 + -0.89921i,
                    Current value of rho: -0.17764 + -0.74747i,
                    Target rho: -0.17792 + -0.74734
------------------------------
Epoch: 18000 / 18000. Total scaled loss: 3.5042e-04, 
                    ODE(0) loss: 8.9398e-07, 
                    ODE(1) loss: 3.4788e-06, 
                    Non-trivial solution loss: 2.5031e-08,
                    Physics loss: 6.1302e-05,
                    Initial value of rho: -0.10195 + -0.89921i,
                    Current value of rho: -0.17786 + -0.74732i,
                    Target rho: -0.17792 + -0.74734
------------------------------
Adam training complete. Switching to L-BFGS:
L-BFGS Epoch: 100 / 1000. Total scaled loss: 3.7638e-06, 
                    ODE(0) loss: 3.9697e-10, 
                    ODE(1) loss: 9.1077e-11, 
                    Non-trivial solution loss: 1.2031e-12,
                    Physics loss: 3.7589e-06,
                    Initial value of rho: -0.10195 + -0.89921i,
                    Current value of rho: -0.17785 + -0.74746i,
                    Target rho: -0.17792 + -0.74734
------------------------------
L-BFGS Epoch: 200 / 1000. Total scaled loss: 3.7546e-06, 
                    ODE(0) loss: 3.6875e-10, 
                    ODE(1) loss: 6.9633e-11, 
                    Non-trivial solution loss: 1.1797e-12,
                    Physics loss: 3.7502e-06,
                    Initial value of rho: -0.10195 + -0.89921i,
                    Current value of rho: -0.17785 + -0.74746i,
                    Target rho: -0.17792 + -0.74734
------------------------------
L-BFGS Epoch: 300 / 1000. Total scaled loss: 3.7301e-06, 
                    ODE(0) loss: 4.1676e-10, 
                    ODE(1) loss: 7.7307e-11, 
                    Non-trivial solution loss: 2.0160e-13,
                    Physics loss: 3.7251e-06,
                    Initial value of rho: -0.10195 + -0.89921i,
                    Current value of rho: -0.17785 + -0.74746i,
                    Target rho: -0.17792 + -0.74734
------------------------------
L-BFGS Epoch: 400 / 1000. Total scaled loss: 3.7572e-06, 
                    ODE(0) loss: 4.1234e-10, 
                    ODE(1) loss: 7.7307e-11, 
                    Non-trivial solution loss: 2.0009e-13,
                    Physics loss: 3.7523e-06,
                    Initial value of rho: -0.10195 + -0.89921i,
                    Current value of rho: -0.17785 + -0.74746i,
                    Target rho: -0.17792 + -0.74734
------------------------------
L-BFGS Epoch: 500 / 1000. Total scaled loss: 3.7067e-06, 
                    ODE(0) loss: 4.1175e-10, 
                    ODE(1) loss: 7.7307e-11, 
                    Non-trivial solution loss: 1.9884e-13,
                    Physics loss: 3.7018e-06,
                    Initial value of rho: -0.10195 + -0.89921i,
                    Current value of rho: -0.17785 + -0.74746i,
                    Target rho: -0.17792 + -0.74734
------------------------------
L-BFGS Epoch: 600 / 1000. Total scaled loss: 3.7576e-06, 
                    ODE(0) loss: 4.1166e-10, 
                    ODE(1) loss: 7.7307e-11, 
                    Non-trivial solution loss: 1.9786e-13,
                    Physics loss: 3.7527e-06,
                    Initial value of rho: -0.10195 + -0.89921i,
                    Current value of rho: -0.17785 + -0.74746i,
                    Target rho: -0.17792 + -0.74734
------------------------------
L-BFGS Epoch: 700 / 1000. Total scaled loss: 3.6890e-06, 
                    ODE(0) loss: 4.1200e-10, 
                    ODE(1) loss: 7.7307e-11, 
                    Non-trivial solution loss: 2.0160e-13,
                    Physics loss: 3.6841e-06,
                    Initial value of rho: -0.10195 + -0.89921i,
                    Current value of rho: -0.17785 + -0.74746i,
                    Target rho: -0.17792 + -0.74734
------------------------------
L-BFGS Epoch: 800 / 1000. Total scaled loss: 3.7199e-06, 
                    ODE(0) loss: 4.1203e-10, 
                    ODE(1) loss: 7.7307e-11, 
                    Non-trivial solution loss: 2.0185e-13,
                    Physics loss: 3.7150e-06,
                    Initial value of rho: -0.10195 + -0.89921i,
                    Current value of rho: -0.17785 + -0.74746i,
                    Target rho: -0.17792 + -0.74734
------------------------------
L-BFGS Epoch: 900 / 1000. Total scaled loss: 3.7109e-06, 
                    ODE(0) loss: 4.1200e-10, 
                    ODE(1) loss: 7.7307e-11, 
                    Non-trivial solution loss: 2.0160e-13,
                    Physics loss: 3.7060e-06,
                    Initial value of rho: -0.10195 + -0.89921i,
                    Current value of rho: -0.17785 + -0.74746i,
                    Target rho: -0.17792 + -0.74734
------------------------------
L-BFGS Epoch: 1000 / 1000. Total scaled loss: 3.6977e-06, 
                    ODE(0) loss: 4.1166e-10, 
                    ODE(1) loss: 7.7307e-11, 
                    Non-trivial solution loss: 1.9786e-13,
                    Physics loss: 3.6928e-06,
                    Initial value of rho: -0.10195 + -0.89921i,
                    Current value of rho: -0.17785 + -0.74746i,
                    Target rho: -0.17792 + -0.74734
------------------------------
Training complete for l = 2. Total scaled loss: 3.6977e-06, 
                    ODE(0) loss: 4.1166e-10, 
                    ODE(1) loss: 7.7307e-11, 
                    Non-trivial solution loss: 1.9786e-13,
                    Physics loss: 3.6928e-06,
                    Current value of rho: -0.17785 + -0.74746i
                    Target rho: -0.17792 + -0.74734
Training complete. Checkpoint saved to ./RepeatRunQNM/l2/delta0.7/40/pinn_checkpoint_qnm_l2_delta0.7_run40.pth
l = 2 mode with delta = 0.7 completed successfully.
