000 (308657.008.000) 2026-03-11 11:51:19 Job submitted from host: <130.209.45.81:9618?addrs=130.209.45.81-9618&alias=wiay.astro.gla.ac.uk&noUDP&sock=schedd_8023_b06c>
...
001 (308657.008.000) 2026-03-11 12:07:54 Job executing on host: <130.209.45.56:9619?addrs=130.209.45.56-9619&alias=serenity.astro.gla.ac.uk&noUDP&sock=startd_35_e64f>
	SlotName: slot1_3@serenity.astro.gla.ac.uk
	AvailableGPUs = { GPUs_GPU_625f6b03 }
	CondorScratchDir = "/var/lib/condor/execute/dir_370231"
	Cpus = 1
	Disk = 2048
	GPUs = 1
	GPUs_GPU_625f6b03 = [ Id = "GPU-625f6b03"; ClockMhz = 1695.0; Capability = 8.6; CoresPerCU = 128; DeviceName = "NVIDIA GeForce RTX 3090"; DeviceUuid = "625f6b03-2809-23ef-06f5-609bcf7f9386"; ECCEnabled = false; ComputeUnits = 82; NvidiaDriver = "535.247.01"; DriverVersion = 12.2; DevicePciBusId = "0000:68:00.0"; GlobalMemoryMb = 24257; MaxSupportedVersion = 12020 ]
	Memory = 2048
...
006 (308657.008.000) 2026-03-11 12:08:03 Image size of job updated: 747380
	730  -  MemoryUsage of job (MB)
	747380  -  ResidentSetSize of job (KB)
...
006 (308657.008.000) 2026-03-11 12:13:04 Image size of job updated: 805004
	787  -  MemoryUsage of job (MB)
	805004  -  ResidentSetSize of job (KB)
...
006 (308657.008.000) 2026-03-11 12:18:05 Image size of job updated: 985136
	963  -  MemoryUsage of job (MB)
	985136  -  ResidentSetSize of job (KB)
...
006 (308657.008.000) 2026-03-11 12:23:05 Image size of job updated: 1176680
	1150  -  MemoryUsage of job (MB)
	1176680  -  ResidentSetSize of job (KB)
...
005 (308657.008.000) 2026-03-11 12:23:15 Job terminated.
	(1) Normal termination (return value 1)
		Usr 0 00:15:05, Sys 0 00:00:08  -  Run Remote Usage
		Usr 0 00:00:00, Sys 0 00:00:00  -  Run Local Usage
		Usr 0 00:15:05, Sys 0 00:00:08  -  Total Remote Usage
		Usr 0 00:00:00, Sys 0 00:00:00  -  Total Local Usage
	0  -  Run Bytes Sent By Job
	0  -  Run Bytes Received By Job
	0  -  Total Bytes Sent By Job
	0  -  Total Bytes Received By Job
	Partitionable Resources :    Usage  Request Allocated Assigned
	   Cpus                 :     0.99        1         1 
	   Disk (KB)            :     1        1024      2048 
	   GPUs                 :     0.19        1         1 "GPU-625f6b03"
	   GpusMemory (MB)      :   827                       
	   Memory (MB)          :  1150        2048      2048 
	   TimeExecute (s)      :   921                       
	   TimeSlotBusy (s)     :   921                       
...
