Using device: cuda
------------------------------
Starting training for l = 2 with delta = 0.7
Initial rho: -0.40770 + -0.21332i
Target rho: -0.17792 + -0.74734i
Initial distance from target: 0.58136
------------------------------
Epoch: 1 / 18000. Total scaled loss: 2.1828e+02, 
                    ODE(0) loss: 1.6429e-01, 
                    ODE(1) loss: 1.1588e+00, 
                    Non-trivial solution loss: 8.5958e-01,
                    Physics loss: 5.8524e-01,
                    Initial value of rho: -0.40770 + -0.21332i,
                    Current value of rho: -0.40770 + -0.21332i,
                    Target rho: -0.17792 + -0.74734
------------------------------
Epoch: 500 / 18000. Total scaled loss: 4.0862e-01, 
                    ODE(0) loss: 2.3476e-04, 
                    ODE(1) loss: 7.4654e-04, 
                    Non-trivial solution loss: 8.9915e-04,
                    Physics loss: 2.2057e+01,
                    Initial value of rho: -0.40770 + -0.21332i,
                    Current value of rho: -0.40770 + -0.21332i,
                    Target rho: -0.17792 + -0.74734
------------------------------
Epoch: 1000 / 18000. Total scaled loss: 2.3033e-01, 
                    ODE(0) loss: 1.7220e-06, 
                    ODE(1) loss: 7.7554e-06, 
                    Non-trivial solution loss: 5.8134e-06,
                    Physics loss: 2.2880e+01,
                    Initial value of rho: -0.40770 + -0.21332i,
                    Current value of rho: -0.40770 + -0.21332i,
                    Target rho: -0.17792 + -0.74734
------------------------------
Epoch: 1500 / 18000. Total scaled loss: 2.2415e-01, 
                    ODE(0) loss: 1.1475e-06, 
                    ODE(1) loss: 3.6438e-06, 
                    Non-trivial solution loss: 5.3626e-06,
                    Physics loss: 2.2313e+01,
                    Initial value of rho: -0.40770 + -0.21332i,
                    Current value of rho: -0.40770 + -0.21332i,
                    Target rho: -0.17792 + -0.74734
------------------------------
Epoch: 2000 / 18000. Total scaled loss: 2.1643e-01, 
                    ODE(0) loss: 4.7640e-07, 
                    ODE(1) loss: 3.8003e-08, 
                    Non-trivial solution loss: 4.7063e-06,
                    Physics loss: 2.1591e+01,
                    Initial value of rho: -0.40770 + -0.21332i,
                    Current value of rho: -0.40770 + -0.21332i,
                    Target rho: -0.17792 + -0.74734
------------------------------
Epoch: 2500 / 18000. Total scaled loss: 2.1390e-01, 
                    ODE(0) loss: 4.0229e-06, 
                    ODE(1) loss: 2.8251e-05, 
                    Non-trivial solution loss: 8.1198e-07,
                    Physics loss: 2.1060e+01,
                    Initial value of rho: -0.40770 + -0.21332i,
                    Current value of rho: -0.40770 + -0.21332i,
                    Target rho: -0.17792 + -0.74734
------------------------------
Epoch: 3000 / 18000. Total scaled loss: 2.0533e-01, 
                    ODE(0) loss: 4.1987e-07, 
                    ODE(1) loss: 7.8113e-09, 
                    Non-trivial solution loss: 4.3471e-06,
                    Physics loss: 2.0485e+01,
                    Initial value of rho: -0.40770 + -0.21332i,
                    Current value of rho: -0.40770 + -0.21332i,
                    Target rho: -0.17792 + -0.74734
------------------------------
Epoch: 3500 / 18000. Total scaled loss: 2.3572e-01, 
                    ODE(0) loss: 7.5552e-05, 
                    ODE(1) loss: 3.8520e-04, 
                    Non-trivial solution loss: 1.5004e-05,
                    Physics loss: 1.8815e+01,
                    Initial value of rho: -0.40770 + -0.21332i,
                    Current value of rho: -0.40770 + -0.21332i,
                    Target rho: -0.17792 + -0.74734
------------------------------
Epoch: 4000 / 18000. Total scaled loss: 1.5788e+00, 
                    ODE(0) loss: 4.8977e-05, 
                    ODE(1) loss: 5.1847e-08, 
                    Non-trivial solution loss: 4.6853e-04,
                    Physics loss: 1.0206e+01,
                    Initial value of rho: -0.40770 + -0.21332i,
                    Current value of rho: -0.40770 + -0.21332i,
                    Target rho: -0.17792 + -0.74734
------------------------------
Epoch: 4500 / 18000. Total scaled loss: 1.1224e+00, 
                    ODE(0) loss: 5.5859e-05, 
                    ODE(1) loss: 8.0561e-06, 
                    Non-trivial solution loss: 2.2810e-04,
                    Physics loss: 5.1628e+00,
                    Initial value of rho: -0.40770 + -0.21332i,
                    Current value of rho: -0.40770 + -0.21332i,
                    Target rho: -0.17792 + -0.74734
------------------------------
Epoch: 5000 / 18000. Total scaled loss: 1.0722e+00, 
                    ODE(0) loss: 9.8673e-04, 
                    ODE(1) loss: 1.8344e-05, 
                    Non-trivial solution loss: 2.0805e-04,
                    Physics loss: 3.5366e+00,
                    Initial value of rho: -0.40770 + -0.21332i,
                    Current value of rho: -0.40770 + -0.21332i,
                    Target rho: -0.17792 + -0.74734
------------------------------
Epoch: 5500 / 18000. Total scaled loss: 9.3593e-01, 
                    ODE(0) loss: 1.6146e-05, 
                    ODE(1) loss: 1.0534e-05, 
                    Non-trivial solution loss: 2.3767e-04,
                    Physics loss: 2.7144e+00,
                    Initial value of rho: -0.40770 + -0.21332i,
                    Current value of rho: -0.40770 + -0.21332i,
                    Target rho: -0.17792 + -0.74734
------------------------------
Epoch: 6000 / 18000. Total scaled loss: 1.1982e+00, 
                    ODE(0) loss: 3.1110e-03, 
                    ODE(1) loss: 5.2526e-04, 
                    Non-trivial solution loss: 4.7946e-04,
                    Physics loss: 2.2758e+00,
                    Initial value of rho: -0.40770 + -0.21332i,
                    Current value of rho: -0.40770 + -0.21332i,
                    Target rho: -0.17792 + -0.74734
------------------------------
Epoch: 6500 / 18000. Total scaled loss: 9.5116e-01, 
                    ODE(0) loss: 4.3277e-05, 
                    ODE(1) loss: 2.1378e-06, 
                    Non-trivial solution loss: 2.4762e-04,
                    Physics loss: 2.0167e+00,
                    Initial value of rho: -0.40770 + -0.21332i,
                    Current value of rho: -0.40770 + -0.21332i,
                    Target rho: -0.17792 + -0.74734
------------------------------
Epoch: 7000 / 18000. Total scaled loss: 1.1393e+00, 
                    ODE(0) loss: 1.9833e-03, 
                    ODE(1) loss: 2.8387e-05, 
                    Non-trivial solution loss: 1.4451e-04,
                    Physics loss: 1.9343e+00,
                    Initial value of rho: -0.40770 + -0.21332i,
                    Current value of rho: -0.40770 + -0.21332i,
                    Target rho: -0.17792 + -0.74734
------------------------------
Epoch: 7500 / 18000. Total scaled loss: 1.1019e+00, 
                    ODE(0) loss: 2.7054e-03, 
                    ODE(1) loss: 3.2752e-04, 
                    Non-trivial solution loss: 5.2023e-04,
                    Physics loss: 1.5659e+00,
                    Initial value of rho: -0.40770 + -0.21332i,
                    Current value of rho: -0.40770 + -0.21332i,
                    Target rho: -0.17792 + -0.74734
------------------------------
Epoch: 8000 / 18000. Total scaled loss: 1.0490e+00, 
                    ODE(0) loss: 2.4564e-03, 
                    ODE(1) loss: 4.4005e-04, 
                    Non-trivial solution loss: 2.6730e-04,
                    Physics loss: 1.3950e+00,
                    Initial value of rho: -0.40770 + -0.21332i,
                    Current value of rho: -0.40770 + -0.21332i,
                    Target rho: -0.17792 + -0.74734
------------------------------
Epoch: 8500 / 18000. Total scaled loss: 1.0577e+00, 
                    ODE(0) loss: 3.1712e-03, 
                    ODE(1) loss: 8.2608e-05, 
                    Non-trivial solution loss: 9.9125e-04,
                    Physics loss: 1.2538e+00,
                    Initial value of rho: -0.40770 + -0.21332i,
                    Current value of rho: -0.40770 + -0.21332i,
                    Target rho: -0.17792 + -0.74734
------------------------------
Epoch: 9000 / 18000. Total scaled loss: 9.8913e-01, 
                    ODE(0) loss: 8.4491e-04, 
                    ODE(1) loss: 4.9841e-04, 
                    Non-trivial solution loss: 9.5860e-04,
                    Physics loss: 1.1799e+00,
                    Initial value of rho: -0.40770 + -0.21332i,
                    Current value of rho: -0.40770 + -0.21332i,
                    Target rho: -0.17792 + -0.74734
------------------------------
Unfreezing rho...
Epoch: 9500 / 18000. Total scaled loss: 5.9810e-01, 
                    ODE(0) loss: 2.0194e-05, 
                    ODE(1) loss: 3.3920e-07, 
                    Non-trivial solution loss: 6.4416e-04,
                    Physics loss: 6.9340e-01,
                    Initial value of rho: -0.40770 + -0.21332i,
                    Current value of rho: -0.44469 + -0.23037i,
                    Target rho: -0.17792 + -0.74734
------------------------------
Epoch: 10000 / 18000. Total scaled loss: 4.3404e-01, 
                    ODE(0) loss: 2.4865e-04, 
                    ODE(1) loss: 1.7287e-06, 
                    Non-trivial solution loss: 6.0729e-04,
                    Physics loss: 4.6326e-01,
                    Initial value of rho: -0.40770 + -0.21332i,
                    Current value of rho: -0.46444 + -0.23844i,
                    Target rho: -0.17792 + -0.74734
------------------------------
Epoch: 10500 / 18000. Total scaled loss: 3.4116e-01, 
                    ODE(0) loss: 1.0968e-04, 
                    ODE(1) loss: 1.4779e-07, 
                    Non-trivial solution loss: 7.9893e-04,
                    Physics loss: 3.4150e-01,
                    Initial value of rho: -0.40770 + -0.21332i,
                    Current value of rho: -0.48118 + -0.24562i,
                    Target rho: -0.17792 + -0.74734
------------------------------
Epoch: 11000 / 18000. Total scaled loss: 2.5819e-01, 
                    ODE(0) loss: 1.8364e-04, 
                    ODE(1) loss: 2.2854e-06, 
                    Non-trivial solution loss: 1.0540e-03,
                    Physics loss: 2.4579e-01,
                    Initial value of rho: -0.40770 + -0.21332i,
                    Current value of rho: -0.49813 + -0.25215i,
                    Target rho: -0.17792 + -0.74734
------------------------------
Epoch: 11500 / 18000. Total scaled loss: 3.2185e-01, 
                    ODE(0) loss: 5.7411e-03, 
                    ODE(1) loss: 3.0093e-03, 
                    Non-trivial solution loss: 1.7024e-03,
                    Physics loss: 2.1732e-01,
                    Initial value of rho: -0.40770 + -0.21332i,
                    Current value of rho: -0.51052 + -0.25692i,
                    Target rho: -0.17792 + -0.74734
------------------------------
Epoch: 12000 / 18000. Total scaled loss: 1.6489e-01, 
                    ODE(0) loss: 1.4782e-04, 
                    ODE(1) loss: 1.9385e-06, 
                    Non-trivial solution loss: 3.7747e-04,
                    Physics loss: 1.5962e-01,
                    Initial value of rho: -0.40770 + -0.21332i,
                    Current value of rho: -0.51953 + -0.26135i,
                    Target rho: -0.17792 + -0.74734
------------------------------
Epoch: 12500 / 18000. Total scaled loss: 2.0514e-01, 
                    ODE(0) loss: 4.5313e-03, 
                    ODE(1) loss: 1.9677e-04, 
                    Non-trivial solution loss: 3.7101e-04,
                    Physics loss: 1.5415e-01,
                    Initial value of rho: -0.40770 + -0.21332i,
                    Current value of rho: -0.52708 + -0.26523i,
                    Target rho: -0.17792 + -0.74734
------------------------------
Epoch: 13000 / 18000. Total scaled loss: 1.3179e-01, 
                    ODE(0) loss: 2.6804e-05, 
                    ODE(1) loss: 5.0562e-06, 
                    Non-trivial solution loss: 1.9752e-04,
                    Physics loss: 1.2949e-01,
                    Initial value of rho: -0.40770 + -0.21332i,
                    Current value of rho: -0.53364 + -0.26887i,
                    Target rho: -0.17792 + -0.74734
------------------------------
Epoch: 13500 / 18000. Total scaled loss: 1.1066e-01, 
                    ODE(0) loss: 6.0036e-05, 
                    ODE(1) loss: 5.0007e-06, 
                    Non-trivial solution loss: 1.5974e-04,
                    Physics loss: 1.0842e-01,
                    Initial value of rho: -0.40770 + -0.21332i,
                    Current value of rho: -0.53951 + -0.27248i,
                    Target rho: -0.17792 + -0.74734
------------------------------
Epoch: 14000 / 18000. Total scaled loss: 3.3889e-01, 
                    ODE(0) loss: 2.0987e-02, 
                    ODE(1) loss: 6.7523e-04, 
                    Non-trivial solution loss: 3.4481e-04,
                    Physics loss: 1.1882e-01,
                    Initial value of rho: -0.40770 + -0.21332i,
                    Current value of rho: -0.54487 + -0.27603i,
                    Target rho: -0.17792 + -0.74734
------------------------------
Epoch: 14500 / 18000. Total scaled loss: 1.1570e-01, 
                    ODE(0) loss: 2.3082e-04, 
                    ODE(1) loss: 4.7650e-04, 
                    Non-trivial solution loss: 6.4516e-05,
                    Physics loss: 9.7278e-02,
                    Initial value of rho: -0.40770 + -0.21332i,
                    Current value of rho: -0.54990 + -0.27949i,
                    Target rho: -0.17792 + -0.74734
------------------------------
Epoch: 15000 / 18000. Total scaled loss: 2.0868e-01, 
                    ODE(0) loss: 7.5542e-03, 
                    ODE(1) loss: 1.5864e-04, 
                    Non-trivial solution loss: 1.7472e-04,
                    Physics loss: 7.7936e-02,
                    Initial value of rho: -0.40770 + -0.21332i,
                    Current value of rho: -0.55600 + -0.28437i,
                    Target rho: -0.17792 + -0.74734
------------------------------
Epoch: 15500 / 18000. Total scaled loss: 1.8071e-01, 
                    ODE(0) loss: 2.9424e-03, 
                    ODE(1) loss: 2.0437e-05, 
                    Non-trivial solution loss: 2.5051e-04,
                    Physics loss: 6.6894e-02,
                    Initial value of rho: -0.40770 + -0.21332i,
                    Current value of rho: -0.56328 + -0.29021i,
                    Target rho: -0.17792 + -0.74734
------------------------------
Epoch: 16000 / 18000. Total scaled loss: 1.6325e-01, 
                    ODE(0) loss: 2.8863e-04, 
                    ODE(1) loss: 1.1836e-04, 
                    Non-trivial solution loss: 2.6824e-04,
                    Physics loss: 5.6362e-02,
                    Initial value of rho: -0.40770 + -0.21332i,
                    Current value of rho: -0.57106 + -0.29661i,
                    Target rho: -0.17792 + -0.74734
------------------------------
Epoch: 16500 / 18000. Total scaled loss: 1.6615e-01, 
                    ODE(0) loss: 1.1543e-03, 
                    ODE(1) loss: 4.1476e-05, 
                    Non-trivial solution loss: 5.4863e-04,
                    Physics loss: 4.4627e-02,
                    Initial value of rho: -0.40770 + -0.21332i,
                    Current value of rho: -0.57899 + -0.30324i,
                    Target rho: -0.17792 + -0.74734
------------------------------
Epoch: 17000 / 18000. Total scaled loss: 1.8364e-01, 
                    ODE(0) loss: 2.0674e-03, 
                    ODE(1) loss: 4.5966e-04, 
                    Non-trivial solution loss: 2.6840e-04,
                    Physics loss: 4.0044e-02,
                    Initial value of rho: -0.40770 + -0.21332i,
                    Current value of rho: -0.58689 + -0.30960i,
                    Target rho: -0.17792 + -0.74734
------------------------------
Epoch: 17500 / 18000. Total scaled loss: 1.5721e-01, 
                    ODE(0) loss: 2.3872e-03, 
                    ODE(1) loss: 8.8922e-06, 
                    Non-trivial solution loss: 4.9191e-04,
                    Physics loss: 2.8881e-02,
                    Initial value of rho: -0.40770 + -0.21332i,
                    Current value of rho: -0.59471 + -0.31572i,
                    Target rho: -0.17792 + -0.74734
------------------------------
Epoch: 18000 / 18000. Total scaled loss: 2.2201e-01, 
                    ODE(0) loss: 9.0167e-03, 
                    ODE(1) loss: 2.0695e-04, 
                    Non-trivial solution loss: 2.4420e-04,
                    Physics loss: 2.5471e-02,
                    Initial value of rho: -0.40770 + -0.21332i,
                    Current value of rho: -0.60236 + -0.32163i,
                    Target rho: -0.17792 + -0.74734
------------------------------
Adam training complete. Switching to L-BFGS:
L-BFGS Epoch: 100 / 1000. Total scaled loss: 8.3147e-05, 
                    ODE(0) loss: 5.0003e-09, 
                    ODE(1) loss: 1.6842e-08, 
                    Non-trivial solution loss: 1.3518e-09,
                    Physics loss: 8.2915e-05,
                    Initial value of rho: -0.40770 + -0.21332i,
                    Current value of rho: -1.15681 + -0.23673i,
                    Target rho: -0.17792 + -0.74734
------------------------------
L-BFGS Epoch: 200 / 1000. Total scaled loss: 2.7625e-05, 
                    ODE(0) loss: 1.3679e-09, 
                    ODE(1) loss: 6.5658e-09, 
                    Non-trivial solution loss: 1.2874e-11,
                    Physics loss: 2.7546e-05,
                    Initial value of rho: -0.40770 + -0.21332i,
                    Current value of rho: -1.26400 + -0.10328i,
                    Target rho: -0.17792 + -0.74734
------------------------------
L-BFGS Epoch: 300 / 1000. Total scaled loss: 1.2353e-05, 
                    ODE(0) loss: 1.8837e-09, 
                    ODE(1) loss: 3.2760e-09, 
                    Non-trivial solution loss: 1.9873e-09,
                    Physics loss: 1.2282e-05,
                    Initial value of rho: -0.40770 + -0.21332i,
                    Current value of rho: -1.25626 + -0.06171i,
                    Target rho: -0.17792 + -0.74734
------------------------------
L-BFGS Epoch: 400 / 1000. Total scaled loss: 1.0532e-05, 
                    ODE(0) loss: 3.0337e-11, 
                    ODE(1) loss: 1.5675e-09, 
                    Non-trivial solution loss: 8.2478e-11,
                    Physics loss: 1.0516e-05,
                    Initial value of rho: -0.40770 + -0.21332i,
                    Current value of rho: -1.29539 + -0.07640i,
                    Target rho: -0.17792 + -0.74734
------------------------------
L-BFGS Epoch: 500 / 1000. Total scaled loss: 1.0358e-05, 
                    ODE(0) loss: 6.2275e-11, 
                    ODE(1) loss: 9.6477e-10, 
                    Non-trivial solution loss: 3.3801e-11,
                    Physics loss: 1.0348e-05,
                    Initial value of rho: -0.40770 + -0.21332i,
                    Current value of rho: -1.29690 + -0.07668i,
                    Target rho: -0.17792 + -0.74734
------------------------------
L-BFGS Epoch: 600 / 1000. Total scaled loss: 1.0524e-05, 
                    ODE(0) loss: 6.2275e-11, 
                    ODE(1) loss: 9.6997e-10, 
                    Non-trivial solution loss: 3.3801e-11,
                    Physics loss: 1.0514e-05,
                    Initial value of rho: -0.40770 + -0.21332i,
                    Current value of rho: -1.29690 + -0.07668i,
                    Target rho: -0.17792 + -0.74734
------------------------------
L-BFGS Epoch: 700 / 1000. Total scaled loss: 1.0563e-05, 
                    ODE(0) loss: 6.2275e-11, 
                    ODE(1) loss: 9.6507e-10, 
                    Non-trivial solution loss: 3.3801e-11,
                    Physics loss: 1.0552e-05,
                    Initial value of rho: -0.40770 + -0.21332i,
                    Current value of rho: -1.29690 + -0.07668i,
                    Target rho: -0.17792 + -0.74734
------------------------------
L-BFGS Epoch: 800 / 1000. Total scaled loss: 1.0525e-05, 
                    ODE(0) loss: 6.2442e-11, 
                    ODE(1) loss: 9.6782e-10, 
                    Non-trivial solution loss: 3.3641e-11,
                    Physics loss: 1.0514e-05,
                    Initial value of rho: -0.40770 + -0.21332i,
                    Current value of rho: -1.29690 + -0.07668i,
                    Target rho: -0.17792 + -0.74734
------------------------------
L-BFGS Epoch: 900 / 1000. Total scaled loss: 1.0694e-05, 
                    ODE(0) loss: 6.2442e-11, 
                    ODE(1) loss: 9.6782e-10, 
                    Non-trivial solution loss: 3.3641e-11,
                    Physics loss: 1.0683e-05,
                    Initial value of rho: -0.40770 + -0.21332i,
                    Current value of rho: -1.29690 + -0.07668i,
                    Target rho: -0.17792 + -0.74734
------------------------------
L-BFGS Epoch: 1000 / 1000. Total scaled loss: 1.0612e-05, 
                    ODE(0) loss: 1.4360e-10, 
                    ODE(1) loss: 1.2904e-09, 
                    Non-trivial solution loss: 6.0419e-11,
                    Physics loss: 1.0598e-05,
                    Initial value of rho: -0.40770 + -0.21332i,
                    Current value of rho: -1.29702 + -0.07667i,
                    Target rho: -0.17792 + -0.74734
------------------------------
Training complete for l = 2. Total scaled loss: 1.0612e-05, 
                    ODE(0) loss: 1.4360e-10, 
                    ODE(1) loss: 1.2904e-09, 
                    Non-trivial solution loss: 6.0419e-11,
                    Physics loss: 1.0598e-05,
                    Current value of rho: -1.29702 + -0.07667i
                    Target rho: -0.17792 + -0.74734
Training complete. Checkpoint saved to ./RepeatRunQNM/l2/delta0.7/15/pinn_checkpoint_qnm_l2_delta0.7_run15.pth
l = 2 mode with delta = 0.7 completed successfully.
