Using device: cuda
------------------------------
Starting training for l = 2 with delta = 0.7
Initial rho: -0.67556 + -1.19935i
Target rho: -0.17792 + -0.74734i
Initial distance from target: 0.67227
------------------------------
Epoch: 1 / 18000. Total scaled loss: 2.1493e+02, 
                    ODE(0) loss: 7.0592e-01, 
                    ODE(1) loss: 4.0406e-01, 
                    Non-trivial solution loss: 1.0393e+00,
                    Physics loss: 4.3378e-01,
                    Initial value of rho: -0.67556 + -1.19935i,
                    Current value of rho: -0.67556 + -1.19935i,
                    Target rho: -0.17792 + -0.74734
------------------------------
Epoch: 500 / 18000. Total scaled loss: 1.1413e-01, 
                    ODE(0) loss: 7.2371e-05, 
                    ODE(1) loss: 1.8165e-05, 
                    Non-trivial solution loss: 7.1166e-06,
                    Physics loss: 1.0437e+01,
                    Initial value of rho: -0.67556 + -1.19935i,
                    Current value of rho: -0.67556 + -1.19935i,
                    Target rho: -0.17792 + -0.74734
------------------------------
Epoch: 1000 / 18000. Total scaled loss: 1.0109e-01, 
                    ODE(0) loss: 1.2654e-08, 
                    ODE(1) loss: 1.1483e-08, 
                    Non-trivial solution loss: 1.1113e-06,
                    Physics loss: 1.0098e+01,
                    Initial value of rho: -0.67556 + -1.19935i,
                    Current value of rho: -0.67556 + -1.19935i,
                    Target rho: -0.17792 + -0.74734
------------------------------
Epoch: 1500 / 18000. Total scaled loss: 1.0091e-01, 
                    ODE(0) loss: 2.0477e-05, 
                    ODE(1) loss: 3.7896e-06, 
                    Non-trivial solution loss: 4.5936e-07,
                    Physics loss: 9.8433e+00,
                    Initial value of rho: -0.67556 + -1.19935i,
                    Current value of rho: -0.67556 + -1.19935i,
                    Target rho: -0.17792 + -0.74734
------------------------------
Epoch: 2000 / 18000. Total scaled loss: 9.6148e-02, 
                    ODE(0) loss: 1.6768e-08, 
                    ODE(1) loss: 1.1547e-08, 
                    Non-trivial solution loss: 9.8838e-07,
                    Physics loss: 9.6046e+00,
                    Initial value of rho: -0.67556 + -1.19935i,
                    Current value of rho: -0.67556 + -1.19935i,
                    Target rho: -0.17792 + -0.74734
------------------------------
Epoch: 2500 / 18000. Total scaled loss: 9.3938e-02, 
                    ODE(0) loss: 1.0266e-09, 
                    ODE(1) loss: 1.1771e-08, 
                    Non-trivial solution loss: 9.1619e-07,
                    Physics loss: 9.3845e+00,
                    Initial value of rho: -0.67556 + -1.19935i,
                    Current value of rho: -0.67556 + -1.19935i,
                    Target rho: -0.17792 + -0.74734
------------------------------
Epoch: 3000 / 18000. Total scaled loss: 1.6334e-01, 
                    ODE(0) loss: 6.1859e-04, 
                    ODE(1) loss: 4.8859e-05, 
                    Non-trivial solution loss: 7.1044e-05,
                    Physics loss: 8.9490e+00,
                    Initial value of rho: -0.67556 + -1.19935i,
                    Current value of rho: -0.67556 + -1.19935i,
                    Target rho: -0.17792 + -0.74734
------------------------------
Epoch: 3500 / 18000. Total scaled loss: 8.7921e-02, 
                    ODE(0) loss: 3.1088e-06, 
                    ODE(1) loss: 5.2222e-07, 
                    Non-trivial solution loss: 6.7947e-07,
                    Physics loss: 8.7490e+00,
                    Initial value of rho: -0.67556 + -1.19935i,
                    Current value of rho: -0.67556 + -1.19935i,
                    Target rho: -0.17792 + -0.74734
------------------------------
Epoch: 4000 / 18000. Total scaled loss: 1.0567e+00, 
                    ODE(0) loss: 1.3106e-05, 
                    ODE(1) loss: 7.3477e-06, 
                    Non-trivial solution loss: 1.3191e-04,
                    Physics loss: 6.9541e+00,
                    Initial value of rho: -0.67556 + -1.19935i,
                    Current value of rho: -0.67556 + -1.19935i,
                    Target rho: -0.17792 + -0.74734
------------------------------
Epoch: 4500 / 18000. Total scaled loss: 1.0213e+00, 
                    ODE(0) loss: 6.7424e-04, 
                    ODE(1) loss: 5.8109e-05, 
                    Non-trivial solution loss: 2.6644e-04,
                    Physics loss: 4.3914e+00,
                    Initial value of rho: -0.67556 + -1.19935i,
                    Current value of rho: -0.67556 + -1.19935i,
                    Target rho: -0.17792 + -0.74734
------------------------------
Epoch: 5000 / 18000. Total scaled loss: 7.3943e-01, 
                    ODE(0) loss: 2.5194e-03, 
                    ODE(1) loss: 1.8618e-04, 
                    Non-trivial solution loss: 1.0667e-04,
                    Physics loss: 1.8459e+00,
                    Initial value of rho: -0.67556 + -1.19935i,
                    Current value of rho: -0.67556 + -1.19935i,
                    Target rho: -0.17792 + -0.74734
------------------------------
Epoch: 5500 / 18000. Total scaled loss: 2.7570e-01, 
                    ODE(0) loss: 3.0374e-07, 
                    ODE(1) loss: 3.4418e-07, 
                    Non-trivial solution loss: 1.1670e-05,
                    Physics loss: 8.1440e-01,
                    Initial value of rho: -0.67556 + -1.19935i,
                    Current value of rho: -0.67556 + -1.19935i,
                    Target rho: -0.17792 + -0.74734
------------------------------
Epoch: 6000 / 18000. Total scaled loss: 2.6350e-01, 
                    ODE(0) loss: 3.5632e-05, 
                    ODE(1) loss: 8.3473e-07, 
                    Non-trivial solution loss: 1.2202e-05,
                    Physics loss: 6.5042e-01,
                    Initial value of rho: -0.67556 + -1.19935i,
                    Current value of rho: -0.67556 + -1.19935i,
                    Target rho: -0.17792 + -0.74734
------------------------------
Epoch: 6500 / 18000. Total scaled loss: 5.2429e-01, 
                    ODE(0) loss: 3.6205e-03, 
                    ODE(1) loss: 2.0682e-04, 
                    Non-trivial solution loss: 1.3649e-04,
                    Physics loss: 5.8730e-01,
                    Initial value of rho: -0.67556 + -1.19935i,
                    Current value of rho: -0.67556 + -1.19935i,
                    Target rho: -0.17792 + -0.74734
------------------------------
Epoch: 7000 / 18000. Total scaled loss: 2.8719e-01, 
                    ODE(0) loss: 1.2712e-05, 
                    ODE(1) loss: 8.1859e-07, 
                    Non-trivial solution loss: 2.7958e-05,
                    Physics loss: 5.4262e-01,
                    Initial value of rho: -0.67556 + -1.19935i,
                    Current value of rho: -0.67556 + -1.19935i,
                    Target rho: -0.17792 + -0.74734
------------------------------
Epoch: 7500 / 18000. Total scaled loss: 6.4931e-01, 
                    ODE(0) loss: 6.6544e-03, 
                    ODE(1) loss: 3.9794e-04, 
                    Non-trivial solution loss: 1.1119e-04,
                    Physics loss: 4.8025e-01,
                    Initial value of rho: -0.67556 + -1.19935i,
                    Current value of rho: -0.67556 + -1.19935i,
                    Target rho: -0.17792 + -0.74734
------------------------------
Epoch: 8000 / 18000. Total scaled loss: 2.8640e-01, 
                    ODE(0) loss: 2.7060e-04, 
                    ODE(1) loss: 1.3392e-05, 
                    Non-trivial solution loss: 6.1447e-05,
                    Physics loss: 4.1678e-01,
                    Initial value of rho: -0.67556 + -1.19935i,
                    Current value of rho: -0.67556 + -1.19935i,
                    Target rho: -0.17792 + -0.74734
------------------------------
Epoch: 8500 / 18000. Total scaled loss: 2.7281e-01, 
                    ODE(0) loss: 6.0312e-04, 
                    ODE(1) loss: 4.7838e-05, 
                    Non-trivial solution loss: 1.4694e-04,
                    Physics loss: 3.3954e-01,
                    Initial value of rho: -0.67556 + -1.19935i,
                    Current value of rho: -0.67556 + -1.19935i,
                    Target rho: -0.17792 + -0.74734
------------------------------
Epoch: 9000 / 18000. Total scaled loss: 2.6679e-01, 
                    ODE(0) loss: 2.3375e-03, 
                    ODE(1) loss: 8.5652e-05, 
                    Non-trivial solution loss: 3.1405e-05,
                    Physics loss: 2.4131e-01,
                    Initial value of rho: -0.67556 + -1.19935i,
                    Current value of rho: -0.67556 + -1.19935i,
                    Target rho: -0.17792 + -0.74734
------------------------------
Unfreezing rho...
Epoch: 9500 / 18000. Total scaled loss: 1.4769e-01, 
                    ODE(0) loss: 1.9832e-06, 
                    ODE(1) loss: 2.3109e-06, 
                    Non-trivial solution loss: 5.0207e-05,
                    Physics loss: 1.7466e-01,
                    Initial value of rho: -0.67556 + -1.19935i,
                    Current value of rho: -0.67812 + -1.19597i,
                    Target rho: -0.17792 + -0.74734
------------------------------
Epoch: 10000 / 18000. Total scaled loss: 1.1501e-01, 
                    ODE(0) loss: 1.6313e-05, 
                    ODE(1) loss: 7.2987e-06, 
                    Non-trivial solution loss: 4.1341e-05,
                    Physics loss: 1.2636e-01,
                    Initial value of rho: -0.67556 + -1.19935i,
                    Current value of rho: -0.68039 + -1.19029i,
                    Target rho: -0.17792 + -0.74734
------------------------------
Epoch: 10500 / 18000. Total scaled loss: 7.4437e-02, 
                    ODE(0) loss: 9.7349e-08, 
                    ODE(1) loss: 9.1605e-06, 
                    Non-trivial solution loss: 3.2260e-05,
                    Physics loss: 7.6753e-02,
                    Initial value of rho: -0.67556 + -1.19935i,
                    Current value of rho: -0.68313 + -1.18370i,
                    Target rho: -0.17792 + -0.74734
------------------------------
Epoch: 11000 / 18000. Total scaled loss: 4.6964e-02, 
                    ODE(0) loss: 1.1550e-06, 
                    ODE(1) loss: 7.5067e-06, 
                    Non-trivial solution loss: 2.2784e-05,
                    Physics loss: 4.6650e-02,
                    Initial value of rho: -0.67556 + -1.19935i,
                    Current value of rho: -0.68641 + -1.17724i,
                    Target rho: -0.17792 + -0.74734
------------------------------
Epoch: 11500 / 18000. Total scaled loss: 3.0564e-02, 
                    ODE(0) loss: 1.2357e-07, 
                    ODE(1) loss: 5.5931e-06, 
                    Non-trivial solution loss: 8.7367e-06,
                    Physics loss: 3.0419e-02,
                    Initial value of rho: -0.67556 + -1.19935i,
                    Current value of rho: -0.68898 + -1.17176i,
                    Target rho: -0.17792 + -0.74734
------------------------------
Epoch: 12000 / 18000. Total scaled loss: 2.3303e-02, 
                    ODE(0) loss: 3.7082e-05, 
                    ODE(1) loss: 1.1632e-05, 
                    Non-trivial solution loss: 4.0241e-06,
                    Physics loss: 2.2775e-02,
                    Initial value of rho: -0.67556 + -1.19935i,
                    Current value of rho: -0.69027 + -1.16861i,
                    Target rho: -0.17792 + -0.74734
------------------------------
Epoch: 12500 / 18000. Total scaled loss: 1.9181e-02, 
                    ODE(0) loss: 3.7906e-05, 
                    ODE(1) loss: 5.0253e-06, 
                    Non-trivial solution loss: 2.4555e-06,
                    Physics loss: 1.8728e-02,
                    Initial value of rho: -0.67556 + -1.19935i,
                    Current value of rho: -0.69104 + -1.16657i,
                    Target rho: -0.17792 + -0.74734
------------------------------
Epoch: 13000 / 18000. Total scaled loss: 2.7719e-02, 
                    ODE(0) loss: 1.1472e-03, 
                    ODE(1) loss: 5.4516e-05, 
                    Non-trivial solution loss: 8.5837e-09,
                    Physics loss: 1.5702e-02,
                    Initial value of rho: -0.67556 + -1.19935i,
                    Current value of rho: -0.69166 + -1.16506i,
                    Target rho: -0.17792 + -0.74734
------------------------------
Epoch: 13500 / 18000. Total scaled loss: 1.6226e-02, 
                    ODE(0) loss: 2.6913e-04, 
                    ODE(1) loss: 1.9259e-06, 
                    Non-trivial solution loss: 7.1927e-06,
                    Physics loss: 1.3444e-02,
                    Initial value of rho: -0.67556 + -1.19935i,
                    Current value of rho: -0.69216 + -1.16371i,
                    Target rho: -0.17792 + -0.74734
------------------------------
Epoch: 14000 / 18000. Total scaled loss: 3.4329e-02, 
                    ODE(0) loss: 2.1701e-03, 
                    ODE(1) loss: 5.9149e-06, 
                    Non-trivial solution loss: 4.6114e-05,
                    Physics loss: 1.2108e-02,
                    Initial value of rho: -0.67556 + -1.19935i,
                    Current value of rho: -0.69265 + -1.16262i,
                    Target rho: -0.17792 + -0.74734
------------------------------
Epoch: 14500 / 18000. Total scaled loss: 2.6307e-02, 
                    ODE(0) loss: 1.3890e-03, 
                    ODE(1) loss: 4.9464e-05, 
                    Non-trivial solution loss: 1.9793e-05,
                    Physics loss: 1.0562e-02,
                    Initial value of rho: -0.67556 + -1.19935i,
                    Current value of rho: -0.69309 + -1.16158i,
                    Target rho: -0.17792 + -0.74734
------------------------------
Epoch: 15000 / 18000. Total scaled loss: 1.5330e-02, 
                    ODE(0) loss: 2.0971e-06, 
                    ODE(1) loss: 1.5137e-06, 
                    Non-trivial solution loss: 2.6416e-06,
                    Physics loss: 9.1663e-03,
                    Initial value of rho: -0.67556 + -1.19935i,
                    Current value of rho: -0.69366 + -1.16044i,
                    Target rho: -0.17792 + -0.74734
------------------------------
Epoch: 15500 / 18000. Total scaled loss: 1.6699e-02, 
                    ODE(0) loss: 2.9617e-05, 
                    ODE(1) loss: 3.0324e-06, 
                    Non-trivial solution loss: 2.8251e-06,
                    Physics loss: 7.3585e-03,
                    Initial value of rho: -0.67556 + -1.19935i,
                    Current value of rho: -0.69445 + -1.15925i,
                    Target rho: -0.17792 + -0.74734
------------------------------
Epoch: 16000 / 18000. Total scaled loss: 1.2063e-01, 
                    ODE(0) loss: 8.9638e-03, 
                    ODE(1) loss: 6.7775e-04, 
                    Non-trivial solution loss: 2.0724e-04,
                    Physics loss: 7.9732e-03,
                    Initial value of rho: -0.67556 + -1.19935i,
                    Current value of rho: -0.69530 + -1.15803i,
                    Target rho: -0.17792 + -0.74734
------------------------------
Epoch: 16500 / 18000. Total scaled loss: 6.5658e-02, 
                    ODE(0) loss: 4.6055e-03, 
                    ODE(1) loss: 2.1314e-04, 
                    Non-trivial solution loss: 4.6989e-06,
                    Physics loss: 5.2291e-03,
                    Initial value of rho: -0.67556 + -1.19935i,
                    Current value of rho: -0.69616 + -1.15687i,
                    Target rho: -0.17792 + -0.74734
------------------------------
Epoch: 17000 / 18000. Total scaled loss: 4.0714e-02, 
                    ODE(0) loss: 2.2664e-03, 
                    ODE(1) loss: 1.0015e-04, 
                    Non-trivial solution loss: 6.7997e-05,
                    Physics loss: 4.2101e-03,
                    Initial value of rho: -0.67556 + -1.19935i,
                    Current value of rho: -0.69703 + -1.15578i,
                    Target rho: -0.17792 + -0.74734
------------------------------
Epoch: 17500 / 18000. Total scaled loss: 2.8883e-02, 
                    ODE(0) loss: 1.4038e-03, 
                    ODE(1) loss: 9.7766e-05, 
                    Non-trivial solution loss: 7.7933e-06,
                    Physics loss: 3.1034e-03,
                    Initial value of rho: -0.67556 + -1.19935i,
                    Current value of rho: -0.69784 + -1.15479i,
                    Target rho: -0.17792 + -0.74734
------------------------------
Epoch: 18000 / 18000. Total scaled loss: 1.0342e-02, 
                    ODE(0) loss: 3.1622e-05, 
                    ODE(1) loss: 3.0079e-07, 
                    Non-trivial solution loss: 1.7827e-06,
                    Physics loss: 2.0014e-03,
                    Initial value of rho: -0.67556 + -1.19935i,
                    Current value of rho: -0.69850 + -1.15382i,
                    Target rho: -0.17792 + -0.74734
------------------------------
Adam training complete. Switching to L-BFGS:
L-BFGS Epoch: 100 / 1000. Total scaled loss: 6.1624e-06, 
                    ODE(0) loss: 2.4327e-10, 
                    ODE(1) loss: 3.5657e-11, 
                    Non-trivial solution loss: 1.4190e-11,
                    Physics loss: 6.1595e-06,
                    Initial value of rho: -0.67556 + -1.19935i,
                    Current value of rho: -1.31581 + -0.89899i,
                    Target rho: -0.17792 + -0.74734
------------------------------
L-BFGS Epoch: 200 / 1000. Total scaled loss: 6.1796e-06, 
                    ODE(0) loss: 3.5086e-10, 
                    ODE(1) loss: 3.6334e-11, 
                    Non-trivial solution loss: 5.1514e-13,
                    Physics loss: 6.1758e-06,
                    Initial value of rho: -0.67556 + -1.19935i,
                    Current value of rho: -1.31603 + -0.89824i,
                    Target rho: -0.17792 + -0.74734
------------------------------
L-BFGS Epoch: 300 / 1000. Total scaled loss: 6.1432e-06, 
                    ODE(0) loss: 3.8073e-10, 
                    ODE(1) loss: 4.1744e-11, 
                    Non-trivial solution loss: 4.1611e-12,
                    Physics loss: 6.1389e-06,
                    Initial value of rho: -0.67556 + -1.19935i,
                    Current value of rho: -1.31607 + -0.89819i,
                    Target rho: -0.17792 + -0.74734
------------------------------
L-BFGS Epoch: 400 / 1000. Total scaled loss: 6.1813e-06, 
                    ODE(0) loss: 3.8073e-10, 
                    ODE(1) loss: 4.0738e-11, 
                    Non-trivial solution loss: 4.1611e-12,
                    Physics loss: 6.1771e-06,
                    Initial value of rho: -0.67556 + -1.19935i,
                    Current value of rho: -1.31607 + -0.89819i,
                    Target rho: -0.17792 + -0.74734
------------------------------
L-BFGS Epoch: 500 / 1000. Total scaled loss: 6.2145e-06, 
                    ODE(0) loss: 3.8073e-10, 
                    ODE(1) loss: 4.0738e-11, 
                    Non-trivial solution loss: 4.1611e-12,
                    Physics loss: 6.2103e-06,
                    Initial value of rho: -0.67556 + -1.19935i,
                    Current value of rho: -1.31607 + -0.89819i,
                    Target rho: -0.17792 + -0.74734
------------------------------
L-BFGS Epoch: 600 / 1000. Total scaled loss: 6.1396e-06, 
                    ODE(0) loss: 3.8073e-10, 
                    ODE(1) loss: 4.0738e-11, 
                    Non-trivial solution loss: 4.1611e-12,
                    Physics loss: 6.1353e-06,
                    Initial value of rho: -0.67556 + -1.19935i,
                    Current value of rho: -1.31607 + -0.89819i,
                    Target rho: -0.17792 + -0.74734
------------------------------
L-BFGS Epoch: 700 / 1000. Total scaled loss: 6.2793e-06, 
                    ODE(0) loss: 3.8073e-10, 
                    ODE(1) loss: 4.0738e-11, 
                    Non-trivial solution loss: 4.1611e-12,
                    Physics loss: 6.2751e-06,
                    Initial value of rho: -0.67556 + -1.19935i,
                    Current value of rho: -1.31607 + -0.89819i,
                    Target rho: -0.17792 + -0.74734
------------------------------
L-BFGS Epoch: 800 / 1000. Total scaled loss: 6.1463e-06, 
                    ODE(0) loss: 3.8073e-10, 
                    ODE(1) loss: 4.0738e-11, 
                    Non-trivial solution loss: 4.1611e-12,
                    Physics loss: 6.1420e-06,
                    Initial value of rho: -0.67556 + -1.19935i,
                    Current value of rho: -1.31607 + -0.89819i,
                    Target rho: -0.17792 + -0.74734
------------------------------
L-BFGS Epoch: 900 / 1000. Total scaled loss: 6.1814e-06, 
                    ODE(0) loss: 3.8073e-10, 
                    ODE(1) loss: 4.0738e-11, 
                    Non-trivial solution loss: 4.1611e-12,
                    Physics loss: 6.1771e-06,
                    Initial value of rho: -0.67556 + -1.19935i,
                    Current value of rho: -1.31607 + -0.89819i,
                    Target rho: -0.17792 + -0.74734
------------------------------
L-BFGS Epoch: 1000 / 1000. Total scaled loss: 6.1298e-06, 
                    ODE(0) loss: 3.8073e-10, 
                    ODE(1) loss: 4.0738e-11, 
                    Non-trivial solution loss: 4.1611e-12,
                    Physics loss: 6.1255e-06,
                    Initial value of rho: -0.67556 + -1.19935i,
                    Current value of rho: -1.31607 + -0.89819i,
                    Target rho: -0.17792 + -0.74734
------------------------------
Training complete for l = 2. Total scaled loss: 6.1298e-06, 
                    ODE(0) loss: 3.8073e-10, 
                    ODE(1) loss: 4.0738e-11, 
                    Non-trivial solution loss: 4.1611e-12,
                    Physics loss: 6.1255e-06,
                    Current value of rho: -1.31607 + -0.89819i
                    Target rho: -0.17792 + -0.74734
Result saved to ./RepeatRunQNM/l2/delta0.7/48/result.txt
Training complete. Checkpoint saved to ./RepeatRunQNM/l2/delta0.7/48/pinn_checkpoint_qnm_l2_delta0.7_run48.pth
l = 2 mode with delta = 0.7 completed successfully.
