Using device: cuda
------------------------------
Starting training for l = 2 with delta = 0.2
Initial rho: -0.04144 + -0.71984i
Target rho: -0.17792 + -0.74734i
Initial distance from target: 0.13923
------------------------------
Epoch: 1 / 18000. Total scaled loss: 9.8122e+01, 
                    ODE(0) loss: 7.5318e-03, 
                    ODE(1) loss: 1.4331e-03, 
                    Non-trivial solution loss: 9.7225e-01,
                    Physics loss: 1.2401e-03,
                    Initial value of rho: -0.04144 + -0.71984i,
                    Current value of rho: -0.04144 + -0.71984i,
                    Target rho: -0.17792 + -0.74734
------------------------------
Epoch: 500 / 18000. Total scaled loss: 1.5114e-02, 
                    ODE(0) loss: 5.7064e-06, 
                    ODE(1) loss: 1.4815e-05, 
                    Non-trivial solution loss: 8.3996e-07,
                    Physics loss: 1.2978e+00,
                    Initial value of rho: -0.04144 + -0.71984i,
                    Current value of rho: -0.04144 + -0.71984i,
                    Target rho: -0.17792 + -0.74734
------------------------------
Epoch: 1000 / 18000. Total scaled loss: 1.0271e-01, 
                    ODE(0) loss: 1.6216e-04, 
                    ODE(1) loss: 7.2002e-04, 
                    Non-trivial solution loss: 1.4050e-05,
                    Physics loss: 1.3090e+00,
                    Initial value of rho: -0.04144 + -0.71984i,
                    Current value of rho: -0.04144 + -0.71984i,
                    Target rho: -0.17792 + -0.74734
------------------------------
Epoch: 1500 / 18000. Total scaled loss: 2.6339e-01, 
                    ODE(0) loss: 4.5729e-04, 
                    ODE(1) loss: 2.0141e-03, 
                    Non-trivial solution loss: 3.1878e-05,
                    Physics loss: 1.3065e+00,
                    Initial value of rho: -0.04144 + -0.71984i,
                    Current value of rho: -0.04144 + -0.71984i,
                    Target rho: -0.17792 + -0.74734
------------------------------
Epoch: 2000 / 18000. Total scaled loss: 1.3534e-02, 
                    ODE(0) loss: 5.8686e-07, 
                    ODE(1) loss: 2.5280e-06, 
                    Non-trivial solution loss: 9.6464e-08,
                    Physics loss: 1.3213e+00,
                    Initial value of rho: -0.04144 + -0.71984i,
                    Current value of rho: -0.04144 + -0.71984i,
                    Target rho: -0.17792 + -0.74734
------------------------------
Epoch: 2500 / 18000. Total scaled loss: 1.3595e-02, 
                    ODE(0) loss: 1.0188e-06, 
                    ODE(1) loss: 7.4080e-07, 
                    Non-trivial solution loss: 5.0682e-09,
                    Physics loss: 1.3419e+00,
                    Initial value of rho: -0.04144 + -0.71984i,
                    Current value of rho: -0.04144 + -0.71984i,
                    Target rho: -0.17792 + -0.74734
------------------------------
Epoch: 3000 / 18000. Total scaled loss: 1.3330e-02, 
                    ODE(0) loss: 5.2711e-07, 
                    ODE(1) loss: 2.8067e-06, 
                    Non-trivial solution loss: 6.0233e-08,
                    Physics loss: 1.2990e+00,
                    Initial value of rho: -0.04144 + -0.71984i,
                    Current value of rho: -0.04144 + -0.71984i,
                    Target rho: -0.17792 + -0.74734
------------------------------
Epoch: 3500 / 18000. Total scaled loss: 1.3211e-02, 
                    ODE(0) loss: 2.5149e-09, 
                    ODE(1) loss: 4.9142e-09, 
                    Non-trivial solution loss: 2.0566e-08,
                    Physics loss: 1.3208e+00,
                    Initial value of rho: -0.04144 + -0.71984i,
                    Current value of rho: -0.04144 + -0.71984i,
                    Target rho: -0.17792 + -0.74734
------------------------------
Epoch: 4000 / 18000. Total scaled loss: 2.4716e-01, 
                    ODE(0) loss: 1.3585e-04, 
                    ODE(1) loss: 4.2196e-04, 
                    Non-trivial solution loss: 4.8406e-06,
                    Physics loss: 1.2924e+00,
                    Initial value of rho: -0.04144 + -0.71984i,
                    Current value of rho: -0.04144 + -0.71984i,
                    Target rho: -0.17792 + -0.74734
------------------------------
Epoch: 4500 / 18000. Total scaled loss: 2.9907e-01, 
                    ODE(0) loss: 1.5736e-04, 
                    ODE(1) loss: 1.5318e-04, 
                    Non-trivial solution loss: 2.5018e-05,
                    Physics loss: 1.2680e+00,
                    Initial value of rho: -0.04144 + -0.71984i,
                    Current value of rho: -0.04144 + -0.71984i,
                    Target rho: -0.17792 + -0.74734
------------------------------
Epoch: 5000 / 18000. Total scaled loss: 3.4685e-01, 
                    ODE(0) loss: 1.6933e-05, 
                    ODE(1) loss: 4.1683e-05, 
                    Non-trivial solution loss: 2.6389e-05,
                    Physics loss: 1.2363e+00,
                    Initial value of rho: -0.04144 + -0.71984i,
                    Current value of rho: -0.04144 + -0.71984i,
                    Target rho: -0.17792 + -0.74734
------------------------------
Epoch: 5500 / 18000. Total scaled loss: 4.0472e-01, 
                    ODE(0) loss: 5.1085e-07, 
                    ODE(1) loss: 5.0165e-07, 
                    Non-trivial solution loss: 2.9262e-05,
                    Physics loss: 1.1928e+00,
                    Initial value of rho: -0.04144 + -0.71984i,
                    Current value of rho: -0.04144 + -0.71984i,
                    Target rho: -0.17792 + -0.74734
------------------------------
Epoch: 6000 / 18000. Total scaled loss: 4.8798e-01, 
                    ODE(0) loss: 9.7461e-05, 
                    ODE(1) loss: 9.8728e-05, 
                    Non-trivial solution loss: 6.3487e-05,
                    Physics loss: 1.1749e+00,
                    Initial value of rho: -0.04144 + -0.71984i,
                    Current value of rho: -0.04144 + -0.71984i,
                    Target rho: -0.17792 + -0.74734
------------------------------
Epoch: 6500 / 18000. Total scaled loss: 5.3224e-01, 
                    ODE(0) loss: 4.2213e-06, 
                    ODE(1) loss: 2.5157e-07, 
                    Non-trivial solution loss: 6.3047e-05,
                    Physics loss: 1.1418e+00,
                    Initial value of rho: -0.04144 + -0.71984i,
                    Current value of rho: -0.04144 + -0.71984i,
                    Target rho: -0.17792 + -0.74734
------------------------------
Epoch: 7000 / 18000. Total scaled loss: 5.7733e-01, 
                    ODE(0) loss: 1.8744e-06, 
                    ODE(1) loss: 2.5487e-08, 
                    Non-trivial solution loss: 9.9077e-05,
                    Physics loss: 1.0889e+00,
                    Initial value of rho: -0.04144 + -0.71984i,
                    Current value of rho: -0.04144 + -0.71984i,
                    Target rho: -0.17792 + -0.74734
------------------------------
Epoch: 7500 / 18000. Total scaled loss: 6.5910e-01, 
                    ODE(0) loss: 1.4605e-04, 
                    ODE(1) loss: 1.4832e-04, 
                    Non-trivial solution loss: 2.3740e-04,
                    Physics loss: 1.0757e+00,
                    Initial value of rho: -0.04144 + -0.71984i,
                    Current value of rho: -0.04144 + -0.71984i,
                    Target rho: -0.17792 + -0.74734
------------------------------
Epoch: 8000 / 18000. Total scaled loss: 7.2326e-01, 
                    ODE(0) loss: 1.6101e-04, 
                    ODE(1) loss: 5.9085e-04, 
                    Non-trivial solution loss: 1.6879e-04,
                    Physics loss: 1.0492e+00,
                    Initial value of rho: -0.04144 + -0.71984i,
                    Current value of rho: -0.04144 + -0.71984i,
                    Target rho: -0.17792 + -0.74734
------------------------------
Epoch: 8500 / 18000. Total scaled loss: 7.4236e-01, 
                    ODE(0) loss: 8.1178e-05, 
                    ODE(1) loss: 5.1662e-05, 
                    Non-trivial solution loss: 3.2719e-04,
                    Physics loss: 1.0171e+00,
                    Initial value of rho: -0.04144 + -0.71984i,
                    Current value of rho: -0.04144 + -0.71984i,
                    Target rho: -0.17792 + -0.74734
------------------------------
Epoch: 9000 / 18000. Total scaled loss: 8.0208e-01, 
                    ODE(0) loss: 1.4920e-05, 
                    ODE(1) loss: 2.8580e-05, 
                    Non-trivial solution loss: 6.3719e-04,
                    Physics loss: 1.0065e+00,
                    Initial value of rho: -0.04144 + -0.71984i,
                    Current value of rho: -0.04144 + -0.71984i,
                    Target rho: -0.17792 + -0.74734
------------------------------
Unfreezing rho...
Epoch: 9500 / 18000. Total scaled loss: 4.4049e-01, 
                    ODE(0) loss: 1.3307e-06, 
                    ODE(1) loss: 2.3842e-06, 
                    Non-trivial solution loss: 3.0406e-04,
                    Physics loss: 5.1639e-01,
                    Initial value of rho: -0.04144 + -0.71984i,
                    Current value of rho: -0.08300 + -0.72699i,
                    Target rho: -0.17792 + -0.74734
------------------------------
Epoch: 10000 / 18000. Total scaled loss: 2.2179e-01, 
                    ODE(0) loss: 6.1498e-06, 
                    ODE(1) loss: 1.0385e-04, 
                    Non-trivial solution loss: 1.6458e-04,
                    Physics loss: 2.4036e-01,
                    Initial value of rho: -0.04144 + -0.71984i,
                    Current value of rho: -0.11413 + -0.73011i,
                    Target rho: -0.17792 + -0.74734
------------------------------
Epoch: 10500 / 18000. Total scaled loss: 8.5990e-02, 
                    ODE(0) loss: 3.6227e-06, 
                    ODE(1) loss: 1.3046e-06, 
                    Non-trivial solution loss: 5.9037e-05,
                    Physics loss: 8.8437e-02,
                    Initial value of rho: -0.04144 + -0.71984i,
                    Current value of rho: -0.14022 + -0.73413i,
                    Target rho: -0.17792 + -0.74734
------------------------------
Epoch: 11000 / 18000. Total scaled loss: 3.7668e-02, 
                    ODE(0) loss: 9.6463e-05, 
                    ODE(1) loss: 1.0391e-03, 
                    Non-trivial solution loss: 1.2425e-05,
                    Physics loss: 2.6188e-02,
                    Initial value of rho: -0.04144 + -0.71984i,
                    Current value of rho: -0.16011 + -0.73930i,
                    Target rho: -0.17792 + -0.74734
------------------------------
Epoch: 11500 / 18000. Total scaled loss: 7.7643e-03, 
                    ODE(0) loss: 4.7633e-06, 
                    ODE(1) loss: 5.8256e-05, 
                    Non-trivial solution loss: 3.4829e-06,
                    Physics loss: 7.0993e-03,
                    Initial value of rho: -0.04144 + -0.71984i,
                    Current value of rho: -0.17087 + -0.74194i,
                    Target rho: -0.17792 + -0.74734
------------------------------
Epoch: 12000 / 18000. Total scaled loss: 3.3161e-03, 
                    ODE(0) loss: 5.8525e-07, 
                    ODE(1) loss: 9.4244e-07, 
                    Non-trivial solution loss: 4.2786e-07,
                    Physics loss: 3.2966e-03,
                    Initial value of rho: -0.04144 + -0.71984i,
                    Current value of rho: -0.17584 + -0.74352i,
                    Target rho: -0.17792 + -0.74734
------------------------------
Epoch: 12500 / 18000. Total scaled loss: 2.3299e-03, 
                    ODE(0) loss: 6.8725e-07, 
                    ODE(1) loss: 6.0741e-06, 
                    Non-trivial solution loss: 3.6100e-07,
                    Physics loss: 2.2586e-03,
                    Initial value of rho: -0.04144 + -0.71984i,
                    Current value of rho: -0.17807 + -0.74466i,
                    Target rho: -0.17792 + -0.74734
------------------------------
Epoch: 13000 / 18000. Total scaled loss: 1.6502e-03, 
                    ODE(0) loss: 4.0607e-07, 
                    ODE(1) loss: 4.1101e-06, 
                    Non-trivial solution loss: 2.3014e-07,
                    Physics loss: 1.6027e-03,
                    Initial value of rho: -0.04144 + -0.71984i,
                    Current value of rho: -0.17904 + -0.74546i,
                    Target rho: -0.17792 + -0.74734
------------------------------
Epoch: 13500 / 18000. Total scaled loss: 2.3091e-03, 
                    ODE(0) loss: 1.8148e-05, 
                    ODE(1) loss: 6.4373e-05, 
                    Non-trivial solution loss: 2.8410e-06,
                    Physics loss: 1.4555e-03,
                    Initial value of rho: -0.04144 + -0.71984i,
                    Current value of rho: -0.17944 + -0.74604i,
                    Target rho: -0.17792 + -0.74734
------------------------------
Epoch: 14000 / 18000. Total scaled loss: 6.2350e-03, 
                    ODE(0) loss: 4.3152e-05, 
                    ODE(1) loss: 4.1335e-04, 
                    Non-trivial solution loss: 4.3014e-06,
                    Physics loss: 1.6270e-03,
                    Initial value of rho: -0.04144 + -0.71984i,
                    Current value of rho: -0.17957 + -0.74646i,
                    Target rho: -0.17792 + -0.74734
------------------------------
Epoch: 14500 / 18000. Total scaled loss: 1.4414e-03, 
                    ODE(0) loss: 1.1707e-06, 
                    ODE(1) loss: 1.6087e-05, 
                    Non-trivial solution loss: 4.2569e-07,
                    Physics loss: 1.1393e-03,
                    Initial value of rho: -0.04144 + -0.71984i,
                    Current value of rho: -0.17955 + -0.74676i,
                    Target rho: -0.17792 + -0.74734
------------------------------
Epoch: 15000 / 18000. Total scaled loss: 6.0588e-03, 
                    ODE(0) loss: 2.1449e-05, 
                    ODE(1) loss: 4.6512e-04, 
                    Non-trivial solution loss: 1.7944e-06,
                    Physics loss: 7.0560e-04,
                    Initial value of rho: -0.04144 + -0.71984i,
                    Current value of rho: -0.17945 + -0.74704i,
                    Target rho: -0.17792 + -0.74734
------------------------------
Epoch: 15500 / 18000. Total scaled loss: 1.4120e-03, 
                    ODE(0) loss: 7.0432e-07, 
                    ODE(1) loss: 3.6907e-06, 
                    Non-trivial solution loss: 1.1659e-07,
                    Physics loss: 6.1540e-04,
                    Initial value of rho: -0.04144 + -0.71984i,
                    Current value of rho: -0.17920 + -0.74731i,
                    Target rho: -0.17792 + -0.74734
------------------------------
Epoch: 16000 / 18000. Total scaled loss: 1.2099e-03, 
                    ODE(0) loss: 2.4974e-07, 
                    ODE(1) loss: 9.8571e-07, 
                    Non-trivial solution loss: 1.6876e-07,
                    Physics loss: 4.3069e-04,
                    Initial value of rho: -0.04144 + -0.71984i,
                    Current value of rho: -0.17879 + -0.74754i,
                    Target rho: -0.17792 + -0.74734
------------------------------
Epoch: 16500 / 18000. Total scaled loss: 2.4334e-02, 
                    ODE(0) loss: 7.7110e-05, 
                    ODE(1) loss: 2.0134e-03, 
                    Non-trivial solution loss: 9.1781e-06,
                    Physics loss: 1.0016e-03,
                    Initial value of rho: -0.04144 + -0.71984i,
                    Current value of rho: -0.17835 + -0.74768i,
                    Target rho: -0.17792 + -0.74734
------------------------------
Epoch: 17000 / 18000. Total scaled loss: 6.4061e-04, 
                    ODE(0) loss: 2.8237e-07, 
                    ODE(1) loss: 6.8982e-07, 
                    Non-trivial solution loss: 7.9131e-08,
                    Physics loss: 1.6207e-04,
                    Initial value of rho: -0.04144 + -0.71984i,
                    Current value of rho: -0.17797 + -0.74779i,
                    Target rho: -0.17792 + -0.74734
------------------------------
Epoch: 17500 / 18000. Total scaled loss: 4.4572e-03, 
                    ODE(0) loss: 8.5823e-05, 
                    ODE(1) loss: 2.7079e-04, 
                    Non-trivial solution loss: 9.0679e-06,
                    Physics loss: 1.8013e-04,
                    Initial value of rho: -0.04144 + -0.71984i,
                    Current value of rho: -0.17775 + -0.74782i,
                    Target rho: -0.17792 + -0.74734
------------------------------
Epoch: 18000 / 18000. Total scaled loss: 5.0352e-03, 
                    ODE(0) loss: 2.6798e-05, 
                    ODE(1) loss: 4.2049e-04, 
                    Non-trivial solution loss: 3.0042e-06,
                    Physics loss: 1.0648e-04,
                    Initial value of rho: -0.04144 + -0.71984i,
                    Current value of rho: -0.17764 + -0.74782i,
                    Target rho: -0.17792 + -0.74734
------------------------------
Adam training complete. Switching to L-BFGS:
L-BFGS Epoch: 100 / 1000. Total scaled loss: 2.2282e-06, 
                    ODE(0) loss: 8.0432e-11, 
                    ODE(1) loss: 3.2902e-10, 
                    Non-trivial solution loss: 2.5424e-13,
                    Physics loss: 2.2241e-06,
                    Initial value of rho: -0.04144 + -0.71984i,
                    Current value of rho: -0.17786 + -0.74726i,
                    Target rho: -0.17792 + -0.74734
------------------------------
L-BFGS Epoch: 200 / 1000. Total scaled loss: 2.2681e-06, 
                    ODE(0) loss: 1.4827e-10, 
                    ODE(1) loss: 3.4335e-10, 
                    Non-trivial solution loss: 1.0673e-11,
                    Physics loss: 2.2630e-06,
                    Initial value of rho: -0.04144 + -0.71984i,
                    Current value of rho: -0.17787 + -0.74726i,
                    Target rho: -0.17792 + -0.74734
------------------------------
L-BFGS Epoch: 300 / 1000. Total scaled loss: 4.6542e-07, 
                    ODE(0) loss: 6.3290e-11, 
                    ODE(1) loss: 2.6375e-11, 
                    Non-trivial solution loss: 1.3893e-12,
                    Physics loss: 4.6451e-07,
                    Initial value of rho: -0.04144 + -0.71984i,
                    Current value of rho: -0.17792 + -0.74729i,
                    Target rho: -0.17792 + -0.74734
------------------------------
L-BFGS Epoch: 400 / 1000. Total scaled loss: 3.2143e-07, 
                    ODE(0) loss: 4.2916e-11, 
                    ODE(1) loss: 8.3134e-12, 
                    Non-trivial solution loss: 2.3199e-12,
                    Physics loss: 3.2090e-07,
                    Initial value of rho: -0.04144 + -0.71984i,
                    Current value of rho: -0.17793 + -0.74730i,
                    Target rho: -0.17792 + -0.74734
------------------------------
L-BFGS Epoch: 500 / 1000. Total scaled loss: 3.1086e-07, 
                    ODE(0) loss: 1.4682e-11, 
                    ODE(1) loss: 1.3998e-11, 
                    Non-trivial solution loss: 2.5511e-12,
                    Physics loss: 3.1055e-07,
                    Initial value of rho: -0.04144 + -0.71984i,
                    Current value of rho: -0.17793 + -0.74730i,
                    Target rho: -0.17792 + -0.74734
------------------------------
L-BFGS Epoch: 600 / 1000. Total scaled loss: 3.0719e-07, 
                    ODE(0) loss: 1.4682e-11, 
                    ODE(1) loss: 1.3188e-11, 
                    Non-trivial solution loss: 2.5511e-12,
                    Physics loss: 3.0689e-07,
                    Initial value of rho: -0.04144 + -0.71984i,
                    Current value of rho: -0.17793 + -0.74730i,
                    Target rho: -0.17792 + -0.74734
------------------------------
L-BFGS Epoch: 700 / 1000. Total scaled loss: 3.1043e-07, 
                    ODE(0) loss: 1.4682e-11, 
                    ODE(1) loss: 1.3188e-11, 
                    Non-trivial solution loss: 2.5511e-12,
                    Physics loss: 3.1012e-07,
                    Initial value of rho: -0.04144 + -0.71984i,
                    Current value of rho: -0.17793 + -0.74730i,
                    Target rho: -0.17792 + -0.74734
------------------------------
L-BFGS Epoch: 800 / 1000. Total scaled loss: 3.1104e-07, 
                    ODE(0) loss: 1.4682e-11, 
                    ODE(1) loss: 1.3188e-11, 
                    Non-trivial solution loss: 2.5511e-12,
                    Physics loss: 3.1073e-07,
                    Initial value of rho: -0.04144 + -0.71984i,
                    Current value of rho: -0.17793 + -0.74730i,
                    Target rho: -0.17792 + -0.74734
------------------------------
L-BFGS Epoch: 900 / 1000. Total scaled loss: 3.1007e-07, 
                    ODE(0) loss: 1.4682e-11, 
                    ODE(1) loss: 1.3188e-11, 
                    Non-trivial solution loss: 2.5511e-12,
                    Physics loss: 3.0977e-07,
                    Initial value of rho: -0.04144 + -0.71984i,
                    Current value of rho: -0.17793 + -0.74730i,
                    Target rho: -0.17792 + -0.74734
------------------------------
L-BFGS Epoch: 1000 / 1000. Total scaled loss: 3.1011e-07, 
                    ODE(0) loss: 1.5554e-11, 
                    ODE(1) loss: 1.3188e-11, 
                    Non-trivial solution loss: 2.5511e-12,
                    Physics loss: 3.0980e-07,
                    Initial value of rho: -0.04144 + -0.71984i,
                    Current value of rho: -0.17793 + -0.74730i,
                    Target rho: -0.17792 + -0.74734
------------------------------
Training complete for l = 2. Total scaled loss: 3.1011e-07, 
                    ODE(0) loss: 1.5554e-11, 
                    ODE(1) loss: 1.3188e-11, 
                    Non-trivial solution loss: 2.5511e-12,
                    Physics loss: 3.0980e-07,
                    Current value of rho: -0.17793 + -0.74730i
                    Target rho: -0.17792 + -0.74734
Training complete. Checkpoint saved to ./Output/l2/delta_0.2/pinn_checkpoint_qnm_l2_delta0.2.pth
l = 2 mode with delta = 0.2 completed successfully.
